<?xml version="1.0" encoding="UTF-8"?>

<!-- generated on 05/18/21 23:08:34 by Eclipse SUMO GUI Version 1.8.0
<configuration xmlns:xsi="http://www.w3.org/2001/XMLSchema-instance" xsi:noNamespaceSchemaLocation="http://sumo.dlr.de/xsd/sumoConfiguration.xsd">

    <input>
        <net-file value="C:\Queue_Estimation\network.net.xml"/>
        <route-files value="C:\Queue_Estimation\routes.rou.xml"/>
        <additional-files value="C:\Queue_Estimation\add.xml"/>
    </input>

    <output>
        <netstate-dump value="C:\Queue_Estimation\results.xml"/>
    </output>

    <time>
        <begin value="0"/>
        <end value="10"/>
        <step-length value="0.1"/>
    </time>

    <processing>
        <time-to-teleport value="-1"/>
    </processing>

    <report>
        <xml-validation value="never"/>
        <xml-validation.routes value="never"/>
        <duration-log.disable value="true"/>
        <no-step-log value="true"/>
    </report>

    <traci_server>
        <remote-port value="8813"/>
    </traci_server>

    <gui_only>
        <gui-settings-file value="C:\Queue_Estimation\gui-settings.cfg"/>
        <start value="true"/>
        <tracker-interval value="0.1"/>
    </gui_only>

</configuration>
-->

<netstate xmlns:xsi="http://www.w3.org/2001/XMLSchema-instance" xsi:noNamespaceSchemaLocation="http://sumo.dlr.de/xsd/netstate_file.xsd">
    <timestep time="0.00">
        <edge id="1to2">
            <lane id="1to2_0">
                <vehicle id="0" pos="5.10" speed="0.00"/>
            </lane>
        </edge>
    </timestep>
    <timestep time="0.10">
        <edge id="1to2">
            <lane id="1to2_0">
                <vehicle id="0" pos="6.10" speed="10.00"/>
            </lane>
        </edge>
    </timestep>
    <timestep time="0.20">
        <edge id="1to2">
            <lane id="1to2_0">
                <vehicle id="0" pos="7.10" speed="10.00"/>
            </lane>
        </edge>
    </timestep>
    <timestep time="0.30">
        <edge id="1to2">
            <lane id="1to2_0">
                <vehicle id="0" pos="8.10" speed="10.00"/>
            </lane>
        </edge>
    </timestep>
    <timestep time="0.40">
        <edge id="1to2">
            <lane id="1to2_0">
                <vehicle id="0" pos="9.10" speed="10.00"/>
            </lane>
        </edge>
    </timestep>
    <timestep time="0.50">
        <edge id="1to2">
            <lane id="1to2_0">
                <vehicle id="0" pos="10.10" speed="10.00"/>
            </lane>
        </edge>
    </timestep>
    <timestep time="0.60">
        <edge id="1to2">
            <lane id="1to2_0">
                <vehicle id="0" pos="11.10" speed="10.00"/>
            </lane>
        </edge>
    </timestep>
    <timestep time="0.70">
        <edge id="1to2">
            <lane id="1to2_0">
                <vehicle id="0" pos="12.10" speed="10.00"/>
            </lane>
        </edge>
    </timestep>
    <timestep time="0.80">
        <edge id="1to2">
            <lane id="1to2_0">
                <vehicle id="0" pos="13.10" speed="10.00"/>
            </lane>
        </edge>
    </timestep>
    <timestep time="0.90">
        <edge id="1to2">
            <lane id="1to2_0">
                <vehicle id="0" pos="14.10" speed="10.00"/>
            </lane>
        </edge>
    </timestep>
    <timestep time="1.00">
        <edge id="1to2">
            <lane id="1to2_0">
                <vehicle id="0" pos="15.10" speed="10.00"/>
            </lane>
        </edge>
    </timestep>
    <timestep time="1.10">
        <edge id="1to2">
            <lane id="1to2_0">
                <vehicle id="0" pos="16.10" speed="10.00"/>
            </lane>
        </edge>
    </timestep>
    <timestep time="1.20">
        <edge id="1to2">
            <lane id="1to2_0">
                <vehicle id="0" pos="17.10" speed="10.00"/>
            </lane>
        </edge>
    </timestep>
    <timestep time="1.30">
        <edge id="1to2">
            <lane id="1to2_0">
                <vehicle id="0" pos="18.10" speed="10.00"/>
            </lane>
        </edge>
    </timestep>
    <timestep time="1.40">
        <edge id="1to2">
            <lane id="1to2_0">
                <vehicle id="0" pos="19.10" speed="10.00"/>
            </lane>
        </edge>
    </timestep>
    <timestep time="1.50">
        <edge id="1to2">
            <lane id="1to2_0">
                <vehicle id="0" pos="20.10" speed="10.00"/>
            </lane>
        </edge>
    </timestep>
    <timestep time="1.60">
        <edge id="1to2">
            <lane id="1to2_0">
                <vehicle id="0" pos="21.10" speed="10.00"/>
            </lane>
        </edge>
    </timestep>
    <timestep time="1.70">
        <edge id="1to2">
            <lane id="1to2_0">
                <vehicle id="0" pos="22.10" speed="10.00"/>
            </lane>
        </edge>
    </timestep>
    <timestep time="1.80">
        <edge id="1to2">
            <lane id="1to2_0">
                <vehicle id="0" pos="23.10" speed="10.00"/>
            </lane>
        </edge>
    </timestep>
    <timestep time="1.90">
        <edge id="1to2">
            <lane id="1to2_0">
                <vehicle id="0" pos="24.10" speed="10.00"/>
            </lane>
        </edge>
    </timestep>
    <timestep time="2.00">
        <edge id="1to2">
            <lane id="1to2_0">
                <vehicle id="1" pos="5.10" speed="0.00"/>
                <vehicle id="0" pos="25.10" speed="10.00"/>
            </lane>
        </edge>
    </timestep>
    <timestep time="2.10">
        <edge id="1to2">
            <lane id="1to2_0">
                <vehicle id="1" pos="6.10" speed="10.00"/>
                <vehicle id="0" pos="26.10" speed="10.00"/>
            </lane>
        </edge>
    </timestep>
    <timestep time="2.20">
        <edge id="1to2">
            <lane id="1to2_0">
                <vehicle id="1" pos="7.10" speed="10.00"/>
                <vehicle id="0" pos="27.10" speed="10.00"/>
            </lane>
        </edge>
    </timestep>
    <timestep time="2.30">
        <edge id="1to2">
            <lane id="1to2_0">
                <vehicle id="1" pos="8.10" speed="10.00"/>
                <vehicle id="0" pos="28.10" speed="10.00"/>
            </lane>
        </edge>
    </timestep>
    <timestep time="2.40">
        <edge id="1to2">
            <lane id="1to2_0">
                <vehicle id="1" pos="9.10" speed="10.00"/>
                <vehicle id="0" pos="29.10" speed="10.00"/>
            </lane>
        </edge>
    </timestep>
    <timestep time="2.50">
        <edge id="1to2">
            <lane id="1to2_0">
                <vehicle id="1" pos="10.10" speed="10.00"/>
                <vehicle id="0" pos="30.10" speed="10.00"/>
            </lane>
        </edge>
    </timestep>
    <timestep time="2.60">
        <edge id="1to2">
            <lane id="1to2_0">
                <vehicle id="1" pos="11.10" speed="10.00"/>
                <vehicle id="0" pos="31.10" speed="10.00"/>
            </lane>
        </edge>
    </timestep>
    <timestep time="2.70">
        <edge id="1to2">
            <lane id="1to2_0">
                <vehicle id="1" pos="12.10" speed="10.00"/>
                <vehicle id="0" pos="32.10" speed="10.00"/>
            </lane>
        </edge>
    </timestep>
    <timestep time="2.80">
        <edge id="1to2">
            <lane id="1to2_0">
                <vehicle id="1" pos="13.10" speed="10.00"/>
                <vehicle id="0" pos="33.10" speed="10.00"/>
            </lane>
        </edge>
    </timestep>
    <timestep time="2.90">
        <edge id="1to2">
            <lane id="1to2_0">
                <vehicle id="1" pos="14.10" speed="10.00"/>
                <vehicle id="0" pos="34.10" speed="10.00"/>
            </lane>
        </edge>
    </timestep>
    <timestep time="3.00">
        <edge id="1to2">
            <lane id="1to2_0">
                <vehicle id="1" pos="15.10" speed="10.00"/>
                <vehicle id="0" pos="35.10" speed="10.00"/>
            </lane>
        </edge>
    </timestep>
    <timestep time="3.10">
        <edge id="1to2">
            <lane id="1to2_0">
                <vehicle id="1" pos="16.10" speed="10.00"/>
                <vehicle id="0" pos="36.10" speed="10.00"/>
            </lane>
        </edge>
    </timestep>
    <timestep time="3.20">
        <edge id="1to2">
            <lane id="1to2_0">
                <vehicle id="1" pos="17.10" speed="10.00"/>
                <vehicle id="0" pos="37.10" speed="10.00"/>
            </lane>
        </edge>
    </timestep>
    <timestep time="3.30">
        <edge id="1to2">
            <lane id="1to2_0">
                <vehicle id="1" pos="18.10" speed="10.00"/>
                <vehicle id="0" pos="38.10" speed="10.00"/>
            </lane>
        </edge>
    </timestep>
    <timestep time="3.40">
        <edge id="1to2">
            <lane id="1to2_0">
                <vehicle id="1" pos="19.10" speed="10.00"/>
                <vehicle id="0" pos="39.10" speed="10.00"/>
            </lane>
        </edge>
    </timestep>
    <timestep time="3.50">
        <edge id="1to2">
            <lane id="1to2_0">
                <vehicle id="1" pos="20.10" speed="10.00"/>
                <vehicle id="0" pos="40.10" speed="10.00"/>
            </lane>
        </edge>
    </timestep>
    <timestep time="3.60">
        <edge id="1to2">
            <lane id="1to2_0">
                <vehicle id="1" pos="21.10" speed="10.00"/>
                <vehicle id="0" pos="41.10" speed="10.00"/>
            </lane>
        </edge>
    </timestep>
    <timestep time="3.70">
        <edge id="1to2">
            <lane id="1to2_0">
                <vehicle id="1" pos="22.10" speed="10.00"/>
                <vehicle id="0" pos="42.10" speed="10.00"/>
            </lane>
        </edge>
    </timestep>
    <timestep time="3.80">
        <edge id="1to2">
            <lane id="1to2_0">
                <vehicle id="1" pos="23.10" speed="10.00"/>
                <vehicle id="0" pos="43.10" speed="10.00"/>
            </lane>
        </edge>
    </timestep>
    <timestep time="3.90">
        <edge id="1to2">
            <lane id="1to2_0">
                <vehicle id="1" pos="24.10" speed="10.00"/>
                <vehicle id="0" pos="44.10" speed="10.00"/>
            </lane>
        </edge>
    </timestep>
    <timestep time="4.00">
        <edge id="1to2">
            <lane id="1to2_0">
                <vehicle id="2" pos="5.10" speed="0.00"/>
                <vehicle id="1" pos="25.10" speed="10.00"/>
                <vehicle id="0" pos="45.10" speed="10.00"/>
            </lane>
        </edge>
    </timestep>
    <timestep time="4.10">
        <edge id="1to2">
            <lane id="1to2_0">
                <vehicle id="2" pos="6.10" speed="10.00"/>
                <vehicle id="1" pos="26.10" speed="10.00"/>
                <vehicle id="0" pos="46.10" speed="10.00"/>
            </lane>
        </edge>
    </timestep>
    <timestep time="4.20">
        <edge id="1to2">
            <lane id="1to2_0">
                <vehicle id="2" pos="7.10" speed="10.00"/>
                <vehicle id="1" pos="27.10" speed="10.00"/>
                <vehicle id="0" pos="47.10" speed="10.00"/>
            </lane>
        </edge>
    </timestep>
    <timestep time="4.30">
        <edge id="1to2">
            <lane id="1to2_0">
                <vehicle id="2" pos="8.10" speed="10.00"/>
                <vehicle id="1" pos="28.10" speed="10.00"/>
                <vehicle id="0" pos="48.10" speed="10.00"/>
            </lane>
        </edge>
    </timestep>
    <timestep time="4.40">
        <edge id="1to2">
            <lane id="1to2_0">
                <vehicle id="2" pos="9.10" speed="10.00"/>
                <vehicle id="1" pos="29.10" speed="10.00"/>
                <vehicle id="0" pos="49.10" speed="10.00"/>
            </lane>
        </edge>
    </timestep>
    <timestep time="4.50">
        <edge id="1to2">
            <lane id="1to2_0">
                <vehicle id="2" pos="10.10" speed="10.00"/>
                <vehicle id="1" pos="30.10" speed="10.00"/>
                <vehicle id="0" pos="50.10" speed="10.00"/>
            </lane>
        </edge>
    </timestep>
    <timestep time="4.60">
        <edge id="1to2">
            <lane id="1to2_0">
                <vehicle id="2" pos="11.10" speed="10.00"/>
                <vehicle id="1" pos="31.10" speed="10.00"/>
                <vehicle id="0" pos="51.10" speed="10.00"/>
            </lane>
        </edge>
    </timestep>
    <timestep time="4.70">
        <edge id="1to2">
            <lane id="1to2_0">
                <vehicle id="2" pos="12.10" speed="10.00"/>
                <vehicle id="1" pos="32.10" speed="10.00"/>
                <vehicle id="0" pos="52.10" speed="10.00"/>
            </lane>
        </edge>
    </timestep>
    <timestep time="4.80">
        <edge id="1to2">
            <lane id="1to2_0">
                <vehicle id="2" pos="13.10" speed="10.00"/>
                <vehicle id="1" pos="33.10" speed="10.00"/>
                <vehicle id="0" pos="53.10" speed="10.00"/>
            </lane>
        </edge>
    </timestep>
    <timestep time="4.90">
        <edge id="1to2">
            <lane id="1to2_0">
                <vehicle id="2" pos="14.10" speed="10.00"/>
                <vehicle id="1" pos="34.10" speed="10.00"/>
                <vehicle id="0" pos="54.10" speed="10.00"/>
            </lane>
        </edge>
    </timestep>
    <timestep time="5.00">
        <edge id="1to2">
            <lane id="1to2_0">
                <vehicle id="2" pos="15.10" speed="10.00"/>
                <vehicle id="1" pos="35.10" speed="10.00"/>
                <vehicle id="0" pos="55.10" speed="10.00"/>
            </lane>
        </edge>
    </timestep>
    <timestep time="5.10">
        <edge id="1to2">
            <lane id="1to2_0">
                <vehicle id="2" pos="16.10" speed="10.00"/>
                <vehicle id="1" pos="36.10" speed="10.00"/>
                <vehicle id="0" pos="56.10" speed="10.00"/>
            </lane>
        </edge>
    </timestep>
    <timestep time="5.20">
        <edge id="1to2">
            <lane id="1to2_0">
                <vehicle id="2" pos="17.10" speed="10.00"/>
                <vehicle id="1" pos="37.10" speed="10.00"/>
                <vehicle id="0" pos="57.10" speed="10.00"/>
            </lane>
        </edge>
    </timestep>
    <timestep time="5.30">
        <edge id="1to2">
            <lane id="1to2_0">
                <vehicle id="2" pos="18.10" speed="10.00"/>
                <vehicle id="1" pos="38.10" speed="10.00"/>
                <vehicle id="0" pos="58.10" speed="10.00"/>
            </lane>
        </edge>
    </timestep>
    <timestep time="5.40">
        <edge id="1to2">
            <lane id="1to2_0">
                <vehicle id="2" pos="19.10" speed="10.00"/>
                <vehicle id="1" pos="39.10" speed="10.00"/>
                <vehicle id="0" pos="59.10" speed="10.00"/>
            </lane>
        </edge>
    </timestep>
    <timestep time="5.50">
        <edge id="1to2">
            <lane id="1to2_0">
                <vehicle id="2" pos="20.10" speed="10.00"/>
                <vehicle id="1" pos="40.10" speed="10.00"/>
                <vehicle id="0" pos="60.10" speed="10.00"/>
            </lane>
        </edge>
    </timestep>
    <timestep time="5.60">
        <edge id="1to2">
            <lane id="1to2_0">
                <vehicle id="2" pos="21.10" speed="10.00"/>
                <vehicle id="1" pos="41.10" speed="10.00"/>
                <vehicle id="0" pos="61.10" speed="10.00"/>
            </lane>
        </edge>
    </timestep>
    <timestep time="5.70">
        <edge id="1to2">
            <lane id="1to2_0">
                <vehicle id="2" pos="22.10" speed="10.00"/>
                <vehicle id="1" pos="42.10" speed="10.00"/>
                <vehicle id="0" pos="62.10" speed="10.00"/>
            </lane>
        </edge>
    </timestep>
    <timestep time="5.80">
        <edge id="1to2">
            <lane id="1to2_0">
                <vehicle id="2" pos="23.10" speed="10.00"/>
                <vehicle id="1" pos="43.10" speed="10.00"/>
                <vehicle id="0" pos="63.10" speed="10.00"/>
            </lane>
        </edge>
    </timestep>
    <timestep time="5.90">
        <edge id="1to2">
            <lane id="1to2_0">
                <vehicle id="2" pos="24.10" speed="10.00"/>
                <vehicle id="1" pos="44.10" speed="10.00"/>
                <vehicle id="0" pos="64.10" speed="10.00"/>
            </lane>
        </edge>
    </timestep>
    <timestep time="6.00">
        <edge id="1to2">
            <lane id="1to2_0">
                <vehicle id="3" pos="5.10" speed="0.00"/>
                <vehicle id="2" pos="25.10" speed="10.00"/>
                <vehicle id="1" pos="45.10" speed="10.00"/>
                <vehicle id="0" pos="65.10" speed="10.00"/>
            </lane>
        </edge>
    </timestep>
    <timestep time="6.10">
        <edge id="1to2">
            <lane id="1to2_0">
                <vehicle id="3" pos="6.10" speed="10.00"/>
                <vehicle id="2" pos="26.10" speed="10.00"/>
                <vehicle id="1" pos="46.10" speed="10.00"/>
                <vehicle id="0" pos="66.10" speed="10.00"/>
            </lane>
        </edge>
    </timestep>
    <timestep time="6.20">
        <edge id="1to2">
            <lane id="1to2_0">
                <vehicle id="3" pos="7.10" speed="10.00"/>
                <vehicle id="2" pos="27.10" speed="10.00"/>
                <vehicle id="1" pos="47.10" speed="10.00"/>
                <vehicle id="0" pos="67.10" speed="10.00"/>
            </lane>
        </edge>
    </timestep>
    <timestep time="6.30">
        <edge id="1to2">
            <lane id="1to2_0">
                <vehicle id="3" pos="8.10" speed="10.00"/>
                <vehicle id="2" pos="28.10" speed="10.00"/>
                <vehicle id="1" pos="48.10" speed="10.00"/>
                <vehicle id="0" pos="68.10" speed="10.00"/>
            </lane>
        </edge>
    </timestep>
    <timestep time="6.40">
        <edge id="1to2">
            <lane id="1to2_0">
                <vehicle id="3" pos="9.10" speed="10.00"/>
                <vehicle id="2" pos="29.10" speed="10.00"/>
                <vehicle id="1" pos="49.10" speed="10.00"/>
                <vehicle id="0" pos="69.10" speed="10.00"/>
            </lane>
        </edge>
    </timestep>
    <timestep time="6.50">
        <edge id="1to2">
            <lane id="1to2_0">
                <vehicle id="3" pos="10.10" speed="10.00"/>
                <vehicle id="2" pos="30.10" speed="10.00"/>
                <vehicle id="1" pos="50.10" speed="10.00"/>
                <vehicle id="0" pos="70.10" speed="10.00"/>
            </lane>
        </edge>
    </timestep>
    <timestep time="6.60">
        <edge id="1to2">
            <lane id="1to2_0">
                <vehicle id="3" pos="11.10" speed="10.00"/>
                <vehicle id="2" pos="31.10" speed="10.00"/>
                <vehicle id="1" pos="51.10" speed="10.00"/>
                <vehicle id="0" pos="71.10" speed="10.00"/>
            </lane>
        </edge>
    </timestep>
    <timestep time="6.70">
        <edge id="1to2">
            <lane id="1to2_0">
                <vehicle id="3" pos="12.10" speed="10.00"/>
                <vehicle id="2" pos="32.10" speed="10.00"/>
                <vehicle id="1" pos="52.10" speed="10.00"/>
                <vehicle id="0" pos="72.10" speed="10.00"/>
            </lane>
        </edge>
    </timestep>
    <timestep time="6.80">
        <edge id="1to2">
            <lane id="1to2_0">
                <vehicle id="3" pos="13.10" speed="10.00"/>
                <vehicle id="2" pos="33.10" speed="10.00"/>
                <vehicle id="1" pos="53.10" speed="10.00"/>
                <vehicle id="0" pos="73.10" speed="10.00"/>
            </lane>
        </edge>
    </timestep>
    <timestep time="6.90">
        <edge id="1to2">
            <lane id="1to2_0">
                <vehicle id="3" pos="14.10" speed="10.00"/>
                <vehicle id="2" pos="34.10" speed="10.00"/>
                <vehicle id="1" pos="54.10" speed="10.00"/>
                <vehicle id="0" pos="74.10" speed="10.00"/>
            </lane>
        </edge>
    </timestep>
    <timestep time="7.00">
        <edge id="1to2">
            <lane id="1to2_0">
                <vehicle id="3" pos="15.10" speed="10.00"/>
                <vehicle id="2" pos="35.10" speed="10.00"/>
                <vehicle id="1" pos="55.10" speed="10.00"/>
                <vehicle id="0" pos="75.10" speed="10.00"/>
            </lane>
        </edge>
    </timestep>
    <timestep time="7.10">
        <edge id="1to2">
            <lane id="1to2_0">
                <vehicle id="3" pos="16.10" speed="10.00"/>
                <vehicle id="2" pos="36.10" speed="10.00"/>
                <vehicle id="1" pos="56.10" speed="10.00"/>
                <vehicle id="0" pos="76.10" speed="10.00"/>
            </lane>
        </edge>
    </timestep>
    <timestep time="7.20">
        <edge id="1to2">
            <lane id="1to2_0">
                <vehicle id="3" pos="17.10" speed="10.00"/>
                <vehicle id="2" pos="37.10" speed="10.00"/>
                <vehicle id="1" pos="57.10" speed="10.00"/>
                <vehicle id="0" pos="77.10" speed="10.00"/>
            </lane>
        </edge>
    </timestep>
    <timestep time="7.30">
        <edge id="1to2">
            <lane id="1to2_0">
                <vehicle id="3" pos="18.10" speed="10.00"/>
                <vehicle id="2" pos="38.10" speed="10.00"/>
                <vehicle id="1" pos="58.10" speed="10.00"/>
                <vehicle id="0" pos="78.10" speed="10.00"/>
            </lane>
        </edge>
    </timestep>
    <timestep time="7.40">
        <edge id="1to2">
            <lane id="1to2_0">
                <vehicle id="3" pos="19.10" speed="10.00"/>
                <vehicle id="2" pos="39.10" speed="10.00"/>
                <vehicle id="1" pos="59.10" speed="10.00"/>
                <vehicle id="0" pos="79.10" speed="10.00"/>
            </lane>
        </edge>
    </timestep>
    <timestep time="7.50">
        <edge id="1to2">
            <lane id="1to2_0">
                <vehicle id="3" pos="20.10" speed="10.00"/>
                <vehicle id="2" pos="40.10" speed="10.00"/>
                <vehicle id="1" pos="60.10" speed="10.00"/>
                <vehicle id="0" pos="80.10" speed="10.00"/>
            </lane>
        </edge>
    </timestep>
    <timestep time="7.60">
        <edge id="1to2">
            <lane id="1to2_0">
                <vehicle id="3" pos="21.10" speed="10.00"/>
                <vehicle id="2" pos="41.10" speed="10.00"/>
                <vehicle id="1" pos="61.10" speed="10.00"/>
                <vehicle id="0" pos="81.10" speed="10.00"/>
            </lane>
        </edge>
    </timestep>
    <timestep time="7.70">
        <edge id="1to2">
            <lane id="1to2_0">
                <vehicle id="3" pos="22.10" speed="10.00"/>
                <vehicle id="2" pos="42.10" speed="10.00"/>
                <vehicle id="1" pos="62.10" speed="10.00"/>
                <vehicle id="0" pos="82.10" speed="10.00"/>
            </lane>
        </edge>
    </timestep>
    <timestep time="7.80">
        <edge id="1to2">
            <lane id="1to2_0">
                <vehicle id="3" pos="23.10" speed="10.00"/>
                <vehicle id="2" pos="43.10" speed="10.00"/>
                <vehicle id="1" pos="63.10" speed="10.00"/>
                <vehicle id="0" pos="83.10" speed="10.00"/>
            </lane>
        </edge>
    </timestep>
    <timestep time="7.90">
        <edge id="1to2">
            <lane id="1to2_0">
                <vehicle id="3" pos="24.10" speed="10.00"/>
                <vehicle id="2" pos="44.10" speed="10.00"/>
                <vehicle id="1" pos="64.10" speed="10.00"/>
                <vehicle id="0" pos="84.10" speed="10.00"/>
            </lane>
        </edge>
    </timestep>
    <timestep time="8.00">
        <edge id="1to2">
            <lane id="1to2_0">
                <vehicle id="4" pos="5.10" speed="0.00"/>
                <vehicle id="3" pos="25.10" speed="10.00"/>
                <vehicle id="2" pos="45.10" speed="10.00"/>
                <vehicle id="1" pos="65.10" speed="10.00"/>
                <vehicle id="0" pos="85.10" speed="10.00"/>
            </lane>
        </edge>
    </timestep>
    <timestep time="8.10">
        <edge id="1to2">
            <lane id="1to2_0">
                <vehicle id="4" pos="6.10" speed="10.00"/>
                <vehicle id="3" pos="26.10" speed="10.00"/>
                <vehicle id="2" pos="46.10" speed="10.00"/>
                <vehicle id="1" pos="66.10" speed="10.00"/>
                <vehicle id="0" pos="86.10" speed="10.00"/>
            </lane>
        </edge>
    </timestep>
    <timestep time="8.20">
        <edge id="1to2">
            <lane id="1to2_0">
                <vehicle id="4" pos="7.10" speed="10.00"/>
                <vehicle id="3" pos="27.10" speed="10.00"/>
                <vehicle id="2" pos="47.10" speed="10.00"/>
                <vehicle id="1" pos="67.10" speed="10.00"/>
                <vehicle id="0" pos="87.10" speed="10.00"/>
            </lane>
        </edge>
    </timestep>
    <timestep time="8.30">
        <edge id="1to2">
            <lane id="1to2_0">
                <vehicle id="4" pos="8.10" speed="10.00"/>
                <vehicle id="3" pos="28.10" speed="10.00"/>
                <vehicle id="2" pos="48.10" speed="10.00"/>
                <vehicle id="1" pos="68.10" speed="10.00"/>
                <vehicle id="0" pos="88.10" speed="10.00"/>
            </lane>
        </edge>
    </timestep>
    <timestep time="8.40">
        <edge id="1to2">
            <lane id="1to2_0">
                <vehicle id="4" pos="9.10" speed="10.00"/>
                <vehicle id="3" pos="29.10" speed="10.00"/>
                <vehicle id="2" pos="49.10" speed="10.00"/>
                <vehicle id="1" pos="69.10" speed="10.00"/>
                <vehicle id="0" pos="89.10" speed="10.00"/>
            </lane>
        </edge>
    </timestep>
    <timestep time="8.50">
        <edge id="1to2">
            <lane id="1to2_0">
                <vehicle id="4" pos="10.10" speed="10.00"/>
                <vehicle id="3" pos="30.10" speed="10.00"/>
                <vehicle id="2" pos="50.10" speed="10.00"/>
                <vehicle id="1" pos="70.10" speed="10.00"/>
                <vehicle id="0" pos="90.10" speed="10.00"/>
            </lane>
        </edge>
    </timestep>
    <timestep time="8.60">
        <edge id="1to2">
            <lane id="1to2_0">
                <vehicle id="4" pos="11.10" speed="10.00"/>
                <vehicle id="3" pos="31.10" speed="10.00"/>
                <vehicle id="2" pos="51.10" speed="10.00"/>
                <vehicle id="1" pos="71.10" speed="10.00"/>
                <vehicle id="0" pos="91.10" speed="10.00"/>
            </lane>
        </edge>
    </timestep>
    <timestep time="8.70">
        <edge id="1to2">
            <lane id="1to2_0">
                <vehicle id="4" pos="12.10" speed="10.00"/>
                <vehicle id="3" pos="32.10" speed="10.00"/>
                <vehicle id="2" pos="52.10" speed="10.00"/>
                <vehicle id="1" pos="72.10" speed="10.00"/>
                <vehicle id="0" pos="92.10" speed="10.00"/>
            </lane>
        </edge>
    </timestep>
    <timestep time="8.80">
        <edge id="1to2">
            <lane id="1to2_0">
                <vehicle id="4" pos="13.10" speed="10.00"/>
                <vehicle id="3" pos="33.10" speed="10.00"/>
                <vehicle id="2" pos="53.10" speed="10.00"/>
                <vehicle id="1" pos="73.10" speed="10.00"/>
                <vehicle id="0" pos="93.10" speed="10.00"/>
            </lane>
        </edge>
    </timestep>
    <timestep time="8.90">
        <edge id="1to2">
            <lane id="1to2_0">
                <vehicle id="4" pos="14.10" speed="10.00"/>
                <vehicle id="3" pos="34.10" speed="10.00"/>
                <vehicle id="2" pos="54.10" speed="10.00"/>
                <vehicle id="1" pos="74.10" speed="10.00"/>
                <vehicle id="0" pos="94.10" speed="10.00"/>
            </lane>
        </edge>
    </timestep>
    <timestep time="9.00">
        <edge id="1to2">
            <lane id="1to2_0">
                <vehicle id="4" pos="15.10" speed="10.00"/>
                <vehicle id="3" pos="35.10" speed="10.00"/>
                <vehicle id="2" pos="55.10" speed="10.00"/>
                <vehicle id="1" pos="75.10" speed="10.00"/>
                <vehicle id="0" pos="95.10" speed="10.00"/>
            </lane>
        </edge>
    </timestep>
    <timestep time="9.10">
        <edge id="1to2">
            <lane id="1to2_0">
                <vehicle id="4" pos="16.10" speed="10.00"/>
                <vehicle id="3" pos="36.10" speed="10.00"/>
                <vehicle id="2" pos="56.10" speed="10.00"/>
                <vehicle id="1" pos="76.10" speed="10.00"/>
                <vehicle id="0" pos="96.10" speed="10.00"/>
            </lane>
        </edge>
    </timestep>
    <timestep time="9.20">
        <edge id="1to2">
            <lane id="1to2_0">
                <vehicle id="4" pos="17.10" speed="10.00"/>
                <vehicle id="3" pos="37.10" speed="10.00"/>
                <vehicle id="2" pos="57.10" speed="10.00"/>
                <vehicle id="1" pos="77.10" speed="10.00"/>
                <vehicle id="0" pos="97.10" speed="10.00"/>
            </lane>
        </edge>
    </timestep>
    <timestep time="9.30">
        <edge id="1to2">
            <lane id="1to2_0">
                <vehicle id="4" pos="18.10" speed="10.00"/>
                <vehicle id="3" pos="38.10" speed="10.00"/>
                <vehicle id="2" pos="58.10" speed="10.00"/>
                <vehicle id="1" pos="78.10" speed="10.00"/>
                <vehicle id="0" pos="98.10" speed="10.00"/>
            </lane>
        </edge>
    </timestep>
    <timestep time="9.40">
        <edge id="1to2">
            <lane id="1to2_0">
                <vehicle id="4" pos="19.10" speed="10.00"/>
                <vehicle id="3" pos="39.10" speed="10.00"/>
                <vehicle id="2" pos="59.10" speed="10.00"/>
                <vehicle id="1" pos="79.10" speed="10.00"/>
                <vehicle id="0" pos="99.10" speed="10.00"/>
            </lane>
        </edge>
    </timestep>
    <timestep time="9.50">
        <edge id=":2_0">
            <lane id=":2_0_0">
                <vehicle id="0" pos="0.10" speed="10.00"/>
            </lane>
        </edge>
        <edge id="1to2">
            <lane id="1to2_0">
                <vehicle id="4" pos="20.10" speed="10.00"/>
                <vehicle id="3" pos="40.10" speed="10.00"/>
                <vehicle id="2" pos="60.10" speed="10.00"/>
                <vehicle id="1" pos="80.10" speed="10.00"/>
            </lane>
        </edge>
    </timestep>
    <timestep time="9.60">
        <edge id=":2_0">
            <lane id=":2_0_0">
                <vehicle id="0" pos="1.10" speed="10.00"/>
            </lane>
        </edge>
        <edge id="1to2">
            <lane id="1to2_0">
                <vehicle id="4" pos="21.10" speed="10.00"/>
                <vehicle id="3" pos="41.10" speed="10.00"/>
                <vehicle id="2" pos="61.10" speed="10.00"/>
                <vehicle id="1" pos="81.10" speed="10.00"/>
            </lane>
        </edge>
    </timestep>
    <timestep time="9.70">
        <edge id=":2_0">
            <lane id=":2_0_0">
                <vehicle id="0" pos="2.10" speed="10.00"/>
            </lane>
        </edge>
        <edge id="1to2">
            <lane id="1to2_0">
                <vehicle id="4" pos="22.10" speed="10.00"/>
                <vehicle id="3" pos="42.10" speed="10.00"/>
                <vehicle id="2" pos="62.10" speed="10.00"/>
                <vehicle id="1" pos="82.10" speed="10.00"/>
            </lane>
        </edge>
    </timestep>
    <timestep time="9.80">
        <edge id="1to2">
            <lane id="1to2_0">
                <vehicle id="4" pos="23.10" speed="10.00"/>
                <vehicle id="3" pos="43.10" speed="10.00"/>
                <vehicle id="2" pos="63.10" speed="10.00"/>
                <vehicle id="1" pos="83.10" speed="10.00"/>
            </lane>
        </edge>
        <edge id="2to3">
            <lane id="2to3_0">
                <vehicle id="0" pos="0.52" speed="10.00"/>
            </lane>
        </edge>
    </timestep>
    <timestep time="9.90">
        <edge id="1to2">
            <lane id="1to2_0">
                <vehicle id="4" pos="24.10" speed="10.00"/>
                <vehicle id="3" pos="44.10" speed="10.00"/>
                <vehicle id="2" pos="64.10" speed="10.00"/>
                <vehicle id="1" pos="84.10" speed="10.00"/>
            </lane>
        </edge>
        <edge id="2to3">
            <lane id="2to3_0">
                <vehicle id="0" pos="1.52" speed="10.00"/>
            </lane>
        </edge>
    </timestep>
    <timestep time="10.00">
        <edge id="1to2">
            <lane id="1to2_0">
                <vehicle id="5" pos="5.10" speed="0.00"/>
                <vehicle id="4" pos="25.10" speed="10.00"/>
                <vehicle id="3" pos="45.10" speed="10.00"/>
                <vehicle id="2" pos="65.10" speed="10.00"/>
                <vehicle id="1" pos="85.10" speed="10.00"/>
            </lane>
        </edge>
        <edge id="2to3">
            <lane id="2to3_0">
                <vehicle id="0" pos="2.52" speed="10.00"/>
            </lane>
        </edge>
    </timestep>
    <timestep time="10.10">
        <edge id="1to2">
            <lane id="1to2_0">
                <vehicle id="5" pos="6.10" speed="10.00"/>
                <vehicle id="4" pos="26.10" speed="10.00"/>
                <vehicle id="3" pos="46.10" speed="10.00"/>
                <vehicle id="2" pos="66.10" speed="10.00"/>
                <vehicle id="1" pos="86.10" speed="10.00"/>
            </lane>
        </edge>
        <edge id="2to3">
            <lane id="2to3_0">
                <vehicle id="0" pos="3.52" speed="10.00"/>
            </lane>
        </edge>
    </timestep>
    <timestep time="10.20">
        <edge id="1to2">
            <lane id="1to2_0">
                <vehicle id="5" pos="7.10" speed="10.00"/>
                <vehicle id="4" pos="27.10" speed="10.00"/>
                <vehicle id="3" pos="47.10" speed="10.00"/>
                <vehicle id="2" pos="67.10" speed="10.00"/>
                <vehicle id="1" pos="87.10" speed="10.00"/>
            </lane>
        </edge>
        <edge id="2to3">
            <lane id="2to3_0">
                <vehicle id="0" pos="4.52" speed="10.00"/>
            </lane>
        </edge>
    </timestep>
    <timestep time="10.30">
        <edge id="1to2">
            <lane id="1to2_0">
                <vehicle id="5" pos="8.10" speed="10.00"/>
                <vehicle id="4" pos="28.10" speed="10.00"/>
                <vehicle id="3" pos="48.10" speed="10.00"/>
                <vehicle id="2" pos="68.10" speed="10.00"/>
                <vehicle id="1" pos="88.10" speed="10.00"/>
            </lane>
        </edge>
        <edge id="2to3">
            <lane id="2to3_0">
                <vehicle id="0" pos="5.52" speed="10.00"/>
            </lane>
        </edge>
    </timestep>
    <timestep time="10.40">
        <edge id="1to2">
            <lane id="1to2_0">
                <vehicle id="5" pos="9.10" speed="10.00"/>
                <vehicle id="4" pos="29.10" speed="10.00"/>
                <vehicle id="3" pos="49.10" speed="10.00"/>
                <vehicle id="2" pos="69.10" speed="10.00"/>
                <vehicle id="1" pos="89.10" speed="10.00"/>
            </lane>
        </edge>
        <edge id="2to3">
            <lane id="2to3_0">
                <vehicle id="0" pos="6.52" speed="10.00"/>
            </lane>
        </edge>
    </timestep>
    <timestep time="10.50">
        <edge id="1to2">
            <lane id="1to2_0">
                <vehicle id="5" pos="10.10" speed="10.00"/>
                <vehicle id="4" pos="30.10" speed="10.00"/>
                <vehicle id="3" pos="50.10" speed="10.00"/>
                <vehicle id="2" pos="70.10" speed="10.00"/>
                <vehicle id="1" pos="90.10" speed="10.00"/>
            </lane>
        </edge>
        <edge id="2to3">
            <lane id="2to3_0">
                <vehicle id="0" pos="7.52" speed="10.00"/>
            </lane>
        </edge>
    </timestep>
    <timestep time="10.60">
        <edge id="1to2">
            <lane id="1to2_0">
                <vehicle id="5" pos="11.10" speed="10.00"/>
                <vehicle id="4" pos="31.10" speed="10.00"/>
                <vehicle id="3" pos="51.10" speed="10.00"/>
                <vehicle id="2" pos="71.10" speed="10.00"/>
                <vehicle id="1" pos="91.10" speed="10.00"/>
            </lane>
        </edge>
        <edge id="2to3">
            <lane id="2to3_0">
                <vehicle id="0" pos="8.52" speed="10.00"/>
            </lane>
        </edge>
    </timestep>
    <timestep time="10.70">
        <edge id="1to2">
            <lane id="1to2_0">
                <vehicle id="5" pos="12.10" speed="10.00"/>
                <vehicle id="4" pos="32.10" speed="10.00"/>
                <vehicle id="3" pos="52.10" speed="10.00"/>
                <vehicle id="2" pos="72.10" speed="10.00"/>
                <vehicle id="1" pos="92.10" speed="10.00"/>
            </lane>
        </edge>
        <edge id="2to3">
            <lane id="2to3_0">
                <vehicle id="0" pos="9.52" speed="10.00"/>
            </lane>
        </edge>
    </timestep>
    <timestep time="10.80">
        <edge id="1to2">
            <lane id="1to2_0">
                <vehicle id="5" pos="13.10" speed="10.00"/>
                <vehicle id="4" pos="33.10" speed="10.00"/>
                <vehicle id="3" pos="53.10" speed="10.00"/>
                <vehicle id="2" pos="73.10" speed="10.00"/>
                <vehicle id="1" pos="93.10" speed="10.00"/>
            </lane>
        </edge>
        <edge id="2to3">
            <lane id="2to3_0">
                <vehicle id="0" pos="10.52" speed="10.00"/>
            </lane>
        </edge>
    </timestep>
    <timestep time="10.90">
        <edge id="1to2">
            <lane id="1to2_0">
                <vehicle id="5" pos="14.10" speed="10.00"/>
                <vehicle id="4" pos="34.10" speed="10.00"/>
                <vehicle id="3" pos="54.10" speed="10.00"/>
                <vehicle id="2" pos="74.10" speed="10.00"/>
                <vehicle id="1" pos="94.10" speed="10.00"/>
            </lane>
        </edge>
        <edge id="2to3">
            <lane id="2to3_0">
                <vehicle id="0" pos="11.52" speed="10.00"/>
            </lane>
        </edge>
    </timestep>
    <timestep time="11.00">
        <edge id="1to2">
            <lane id="1to2_0">
                <vehicle id="5" pos="15.10" speed="10.00"/>
                <vehicle id="4" pos="35.10" speed="10.00"/>
                <vehicle id="3" pos="55.10" speed="10.00"/>
                <vehicle id="2" pos="75.10" speed="10.00"/>
                <vehicle id="1" pos="95.10" speed="10.00"/>
            </lane>
        </edge>
        <edge id="2to3">
            <lane id="2to3_0">
                <vehicle id="0" pos="12.52" speed="10.00"/>
            </lane>
        </edge>
    </timestep>
    <timestep time="11.10">
        <edge id="1to2">
            <lane id="1to2_0">
                <vehicle id="5" pos="16.10" speed="10.00"/>
                <vehicle id="4" pos="36.10" speed="10.00"/>
                <vehicle id="3" pos="56.10" speed="10.00"/>
                <vehicle id="2" pos="76.10" speed="10.00"/>
                <vehicle id="1" pos="96.10" speed="10.00"/>
            </lane>
        </edge>
        <edge id="2to3">
            <lane id="2to3_0">
                <vehicle id="0" pos="13.52" speed="10.00"/>
            </lane>
        </edge>
    </timestep>
    <timestep time="11.20">
        <edge id="1to2">
            <lane id="1to2_0">
                <vehicle id="5" pos="17.10" speed="10.00"/>
                <vehicle id="4" pos="37.10" speed="10.00"/>
                <vehicle id="3" pos="57.10" speed="10.00"/>
                <vehicle id="2" pos="77.10" speed="10.00"/>
                <vehicle id="1" pos="97.10" speed="10.00"/>
            </lane>
        </edge>
        <edge id="2to3">
            <lane id="2to3_0">
                <vehicle id="0" pos="14.52" speed="10.00"/>
            </lane>
        </edge>
    </timestep>
    <timestep time="11.30">
        <edge id="1to2">
            <lane id="1to2_0">
                <vehicle id="5" pos="18.10" speed="10.00"/>
                <vehicle id="4" pos="38.10" speed="10.00"/>
                <vehicle id="3" pos="58.10" speed="10.00"/>
                <vehicle id="2" pos="78.10" speed="10.00"/>
                <vehicle id="1" pos="98.10" speed="10.00"/>
            </lane>
        </edge>
        <edge id="2to3">
            <lane id="2to3_0">
                <vehicle id="0" pos="15.52" speed="10.00"/>
            </lane>
        </edge>
    </timestep>
    <timestep time="11.40">
        <edge id="1to2">
            <lane id="1to2_0">
                <vehicle id="5" pos="19.10" speed="10.00"/>
                <vehicle id="4" pos="39.10" speed="10.00"/>
                <vehicle id="3" pos="59.10" speed="10.00"/>
                <vehicle id="2" pos="79.10" speed="10.00"/>
                <vehicle id="1" pos="99.10" speed="10.00"/>
            </lane>
        </edge>
        <edge id="2to3">
            <lane id="2to3_0">
                <vehicle id="0" pos="16.52" speed="10.00"/>
            </lane>
        </edge>
    </timestep>
    <timestep time="11.50">
        <edge id=":2_0">
            <lane id=":2_0_0">
                <vehicle id="1" pos="0.10" speed="10.00"/>
            </lane>
        </edge>
        <edge id="1to2">
            <lane id="1to2_0">
                <vehicle id="5" pos="20.10" speed="10.00"/>
                <vehicle id="4" pos="40.10" speed="10.00"/>
                <vehicle id="3" pos="60.10" speed="10.00"/>
                <vehicle id="2" pos="80.10" speed="10.00"/>
            </lane>
        </edge>
        <edge id="2to3">
            <lane id="2to3_0">
                <vehicle id="0" pos="17.52" speed="10.00"/>
            </lane>
        </edge>
    </timestep>
    <timestep time="11.60">
        <edge id=":2_0">
            <lane id=":2_0_0">
                <vehicle id="1" pos="1.10" speed="10.00"/>
            </lane>
        </edge>
        <edge id="1to2">
            <lane id="1to2_0">
                <vehicle id="5" pos="21.10" speed="10.00"/>
                <vehicle id="4" pos="41.10" speed="10.00"/>
                <vehicle id="3" pos="61.10" speed="10.00"/>
                <vehicle id="2" pos="81.10" speed="10.00"/>
            </lane>
        </edge>
        <edge id="2to3">
            <lane id="2to3_0">
                <vehicle id="0" pos="18.52" speed="10.00"/>
            </lane>
        </edge>
    </timestep>
    <timestep time="11.70">
        <edge id=":2_0">
            <lane id=":2_0_0">
                <vehicle id="1" pos="2.10" speed="10.00"/>
            </lane>
        </edge>
        <edge id="1to2">
            <lane id="1to2_0">
                <vehicle id="5" pos="22.10" speed="10.00"/>
                <vehicle id="4" pos="42.10" speed="10.00"/>
                <vehicle id="3" pos="62.10" speed="10.00"/>
                <vehicle id="2" pos="82.10" speed="10.00"/>
            </lane>
        </edge>
        <edge id="2to3">
            <lane id="2to3_0">
                <vehicle id="0" pos="19.52" speed="10.00"/>
            </lane>
        </edge>
    </timestep>
    <timestep time="11.80">
        <edge id="1to2">
            <lane id="1to2_0">
                <vehicle id="5" pos="23.10" speed="10.00"/>
                <vehicle id="4" pos="43.10" speed="10.00"/>
                <vehicle id="3" pos="63.10" speed="10.00"/>
                <vehicle id="2" pos="83.10" speed="10.00"/>
            </lane>
        </edge>
        <edge id="2to3">
            <lane id="2to3_0">
                <vehicle id="1" pos="0.52" speed="10.00"/>
                <vehicle id="0" pos="20.52" speed="10.00"/>
            </lane>
        </edge>
    </timestep>
    <timestep time="11.90">
        <edge id="1to2">
            <lane id="1to2_0">
                <vehicle id="5" pos="24.10" speed="10.00"/>
                <vehicle id="4" pos="44.10" speed="10.00"/>
                <vehicle id="3" pos="64.10" speed="10.00"/>
                <vehicle id="2" pos="84.10" speed="10.00"/>
            </lane>
        </edge>
        <edge id="2to3">
            <lane id="2to3_0">
                <vehicle id="1" pos="1.52" speed="10.00"/>
                <vehicle id="0" pos="21.52" speed="10.00"/>
            </lane>
        </edge>
    </timestep>
    <timestep time="12.00">
        <edge id="1to2">
            <lane id="1to2_0">
                <vehicle id="6" pos="5.10" speed="0.00"/>
                <vehicle id="5" pos="25.10" speed="10.00"/>
                <vehicle id="4" pos="45.10" speed="10.00"/>
                <vehicle id="3" pos="65.10" speed="10.00"/>
                <vehicle id="2" pos="85.10" speed="10.00"/>
            </lane>
        </edge>
        <edge id="2to3">
            <lane id="2to3_0">
                <vehicle id="1" pos="2.52" speed="10.00"/>
                <vehicle id="0" pos="22.52" speed="10.00"/>
            </lane>
        </edge>
    </timestep>
    <timestep time="12.10">
        <edge id="1to2">
            <lane id="1to2_0">
                <vehicle id="6" pos="6.10" speed="10.00"/>
                <vehicle id="5" pos="26.10" speed="10.00"/>
                <vehicle id="4" pos="46.10" speed="10.00"/>
                <vehicle id="3" pos="66.10" speed="10.00"/>
                <vehicle id="2" pos="86.10" speed="10.00"/>
            </lane>
        </edge>
        <edge id="2to3">
            <lane id="2to3_0">
                <vehicle id="1" pos="3.52" speed="10.00"/>
                <vehicle id="0" pos="23.52" speed="10.00"/>
            </lane>
        </edge>
    </timestep>
    <timestep time="12.20">
        <edge id="1to2">
            <lane id="1to2_0">
                <vehicle id="6" pos="7.10" speed="10.00"/>
                <vehicle id="5" pos="27.10" speed="10.00"/>
                <vehicle id="4" pos="47.10" speed="10.00"/>
                <vehicle id="3" pos="67.10" speed="10.00"/>
                <vehicle id="2" pos="87.10" speed="10.00"/>
            </lane>
        </edge>
        <edge id="2to3">
            <lane id="2to3_0">
                <vehicle id="1" pos="4.52" speed="10.00"/>
                <vehicle id="0" pos="24.52" speed="10.00"/>
            </lane>
        </edge>
    </timestep>
    <timestep time="12.30">
        <edge id="1to2">
            <lane id="1to2_0">
                <vehicle id="6" pos="8.10" speed="10.00"/>
                <vehicle id="5" pos="28.10" speed="10.00"/>
                <vehicle id="4" pos="48.10" speed="10.00"/>
                <vehicle id="3" pos="68.10" speed="10.00"/>
                <vehicle id="2" pos="88.10" speed="10.00"/>
            </lane>
        </edge>
        <edge id="2to3">
            <lane id="2to3_0">
                <vehicle id="1" pos="5.52" speed="10.00"/>
                <vehicle id="0" pos="25.52" speed="10.00"/>
            </lane>
        </edge>
    </timestep>
    <timestep time="12.40">
        <edge id="1to2">
            <lane id="1to2_0">
                <vehicle id="6" pos="9.10" speed="10.00"/>
                <vehicle id="5" pos="29.10" speed="10.00"/>
                <vehicle id="4" pos="49.10" speed="10.00"/>
                <vehicle id="3" pos="69.10" speed="10.00"/>
                <vehicle id="2" pos="89.10" speed="10.00"/>
            </lane>
        </edge>
        <edge id="2to3">
            <lane id="2to3_0">
                <vehicle id="1" pos="6.52" speed="10.00"/>
                <vehicle id="0" pos="26.52" speed="10.00"/>
            </lane>
        </edge>
    </timestep>
    <timestep time="12.50">
        <edge id="1to2">
            <lane id="1to2_0">
                <vehicle id="6" pos="10.10" speed="10.00"/>
                <vehicle id="5" pos="30.10" speed="10.00"/>
                <vehicle id="4" pos="50.10" speed="10.00"/>
                <vehicle id="3" pos="70.10" speed="10.00"/>
                <vehicle id="2" pos="90.10" speed="10.00"/>
            </lane>
        </edge>
        <edge id="2to3">
            <lane id="2to3_0">
                <vehicle id="1" pos="7.52" speed="10.00"/>
                <vehicle id="0" pos="27.52" speed="10.00"/>
            </lane>
        </edge>
    </timestep>
    <timestep time="12.60">
        <edge id="1to2">
            <lane id="1to2_0">
                <vehicle id="6" pos="11.10" speed="10.00"/>
                <vehicle id="5" pos="31.10" speed="10.00"/>
                <vehicle id="4" pos="51.10" speed="10.00"/>
                <vehicle id="3" pos="71.10" speed="10.00"/>
                <vehicle id="2" pos="91.10" speed="10.00"/>
            </lane>
        </edge>
        <edge id="2to3">
            <lane id="2to3_0">
                <vehicle id="1" pos="8.52" speed="10.00"/>
                <vehicle id="0" pos="28.52" speed="10.00"/>
            </lane>
        </edge>
    </timestep>
    <timestep time="12.70">
        <edge id="1to2">
            <lane id="1to2_0">
                <vehicle id="6" pos="12.10" speed="10.00"/>
                <vehicle id="5" pos="32.10" speed="10.00"/>
                <vehicle id="4" pos="52.10" speed="10.00"/>
                <vehicle id="3" pos="72.10" speed="10.00"/>
                <vehicle id="2" pos="92.10" speed="10.00"/>
            </lane>
        </edge>
        <edge id="2to3">
            <lane id="2to3_0">
                <vehicle id="1" pos="9.52" speed="10.00"/>
                <vehicle id="0" pos="29.52" speed="10.00"/>
            </lane>
        </edge>
    </timestep>
    <timestep time="12.80">
        <edge id="1to2">
            <lane id="1to2_0">
                <vehicle id="6" pos="13.10" speed="10.00"/>
                <vehicle id="5" pos="33.10" speed="10.00"/>
                <vehicle id="4" pos="53.10" speed="10.00"/>
                <vehicle id="3" pos="73.10" speed="10.00"/>
                <vehicle id="2" pos="93.10" speed="10.00"/>
            </lane>
        </edge>
        <edge id="2to3">
            <lane id="2to3_0">
                <vehicle id="1" pos="10.52" speed="10.00"/>
                <vehicle id="0" pos="30.52" speed="10.00"/>
            </lane>
        </edge>
    </timestep>
    <timestep time="12.90">
        <edge id="1to2">
            <lane id="1to2_0">
                <vehicle id="6" pos="14.10" speed="10.00"/>
                <vehicle id="5" pos="34.10" speed="10.00"/>
                <vehicle id="4" pos="54.10" speed="10.00"/>
                <vehicle id="3" pos="74.10" speed="10.00"/>
                <vehicle id="2" pos="94.10" speed="10.00"/>
            </lane>
        </edge>
        <edge id="2to3">
            <lane id="2to3_0">
                <vehicle id="1" pos="11.52" speed="10.00"/>
                <vehicle id="0" pos="31.52" speed="10.00"/>
            </lane>
        </edge>
    </timestep>
    <timestep time="13.00">
        <edge id="1to2">
            <lane id="1to2_0">
                <vehicle id="6" pos="15.10" speed="10.00"/>
                <vehicle id="5" pos="35.10" speed="10.00"/>
                <vehicle id="4" pos="55.10" speed="10.00"/>
                <vehicle id="3" pos="75.10" speed="10.00"/>
                <vehicle id="2" pos="95.10" speed="10.00"/>
            </lane>
        </edge>
        <edge id="2to3">
            <lane id="2to3_0">
                <vehicle id="1" pos="12.52" speed="10.00"/>
                <vehicle id="0" pos="32.52" speed="10.00"/>
            </lane>
        </edge>
    </timestep>
    <timestep time="13.10">
        <edge id="1to2">
            <lane id="1to2_0">
                <vehicle id="6" pos="16.10" speed="10.00"/>
                <vehicle id="5" pos="36.10" speed="10.00"/>
                <vehicle id="4" pos="56.10" speed="10.00"/>
                <vehicle id="3" pos="76.10" speed="10.00"/>
                <vehicle id="2" pos="96.10" speed="10.00"/>
            </lane>
        </edge>
        <edge id="2to3">
            <lane id="2to3_0">
                <vehicle id="1" pos="13.52" speed="10.00"/>
                <vehicle id="0" pos="33.52" speed="10.00"/>
            </lane>
        </edge>
    </timestep>
    <timestep time="13.20">
        <edge id="1to2">
            <lane id="1to2_0">
                <vehicle id="6" pos="17.10" speed="10.00"/>
                <vehicle id="5" pos="37.10" speed="10.00"/>
                <vehicle id="4" pos="57.10" speed="10.00"/>
                <vehicle id="3" pos="77.10" speed="10.00"/>
                <vehicle id="2" pos="97.10" speed="10.00"/>
            </lane>
        </edge>
        <edge id="2to3">
            <lane id="2to3_0">
                <vehicle id="1" pos="14.52" speed="10.00"/>
                <vehicle id="0" pos="34.52" speed="10.00"/>
            </lane>
        </edge>
    </timestep>
    <timestep time="13.30">
        <edge id="1to2">
            <lane id="1to2_0">
                <vehicle id="6" pos="18.10" speed="10.00"/>
                <vehicle id="5" pos="38.10" speed="10.00"/>
                <vehicle id="4" pos="58.10" speed="10.00"/>
                <vehicle id="3" pos="78.10" speed="10.00"/>
                <vehicle id="2" pos="98.10" speed="10.00"/>
            </lane>
        </edge>
        <edge id="2to3">
            <lane id="2to3_0">
                <vehicle id="1" pos="15.52" speed="10.00"/>
                <vehicle id="0" pos="35.52" speed="10.00"/>
            </lane>
        </edge>
    </timestep>
    <timestep time="13.40">
        <edge id="1to2">
            <lane id="1to2_0">
                <vehicle id="6" pos="19.10" speed="10.00"/>
                <vehicle id="5" pos="39.10" speed="10.00"/>
                <vehicle id="4" pos="59.10" speed="10.00"/>
                <vehicle id="3" pos="79.10" speed="10.00"/>
                <vehicle id="2" pos="99.10" speed="10.00"/>
            </lane>
        </edge>
        <edge id="2to3">
            <lane id="2to3_0">
                <vehicle id="1" pos="16.52" speed="10.00"/>
                <vehicle id="0" pos="36.52" speed="10.00"/>
            </lane>
        </edge>
    </timestep>
    <timestep time="13.50">
        <edge id=":2_0">
            <lane id=":2_0_0">
                <vehicle id="2" pos="0.10" speed="10.00"/>
            </lane>
        </edge>
        <edge id="1to2">
            <lane id="1to2_0">
                <vehicle id="6" pos="20.10" speed="10.00"/>
                <vehicle id="5" pos="40.10" speed="10.00"/>
                <vehicle id="4" pos="60.10" speed="10.00"/>
                <vehicle id="3" pos="80.10" speed="10.00"/>
            </lane>
        </edge>
        <edge id="2to3">
            <lane id="2to3_0">
                <vehicle id="1" pos="17.52" speed="10.00"/>
                <vehicle id="0" pos="37.52" speed="10.00"/>
            </lane>
        </edge>
    </timestep>
    <timestep time="13.60">
        <edge id=":2_0">
            <lane id=":2_0_0">
                <vehicle id="2" pos="1.10" speed="10.00"/>
            </lane>
        </edge>
        <edge id="1to2">
            <lane id="1to2_0">
                <vehicle id="6" pos="21.10" speed="10.00"/>
                <vehicle id="5" pos="41.10" speed="10.00"/>
                <vehicle id="4" pos="61.10" speed="10.00"/>
                <vehicle id="3" pos="81.10" speed="10.00"/>
            </lane>
        </edge>
        <edge id="2to3">
            <lane id="2to3_0">
                <vehicle id="1" pos="18.52" speed="10.00"/>
                <vehicle id="0" pos="38.52" speed="10.00"/>
            </lane>
        </edge>
    </timestep>
    <timestep time="13.70">
        <edge id=":2_0">
            <lane id=":2_0_0">
                <vehicle id="2" pos="2.10" speed="10.00"/>
            </lane>
        </edge>
        <edge id="1to2">
            <lane id="1to2_0">
                <vehicle id="6" pos="22.10" speed="10.00"/>
                <vehicle id="5" pos="42.10" speed="10.00"/>
                <vehicle id="4" pos="62.10" speed="10.00"/>
                <vehicle id="3" pos="82.10" speed="10.00"/>
            </lane>
        </edge>
        <edge id="2to3">
            <lane id="2to3_0">
                <vehicle id="1" pos="19.52" speed="10.00"/>
                <vehicle id="0" pos="39.52" speed="10.00"/>
            </lane>
        </edge>
    </timestep>
    <timestep time="13.80">
        <edge id="1to2">
            <lane id="1to2_0">
                <vehicle id="6" pos="23.10" speed="10.00"/>
                <vehicle id="5" pos="43.10" speed="10.00"/>
                <vehicle id="4" pos="63.10" speed="10.00"/>
                <vehicle id="3" pos="83.10" speed="10.00"/>
            </lane>
        </edge>
        <edge id="2to3">
            <lane id="2to3_0">
                <vehicle id="2" pos="0.52" speed="10.00"/>
                <vehicle id="1" pos="20.52" speed="10.00"/>
                <vehicle id="0" pos="40.52" speed="10.00"/>
            </lane>
        </edge>
    </timestep>
    <timestep time="13.90">
        <edge id="1to2">
            <lane id="1to2_0">
                <vehicle id="6" pos="24.10" speed="10.00"/>
                <vehicle id="5" pos="44.10" speed="10.00"/>
                <vehicle id="4" pos="64.10" speed="10.00"/>
                <vehicle id="3" pos="84.10" speed="10.00"/>
            </lane>
        </edge>
        <edge id="2to3">
            <lane id="2to3_0">
                <vehicle id="2" pos="1.52" speed="10.00"/>
                <vehicle id="1" pos="21.52" speed="10.00"/>
                <vehicle id="0" pos="41.52" speed="10.00"/>
            </lane>
        </edge>
    </timestep>
    <timestep time="14.00">
        <edge id="1to2">
            <lane id="1to2_0">
                <vehicle id="7" pos="5.10" speed="0.00"/>
                <vehicle id="6" pos="25.10" speed="10.00"/>
                <vehicle id="5" pos="45.10" speed="10.00"/>
                <vehicle id="4" pos="65.10" speed="10.00"/>
                <vehicle id="3" pos="85.10" speed="10.00"/>
            </lane>
        </edge>
        <edge id="2to3">
            <lane id="2to3_0">
                <vehicle id="2" pos="2.52" speed="10.00"/>
                <vehicle id="1" pos="22.52" speed="10.00"/>
                <vehicle id="0" pos="42.52" speed="10.00"/>
            </lane>
        </edge>
    </timestep>
    <timestep time="14.10">
        <edge id="1to2">
            <lane id="1to2_0">
                <vehicle id="7" pos="6.10" speed="10.00"/>
                <vehicle id="6" pos="26.10" speed="10.00"/>
                <vehicle id="5" pos="46.10" speed="10.00"/>
                <vehicle id="4" pos="66.10" speed="10.00"/>
                <vehicle id="3" pos="86.10" speed="10.00"/>
            </lane>
        </edge>
        <edge id="2to3">
            <lane id="2to3_0">
                <vehicle id="2" pos="3.52" speed="10.00"/>
                <vehicle id="1" pos="23.52" speed="10.00"/>
                <vehicle id="0" pos="43.52" speed="10.00"/>
            </lane>
        </edge>
    </timestep>
    <timestep time="14.20">
        <edge id="1to2">
            <lane id="1to2_0">
                <vehicle id="7" pos="7.10" speed="10.00"/>
                <vehicle id="6" pos="27.10" speed="10.00"/>
                <vehicle id="5" pos="47.10" speed="10.00"/>
                <vehicle id="4" pos="67.10" speed="10.00"/>
                <vehicle id="3" pos="87.10" speed="10.00"/>
            </lane>
        </edge>
        <edge id="2to3">
            <lane id="2to3_0">
                <vehicle id="2" pos="4.52" speed="10.00"/>
                <vehicle id="1" pos="24.52" speed="10.00"/>
                <vehicle id="0" pos="44.52" speed="10.00"/>
            </lane>
        </edge>
    </timestep>
    <timestep time="14.30">
        <edge id="1to2">
            <lane id="1to2_0">
                <vehicle id="7" pos="8.10" speed="10.00"/>
                <vehicle id="6" pos="28.10" speed="10.00"/>
                <vehicle id="5" pos="48.10" speed="10.00"/>
                <vehicle id="4" pos="68.10" speed="10.00"/>
                <vehicle id="3" pos="88.10" speed="10.00"/>
            </lane>
        </edge>
        <edge id="2to3">
            <lane id="2to3_0">
                <vehicle id="2" pos="5.52" speed="10.00"/>
                <vehicle id="1" pos="25.52" speed="10.00"/>
                <vehicle id="0" pos="45.52" speed="10.00"/>
            </lane>
        </edge>
    </timestep>
    <timestep time="14.40">
        <edge id="1to2">
            <lane id="1to2_0">
                <vehicle id="7" pos="9.10" speed="10.00"/>
                <vehicle id="6" pos="29.10" speed="10.00"/>
                <vehicle id="5" pos="49.10" speed="10.00"/>
                <vehicle id="4" pos="69.10" speed="10.00"/>
                <vehicle id="3" pos="89.10" speed="10.00"/>
            </lane>
        </edge>
        <edge id="2to3">
            <lane id="2to3_0">
                <vehicle id="2" pos="6.52" speed="10.00"/>
                <vehicle id="1" pos="26.52" speed="10.00"/>
                <vehicle id="0" pos="46.52" speed="10.00"/>
            </lane>
        </edge>
    </timestep>
    <timestep time="14.50">
        <edge id="1to2">
            <lane id="1to2_0">
                <vehicle id="7" pos="10.10" speed="10.00"/>
                <vehicle id="6" pos="30.10" speed="10.00"/>
                <vehicle id="5" pos="50.10" speed="10.00"/>
                <vehicle id="4" pos="70.10" speed="10.00"/>
                <vehicle id="3" pos="90.10" speed="10.00"/>
            </lane>
        </edge>
        <edge id="2to3">
            <lane id="2to3_0">
                <vehicle id="2" pos="7.52" speed="10.00"/>
                <vehicle id="1" pos="27.52" speed="10.00"/>
                <vehicle id="0" pos="47.52" speed="10.00"/>
            </lane>
        </edge>
    </timestep>
    <timestep time="14.60">
        <edge id="1to2">
            <lane id="1to2_0">
                <vehicle id="7" pos="11.10" speed="10.00"/>
                <vehicle id="6" pos="31.10" speed="10.00"/>
                <vehicle id="5" pos="51.10" speed="10.00"/>
                <vehicle id="4" pos="71.10" speed="10.00"/>
                <vehicle id="3" pos="91.10" speed="10.00"/>
            </lane>
        </edge>
        <edge id="2to3">
            <lane id="2to3_0">
                <vehicle id="2" pos="8.52" speed="10.00"/>
                <vehicle id="1" pos="28.52" speed="10.00"/>
                <vehicle id="0" pos="48.52" speed="10.00"/>
            </lane>
        </edge>
    </timestep>
    <timestep time="14.70">
        <edge id="1to2">
            <lane id="1to2_0">
                <vehicle id="7" pos="12.10" speed="10.00"/>
                <vehicle id="6" pos="32.10" speed="10.00"/>
                <vehicle id="5" pos="52.10" speed="10.00"/>
                <vehicle id="4" pos="72.10" speed="10.00"/>
                <vehicle id="3" pos="92.10" speed="10.00"/>
            </lane>
        </edge>
        <edge id="2to3">
            <lane id="2to3_0">
                <vehicle id="2" pos="9.52" speed="10.00"/>
                <vehicle id="1" pos="29.52" speed="10.00"/>
                <vehicle id="0" pos="49.52" speed="10.00"/>
            </lane>
        </edge>
    </timestep>
    <timestep time="14.80">
        <edge id="1to2">
            <lane id="1to2_0">
                <vehicle id="7" pos="13.10" speed="10.00"/>
                <vehicle id="6" pos="33.10" speed="10.00"/>
                <vehicle id="5" pos="53.10" speed="10.00"/>
                <vehicle id="4" pos="73.10" speed="10.00"/>
                <vehicle id="3" pos="93.10" speed="10.00"/>
            </lane>
        </edge>
        <edge id="2to3">
            <lane id="2to3_0">
                <vehicle id="2" pos="10.52" speed="10.00"/>
                <vehicle id="1" pos="30.52" speed="10.00"/>
                <vehicle id="0" pos="50.52" speed="10.00"/>
            </lane>
        </edge>
    </timestep>
    <timestep time="14.90">
        <edge id="1to2">
            <lane id="1to2_0">
                <vehicle id="7" pos="14.10" speed="10.00"/>
                <vehicle id="6" pos="34.10" speed="10.00"/>
                <vehicle id="5" pos="54.10" speed="10.00"/>
                <vehicle id="4" pos="74.10" speed="10.00"/>
                <vehicle id="3" pos="94.10" speed="10.00"/>
            </lane>
        </edge>
        <edge id="2to3">
            <lane id="2to3_0">
                <vehicle id="2" pos="11.52" speed="10.00"/>
                <vehicle id="1" pos="31.52" speed="10.00"/>
                <vehicle id="0" pos="51.52" speed="10.00"/>
            </lane>
        </edge>
    </timestep>
    <timestep time="15.00">
        <edge id="1to2">
            <lane id="1to2_0">
                <vehicle id="7" pos="15.10" speed="10.00"/>
                <vehicle id="6" pos="35.10" speed="10.00"/>
                <vehicle id="5" pos="55.10" speed="10.00"/>
                <vehicle id="4" pos="75.10" speed="10.00"/>
                <vehicle id="3" pos="95.10" speed="10.00"/>
            </lane>
        </edge>
        <edge id="2to3">
            <lane id="2to3_0">
                <vehicle id="2" pos="12.52" speed="10.00"/>
                <vehicle id="1" pos="32.52" speed="10.00"/>
                <vehicle id="0" pos="52.52" speed="10.00"/>
            </lane>
        </edge>
    </timestep>
    <timestep time="15.10">
        <edge id="1to2">
            <lane id="1to2_0">
                <vehicle id="7" pos="16.10" speed="10.00"/>
                <vehicle id="6" pos="36.10" speed="10.00"/>
                <vehicle id="5" pos="56.10" speed="10.00"/>
                <vehicle id="4" pos="76.10" speed="10.00"/>
                <vehicle id="3" pos="96.10" speed="10.00"/>
            </lane>
        </edge>
        <edge id="2to3">
            <lane id="2to3_0">
                <vehicle id="2" pos="13.52" speed="10.00"/>
                <vehicle id="1" pos="33.52" speed="10.00"/>
                <vehicle id="0" pos="53.52" speed="10.00"/>
            </lane>
        </edge>
    </timestep>
    <timestep time="15.20">
        <edge id="1to2">
            <lane id="1to2_0">
                <vehicle id="7" pos="17.10" speed="10.00"/>
                <vehicle id="6" pos="37.10" speed="10.00"/>
                <vehicle id="5" pos="57.10" speed="10.00"/>
                <vehicle id="4" pos="77.10" speed="10.00"/>
                <vehicle id="3" pos="97.10" speed="10.00"/>
            </lane>
        </edge>
        <edge id="2to3">
            <lane id="2to3_0">
                <vehicle id="2" pos="14.52" speed="10.00"/>
                <vehicle id="1" pos="34.52" speed="10.00"/>
                <vehicle id="0" pos="54.52" speed="10.00"/>
            </lane>
        </edge>
    </timestep>
    <timestep time="15.30">
        <edge id="1to2">
            <lane id="1to2_0">
                <vehicle id="7" pos="18.10" speed="10.00"/>
                <vehicle id="6" pos="38.10" speed="10.00"/>
                <vehicle id="5" pos="58.10" speed="10.00"/>
                <vehicle id="4" pos="78.10" speed="10.00"/>
                <vehicle id="3" pos="98.10" speed="10.00"/>
            </lane>
        </edge>
        <edge id="2to3">
            <lane id="2to3_0">
                <vehicle id="2" pos="15.52" speed="10.00"/>
                <vehicle id="1" pos="35.52" speed="10.00"/>
                <vehicle id="0" pos="55.52" speed="10.00"/>
            </lane>
        </edge>
    </timestep>
    <timestep time="15.40">
        <edge id="1to2">
            <lane id="1to2_0">
                <vehicle id="7" pos="19.10" speed="10.00"/>
                <vehicle id="6" pos="39.10" speed="10.00"/>
                <vehicle id="5" pos="59.10" speed="10.00"/>
                <vehicle id="4" pos="79.10" speed="10.00"/>
                <vehicle id="3" pos="99.10" speed="10.00"/>
            </lane>
        </edge>
        <edge id="2to3">
            <lane id="2to3_0">
                <vehicle id="2" pos="16.52" speed="10.00"/>
                <vehicle id="1" pos="36.52" speed="10.00"/>
                <vehicle id="0" pos="56.52" speed="10.00"/>
            </lane>
        </edge>
    </timestep>
    <timestep time="15.50">
        <edge id=":2_0">
            <lane id=":2_0_0">
                <vehicle id="3" pos="0.10" speed="10.00"/>
            </lane>
        </edge>
        <edge id="1to2">
            <lane id="1to2_0">
                <vehicle id="7" pos="20.10" speed="10.00"/>
                <vehicle id="6" pos="40.10" speed="10.00"/>
                <vehicle id="5" pos="60.10" speed="10.00"/>
                <vehicle id="4" pos="80.10" speed="10.00"/>
            </lane>
        </edge>
        <edge id="2to3">
            <lane id="2to3_0">
                <vehicle id="2" pos="17.52" speed="10.00"/>
                <vehicle id="1" pos="37.52" speed="10.00"/>
                <vehicle id="0" pos="57.52" speed="10.00"/>
            </lane>
        </edge>
    </timestep>
    <timestep time="15.60">
        <edge id=":2_0">
            <lane id=":2_0_0">
                <vehicle id="3" pos="1.10" speed="10.00"/>
            </lane>
        </edge>
        <edge id="1to2">
            <lane id="1to2_0">
                <vehicle id="7" pos="21.10" speed="10.00"/>
                <vehicle id="6" pos="41.10" speed="10.00"/>
                <vehicle id="5" pos="61.10" speed="10.00"/>
                <vehicle id="4" pos="81.10" speed="10.00"/>
            </lane>
        </edge>
        <edge id="2to3">
            <lane id="2to3_0">
                <vehicle id="2" pos="18.52" speed="10.00"/>
                <vehicle id="1" pos="38.52" speed="10.00"/>
                <vehicle id="0" pos="58.52" speed="10.00"/>
            </lane>
        </edge>
    </timestep>
    <timestep time="15.70">
        <edge id=":2_0">
            <lane id=":2_0_0">
                <vehicle id="3" pos="2.10" speed="10.00"/>
            </lane>
        </edge>
        <edge id="1to2">
            <lane id="1to2_0">
                <vehicle id="7" pos="22.10" speed="10.00"/>
                <vehicle id="6" pos="42.10" speed="10.00"/>
                <vehicle id="5" pos="62.10" speed="10.00"/>
                <vehicle id="4" pos="82.10" speed="10.00"/>
            </lane>
        </edge>
        <edge id="2to3">
            <lane id="2to3_0">
                <vehicle id="2" pos="19.52" speed="10.00"/>
                <vehicle id="1" pos="39.52" speed="10.00"/>
                <vehicle id="0" pos="59.52" speed="10.00"/>
            </lane>
        </edge>
    </timestep>
    <timestep time="15.80">
        <edge id="1to2">
            <lane id="1to2_0">
                <vehicle id="7" pos="23.10" speed="10.00"/>
                <vehicle id="6" pos="43.10" speed="10.00"/>
                <vehicle id="5" pos="63.10" speed="10.00"/>
                <vehicle id="4" pos="83.10" speed="10.00"/>
            </lane>
        </edge>
        <edge id="2to3">
            <lane id="2to3_0">
                <vehicle id="3" pos="0.52" speed="10.00"/>
                <vehicle id="2" pos="20.52" speed="10.00"/>
                <vehicle id="1" pos="40.52" speed="10.00"/>
                <vehicle id="0" pos="60.52" speed="10.00"/>
            </lane>
        </edge>
    </timestep>
    <timestep time="15.90">
        <edge id="1to2">
            <lane id="1to2_0">
                <vehicle id="7" pos="24.10" speed="10.00"/>
                <vehicle id="6" pos="44.10" speed="10.00"/>
                <vehicle id="5" pos="64.10" speed="10.00"/>
                <vehicle id="4" pos="84.10" speed="10.00"/>
            </lane>
        </edge>
        <edge id="2to3">
            <lane id="2to3_0">
                <vehicle id="3" pos="1.52" speed="10.00"/>
                <vehicle id="2" pos="21.52" speed="10.00"/>
                <vehicle id="1" pos="41.52" speed="10.00"/>
                <vehicle id="0" pos="61.52" speed="10.00"/>
            </lane>
        </edge>
    </timestep>
    <timestep time="16.00">
        <edge id="1to2">
            <lane id="1to2_0">
                <vehicle id="8" pos="5.10" speed="0.00"/>
                <vehicle id="7" pos="25.10" speed="10.00"/>
                <vehicle id="6" pos="45.10" speed="10.00"/>
                <vehicle id="5" pos="65.10" speed="10.00"/>
                <vehicle id="4" pos="85.10" speed="10.00"/>
            </lane>
        </edge>
        <edge id="2to3">
            <lane id="2to3_0">
                <vehicle id="3" pos="2.52" speed="10.00"/>
                <vehicle id="2" pos="22.52" speed="10.00"/>
                <vehicle id="1" pos="42.52" speed="10.00"/>
                <vehicle id="0" pos="62.52" speed="10.00"/>
            </lane>
        </edge>
    </timestep>
    <timestep time="16.10">
        <edge id="1to2">
            <lane id="1to2_0">
                <vehicle id="8" pos="6.10" speed="10.00"/>
                <vehicle id="7" pos="26.10" speed="10.00"/>
                <vehicle id="6" pos="46.10" speed="10.00"/>
                <vehicle id="5" pos="66.10" speed="10.00"/>
                <vehicle id="4" pos="86.10" speed="10.00"/>
            </lane>
        </edge>
        <edge id="2to3">
            <lane id="2to3_0">
                <vehicle id="3" pos="3.52" speed="10.00"/>
                <vehicle id="2" pos="23.52" speed="10.00"/>
                <vehicle id="1" pos="43.52" speed="10.00"/>
                <vehicle id="0" pos="63.52" speed="10.00"/>
            </lane>
        </edge>
    </timestep>
    <timestep time="16.20">
        <edge id="1to2">
            <lane id="1to2_0">
                <vehicle id="8" pos="7.10" speed="10.00"/>
                <vehicle id="7" pos="27.10" speed="10.00"/>
                <vehicle id="6" pos="47.10" speed="10.00"/>
                <vehicle id="5" pos="67.10" speed="10.00"/>
                <vehicle id="4" pos="87.10" speed="10.00"/>
            </lane>
        </edge>
        <edge id="2to3">
            <lane id="2to3_0">
                <vehicle id="3" pos="4.52" speed="10.00"/>
                <vehicle id="2" pos="24.52" speed="10.00"/>
                <vehicle id="1" pos="44.52" speed="10.00"/>
                <vehicle id="0" pos="64.52" speed="10.00"/>
            </lane>
        </edge>
    </timestep>
    <timestep time="16.30">
        <edge id="1to2">
            <lane id="1to2_0">
                <vehicle id="8" pos="8.10" speed="10.00"/>
                <vehicle id="7" pos="28.10" speed="10.00"/>
                <vehicle id="6" pos="48.10" speed="10.00"/>
                <vehicle id="5" pos="68.10" speed="10.00"/>
                <vehicle id="4" pos="88.10" speed="10.00"/>
            </lane>
        </edge>
        <edge id="2to3">
            <lane id="2to3_0">
                <vehicle id="3" pos="5.52" speed="10.00"/>
                <vehicle id="2" pos="25.52" speed="10.00"/>
                <vehicle id="1" pos="45.52" speed="10.00"/>
                <vehicle id="0" pos="65.52" speed="10.00"/>
            </lane>
        </edge>
    </timestep>
    <timestep time="16.40">
        <edge id="1to2">
            <lane id="1to2_0">
                <vehicle id="8" pos="9.10" speed="10.00"/>
                <vehicle id="7" pos="29.10" speed="10.00"/>
                <vehicle id="6" pos="49.10" speed="10.00"/>
                <vehicle id="5" pos="69.10" speed="10.00"/>
                <vehicle id="4" pos="89.10" speed="10.00"/>
            </lane>
        </edge>
        <edge id="2to3">
            <lane id="2to3_0">
                <vehicle id="3" pos="6.52" speed="10.00"/>
                <vehicle id="2" pos="26.52" speed="10.00"/>
                <vehicle id="1" pos="46.52" speed="10.00"/>
                <vehicle id="0" pos="66.52" speed="10.00"/>
            </lane>
        </edge>
    </timestep>
    <timestep time="16.50">
        <edge id="1to2">
            <lane id="1to2_0">
                <vehicle id="8" pos="10.10" speed="10.00"/>
                <vehicle id="7" pos="30.10" speed="10.00"/>
                <vehicle id="6" pos="50.10" speed="10.00"/>
                <vehicle id="5" pos="70.10" speed="10.00"/>
                <vehicle id="4" pos="90.10" speed="10.00"/>
            </lane>
        </edge>
        <edge id="2to3">
            <lane id="2to3_0">
                <vehicle id="3" pos="7.52" speed="10.00"/>
                <vehicle id="2" pos="27.52" speed="10.00"/>
                <vehicle id="1" pos="47.52" speed="10.00"/>
                <vehicle id="0" pos="67.52" speed="10.00"/>
            </lane>
        </edge>
    </timestep>
    <timestep time="16.60">
        <edge id="1to2">
            <lane id="1to2_0">
                <vehicle id="8" pos="11.10" speed="10.00"/>
                <vehicle id="7" pos="31.10" speed="10.00"/>
                <vehicle id="6" pos="51.10" speed="10.00"/>
                <vehicle id="5" pos="71.10" speed="10.00"/>
                <vehicle id="4" pos="91.10" speed="10.00"/>
            </lane>
        </edge>
        <edge id="2to3">
            <lane id="2to3_0">
                <vehicle id="3" pos="8.52" speed="10.00"/>
                <vehicle id="2" pos="28.52" speed="10.00"/>
                <vehicle id="1" pos="48.52" speed="10.00"/>
                <vehicle id="0" pos="68.52" speed="10.00"/>
            </lane>
        </edge>
    </timestep>
    <timestep time="16.70">
        <edge id="1to2">
            <lane id="1to2_0">
                <vehicle id="8" pos="12.10" speed="10.00"/>
                <vehicle id="7" pos="32.10" speed="10.00"/>
                <vehicle id="6" pos="52.10" speed="10.00"/>
                <vehicle id="5" pos="72.10" speed="10.00"/>
                <vehicle id="4" pos="92.10" speed="10.00"/>
            </lane>
        </edge>
        <edge id="2to3">
            <lane id="2to3_0">
                <vehicle id="3" pos="9.52" speed="10.00"/>
                <vehicle id="2" pos="29.52" speed="10.00"/>
                <vehicle id="1" pos="49.52" speed="10.00"/>
                <vehicle id="0" pos="69.52" speed="10.00"/>
            </lane>
        </edge>
    </timestep>
    <timestep time="16.80">
        <edge id="1to2">
            <lane id="1to2_0">
                <vehicle id="8" pos="13.10" speed="10.00"/>
                <vehicle id="7" pos="33.10" speed="10.00"/>
                <vehicle id="6" pos="53.10" speed="10.00"/>
                <vehicle id="5" pos="73.10" speed="10.00"/>
                <vehicle id="4" pos="93.10" speed="10.00"/>
            </lane>
        </edge>
        <edge id="2to3">
            <lane id="2to3_0">
                <vehicle id="3" pos="10.52" speed="10.00"/>
                <vehicle id="2" pos="30.52" speed="10.00"/>
                <vehicle id="1" pos="50.52" speed="10.00"/>
                <vehicle id="0" pos="70.52" speed="10.00"/>
            </lane>
        </edge>
    </timestep>
    <timestep time="16.90">
        <edge id="1to2">
            <lane id="1to2_0">
                <vehicle id="8" pos="14.10" speed="10.00"/>
                <vehicle id="7" pos="34.10" speed="10.00"/>
                <vehicle id="6" pos="54.10" speed="10.00"/>
                <vehicle id="5" pos="74.10" speed="10.00"/>
                <vehicle id="4" pos="94.10" speed="10.00"/>
            </lane>
        </edge>
        <edge id="2to3">
            <lane id="2to3_0">
                <vehicle id="3" pos="11.52" speed="10.00"/>
                <vehicle id="2" pos="31.52" speed="10.00"/>
                <vehicle id="1" pos="51.52" speed="10.00"/>
                <vehicle id="0" pos="71.52" speed="10.00"/>
            </lane>
        </edge>
    </timestep>
    <timestep time="17.00">
        <edge id="1to2">
            <lane id="1to2_0">
                <vehicle id="8" pos="15.10" speed="10.00"/>
                <vehicle id="7" pos="35.10" speed="10.00"/>
                <vehicle id="6" pos="55.10" speed="10.00"/>
                <vehicle id="5" pos="75.10" speed="10.00"/>
                <vehicle id="4" pos="95.10" speed="10.00"/>
            </lane>
        </edge>
        <edge id="2to3">
            <lane id="2to3_0">
                <vehicle id="3" pos="12.52" speed="10.00"/>
                <vehicle id="2" pos="32.52" speed="10.00"/>
                <vehicle id="1" pos="52.52" speed="10.00"/>
                <vehicle id="0" pos="72.52" speed="10.00"/>
            </lane>
        </edge>
    </timestep>
    <timestep time="17.10">
        <edge id="1to2">
            <lane id="1to2_0">
                <vehicle id="8" pos="16.10" speed="10.00"/>
                <vehicle id="7" pos="36.10" speed="10.00"/>
                <vehicle id="6" pos="56.10" speed="10.00"/>
                <vehicle id="5" pos="76.10" speed="10.00"/>
                <vehicle id="4" pos="96.10" speed="10.00"/>
            </lane>
        </edge>
        <edge id="2to3">
            <lane id="2to3_0">
                <vehicle id="3" pos="13.52" speed="10.00"/>
                <vehicle id="2" pos="33.52" speed="10.00"/>
                <vehicle id="1" pos="53.52" speed="10.00"/>
                <vehicle id="0" pos="73.52" speed="10.00"/>
            </lane>
        </edge>
    </timestep>
    <timestep time="17.20">
        <edge id="1to2">
            <lane id="1to2_0">
                <vehicle id="8" pos="17.10" speed="10.00"/>
                <vehicle id="7" pos="37.10" speed="10.00"/>
                <vehicle id="6" pos="57.10" speed="10.00"/>
                <vehicle id="5" pos="77.10" speed="10.00"/>
                <vehicle id="4" pos="97.10" speed="10.00"/>
            </lane>
        </edge>
        <edge id="2to3">
            <lane id="2to3_0">
                <vehicle id="3" pos="14.52" speed="10.00"/>
                <vehicle id="2" pos="34.52" speed="10.00"/>
                <vehicle id="1" pos="54.52" speed="10.00"/>
                <vehicle id="0" pos="74.52" speed="10.00"/>
            </lane>
        </edge>
    </timestep>
    <timestep time="17.30">
        <edge id="1to2">
            <lane id="1to2_0">
                <vehicle id="8" pos="18.10" speed="10.00"/>
                <vehicle id="7" pos="38.10" speed="10.00"/>
                <vehicle id="6" pos="58.10" speed="10.00"/>
                <vehicle id="5" pos="78.10" speed="10.00"/>
                <vehicle id="4" pos="98.10" speed="10.00"/>
            </lane>
        </edge>
        <edge id="2to3">
            <lane id="2to3_0">
                <vehicle id="3" pos="15.52" speed="10.00"/>
                <vehicle id="2" pos="35.52" speed="10.00"/>
                <vehicle id="1" pos="55.52" speed="10.00"/>
                <vehicle id="0" pos="75.52" speed="10.00"/>
            </lane>
        </edge>
    </timestep>
    <timestep time="17.40">
        <edge id="1to2">
            <lane id="1to2_0">
                <vehicle id="8" pos="19.10" speed="10.00"/>
                <vehicle id="7" pos="39.10" speed="10.00"/>
                <vehicle id="6" pos="59.10" speed="10.00"/>
                <vehicle id="5" pos="79.10" speed="10.00"/>
                <vehicle id="4" pos="99.10" speed="10.00"/>
            </lane>
        </edge>
        <edge id="2to3">
            <lane id="2to3_0">
                <vehicle id="3" pos="16.52" speed="10.00"/>
                <vehicle id="2" pos="36.52" speed="10.00"/>
                <vehicle id="1" pos="56.52" speed="10.00"/>
                <vehicle id="0" pos="76.52" speed="10.00"/>
            </lane>
        </edge>
    </timestep>
    <timestep time="17.50">
        <edge id=":2_0">
            <lane id=":2_0_0">
                <vehicle id="4" pos="0.10" speed="10.00"/>
            </lane>
        </edge>
        <edge id="1to2">
            <lane id="1to2_0">
                <vehicle id="8" pos="20.10" speed="10.00"/>
                <vehicle id="7" pos="40.10" speed="10.00"/>
                <vehicle id="6" pos="60.10" speed="10.00"/>
                <vehicle id="5" pos="80.10" speed="10.00"/>
            </lane>
        </edge>
        <edge id="2to3">
            <lane id="2to3_0">
                <vehicle id="3" pos="17.52" speed="10.00"/>
                <vehicle id="2" pos="37.52" speed="10.00"/>
                <vehicle id="1" pos="57.52" speed="10.00"/>
                <vehicle id="0" pos="77.52" speed="10.00"/>
            </lane>
        </edge>
    </timestep>
    <timestep time="17.60">
        <edge id=":2_0">
            <lane id=":2_0_0">
                <vehicle id="4" pos="1.10" speed="10.00"/>
            </lane>
        </edge>
        <edge id="1to2">
            <lane id="1to2_0">
                <vehicle id="8" pos="21.10" speed="10.00"/>
                <vehicle id="7" pos="41.10" speed="10.00"/>
                <vehicle id="6" pos="61.10" speed="10.00"/>
                <vehicle id="5" pos="81.10" speed="10.00"/>
            </lane>
        </edge>
        <edge id="2to3">
            <lane id="2to3_0">
                <vehicle id="3" pos="18.52" speed="10.00"/>
                <vehicle id="2" pos="38.52" speed="10.00"/>
                <vehicle id="1" pos="58.52" speed="10.00"/>
                <vehicle id="0" pos="78.52" speed="10.00"/>
            </lane>
        </edge>
    </timestep>
    <timestep time="17.70">
        <edge id=":2_0">
            <lane id=":2_0_0">
                <vehicle id="4" pos="2.10" speed="10.00"/>
            </lane>
        </edge>
        <edge id="1to2">
            <lane id="1to2_0">
                <vehicle id="8" pos="22.10" speed="10.00"/>
                <vehicle id="7" pos="42.10" speed="10.00"/>
                <vehicle id="6" pos="62.10" speed="10.00"/>
                <vehicle id="5" pos="82.10" speed="10.00"/>
            </lane>
        </edge>
        <edge id="2to3">
            <lane id="2to3_0">
                <vehicle id="3" pos="19.52" speed="10.00"/>
                <vehicle id="2" pos="39.52" speed="10.00"/>
                <vehicle id="1" pos="59.52" speed="10.00"/>
                <vehicle id="0" pos="79.52" speed="10.00"/>
            </lane>
        </edge>
    </timestep>
    <timestep time="17.80">
        <edge id="1to2">
            <lane id="1to2_0">
                <vehicle id="8" pos="23.10" speed="10.00"/>
                <vehicle id="7" pos="43.10" speed="10.00"/>
                <vehicle id="6" pos="63.10" speed="10.00"/>
                <vehicle id="5" pos="83.10" speed="10.00"/>
            </lane>
        </edge>
        <edge id="2to3">
            <lane id="2to3_0">
                <vehicle id="4" pos="0.52" speed="10.00"/>
                <vehicle id="3" pos="20.52" speed="10.00"/>
                <vehicle id="2" pos="40.52" speed="10.00"/>
                <vehicle id="1" pos="60.52" speed="10.00"/>
                <vehicle id="0" pos="80.52" speed="10.00"/>
            </lane>
        </edge>
    </timestep>
    <timestep time="17.90">
        <edge id="1to2">
            <lane id="1to2_0">
                <vehicle id="8" pos="24.10" speed="10.00"/>
                <vehicle id="7" pos="44.10" speed="10.00"/>
                <vehicle id="6" pos="64.10" speed="10.00"/>
                <vehicle id="5" pos="84.10" speed="10.00"/>
            </lane>
        </edge>
        <edge id="2to3">
            <lane id="2to3_0">
                <vehicle id="4" pos="1.52" speed="10.00"/>
                <vehicle id="3" pos="21.52" speed="10.00"/>
                <vehicle id="2" pos="41.52" speed="10.00"/>
                <vehicle id="1" pos="61.52" speed="10.00"/>
                <vehicle id="0" pos="81.52" speed="10.00"/>
            </lane>
        </edge>
    </timestep>
    <timestep time="18.00">
        <edge id="1to2">
            <lane id="1to2_0">
                <vehicle id="9" pos="5.10" speed="0.00"/>
                <vehicle id="8" pos="25.10" speed="10.00"/>
                <vehicle id="7" pos="45.10" speed="10.00"/>
                <vehicle id="6" pos="65.10" speed="10.00"/>
                <vehicle id="5" pos="85.10" speed="10.00"/>
            </lane>
        </edge>
        <edge id="2to3">
            <lane id="2to3_0">
                <vehicle id="4" pos="2.52" speed="10.00"/>
                <vehicle id="3" pos="22.52" speed="10.00"/>
                <vehicle id="2" pos="42.52" speed="10.00"/>
                <vehicle id="1" pos="62.52" speed="10.00"/>
                <vehicle id="0" pos="82.52" speed="10.00"/>
            </lane>
        </edge>
    </timestep>
    <timestep time="18.10">
        <edge id="1to2">
            <lane id="1to2_0">
                <vehicle id="9" pos="6.10" speed="10.00"/>
                <vehicle id="8" pos="26.10" speed="10.00"/>
                <vehicle id="7" pos="46.10" speed="10.00"/>
                <vehicle id="6" pos="66.10" speed="10.00"/>
                <vehicle id="5" pos="86.10" speed="10.00"/>
            </lane>
        </edge>
        <edge id="2to3">
            <lane id="2to3_0">
                <vehicle id="4" pos="3.52" speed="10.00"/>
                <vehicle id="3" pos="23.52" speed="10.00"/>
                <vehicle id="2" pos="43.52" speed="10.00"/>
                <vehicle id="1" pos="63.52" speed="10.00"/>
                <vehicle id="0" pos="83.52" speed="10.00"/>
            </lane>
        </edge>
    </timestep>
    <timestep time="18.20">
        <edge id="1to2">
            <lane id="1to2_0">
                <vehicle id="9" pos="7.10" speed="10.00"/>
                <vehicle id="8" pos="27.10" speed="10.00"/>
                <vehicle id="7" pos="47.10" speed="10.00"/>
                <vehicle id="6" pos="67.10" speed="10.00"/>
                <vehicle id="5" pos="87.10" speed="10.00"/>
            </lane>
        </edge>
        <edge id="2to3">
            <lane id="2to3_0">
                <vehicle id="4" pos="4.52" speed="10.00"/>
                <vehicle id="3" pos="24.52" speed="10.00"/>
                <vehicle id="2" pos="44.52" speed="10.00"/>
                <vehicle id="1" pos="64.52" speed="10.00"/>
                <vehicle id="0" pos="84.52" speed="10.00"/>
            </lane>
        </edge>
    </timestep>
    <timestep time="18.30">
        <edge id="1to2">
            <lane id="1to2_0">
                <vehicle id="9" pos="8.10" speed="10.00"/>
                <vehicle id="8" pos="28.10" speed="10.00"/>
                <vehicle id="7" pos="48.10" speed="10.00"/>
                <vehicle id="6" pos="68.10" speed="10.00"/>
                <vehicle id="5" pos="88.10" speed="10.00"/>
            </lane>
        </edge>
        <edge id="2to3">
            <lane id="2to3_0">
                <vehicle id="4" pos="5.52" speed="10.00"/>
                <vehicle id="3" pos="25.52" speed="10.00"/>
                <vehicle id="2" pos="45.52" speed="10.00"/>
                <vehicle id="1" pos="65.52" speed="10.00"/>
                <vehicle id="0" pos="85.52" speed="10.00"/>
            </lane>
        </edge>
    </timestep>
    <timestep time="18.40">
        <edge id="1to2">
            <lane id="1to2_0">
                <vehicle id="9" pos="9.10" speed="10.00"/>
                <vehicle id="8" pos="29.10" speed="10.00"/>
                <vehicle id="7" pos="49.10" speed="10.00"/>
                <vehicle id="6" pos="69.10" speed="10.00"/>
                <vehicle id="5" pos="89.10" speed="10.00"/>
            </lane>
        </edge>
        <edge id="2to3">
            <lane id="2to3_0">
                <vehicle id="4" pos="6.52" speed="10.00"/>
                <vehicle id="3" pos="26.52" speed="10.00"/>
                <vehicle id="2" pos="46.52" speed="10.00"/>
                <vehicle id="1" pos="66.52" speed="10.00"/>
                <vehicle id="0" pos="86.52" speed="10.00"/>
            </lane>
        </edge>
    </timestep>
    <timestep time="18.50">
        <edge id="1to2">
            <lane id="1to2_0">
                <vehicle id="9" pos="10.10" speed="10.00"/>
                <vehicle id="8" pos="30.10" speed="10.00"/>
                <vehicle id="7" pos="50.10" speed="10.00"/>
                <vehicle id="6" pos="70.10" speed="10.00"/>
                <vehicle id="5" pos="90.10" speed="10.00"/>
            </lane>
        </edge>
        <edge id="2to3">
            <lane id="2to3_0">
                <vehicle id="4" pos="7.52" speed="10.00"/>
                <vehicle id="3" pos="27.52" speed="10.00"/>
                <vehicle id="2" pos="47.52" speed="10.00"/>
                <vehicle id="1" pos="67.52" speed="10.00"/>
                <vehicle id="0" pos="87.52" speed="10.00"/>
            </lane>
        </edge>
    </timestep>
    <timestep time="18.60">
        <edge id="1to2">
            <lane id="1to2_0">
                <vehicle id="9" pos="11.10" speed="10.00"/>
                <vehicle id="8" pos="31.10" speed="10.00"/>
                <vehicle id="7" pos="51.10" speed="10.00"/>
                <vehicle id="6" pos="71.10" speed="10.00"/>
                <vehicle id="5" pos="91.10" speed="10.00"/>
            </lane>
        </edge>
        <edge id="2to3">
            <lane id="2to3_0">
                <vehicle id="4" pos="8.52" speed="10.00"/>
                <vehicle id="3" pos="28.52" speed="10.00"/>
                <vehicle id="2" pos="48.52" speed="10.00"/>
                <vehicle id="1" pos="68.52" speed="10.00"/>
                <vehicle id="0" pos="88.52" speed="10.00"/>
            </lane>
        </edge>
    </timestep>
    <timestep time="18.70">
        <edge id="1to2">
            <lane id="1to2_0">
                <vehicle id="9" pos="12.10" speed="10.00"/>
                <vehicle id="8" pos="32.10" speed="10.00"/>
                <vehicle id="7" pos="52.10" speed="10.00"/>
                <vehicle id="6" pos="72.10" speed="10.00"/>
                <vehicle id="5" pos="92.10" speed="10.00"/>
            </lane>
        </edge>
        <edge id="2to3">
            <lane id="2to3_0">
                <vehicle id="4" pos="9.52" speed="10.00"/>
                <vehicle id="3" pos="29.52" speed="10.00"/>
                <vehicle id="2" pos="49.52" speed="10.00"/>
                <vehicle id="1" pos="69.52" speed="10.00"/>
                <vehicle id="0" pos="89.52" speed="10.00"/>
            </lane>
        </edge>
    </timestep>
    <timestep time="18.80">
        <edge id="1to2">
            <lane id="1to2_0">
                <vehicle id="9" pos="13.10" speed="10.00"/>
                <vehicle id="8" pos="33.10" speed="10.00"/>
                <vehicle id="7" pos="53.10" speed="10.00"/>
                <vehicle id="6" pos="73.10" speed="10.00"/>
                <vehicle id="5" pos="93.10" speed="10.00"/>
            </lane>
        </edge>
        <edge id="2to3">
            <lane id="2to3_0">
                <vehicle id="4" pos="10.52" speed="10.00"/>
                <vehicle id="3" pos="30.52" speed="10.00"/>
                <vehicle id="2" pos="50.52" speed="10.00"/>
                <vehicle id="1" pos="70.52" speed="10.00"/>
                <vehicle id="0" pos="90.52" speed="10.00"/>
            </lane>
        </edge>
    </timestep>
    <timestep time="18.90">
        <edge id="1to2">
            <lane id="1to2_0">
                <vehicle id="9" pos="14.10" speed="10.00"/>
                <vehicle id="8" pos="34.10" speed="10.00"/>
                <vehicle id="7" pos="54.10" speed="10.00"/>
                <vehicle id="6" pos="74.10" speed="10.00"/>
                <vehicle id="5" pos="94.10" speed="10.00"/>
            </lane>
        </edge>
        <edge id="2to3">
            <lane id="2to3_0">
                <vehicle id="4" pos="11.52" speed="10.00"/>
                <vehicle id="3" pos="31.52" speed="10.00"/>
                <vehicle id="2" pos="51.52" speed="10.00"/>
                <vehicle id="1" pos="71.52" speed="10.00"/>
                <vehicle id="0" pos="91.52" speed="10.00"/>
            </lane>
        </edge>
    </timestep>
    <timestep time="19.00">
        <edge id="1to2">
            <lane id="1to2_0">
                <vehicle id="9" pos="15.10" speed="10.00"/>
                <vehicle id="8" pos="35.10" speed="10.00"/>
                <vehicle id="7" pos="55.10" speed="10.00"/>
                <vehicle id="6" pos="75.10" speed="10.00"/>
                <vehicle id="5" pos="95.10" speed="10.00"/>
            </lane>
        </edge>
        <edge id="2to3">
            <lane id="2to3_0">
                <vehicle id="4" pos="12.52" speed="10.00"/>
                <vehicle id="3" pos="32.52" speed="10.00"/>
                <vehicle id="2" pos="52.52" speed="10.00"/>
                <vehicle id="1" pos="72.52" speed="10.00"/>
                <vehicle id="0" pos="92.52" speed="10.00"/>
            </lane>
        </edge>
    </timestep>
    <timestep time="19.10">
        <edge id="1to2">
            <lane id="1to2_0">
                <vehicle id="9" pos="16.10" speed="10.00"/>
                <vehicle id="8" pos="36.10" speed="10.00"/>
                <vehicle id="7" pos="56.10" speed="10.00"/>
                <vehicle id="6" pos="76.10" speed="10.00"/>
                <vehicle id="5" pos="96.10" speed="10.00"/>
            </lane>
        </edge>
        <edge id="2to3">
            <lane id="2to3_0">
                <vehicle id="4" pos="13.52" speed="10.00"/>
                <vehicle id="3" pos="33.52" speed="10.00"/>
                <vehicle id="2" pos="53.52" speed="10.00"/>
                <vehicle id="1" pos="73.52" speed="10.00"/>
                <vehicle id="0" pos="93.52" speed="10.00"/>
            </lane>
        </edge>
    </timestep>
    <timestep time="19.20">
        <edge id="1to2">
            <lane id="1to2_0">
                <vehicle id="9" pos="17.10" speed="10.00"/>
                <vehicle id="8" pos="37.10" speed="10.00"/>
                <vehicle id="7" pos="57.10" speed="10.00"/>
                <vehicle id="6" pos="77.10" speed="10.00"/>
                <vehicle id="5" pos="97.10" speed="10.00"/>
            </lane>
        </edge>
        <edge id="2to3">
            <lane id="2to3_0">
                <vehicle id="4" pos="14.52" speed="10.00"/>
                <vehicle id="3" pos="34.52" speed="10.00"/>
                <vehicle id="2" pos="54.52" speed="10.00"/>
                <vehicle id="1" pos="74.52" speed="10.00"/>
                <vehicle id="0" pos="94.52" speed="10.00"/>
            </lane>
        </edge>
    </timestep>
    <timestep time="19.30">
        <edge id="1to2">
            <lane id="1to2_0">
                <vehicle id="9" pos="18.10" speed="10.00"/>
                <vehicle id="8" pos="38.10" speed="10.00"/>
                <vehicle id="7" pos="58.10" speed="10.00"/>
                <vehicle id="6" pos="78.10" speed="10.00"/>
                <vehicle id="5" pos="98.10" speed="10.00"/>
            </lane>
        </edge>
        <edge id="2to3">
            <lane id="2to3_0">
                <vehicle id="4" pos="15.52" speed="10.00"/>
                <vehicle id="3" pos="35.52" speed="10.00"/>
                <vehicle id="2" pos="55.52" speed="10.00"/>
                <vehicle id="1" pos="75.52" speed="10.00"/>
                <vehicle id="0" pos="95.52" speed="10.00"/>
            </lane>
        </edge>
    </timestep>
    <timestep time="19.40">
        <edge id="1to2">
            <lane id="1to2_0">
                <vehicle id="9" pos="19.10" speed="10.00"/>
                <vehicle id="8" pos="39.10" speed="10.00"/>
                <vehicle id="7" pos="59.10" speed="10.00"/>
                <vehicle id="6" pos="79.10" speed="10.00"/>
                <vehicle id="5" pos="99.10" speed="10.00"/>
            </lane>
        </edge>
        <edge id="2to3">
            <lane id="2to3_0">
                <vehicle id="4" pos="16.52" speed="10.00"/>
                <vehicle id="3" pos="36.52" speed="10.00"/>
                <vehicle id="2" pos="56.52" speed="10.00"/>
                <vehicle id="1" pos="76.52" speed="10.00"/>
                <vehicle id="0" pos="96.52" speed="10.00"/>
            </lane>
        </edge>
    </timestep>
    <timestep time="19.50">
        <edge id=":2_0">
            <lane id=":2_0_0">
                <vehicle id="5" pos="0.10" speed="10.00"/>
            </lane>
        </edge>
        <edge id="1to2">
            <lane id="1to2_0">
                <vehicle id="9" pos="20.10" speed="10.00"/>
                <vehicle id="8" pos="40.10" speed="10.00"/>
                <vehicle id="7" pos="60.10" speed="10.00"/>
                <vehicle id="6" pos="80.10" speed="10.00"/>
            </lane>
        </edge>
        <edge id="2to3">
            <lane id="2to3_0">
                <vehicle id="4" pos="17.52" speed="10.00"/>
                <vehicle id="3" pos="37.52" speed="10.00"/>
                <vehicle id="2" pos="57.52" speed="10.00"/>
                <vehicle id="1" pos="77.52" speed="10.00"/>
                <vehicle id="0" pos="97.52" speed="10.00"/>
            </lane>
        </edge>
    </timestep>
    <timestep time="19.60">
        <edge id=":2_0">
            <lane id=":2_0_0">
                <vehicle id="5" pos="1.10" speed="10.00"/>
            </lane>
        </edge>
        <edge id="1to2">
            <lane id="1to2_0">
                <vehicle id="9" pos="21.10" speed="10.00"/>
                <vehicle id="8" pos="41.10" speed="10.00"/>
                <vehicle id="7" pos="61.10" speed="10.00"/>
                <vehicle id="6" pos="81.10" speed="10.00"/>
            </lane>
        </edge>
        <edge id="2to3">
            <lane id="2to3_0">
                <vehicle id="4" pos="18.52" speed="10.00"/>
                <vehicle id="3" pos="38.52" speed="10.00"/>
                <vehicle id="2" pos="58.52" speed="10.00"/>
                <vehicle id="1" pos="78.52" speed="10.00"/>
                <vehicle id="0" pos="98.52" speed="10.00"/>
            </lane>
        </edge>
    </timestep>
    <timestep time="19.70">
        <edge id=":2_0">
            <lane id=":2_0_0">
                <vehicle id="5" pos="2.10" speed="10.00"/>
            </lane>
        </edge>
        <edge id="1to2">
            <lane id="1to2_0">
                <vehicle id="9" pos="22.10" speed="10.00"/>
                <vehicle id="8" pos="42.10" speed="10.00"/>
                <vehicle id="7" pos="62.10" speed="10.00"/>
                <vehicle id="6" pos="82.10" speed="10.00"/>
            </lane>
        </edge>
        <edge id="2to3">
            <lane id="2to3_0">
                <vehicle id="4" pos="19.52" speed="10.00"/>
                <vehicle id="3" pos="39.52" speed="10.00"/>
                <vehicle id="2" pos="59.52" speed="10.00"/>
                <vehicle id="1" pos="79.52" speed="10.00"/>
                <vehicle id="0" pos="99.52" speed="10.00"/>
            </lane>
        </edge>
    </timestep>
    <timestep time="19.80">
        <edge id=":3_0">
            <lane id=":3_0_0">
                <vehicle id="0" pos="0.52" speed="10.00"/>
            </lane>
        </edge>
        <edge id="1to2">
            <lane id="1to2_0">
                <vehicle id="9" pos="23.10" speed="10.00"/>
                <vehicle id="8" pos="43.10" speed="10.00"/>
                <vehicle id="7" pos="63.10" speed="10.00"/>
                <vehicle id="6" pos="83.10" speed="10.00"/>
            </lane>
        </edge>
        <edge id="2to3">
            <lane id="2to3_0">
                <vehicle id="5" pos="0.52" speed="10.00"/>
                <vehicle id="4" pos="20.52" speed="10.00"/>
                <vehicle id="3" pos="40.52" speed="10.00"/>
                <vehicle id="2" pos="60.52" speed="10.00"/>
                <vehicle id="1" pos="80.52" speed="10.00"/>
            </lane>
        </edge>
    </timestep>
    <timestep time="19.90">
        <edge id=":3_0">
            <lane id=":3_0_0">
                <vehicle id="0" pos="1.52" speed="10.00"/>
            </lane>
        </edge>
        <edge id="1to2">
            <lane id="1to2_0">
                <vehicle id="9" pos="24.10" speed="10.00"/>
                <vehicle id="8" pos="44.10" speed="10.00"/>
                <vehicle id="7" pos="64.10" speed="10.00"/>
                <vehicle id="6" pos="84.10" speed="10.00"/>
            </lane>
        </edge>
        <edge id="2to3">
            <lane id="2to3_0">
                <vehicle id="5" pos="1.52" speed="10.00"/>
                <vehicle id="4" pos="21.52" speed="10.00"/>
                <vehicle id="3" pos="41.52" speed="10.00"/>
                <vehicle id="2" pos="61.52" speed="10.00"/>
                <vehicle id="1" pos="81.52" speed="10.00"/>
            </lane>
        </edge>
    </timestep>
    <timestep time="20.00">
        <edge id=":3_0">
            <lane id=":3_0_0">
                <vehicle id="0" pos="2.52" speed="10.00"/>
            </lane>
        </edge>
        <edge id="1to2">
            <lane id="1to2_0">
                <vehicle id="10" pos="5.10" speed="0.00"/>
                <vehicle id="9" pos="25.10" speed="10.00"/>
                <vehicle id="8" pos="45.10" speed="10.00"/>
                <vehicle id="7" pos="65.10" speed="10.00"/>
                <vehicle id="6" pos="85.10" speed="10.00"/>
            </lane>
        </edge>
        <edge id="2to3">
            <lane id="2to3_0">
                <vehicle id="5" pos="2.52" speed="10.00"/>
                <vehicle id="4" pos="22.52" speed="10.00"/>
                <vehicle id="3" pos="42.52" speed="10.00"/>
                <vehicle id="2" pos="62.52" speed="10.00"/>
                <vehicle id="1" pos="82.52" speed="10.00"/>
            </lane>
        </edge>
    </timestep>
    <timestep time="20.10">
        <edge id="1to2">
            <lane id="1to2_0">
                <vehicle id="10" pos="6.10" speed="10.00"/>
                <vehicle id="9" pos="26.10" speed="10.00"/>
                <vehicle id="8" pos="46.10" speed="10.00"/>
                <vehicle id="7" pos="66.10" speed="10.00"/>
                <vehicle id="6" pos="86.10" speed="10.00"/>
            </lane>
        </edge>
        <edge id="2to3">
            <lane id="2to3_0">
                <vehicle id="5" pos="3.52" speed="10.00"/>
                <vehicle id="4" pos="23.52" speed="10.00"/>
                <vehicle id="3" pos="43.52" speed="10.00"/>
                <vehicle id="2" pos="63.52" speed="10.00"/>
                <vehicle id="1" pos="83.52" speed="10.00"/>
            </lane>
        </edge>
        <edge id="3to4">
            <lane id="3to4_0">
                <vehicle id="0" pos="0.94" speed="10.00"/>
            </lane>
        </edge>
    </timestep>
    <timestep time="20.20">
        <edge id="1to2">
            <lane id="1to2_0">
                <vehicle id="10" pos="7.10" speed="10.00"/>
                <vehicle id="9" pos="27.10" speed="10.00"/>
                <vehicle id="8" pos="47.10" speed="10.00"/>
                <vehicle id="7" pos="67.10" speed="10.00"/>
                <vehicle id="6" pos="87.10" speed="10.00"/>
            </lane>
        </edge>
        <edge id="2to3">
            <lane id="2to3_0">
                <vehicle id="5" pos="4.52" speed="10.00"/>
                <vehicle id="4" pos="24.52" speed="10.00"/>
                <vehicle id="3" pos="44.52" speed="10.00"/>
                <vehicle id="2" pos="64.52" speed="10.00"/>
                <vehicle id="1" pos="84.52" speed="10.00"/>
            </lane>
        </edge>
        <edge id="3to4">
            <lane id="3to4_0">
                <vehicle id="0" pos="1.94" speed="10.00"/>
            </lane>
        </edge>
    </timestep>
    <timestep time="20.30">
        <edge id="1to2">
            <lane id="1to2_0">
                <vehicle id="10" pos="8.10" speed="10.00"/>
                <vehicle id="9" pos="28.10" speed="10.00"/>
                <vehicle id="8" pos="48.10" speed="10.00"/>
                <vehicle id="7" pos="68.10" speed="10.00"/>
                <vehicle id="6" pos="88.10" speed="10.00"/>
            </lane>
        </edge>
        <edge id="2to3">
            <lane id="2to3_0">
                <vehicle id="5" pos="5.52" speed="10.00"/>
                <vehicle id="4" pos="25.52" speed="10.00"/>
                <vehicle id="3" pos="45.52" speed="10.00"/>
                <vehicle id="2" pos="65.52" speed="10.00"/>
                <vehicle id="1" pos="85.52" speed="10.00"/>
            </lane>
        </edge>
        <edge id="3to4">
            <lane id="3to4_0">
                <vehicle id="0" pos="2.94" speed="10.00"/>
            </lane>
        </edge>
    </timestep>
    <timestep time="20.40">
        <edge id="1to2">
            <lane id="1to2_0">
                <vehicle id="10" pos="9.10" speed="10.00"/>
                <vehicle id="9" pos="29.10" speed="10.00"/>
                <vehicle id="8" pos="49.10" speed="10.00"/>
                <vehicle id="7" pos="69.10" speed="10.00"/>
                <vehicle id="6" pos="89.10" speed="10.00"/>
            </lane>
        </edge>
        <edge id="2to3">
            <lane id="2to3_0">
                <vehicle id="5" pos="6.52" speed="10.00"/>
                <vehicle id="4" pos="26.52" speed="10.00"/>
                <vehicle id="3" pos="46.52" speed="10.00"/>
                <vehicle id="2" pos="66.52" speed="10.00"/>
                <vehicle id="1" pos="86.52" speed="10.00"/>
            </lane>
        </edge>
        <edge id="3to4">
            <lane id="3to4_0">
                <vehicle id="0" pos="3.94" speed="10.00"/>
            </lane>
        </edge>
    </timestep>
    <timestep time="20.50">
        <edge id="1to2">
            <lane id="1to2_0">
                <vehicle id="10" pos="10.10" speed="10.00"/>
                <vehicle id="9" pos="30.10" speed="10.00"/>
                <vehicle id="8" pos="50.10" speed="10.00"/>
                <vehicle id="7" pos="70.10" speed="10.00"/>
                <vehicle id="6" pos="90.10" speed="10.00"/>
            </lane>
        </edge>
        <edge id="2to3">
            <lane id="2to3_0">
                <vehicle id="5" pos="7.52" speed="10.00"/>
                <vehicle id="4" pos="27.52" speed="10.00"/>
                <vehicle id="3" pos="47.52" speed="10.00"/>
                <vehicle id="2" pos="67.52" speed="10.00"/>
                <vehicle id="1" pos="87.52" speed="10.00"/>
            </lane>
        </edge>
        <edge id="3to4">
            <lane id="3to4_0">
                <vehicle id="0" pos="4.94" speed="10.00"/>
            </lane>
        </edge>
    </timestep>
    <timestep time="20.60">
        <edge id="1to2">
            <lane id="1to2_0">
                <vehicle id="10" pos="11.10" speed="10.00"/>
                <vehicle id="9" pos="31.10" speed="10.00"/>
                <vehicle id="8" pos="51.10" speed="10.00"/>
                <vehicle id="7" pos="71.10" speed="10.00"/>
                <vehicle id="6" pos="91.10" speed="10.00"/>
            </lane>
        </edge>
        <edge id="2to3">
            <lane id="2to3_0">
                <vehicle id="5" pos="8.52" speed="10.00"/>
                <vehicle id="4" pos="28.52" speed="10.00"/>
                <vehicle id="3" pos="48.52" speed="10.00"/>
                <vehicle id="2" pos="68.52" speed="10.00"/>
                <vehicle id="1" pos="88.52" speed="10.00"/>
            </lane>
        </edge>
        <edge id="3to4">
            <lane id="3to4_0">
                <vehicle id="0" pos="5.94" speed="10.00"/>
            </lane>
        </edge>
    </timestep>
    <timestep time="20.70">
        <edge id="1to2">
            <lane id="1to2_0">
                <vehicle id="10" pos="12.10" speed="10.00"/>
                <vehicle id="9" pos="32.10" speed="10.00"/>
                <vehicle id="8" pos="52.10" speed="10.00"/>
                <vehicle id="7" pos="72.10" speed="10.00"/>
                <vehicle id="6" pos="92.10" speed="10.00"/>
            </lane>
        </edge>
        <edge id="2to3">
            <lane id="2to3_0">
                <vehicle id="5" pos="9.52" speed="10.00"/>
                <vehicle id="4" pos="29.52" speed="10.00"/>
                <vehicle id="3" pos="49.52" speed="10.00"/>
                <vehicle id="2" pos="69.52" speed="10.00"/>
                <vehicle id="1" pos="89.52" speed="10.00"/>
            </lane>
        </edge>
        <edge id="3to4">
            <lane id="3to4_0">
                <vehicle id="0" pos="6.94" speed="10.00"/>
            </lane>
        </edge>
    </timestep>
    <timestep time="20.80">
        <edge id="1to2">
            <lane id="1to2_0">
                <vehicle id="10" pos="13.10" speed="10.00"/>
                <vehicle id="9" pos="33.10" speed="10.00"/>
                <vehicle id="8" pos="53.10" speed="10.00"/>
                <vehicle id="7" pos="73.10" speed="10.00"/>
                <vehicle id="6" pos="93.10" speed="10.00"/>
            </lane>
        </edge>
        <edge id="2to3">
            <lane id="2to3_0">
                <vehicle id="5" pos="10.52" speed="10.00"/>
                <vehicle id="4" pos="30.52" speed="10.00"/>
                <vehicle id="3" pos="50.52" speed="10.00"/>
                <vehicle id="2" pos="70.52" speed="10.00"/>
                <vehicle id="1" pos="90.52" speed="10.00"/>
            </lane>
        </edge>
        <edge id="3to4">
            <lane id="3to4_0">
                <vehicle id="0" pos="7.94" speed="10.00"/>
            </lane>
        </edge>
    </timestep>
    <timestep time="20.90">
        <edge id="1to2">
            <lane id="1to2_0">
                <vehicle id="10" pos="14.10" speed="10.00"/>
                <vehicle id="9" pos="34.10" speed="10.00"/>
                <vehicle id="8" pos="54.10" speed="10.00"/>
                <vehicle id="7" pos="74.10" speed="10.00"/>
                <vehicle id="6" pos="94.10" speed="10.00"/>
            </lane>
        </edge>
        <edge id="2to3">
            <lane id="2to3_0">
                <vehicle id="5" pos="11.52" speed="10.00"/>
                <vehicle id="4" pos="31.52" speed="10.00"/>
                <vehicle id="3" pos="51.52" speed="10.00"/>
                <vehicle id="2" pos="71.52" speed="10.00"/>
                <vehicle id="1" pos="91.52" speed="10.00"/>
            </lane>
        </edge>
        <edge id="3to4">
            <lane id="3to4_0">
                <vehicle id="0" pos="8.94" speed="10.00"/>
            </lane>
        </edge>
    </timestep>
    <timestep time="21.00">
        <edge id="1to2">
            <lane id="1to2_0">
                <vehicle id="10" pos="15.10" speed="10.00"/>
                <vehicle id="9" pos="35.10" speed="10.00"/>
                <vehicle id="8" pos="55.10" speed="10.00"/>
                <vehicle id="7" pos="75.10" speed="10.00"/>
                <vehicle id="6" pos="95.10" speed="10.00"/>
            </lane>
        </edge>
        <edge id="2to3">
            <lane id="2to3_0">
                <vehicle id="5" pos="12.52" speed="10.00"/>
                <vehicle id="4" pos="32.52" speed="10.00"/>
                <vehicle id="3" pos="52.52" speed="10.00"/>
                <vehicle id="2" pos="72.52" speed="10.00"/>
                <vehicle id="1" pos="92.52" speed="10.00"/>
            </lane>
        </edge>
        <edge id="3to4">
            <lane id="3to4_0">
                <vehicle id="0" pos="9.94" speed="10.00"/>
            </lane>
        </edge>
    </timestep>
    <timestep time="21.10">
        <edge id="1to2">
            <lane id="1to2_0">
                <vehicle id="10" pos="16.10" speed="10.00"/>
                <vehicle id="9" pos="36.10" speed="10.00"/>
                <vehicle id="8" pos="56.10" speed="10.00"/>
                <vehicle id="7" pos="76.10" speed="10.00"/>
                <vehicle id="6" pos="96.10" speed="10.00"/>
            </lane>
        </edge>
        <edge id="2to3">
            <lane id="2to3_0">
                <vehicle id="5" pos="13.52" speed="10.00"/>
                <vehicle id="4" pos="33.52" speed="10.00"/>
                <vehicle id="3" pos="53.52" speed="10.00"/>
                <vehicle id="2" pos="73.52" speed="10.00"/>
                <vehicle id="1" pos="93.52" speed="10.00"/>
            </lane>
        </edge>
        <edge id="3to4">
            <lane id="3to4_0">
                <vehicle id="0" pos="10.94" speed="10.00"/>
            </lane>
        </edge>
    </timestep>
    <timestep time="21.20">
        <edge id="1to2">
            <lane id="1to2_0">
                <vehicle id="10" pos="17.10" speed="10.00"/>
                <vehicle id="9" pos="37.10" speed="10.00"/>
                <vehicle id="8" pos="57.10" speed="10.00"/>
                <vehicle id="7" pos="77.10" speed="10.00"/>
                <vehicle id="6" pos="97.10" speed="10.00"/>
            </lane>
        </edge>
        <edge id="2to3">
            <lane id="2to3_0">
                <vehicle id="5" pos="14.52" speed="10.00"/>
                <vehicle id="4" pos="34.52" speed="10.00"/>
                <vehicle id="3" pos="54.52" speed="10.00"/>
                <vehicle id="2" pos="74.52" speed="10.00"/>
                <vehicle id="1" pos="94.52" speed="10.00"/>
            </lane>
        </edge>
        <edge id="3to4">
            <lane id="3to4_0">
                <vehicle id="0" pos="11.94" speed="10.00"/>
            </lane>
        </edge>
    </timestep>
    <timestep time="21.30">
        <edge id="1to2">
            <lane id="1to2_0">
                <vehicle id="10" pos="18.10" speed="10.00"/>
                <vehicle id="9" pos="38.10" speed="10.00"/>
                <vehicle id="8" pos="58.10" speed="10.00"/>
                <vehicle id="7" pos="78.10" speed="10.00"/>
                <vehicle id="6" pos="98.10" speed="10.00"/>
            </lane>
        </edge>
        <edge id="2to3">
            <lane id="2to3_0">
                <vehicle id="5" pos="15.52" speed="10.00"/>
                <vehicle id="4" pos="35.52" speed="10.00"/>
                <vehicle id="3" pos="55.52" speed="10.00"/>
                <vehicle id="2" pos="75.52" speed="10.00"/>
                <vehicle id="1" pos="95.52" speed="10.00"/>
            </lane>
        </edge>
        <edge id="3to4">
            <lane id="3to4_0">
                <vehicle id="0" pos="12.94" speed="10.00"/>
            </lane>
        </edge>
    </timestep>
    <timestep time="21.40">
        <edge id="1to2">
            <lane id="1to2_0">
                <vehicle id="10" pos="19.10" speed="10.00"/>
                <vehicle id="9" pos="39.10" speed="10.00"/>
                <vehicle id="8" pos="59.10" speed="10.00"/>
                <vehicle id="7" pos="79.10" speed="10.00"/>
                <vehicle id="6" pos="99.10" speed="10.00"/>
            </lane>
        </edge>
        <edge id="2to3">
            <lane id="2to3_0">
                <vehicle id="5" pos="16.52" speed="10.00"/>
                <vehicle id="4" pos="36.52" speed="10.00"/>
                <vehicle id="3" pos="56.52" speed="10.00"/>
                <vehicle id="2" pos="76.52" speed="10.00"/>
                <vehicle id="1" pos="96.52" speed="10.00"/>
            </lane>
        </edge>
        <edge id="3to4">
            <lane id="3to4_0">
                <vehicle id="0" pos="13.94" speed="10.00"/>
            </lane>
        </edge>
    </timestep>
    <timestep time="21.50">
        <edge id=":2_0">
            <lane id=":2_0_0">
                <vehicle id="6" pos="0.10" speed="10.00"/>
            </lane>
        </edge>
        <edge id="1to2">
            <lane id="1to2_0">
                <vehicle id="10" pos="20.10" speed="10.00"/>
                <vehicle id="9" pos="40.10" speed="10.00"/>
                <vehicle id="8" pos="60.10" speed="10.00"/>
                <vehicle id="7" pos="80.10" speed="10.00"/>
            </lane>
        </edge>
        <edge id="2to3">
            <lane id="2to3_0">
                <vehicle id="5" pos="17.52" speed="10.00"/>
                <vehicle id="4" pos="37.52" speed="10.00"/>
                <vehicle id="3" pos="57.52" speed="10.00"/>
                <vehicle id="2" pos="77.52" speed="10.00"/>
                <vehicle id="1" pos="97.52" speed="10.00"/>
            </lane>
        </edge>
        <edge id="3to4">
            <lane id="3to4_0">
                <vehicle id="0" pos="14.94" speed="10.00"/>
            </lane>
        </edge>
    </timestep>
    <timestep time="21.60">
        <edge id=":2_0">
            <lane id=":2_0_0">
                <vehicle id="6" pos="1.10" speed="10.00"/>
            </lane>
        </edge>
        <edge id="1to2">
            <lane id="1to2_0">
                <vehicle id="10" pos="21.10" speed="10.00"/>
                <vehicle id="9" pos="41.10" speed="10.00"/>
                <vehicle id="8" pos="61.10" speed="10.00"/>
                <vehicle id="7" pos="81.10" speed="10.00"/>
            </lane>
        </edge>
        <edge id="2to3">
            <lane id="2to3_0">
                <vehicle id="5" pos="18.52" speed="10.00"/>
                <vehicle id="4" pos="38.52" speed="10.00"/>
                <vehicle id="3" pos="58.52" speed="10.00"/>
                <vehicle id="2" pos="78.52" speed="10.00"/>
                <vehicle id="1" pos="98.52" speed="10.00"/>
            </lane>
        </edge>
        <edge id="3to4">
            <lane id="3to4_0">
                <vehicle id="0" pos="15.94" speed="10.00"/>
            </lane>
        </edge>
    </timestep>
    <timestep time="21.70">
        <edge id=":2_0">
            <lane id=":2_0_0">
                <vehicle id="6" pos="2.10" speed="10.00"/>
            </lane>
        </edge>
        <edge id="1to2">
            <lane id="1to2_0">
                <vehicle id="10" pos="22.10" speed="10.00"/>
                <vehicle id="9" pos="42.10" speed="10.00"/>
                <vehicle id="8" pos="62.10" speed="10.00"/>
                <vehicle id="7" pos="82.10" speed="10.00"/>
            </lane>
        </edge>
        <edge id="2to3">
            <lane id="2to3_0">
                <vehicle id="5" pos="19.52" speed="10.00"/>
                <vehicle id="4" pos="39.52" speed="10.00"/>
                <vehicle id="3" pos="59.52" speed="10.00"/>
                <vehicle id="2" pos="79.52" speed="10.00"/>
                <vehicle id="1" pos="99.52" speed="10.00"/>
            </lane>
        </edge>
        <edge id="3to4">
            <lane id="3to4_0">
                <vehicle id="0" pos="16.94" speed="10.00"/>
            </lane>
        </edge>
    </timestep>
    <timestep time="21.80">
        <edge id=":3_0">
            <lane id=":3_0_0">
                <vehicle id="1" pos="0.52" speed="10.00"/>
            </lane>
        </edge>
        <edge id="1to2">
            <lane id="1to2_0">
                <vehicle id="10" pos="23.10" speed="10.00"/>
                <vehicle id="9" pos="43.10" speed="10.00"/>
                <vehicle id="8" pos="63.10" speed="10.00"/>
                <vehicle id="7" pos="83.10" speed="10.00"/>
            </lane>
        </edge>
        <edge id="2to3">
            <lane id="2to3_0">
                <vehicle id="6" pos="0.52" speed="10.00"/>
                <vehicle id="5" pos="20.52" speed="10.00"/>
                <vehicle id="4" pos="40.52" speed="10.00"/>
                <vehicle id="3" pos="60.52" speed="10.00"/>
                <vehicle id="2" pos="80.52" speed="10.00"/>
            </lane>
        </edge>
        <edge id="3to4">
            <lane id="3to4_0">
                <vehicle id="0" pos="17.94" speed="10.00"/>
            </lane>
        </edge>
    </timestep>
    <timestep time="21.90">
        <edge id=":3_0">
            <lane id=":3_0_0">
                <vehicle id="1" pos="1.52" speed="10.00"/>
            </lane>
        </edge>
        <edge id="1to2">
            <lane id="1to2_0">
                <vehicle id="10" pos="24.10" speed="10.00"/>
                <vehicle id="9" pos="44.10" speed="10.00"/>
                <vehicle id="8" pos="64.10" speed="10.00"/>
                <vehicle id="7" pos="84.10" speed="10.00"/>
            </lane>
        </edge>
        <edge id="2to3">
            <lane id="2to3_0">
                <vehicle id="6" pos="1.52" speed="10.00"/>
                <vehicle id="5" pos="21.52" speed="10.00"/>
                <vehicle id="4" pos="41.52" speed="10.00"/>
                <vehicle id="3" pos="61.52" speed="10.00"/>
                <vehicle id="2" pos="81.52" speed="10.00"/>
            </lane>
        </edge>
        <edge id="3to4">
            <lane id="3to4_0">
                <vehicle id="0" pos="18.94" speed="10.00"/>
            </lane>
        </edge>
    </timestep>
    <timestep time="22.00">
        <edge id=":3_0">
            <lane id=":3_0_0">
                <vehicle id="1" pos="2.52" speed="10.00"/>
            </lane>
        </edge>
        <edge id="1to2">
            <lane id="1to2_0">
                <vehicle id="11" pos="5.10" speed="0.00"/>
                <vehicle id="10" pos="25.10" speed="10.00"/>
                <vehicle id="9" pos="45.10" speed="10.00"/>
                <vehicle id="8" pos="65.10" speed="10.00"/>
                <vehicle id="7" pos="85.10" speed="10.00"/>
            </lane>
        </edge>
        <edge id="2to3">
            <lane id="2to3_0">
                <vehicle id="6" pos="2.52" speed="10.00"/>
                <vehicle id="5" pos="22.52" speed="10.00"/>
                <vehicle id="4" pos="42.52" speed="10.00"/>
                <vehicle id="3" pos="62.52" speed="10.00"/>
                <vehicle id="2" pos="82.52" speed="10.00"/>
            </lane>
        </edge>
        <edge id="3to4">
            <lane id="3to4_0">
                <vehicle id="0" pos="19.94" speed="10.00"/>
            </lane>
        </edge>
    </timestep>
    <timestep time="22.10">
        <edge id="1to2">
            <lane id="1to2_0">
                <vehicle id="11" pos="6.10" speed="10.00"/>
                <vehicle id="10" pos="26.10" speed="10.00"/>
                <vehicle id="9" pos="46.10" speed="10.00"/>
                <vehicle id="8" pos="66.10" speed="10.00"/>
                <vehicle id="7" pos="86.10" speed="10.00"/>
            </lane>
        </edge>
        <edge id="2to3">
            <lane id="2to3_0">
                <vehicle id="6" pos="3.52" speed="10.00"/>
                <vehicle id="5" pos="23.52" speed="10.00"/>
                <vehicle id="4" pos="43.52" speed="10.00"/>
                <vehicle id="3" pos="63.52" speed="10.00"/>
                <vehicle id="2" pos="83.52" speed="10.00"/>
            </lane>
        </edge>
        <edge id="3to4">
            <lane id="3to4_0">
                <vehicle id="1" pos="0.94" speed="10.00"/>
                <vehicle id="0" pos="20.94" speed="10.00"/>
            </lane>
        </edge>
    </timestep>
    <timestep time="22.20">
        <edge id="1to2">
            <lane id="1to2_0">
                <vehicle id="11" pos="7.10" speed="10.00"/>
                <vehicle id="10" pos="27.10" speed="10.00"/>
                <vehicle id="9" pos="47.10" speed="10.00"/>
                <vehicle id="8" pos="67.10" speed="10.00"/>
                <vehicle id="7" pos="87.10" speed="10.00"/>
            </lane>
        </edge>
        <edge id="2to3">
            <lane id="2to3_0">
                <vehicle id="6" pos="4.52" speed="10.00"/>
                <vehicle id="5" pos="24.52" speed="10.00"/>
                <vehicle id="4" pos="44.52" speed="10.00"/>
                <vehicle id="3" pos="64.52" speed="10.00"/>
                <vehicle id="2" pos="84.52" speed="10.00"/>
            </lane>
        </edge>
        <edge id="3to4">
            <lane id="3to4_0">
                <vehicle id="1" pos="1.94" speed="10.00"/>
                <vehicle id="0" pos="21.94" speed="10.00"/>
            </lane>
        </edge>
    </timestep>
    <timestep time="22.30">
        <edge id="1to2">
            <lane id="1to2_0">
                <vehicle id="11" pos="8.10" speed="10.00"/>
                <vehicle id="10" pos="28.10" speed="10.00"/>
                <vehicle id="9" pos="48.10" speed="10.00"/>
                <vehicle id="8" pos="68.10" speed="10.00"/>
                <vehicle id="7" pos="88.10" speed="10.00"/>
            </lane>
        </edge>
        <edge id="2to3">
            <lane id="2to3_0">
                <vehicle id="6" pos="5.52" speed="10.00"/>
                <vehicle id="5" pos="25.52" speed="10.00"/>
                <vehicle id="4" pos="45.52" speed="10.00"/>
                <vehicle id="3" pos="65.52" speed="10.00"/>
                <vehicle id="2" pos="85.52" speed="10.00"/>
            </lane>
        </edge>
        <edge id="3to4">
            <lane id="3to4_0">
                <vehicle id="1" pos="2.94" speed="10.00"/>
                <vehicle id="0" pos="22.94" speed="10.00"/>
            </lane>
        </edge>
    </timestep>
    <timestep time="22.40">
        <edge id="1to2">
            <lane id="1to2_0">
                <vehicle id="11" pos="9.10" speed="10.00"/>
                <vehicle id="10" pos="29.10" speed="10.00"/>
                <vehicle id="9" pos="49.10" speed="10.00"/>
                <vehicle id="8" pos="69.10" speed="10.00"/>
                <vehicle id="7" pos="89.10" speed="10.00"/>
            </lane>
        </edge>
        <edge id="2to3">
            <lane id="2to3_0">
                <vehicle id="6" pos="6.52" speed="10.00"/>
                <vehicle id="5" pos="26.52" speed="10.00"/>
                <vehicle id="4" pos="46.52" speed="10.00"/>
                <vehicle id="3" pos="66.52" speed="10.00"/>
                <vehicle id="2" pos="86.52" speed="10.00"/>
            </lane>
        </edge>
        <edge id="3to4">
            <lane id="3to4_0">
                <vehicle id="1" pos="3.94" speed="10.00"/>
                <vehicle id="0" pos="23.94" speed="10.00"/>
            </lane>
        </edge>
    </timestep>
    <timestep time="22.50">
        <edge id="1to2">
            <lane id="1to2_0">
                <vehicle id="11" pos="10.10" speed="10.00"/>
                <vehicle id="10" pos="30.10" speed="10.00"/>
                <vehicle id="9" pos="50.10" speed="10.00"/>
                <vehicle id="8" pos="70.10" speed="10.00"/>
                <vehicle id="7" pos="90.10" speed="10.00"/>
            </lane>
        </edge>
        <edge id="2to3">
            <lane id="2to3_0">
                <vehicle id="6" pos="7.52" speed="10.00"/>
                <vehicle id="5" pos="27.52" speed="10.00"/>
                <vehicle id="4" pos="47.52" speed="10.00"/>
                <vehicle id="3" pos="67.52" speed="10.00"/>
                <vehicle id="2" pos="87.52" speed="10.00"/>
            </lane>
        </edge>
        <edge id="3to4">
            <lane id="3to4_0">
                <vehicle id="1" pos="4.94" speed="10.00"/>
                <vehicle id="0" pos="24.94" speed="10.00"/>
            </lane>
        </edge>
    </timestep>
    <timestep time="22.60">
        <edge id="1to2">
            <lane id="1to2_0">
                <vehicle id="11" pos="11.10" speed="10.00"/>
                <vehicle id="10" pos="31.10" speed="10.00"/>
                <vehicle id="9" pos="51.10" speed="10.00"/>
                <vehicle id="8" pos="71.10" speed="10.00"/>
                <vehicle id="7" pos="91.10" speed="10.00"/>
            </lane>
        </edge>
        <edge id="2to3">
            <lane id="2to3_0">
                <vehicle id="6" pos="8.52" speed="10.00"/>
                <vehicle id="5" pos="28.52" speed="10.00"/>
                <vehicle id="4" pos="48.52" speed="10.00"/>
                <vehicle id="3" pos="68.52" speed="10.00"/>
                <vehicle id="2" pos="88.52" speed="10.00"/>
            </lane>
        </edge>
        <edge id="3to4">
            <lane id="3to4_0">
                <vehicle id="1" pos="5.94" speed="10.00"/>
                <vehicle id="0" pos="25.94" speed="10.00"/>
            </lane>
        </edge>
    </timestep>
    <timestep time="22.70">
        <edge id="1to2">
            <lane id="1to2_0">
                <vehicle id="11" pos="12.10" speed="10.00"/>
                <vehicle id="10" pos="32.10" speed="10.00"/>
                <vehicle id="9" pos="52.10" speed="10.00"/>
                <vehicle id="8" pos="72.10" speed="10.00"/>
                <vehicle id="7" pos="92.10" speed="10.00"/>
            </lane>
        </edge>
        <edge id="2to3">
            <lane id="2to3_0">
                <vehicle id="6" pos="9.52" speed="10.00"/>
                <vehicle id="5" pos="29.52" speed="10.00"/>
                <vehicle id="4" pos="49.52" speed="10.00"/>
                <vehicle id="3" pos="69.52" speed="10.00"/>
                <vehicle id="2" pos="89.52" speed="10.00"/>
            </lane>
        </edge>
        <edge id="3to4">
            <lane id="3to4_0">
                <vehicle id="1" pos="6.94" speed="10.00"/>
                <vehicle id="0" pos="26.94" speed="10.00"/>
            </lane>
        </edge>
    </timestep>
    <timestep time="22.80">
        <edge id="1to2">
            <lane id="1to2_0">
                <vehicle id="11" pos="13.10" speed="10.00"/>
                <vehicle id="10" pos="33.10" speed="10.00"/>
                <vehicle id="9" pos="53.10" speed="10.00"/>
                <vehicle id="8" pos="73.10" speed="10.00"/>
                <vehicle id="7" pos="93.10" speed="10.00"/>
            </lane>
        </edge>
        <edge id="2to3">
            <lane id="2to3_0">
                <vehicle id="6" pos="10.52" speed="10.00"/>
                <vehicle id="5" pos="30.52" speed="10.00"/>
                <vehicle id="4" pos="50.52" speed="10.00"/>
                <vehicle id="3" pos="70.52" speed="10.00"/>
                <vehicle id="2" pos="90.52" speed="10.00"/>
            </lane>
        </edge>
        <edge id="3to4">
            <lane id="3to4_0">
                <vehicle id="1" pos="7.94" speed="10.00"/>
                <vehicle id="0" pos="27.94" speed="10.00"/>
            </lane>
        </edge>
    </timestep>
    <timestep time="22.90">
        <edge id="1to2">
            <lane id="1to2_0">
                <vehicle id="11" pos="14.10" speed="10.00"/>
                <vehicle id="10" pos="34.10" speed="10.00"/>
                <vehicle id="9" pos="54.10" speed="10.00"/>
                <vehicle id="8" pos="74.10" speed="10.00"/>
                <vehicle id="7" pos="94.10" speed="10.00"/>
            </lane>
        </edge>
        <edge id="2to3">
            <lane id="2to3_0">
                <vehicle id="6" pos="11.52" speed="10.00"/>
                <vehicle id="5" pos="31.52" speed="10.00"/>
                <vehicle id="4" pos="51.52" speed="10.00"/>
                <vehicle id="3" pos="71.52" speed="10.00"/>
                <vehicle id="2" pos="91.52" speed="10.00"/>
            </lane>
        </edge>
        <edge id="3to4">
            <lane id="3to4_0">
                <vehicle id="1" pos="8.94" speed="10.00"/>
                <vehicle id="0" pos="28.94" speed="10.00"/>
            </lane>
        </edge>
    </timestep>
    <timestep time="23.00">
        <edge id="1to2">
            <lane id="1to2_0">
                <vehicle id="11" pos="15.10" speed="10.00"/>
                <vehicle id="10" pos="35.10" speed="10.00"/>
                <vehicle id="9" pos="55.10" speed="10.00"/>
                <vehicle id="8" pos="75.10" speed="10.00"/>
                <vehicle id="7" pos="95.10" speed="10.00"/>
            </lane>
        </edge>
        <edge id="2to3">
            <lane id="2to3_0">
                <vehicle id="6" pos="12.52" speed="10.00"/>
                <vehicle id="5" pos="32.52" speed="10.00"/>
                <vehicle id="4" pos="52.52" speed="10.00"/>
                <vehicle id="3" pos="72.52" speed="10.00"/>
                <vehicle id="2" pos="92.52" speed="10.00"/>
            </lane>
        </edge>
        <edge id="3to4">
            <lane id="3to4_0">
                <vehicle id="1" pos="9.94" speed="10.00"/>
                <vehicle id="0" pos="29.94" speed="10.00"/>
            </lane>
        </edge>
    </timestep>
    <timestep time="23.10">
        <edge id="1to2">
            <lane id="1to2_0">
                <vehicle id="11" pos="16.10" speed="10.00"/>
                <vehicle id="10" pos="36.10" speed="10.00"/>
                <vehicle id="9" pos="56.10" speed="10.00"/>
                <vehicle id="8" pos="76.10" speed="10.00"/>
                <vehicle id="7" pos="96.10" speed="10.00"/>
            </lane>
        </edge>
        <edge id="2to3">
            <lane id="2to3_0">
                <vehicle id="6" pos="13.52" speed="10.00"/>
                <vehicle id="5" pos="33.52" speed="10.00"/>
                <vehicle id="4" pos="53.52" speed="10.00"/>
                <vehicle id="3" pos="73.52" speed="10.00"/>
                <vehicle id="2" pos="93.52" speed="10.00"/>
            </lane>
        </edge>
        <edge id="3to4">
            <lane id="3to4_0">
                <vehicle id="1" pos="10.94" speed="10.00"/>
                <vehicle id="0" pos="30.94" speed="10.00"/>
            </lane>
        </edge>
    </timestep>
    <timestep time="23.20">
        <edge id="1to2">
            <lane id="1to2_0">
                <vehicle id="11" pos="17.10" speed="10.00"/>
                <vehicle id="10" pos="37.10" speed="10.00"/>
                <vehicle id="9" pos="57.10" speed="10.00"/>
                <vehicle id="8" pos="77.10" speed="10.00"/>
                <vehicle id="7" pos="97.10" speed="10.00"/>
            </lane>
        </edge>
        <edge id="2to3">
            <lane id="2to3_0">
                <vehicle id="6" pos="14.52" speed="10.00"/>
                <vehicle id="5" pos="34.52" speed="10.00"/>
                <vehicle id="4" pos="54.52" speed="10.00"/>
                <vehicle id="3" pos="74.52" speed="10.00"/>
                <vehicle id="2" pos="94.52" speed="10.00"/>
            </lane>
        </edge>
        <edge id="3to4">
            <lane id="3to4_0">
                <vehicle id="1" pos="11.94" speed="10.00"/>
                <vehicle id="0" pos="31.94" speed="10.00"/>
            </lane>
        </edge>
    </timestep>
    <timestep time="23.30">
        <edge id="1to2">
            <lane id="1to2_0">
                <vehicle id="11" pos="18.10" speed="10.00"/>
                <vehicle id="10" pos="38.10" speed="10.00"/>
                <vehicle id="9" pos="58.10" speed="10.00"/>
                <vehicle id="8" pos="78.10" speed="10.00"/>
                <vehicle id="7" pos="98.10" speed="10.00"/>
            </lane>
        </edge>
        <edge id="2to3">
            <lane id="2to3_0">
                <vehicle id="6" pos="15.52" speed="10.00"/>
                <vehicle id="5" pos="35.52" speed="10.00"/>
                <vehicle id="4" pos="55.52" speed="10.00"/>
                <vehicle id="3" pos="75.52" speed="10.00"/>
                <vehicle id="2" pos="95.52" speed="10.00"/>
            </lane>
        </edge>
        <edge id="3to4">
            <lane id="3to4_0">
                <vehicle id="1" pos="12.94" speed="10.00"/>
                <vehicle id="0" pos="32.94" speed="10.00"/>
            </lane>
        </edge>
    </timestep>
    <timestep time="23.40">
        <edge id="1to2">
            <lane id="1to2_0">
                <vehicle id="11" pos="19.10" speed="10.00"/>
                <vehicle id="10" pos="39.10" speed="10.00"/>
                <vehicle id="9" pos="59.10" speed="10.00"/>
                <vehicle id="8" pos="79.10" speed="10.00"/>
                <vehicle id="7" pos="99.10" speed="10.00"/>
            </lane>
        </edge>
        <edge id="2to3">
            <lane id="2to3_0">
                <vehicle id="6" pos="16.52" speed="10.00"/>
                <vehicle id="5" pos="36.52" speed="10.00"/>
                <vehicle id="4" pos="56.52" speed="10.00"/>
                <vehicle id="3" pos="76.52" speed="10.00"/>
                <vehicle id="2" pos="96.52" speed="10.00"/>
            </lane>
        </edge>
        <edge id="3to4">
            <lane id="3to4_0">
                <vehicle id="1" pos="13.94" speed="10.00"/>
                <vehicle id="0" pos="33.94" speed="10.00"/>
            </lane>
        </edge>
    </timestep>
    <timestep time="23.50">
        <edge id=":2_0">
            <lane id=":2_0_0">
                <vehicle id="7" pos="0.10" speed="10.00"/>
            </lane>
        </edge>
        <edge id="1to2">
            <lane id="1to2_0">
                <vehicle id="11" pos="20.10" speed="10.00"/>
                <vehicle id="10" pos="40.10" speed="10.00"/>
                <vehicle id="9" pos="60.10" speed="10.00"/>
                <vehicle id="8" pos="80.10" speed="10.00"/>
            </lane>
        </edge>
        <edge id="2to3">
            <lane id="2to3_0">
                <vehicle id="6" pos="17.52" speed="10.00"/>
                <vehicle id="5" pos="37.52" speed="10.00"/>
                <vehicle id="4" pos="57.52" speed="10.00"/>
                <vehicle id="3" pos="77.52" speed="10.00"/>
                <vehicle id="2" pos="97.52" speed="10.00"/>
            </lane>
        </edge>
        <edge id="3to4">
            <lane id="3to4_0">
                <vehicle id="1" pos="14.94" speed="10.00"/>
                <vehicle id="0" pos="34.94" speed="10.00"/>
            </lane>
        </edge>
    </timestep>
    <timestep time="23.60">
        <edge id=":2_0">
            <lane id=":2_0_0">
                <vehicle id="7" pos="1.10" speed="10.00"/>
            </lane>
        </edge>
        <edge id="1to2">
            <lane id="1to2_0">
                <vehicle id="11" pos="21.10" speed="10.00"/>
                <vehicle id="10" pos="41.10" speed="10.00"/>
                <vehicle id="9" pos="61.10" speed="10.00"/>
                <vehicle id="8" pos="81.10" speed="10.00"/>
            </lane>
        </edge>
        <edge id="2to3">
            <lane id="2to3_0">
                <vehicle id="6" pos="18.52" speed="10.00"/>
                <vehicle id="5" pos="38.52" speed="10.00"/>
                <vehicle id="4" pos="58.52" speed="10.00"/>
                <vehicle id="3" pos="78.52" speed="10.00"/>
                <vehicle id="2" pos="98.52" speed="10.00"/>
            </lane>
        </edge>
        <edge id="3to4">
            <lane id="3to4_0">
                <vehicle id="1" pos="15.94" speed="10.00"/>
                <vehicle id="0" pos="35.94" speed="10.00"/>
            </lane>
        </edge>
    </timestep>
    <timestep time="23.70">
        <edge id=":2_0">
            <lane id=":2_0_0">
                <vehicle id="7" pos="2.10" speed="10.00"/>
            </lane>
        </edge>
        <edge id="1to2">
            <lane id="1to2_0">
                <vehicle id="11" pos="22.10" speed="10.00"/>
                <vehicle id="10" pos="42.10" speed="10.00"/>
                <vehicle id="9" pos="62.10" speed="10.00"/>
                <vehicle id="8" pos="82.10" speed="10.00"/>
            </lane>
        </edge>
        <edge id="2to3">
            <lane id="2to3_0">
                <vehicle id="6" pos="19.52" speed="10.00"/>
                <vehicle id="5" pos="39.52" speed="10.00"/>
                <vehicle id="4" pos="59.52" speed="10.00"/>
                <vehicle id="3" pos="79.52" speed="10.00"/>
                <vehicle id="2" pos="99.52" speed="10.00"/>
            </lane>
        </edge>
        <edge id="3to4">
            <lane id="3to4_0">
                <vehicle id="1" pos="16.94" speed="10.00"/>
                <vehicle id="0" pos="36.94" speed="10.00"/>
            </lane>
        </edge>
    </timestep>
    <timestep time="23.80">
        <edge id=":3_0">
            <lane id=":3_0_0">
                <vehicle id="2" pos="0.52" speed="10.00"/>
            </lane>
        </edge>
        <edge id="1to2">
            <lane id="1to2_0">
                <vehicle id="11" pos="23.10" speed="10.00"/>
                <vehicle id="10" pos="43.10" speed="10.00"/>
                <vehicle id="9" pos="63.10" speed="10.00"/>
                <vehicle id="8" pos="83.10" speed="10.00"/>
            </lane>
        </edge>
        <edge id="2to3">
            <lane id="2to3_0">
                <vehicle id="7" pos="0.52" speed="10.00"/>
                <vehicle id="6" pos="20.52" speed="10.00"/>
                <vehicle id="5" pos="40.52" speed="10.00"/>
                <vehicle id="4" pos="60.52" speed="10.00"/>
                <vehicle id="3" pos="80.52" speed="10.00"/>
            </lane>
        </edge>
        <edge id="3to4">
            <lane id="3to4_0">
                <vehicle id="1" pos="17.94" speed="10.00"/>
                <vehicle id="0" pos="37.94" speed="10.00"/>
            </lane>
        </edge>
    </timestep>
    <timestep time="23.90">
        <edge id=":3_0">
            <lane id=":3_0_0">
                <vehicle id="2" pos="1.52" speed="10.00"/>
            </lane>
        </edge>
        <edge id="1to2">
            <lane id="1to2_0">
                <vehicle id="11" pos="24.10" speed="10.00"/>
                <vehicle id="10" pos="44.10" speed="10.00"/>
                <vehicle id="9" pos="64.10" speed="10.00"/>
                <vehicle id="8" pos="84.10" speed="10.00"/>
            </lane>
        </edge>
        <edge id="2to3">
            <lane id="2to3_0">
                <vehicle id="7" pos="1.52" speed="10.00"/>
                <vehicle id="6" pos="21.52" speed="10.00"/>
                <vehicle id="5" pos="41.52" speed="10.00"/>
                <vehicle id="4" pos="61.52" speed="10.00"/>
                <vehicle id="3" pos="81.52" speed="10.00"/>
            </lane>
        </edge>
        <edge id="3to4">
            <lane id="3to4_0">
                <vehicle id="1" pos="18.94" speed="10.00"/>
                <vehicle id="0" pos="38.94" speed="10.00"/>
            </lane>
        </edge>
    </timestep>
    <timestep time="24.00">
        <edge id=":3_0">
            <lane id=":3_0_0">
                <vehicle id="2" pos="2.52" speed="10.00"/>
            </lane>
        </edge>
        <edge id="1to2">
            <lane id="1to2_0">
                <vehicle id="11" pos="25.10" speed="10.00"/>
                <vehicle id="10" pos="45.10" speed="10.00"/>
                <vehicle id="9" pos="65.10" speed="10.00"/>
                <vehicle id="8" pos="85.10" speed="10.00"/>
            </lane>
        </edge>
        <edge id="2to3">
            <lane id="2to3_0">
                <vehicle id="7" pos="2.52" speed="10.00"/>
                <vehicle id="6" pos="22.52" speed="10.00"/>
                <vehicle id="5" pos="42.52" speed="10.00"/>
                <vehicle id="4" pos="62.52" speed="10.00"/>
                <vehicle id="3" pos="82.52" speed="10.00"/>
            </lane>
        </edge>
        <edge id="3to4">
            <lane id="3to4_0">
                <vehicle id="1" pos="19.94" speed="10.00"/>
                <vehicle id="0" pos="39.94" speed="10.00"/>
            </lane>
        </edge>
    </timestep>
    <timestep time="24.10">
        <edge id="1to2">
            <lane id="1to2_0">
                <vehicle id="11" pos="26.10" speed="10.00"/>
                <vehicle id="10" pos="46.10" speed="10.00"/>
                <vehicle id="9" pos="66.10" speed="10.00"/>
                <vehicle id="8" pos="86.10" speed="10.00"/>
            </lane>
        </edge>
        <edge id="2to3">
            <lane id="2to3_0">
                <vehicle id="7" pos="3.52" speed="10.00"/>
                <vehicle id="6" pos="23.52" speed="10.00"/>
                <vehicle id="5" pos="43.52" speed="10.00"/>
                <vehicle id="4" pos="63.52" speed="10.00"/>
                <vehicle id="3" pos="83.52" speed="10.00"/>
            </lane>
        </edge>
        <edge id="3to4">
            <lane id="3to4_0">
                <vehicle id="2" pos="0.94" speed="10.00"/>
                <vehicle id="1" pos="20.94" speed="10.00"/>
                <vehicle id="0" pos="40.94" speed="10.00"/>
            </lane>
        </edge>
    </timestep>
    <timestep time="24.20">
        <edge id="1to2">
            <lane id="1to2_0">
                <vehicle id="11" pos="27.10" speed="10.00"/>
                <vehicle id="10" pos="47.10" speed="10.00"/>
                <vehicle id="9" pos="67.10" speed="10.00"/>
                <vehicle id="8" pos="87.10" speed="10.00"/>
            </lane>
        </edge>
        <edge id="2to3">
            <lane id="2to3_0">
                <vehicle id="7" pos="4.52" speed="10.00"/>
                <vehicle id="6" pos="24.52" speed="10.00"/>
                <vehicle id="5" pos="44.52" speed="10.00"/>
                <vehicle id="4" pos="64.52" speed="10.00"/>
                <vehicle id="3" pos="84.52" speed="10.00"/>
            </lane>
        </edge>
        <edge id="3to4">
            <lane id="3to4_0">
                <vehicle id="2" pos="1.94" speed="10.00"/>
                <vehicle id="1" pos="21.94" speed="10.00"/>
                <vehicle id="0" pos="41.94" speed="10.00"/>
            </lane>
        </edge>
    </timestep>
    <timestep time="24.30">
        <edge id="1to2">
            <lane id="1to2_0">
                <vehicle id="11" pos="28.10" speed="10.00"/>
                <vehicle id="10" pos="48.10" speed="10.00"/>
                <vehicle id="9" pos="68.10" speed="10.00"/>
                <vehicle id="8" pos="88.10" speed="10.00"/>
            </lane>
        </edge>
        <edge id="2to3">
            <lane id="2to3_0">
                <vehicle id="7" pos="5.52" speed="10.00"/>
                <vehicle id="6" pos="25.52" speed="10.00"/>
                <vehicle id="5" pos="45.52" speed="10.00"/>
                <vehicle id="4" pos="65.52" speed="10.00"/>
                <vehicle id="3" pos="85.52" speed="10.00"/>
            </lane>
        </edge>
        <edge id="3to4">
            <lane id="3to4_0">
                <vehicle id="2" pos="2.94" speed="10.00"/>
                <vehicle id="1" pos="22.94" speed="10.00"/>
                <vehicle id="0" pos="42.94" speed="10.00"/>
            </lane>
        </edge>
    </timestep>
    <timestep time="24.40">
        <edge id="1to2">
            <lane id="1to2_0">
                <vehicle id="11" pos="29.10" speed="10.00"/>
                <vehicle id="10" pos="49.10" speed="10.00"/>
                <vehicle id="9" pos="69.10" speed="10.00"/>
                <vehicle id="8" pos="89.10" speed="10.00"/>
            </lane>
        </edge>
        <edge id="2to3">
            <lane id="2to3_0">
                <vehicle id="7" pos="6.52" speed="10.00"/>
                <vehicle id="6" pos="26.52" speed="10.00"/>
                <vehicle id="5" pos="46.52" speed="10.00"/>
                <vehicle id="4" pos="66.52" speed="10.00"/>
                <vehicle id="3" pos="86.52" speed="10.00"/>
            </lane>
        </edge>
        <edge id="3to4">
            <lane id="3to4_0">
                <vehicle id="2" pos="3.94" speed="10.00"/>
                <vehicle id="1" pos="23.94" speed="10.00"/>
                <vehicle id="0" pos="43.94" speed="10.00"/>
            </lane>
        </edge>
    </timestep>
    <timestep time="24.50">
        <edge id="1to2">
            <lane id="1to2_0">
                <vehicle id="11" pos="30.10" speed="10.00"/>
                <vehicle id="10" pos="50.10" speed="10.00"/>
                <vehicle id="9" pos="70.10" speed="10.00"/>
                <vehicle id="8" pos="90.10" speed="10.00"/>
            </lane>
        </edge>
        <edge id="2to3">
            <lane id="2to3_0">
                <vehicle id="7" pos="7.52" speed="10.00"/>
                <vehicle id="6" pos="27.52" speed="10.00"/>
                <vehicle id="5" pos="47.52" speed="10.00"/>
                <vehicle id="4" pos="67.52" speed="10.00"/>
                <vehicle id="3" pos="87.52" speed="10.00"/>
            </lane>
        </edge>
        <edge id="3to4">
            <lane id="3to4_0">
                <vehicle id="2" pos="4.94" speed="10.00"/>
                <vehicle id="1" pos="24.94" speed="10.00"/>
                <vehicle id="0" pos="44.94" speed="10.00"/>
            </lane>
        </edge>
    </timestep>
    <timestep time="24.60">
        <edge id="1to2">
            <lane id="1to2_0">
                <vehicle id="11" pos="31.10" speed="10.00"/>
                <vehicle id="10" pos="51.10" speed="10.00"/>
                <vehicle id="9" pos="71.10" speed="10.00"/>
                <vehicle id="8" pos="91.10" speed="10.00"/>
            </lane>
        </edge>
        <edge id="2to3">
            <lane id="2to3_0">
                <vehicle id="7" pos="8.52" speed="10.00"/>
                <vehicle id="6" pos="28.52" speed="10.00"/>
                <vehicle id="5" pos="48.52" speed="10.00"/>
                <vehicle id="4" pos="68.52" speed="10.00"/>
                <vehicle id="3" pos="88.52" speed="10.00"/>
            </lane>
        </edge>
        <edge id="3to4">
            <lane id="3to4_0">
                <vehicle id="2" pos="5.94" speed="10.00"/>
                <vehicle id="1" pos="25.94" speed="10.00"/>
                <vehicle id="0" pos="45.94" speed="10.00"/>
            </lane>
        </edge>
    </timestep>
    <timestep time="24.70">
        <edge id="1to2">
            <lane id="1to2_0">
                <vehicle id="11" pos="32.10" speed="10.00"/>
                <vehicle id="10" pos="52.10" speed="10.00"/>
                <vehicle id="9" pos="72.10" speed="10.00"/>
                <vehicle id="8" pos="92.10" speed="10.00"/>
            </lane>
        </edge>
        <edge id="2to3">
            <lane id="2to3_0">
                <vehicle id="7" pos="9.52" speed="10.00"/>
                <vehicle id="6" pos="29.52" speed="10.00"/>
                <vehicle id="5" pos="49.52" speed="10.00"/>
                <vehicle id="4" pos="69.52" speed="10.00"/>
                <vehicle id="3" pos="89.52" speed="10.00"/>
            </lane>
        </edge>
        <edge id="3to4">
            <lane id="3to4_0">
                <vehicle id="2" pos="6.94" speed="10.00"/>
                <vehicle id="1" pos="26.94" speed="10.00"/>
                <vehicle id="0" pos="46.94" speed="10.00"/>
            </lane>
        </edge>
    </timestep>
    <timestep time="24.80">
        <edge id="1to2">
            <lane id="1to2_0">
                <vehicle id="11" pos="33.10" speed="10.00"/>
                <vehicle id="10" pos="53.10" speed="10.00"/>
                <vehicle id="9" pos="73.10" speed="10.00"/>
                <vehicle id="8" pos="93.10" speed="10.00"/>
            </lane>
        </edge>
        <edge id="2to3">
            <lane id="2to3_0">
                <vehicle id="7" pos="10.52" speed="10.00"/>
                <vehicle id="6" pos="30.52" speed="10.00"/>
                <vehicle id="5" pos="50.52" speed="10.00"/>
                <vehicle id="4" pos="70.52" speed="10.00"/>
                <vehicle id="3" pos="90.52" speed="10.00"/>
            </lane>
        </edge>
        <edge id="3to4">
            <lane id="3to4_0">
                <vehicle id="2" pos="7.94" speed="10.00"/>
                <vehicle id="1" pos="27.94" speed="10.00"/>
                <vehicle id="0" pos="47.94" speed="10.00"/>
            </lane>
        </edge>
    </timestep>
    <timestep time="24.90">
        <edge id="1to2">
            <lane id="1to2_0">
                <vehicle id="11" pos="34.10" speed="10.00"/>
                <vehicle id="10" pos="54.10" speed="10.00"/>
                <vehicle id="9" pos="74.10" speed="10.00"/>
                <vehicle id="8" pos="94.10" speed="10.00"/>
            </lane>
        </edge>
        <edge id="2to3">
            <lane id="2to3_0">
                <vehicle id="7" pos="11.52" speed="10.00"/>
                <vehicle id="6" pos="31.52" speed="10.00"/>
                <vehicle id="5" pos="51.52" speed="10.00"/>
                <vehicle id="4" pos="71.52" speed="10.00"/>
                <vehicle id="3" pos="91.52" speed="10.00"/>
            </lane>
        </edge>
        <edge id="3to4">
            <lane id="3to4_0">
                <vehicle id="2" pos="8.94" speed="10.00"/>
                <vehicle id="1" pos="28.94" speed="10.00"/>
                <vehicle id="0" pos="48.94" speed="10.00"/>
            </lane>
        </edge>
    </timestep>
    <timestep time="25.00">
        <edge id="1to2">
            <lane id="1to2_0">
                <vehicle id="11" pos="35.10" speed="10.00"/>
                <vehicle id="10" pos="55.10" speed="10.00"/>
                <vehicle id="9" pos="75.10" speed="10.00"/>
                <vehicle id="8" pos="95.10" speed="10.00"/>
            </lane>
        </edge>
        <edge id="2to3">
            <lane id="2to3_0">
                <vehicle id="7" pos="12.52" speed="10.00"/>
                <vehicle id="6" pos="32.52" speed="10.00"/>
                <vehicle id="5" pos="52.52" speed="10.00"/>
                <vehicle id="4" pos="72.52" speed="10.00"/>
                <vehicle id="3" pos="92.52" speed="10.00"/>
            </lane>
        </edge>
        <edge id="3to4">
            <lane id="3to4_0">
                <vehicle id="2" pos="9.94" speed="10.00"/>
                <vehicle id="1" pos="29.94" speed="10.00"/>
                <vehicle id="0" pos="49.94" speed="10.00"/>
            </lane>
        </edge>
    </timestep>
    <timestep time="25.10">
        <edge id="1to2">
            <lane id="1to2_0">
                <vehicle id="11" pos="36.10" speed="10.00"/>
                <vehicle id="10" pos="56.10" speed="10.00"/>
                <vehicle id="9" pos="76.10" speed="10.00"/>
                <vehicle id="8" pos="96.10" speed="10.00"/>
            </lane>
        </edge>
        <edge id="2to3">
            <lane id="2to3_0">
                <vehicle id="7" pos="13.52" speed="10.00"/>
                <vehicle id="6" pos="33.52" speed="10.00"/>
                <vehicle id="5" pos="53.52" speed="10.00"/>
                <vehicle id="4" pos="73.52" speed="10.00"/>
                <vehicle id="3" pos="93.52" speed="10.00"/>
            </lane>
        </edge>
        <edge id="3to4">
            <lane id="3to4_0">
                <vehicle id="2" pos="10.94" speed="10.00"/>
                <vehicle id="1" pos="30.94" speed="10.00"/>
                <vehicle id="0" pos="50.94" speed="10.00"/>
            </lane>
        </edge>
    </timestep>
    <timestep time="25.20">
        <edge id="1to2">
            <lane id="1to2_0">
                <vehicle id="11" pos="37.10" speed="10.00"/>
                <vehicle id="10" pos="57.10" speed="10.00"/>
                <vehicle id="9" pos="77.10" speed="10.00"/>
                <vehicle id="8" pos="97.10" speed="10.00"/>
            </lane>
        </edge>
        <edge id="2to3">
            <lane id="2to3_0">
                <vehicle id="7" pos="14.52" speed="10.00"/>
                <vehicle id="6" pos="34.52" speed="10.00"/>
                <vehicle id="5" pos="54.52" speed="10.00"/>
                <vehicle id="4" pos="74.52" speed="10.00"/>
                <vehicle id="3" pos="94.52" speed="10.00"/>
            </lane>
        </edge>
        <edge id="3to4">
            <lane id="3to4_0">
                <vehicle id="2" pos="11.94" speed="10.00"/>
                <vehicle id="1" pos="31.94" speed="10.00"/>
                <vehicle id="0" pos="51.94" speed="10.00"/>
            </lane>
        </edge>
    </timestep>
    <timestep time="25.30">
        <edge id="1to2">
            <lane id="1to2_0">
                <vehicle id="11" pos="38.10" speed="10.00"/>
                <vehicle id="10" pos="58.10" speed="10.00"/>
                <vehicle id="9" pos="78.10" speed="10.00"/>
                <vehicle id="8" pos="98.10" speed="10.00"/>
            </lane>
        </edge>
        <edge id="2to3">
            <lane id="2to3_0">
                <vehicle id="7" pos="15.52" speed="10.00"/>
                <vehicle id="6" pos="35.52" speed="10.00"/>
                <vehicle id="5" pos="55.52" speed="10.00"/>
                <vehicle id="4" pos="75.52" speed="10.00"/>
                <vehicle id="3" pos="95.52" speed="10.00"/>
            </lane>
        </edge>
        <edge id="3to4">
            <lane id="3to4_0">
                <vehicle id="2" pos="12.94" speed="10.00"/>
                <vehicle id="1" pos="32.94" speed="10.00"/>
                <vehicle id="0" pos="52.94" speed="10.00"/>
            </lane>
        </edge>
    </timestep>
    <timestep time="25.40">
        <edge id="1to2">
            <lane id="1to2_0">
                <vehicle id="11" pos="39.10" speed="10.00"/>
                <vehicle id="10" pos="59.10" speed="10.00"/>
                <vehicle id="9" pos="79.10" speed="10.00"/>
                <vehicle id="8" pos="99.10" speed="10.00"/>
            </lane>
        </edge>
        <edge id="2to3">
            <lane id="2to3_0">
                <vehicle id="7" pos="16.52" speed="10.00"/>
                <vehicle id="6" pos="36.52" speed="10.00"/>
                <vehicle id="5" pos="56.52" speed="10.00"/>
                <vehicle id="4" pos="76.52" speed="10.00"/>
                <vehicle id="3" pos="96.52" speed="10.00"/>
            </lane>
        </edge>
        <edge id="3to4">
            <lane id="3to4_0">
                <vehicle id="2" pos="13.94" speed="10.00"/>
                <vehicle id="1" pos="33.94" speed="10.00"/>
                <vehicle id="0" pos="53.94" speed="10.00"/>
            </lane>
        </edge>
    </timestep>
    <timestep time="25.50">
        <edge id=":2_0">
            <lane id=":2_0_0">
                <vehicle id="8" pos="0.10" speed="10.00"/>
            </lane>
        </edge>
        <edge id="1to2">
            <lane id="1to2_0">
                <vehicle id="11" pos="40.10" speed="10.00"/>
                <vehicle id="10" pos="60.10" speed="10.00"/>
                <vehicle id="9" pos="80.10" speed="10.00"/>
            </lane>
        </edge>
        <edge id="2to3">
            <lane id="2to3_0">
                <vehicle id="7" pos="17.52" speed="10.00"/>
                <vehicle id="6" pos="37.52" speed="10.00"/>
                <vehicle id="5" pos="57.52" speed="10.00"/>
                <vehicle id="4" pos="77.52" speed="10.00"/>
                <vehicle id="3" pos="97.52" speed="10.00"/>
            </lane>
        </edge>
        <edge id="3to4">
            <lane id="3to4_0">
                <vehicle id="2" pos="14.94" speed="10.00"/>
                <vehicle id="1" pos="34.94" speed="10.00"/>
                <vehicle id="0" pos="54.94" speed="10.00"/>
            </lane>
        </edge>
    </timestep>
    <timestep time="25.60">
        <edge id=":2_0">
            <lane id=":2_0_0">
                <vehicle id="8" pos="1.10" speed="10.00"/>
            </lane>
        </edge>
        <edge id="1to2">
            <lane id="1to2_0">
                <vehicle id="11" pos="41.10" speed="10.00"/>
                <vehicle id="10" pos="61.10" speed="10.00"/>
                <vehicle id="9" pos="81.10" speed="10.00"/>
            </lane>
        </edge>
        <edge id="2to3">
            <lane id="2to3_0">
                <vehicle id="7" pos="18.52" speed="10.00"/>
                <vehicle id="6" pos="38.52" speed="10.00"/>
                <vehicle id="5" pos="58.52" speed="10.00"/>
                <vehicle id="4" pos="78.52" speed="10.00"/>
                <vehicle id="3" pos="98.52" speed="10.00"/>
            </lane>
        </edge>
        <edge id="3to4">
            <lane id="3to4_0">
                <vehicle id="2" pos="15.94" speed="10.00"/>
                <vehicle id="1" pos="35.94" speed="10.00"/>
                <vehicle id="0" pos="55.94" speed="10.00"/>
            </lane>
        </edge>
    </timestep>
    <timestep time="25.70">
        <edge id=":2_0">
            <lane id=":2_0_0">
                <vehicle id="8" pos="2.10" speed="10.00"/>
            </lane>
        </edge>
        <edge id="1to2">
            <lane id="1to2_0">
                <vehicle id="11" pos="42.10" speed="10.00"/>
                <vehicle id="10" pos="62.10" speed="10.00"/>
                <vehicle id="9" pos="82.10" speed="10.00"/>
            </lane>
        </edge>
        <edge id="2to3">
            <lane id="2to3_0">
                <vehicle id="7" pos="19.52" speed="10.00"/>
                <vehicle id="6" pos="39.52" speed="10.00"/>
                <vehicle id="5" pos="59.52" speed="10.00"/>
                <vehicle id="4" pos="79.52" speed="10.00"/>
                <vehicle id="3" pos="99.52" speed="10.00"/>
            </lane>
        </edge>
        <edge id="3to4">
            <lane id="3to4_0">
                <vehicle id="2" pos="16.94" speed="10.00"/>
                <vehicle id="1" pos="36.94" speed="10.00"/>
                <vehicle id="0" pos="56.94" speed="10.00"/>
            </lane>
        </edge>
    </timestep>
    <timestep time="25.80">
        <edge id=":3_0">
            <lane id=":3_0_0">
                <vehicle id="3" pos="0.52" speed="10.00"/>
            </lane>
        </edge>
        <edge id="1to2">
            <lane id="1to2_0">
                <vehicle id="11" pos="43.10" speed="10.00"/>
                <vehicle id="10" pos="63.10" speed="10.00"/>
                <vehicle id="9" pos="83.10" speed="10.00"/>
            </lane>
        </edge>
        <edge id="2to3">
            <lane id="2to3_0">
                <vehicle id="8" pos="0.52" speed="10.00"/>
                <vehicle id="7" pos="20.52" speed="10.00"/>
                <vehicle id="6" pos="40.52" speed="10.00"/>
                <vehicle id="5" pos="60.52" speed="10.00"/>
                <vehicle id="4" pos="80.52" speed="10.00"/>
            </lane>
        </edge>
        <edge id="3to4">
            <lane id="3to4_0">
                <vehicle id="2" pos="17.94" speed="10.00"/>
                <vehicle id="1" pos="37.94" speed="10.00"/>
                <vehicle id="0" pos="57.94" speed="10.00"/>
            </lane>
        </edge>
    </timestep>
    <timestep time="25.90">
        <edge id=":3_0">
            <lane id=":3_0_0">
                <vehicle id="3" pos="1.52" speed="10.00"/>
            </lane>
        </edge>
        <edge id="1to2">
            <lane id="1to2_0">
                <vehicle id="11" pos="44.10" speed="10.00"/>
                <vehicle id="10" pos="64.10" speed="10.00"/>
                <vehicle id="9" pos="84.10" speed="10.00"/>
            </lane>
        </edge>
        <edge id="2to3">
            <lane id="2to3_0">
                <vehicle id="8" pos="1.52" speed="10.00"/>
                <vehicle id="7" pos="21.52" speed="10.00"/>
                <vehicle id="6" pos="41.52" speed="10.00"/>
                <vehicle id="5" pos="61.52" speed="10.00"/>
                <vehicle id="4" pos="81.52" speed="10.00"/>
            </lane>
        </edge>
        <edge id="3to4">
            <lane id="3to4_0">
                <vehicle id="2" pos="18.94" speed="10.00"/>
                <vehicle id="1" pos="38.94" speed="10.00"/>
                <vehicle id="0" pos="58.94" speed="10.00"/>
            </lane>
        </edge>
    </timestep>
    <timestep time="26.00">
        <edge id=":3_0">
            <lane id=":3_0_0">
                <vehicle id="3" pos="2.52" speed="10.00"/>
            </lane>
        </edge>
        <edge id="1to2">
            <lane id="1to2_0">
                <vehicle id="11" pos="45.10" speed="10.00"/>
                <vehicle id="10" pos="65.10" speed="10.00"/>
                <vehicle id="9" pos="85.10" speed="10.00"/>
            </lane>
        </edge>
        <edge id="2to3">
            <lane id="2to3_0">
                <vehicle id="8" pos="2.52" speed="10.00"/>
                <vehicle id="7" pos="22.52" speed="10.00"/>
                <vehicle id="6" pos="42.52" speed="10.00"/>
                <vehicle id="5" pos="62.52" speed="10.00"/>
                <vehicle id="4" pos="82.52" speed="10.00"/>
            </lane>
        </edge>
        <edge id="3to4">
            <lane id="3to4_0">
                <vehicle id="2" pos="19.94" speed="10.00"/>
                <vehicle id="1" pos="39.94" speed="10.00"/>
                <vehicle id="0" pos="59.94" speed="10.00"/>
            </lane>
        </edge>
    </timestep>
    <timestep time="26.10">
        <edge id="1to2">
            <lane id="1to2_0">
                <vehicle id="11" pos="46.10" speed="10.00"/>
                <vehicle id="10" pos="66.10" speed="10.00"/>
                <vehicle id="9" pos="86.10" speed="10.00"/>
            </lane>
        </edge>
        <edge id="2to3">
            <lane id="2to3_0">
                <vehicle id="8" pos="3.52" speed="10.00"/>
                <vehicle id="7" pos="23.52" speed="10.00"/>
                <vehicle id="6" pos="43.52" speed="10.00"/>
                <vehicle id="5" pos="63.52" speed="10.00"/>
                <vehicle id="4" pos="83.52" speed="10.00"/>
            </lane>
        </edge>
        <edge id="3to4">
            <lane id="3to4_0">
                <vehicle id="3" pos="0.94" speed="10.00"/>
                <vehicle id="2" pos="20.94" speed="10.00"/>
                <vehicle id="1" pos="40.94" speed="10.00"/>
                <vehicle id="0" pos="60.94" speed="10.00"/>
            </lane>
        </edge>
    </timestep>
    <timestep time="26.20">
        <edge id="1to2">
            <lane id="1to2_0">
                <vehicle id="11" pos="47.10" speed="10.00"/>
                <vehicle id="10" pos="67.10" speed="10.00"/>
                <vehicle id="9" pos="87.10" speed="10.00"/>
            </lane>
        </edge>
        <edge id="2to3">
            <lane id="2to3_0">
                <vehicle id="8" pos="4.52" speed="10.00"/>
                <vehicle id="7" pos="24.52" speed="10.00"/>
                <vehicle id="6" pos="44.52" speed="10.00"/>
                <vehicle id="5" pos="64.52" speed="10.00"/>
                <vehicle id="4" pos="84.52" speed="10.00"/>
            </lane>
        </edge>
        <edge id="3to4">
            <lane id="3to4_0">
                <vehicle id="3" pos="1.94" speed="10.00"/>
                <vehicle id="2" pos="21.94" speed="10.00"/>
                <vehicle id="1" pos="41.94" speed="10.00"/>
                <vehicle id="0" pos="61.94" speed="10.00"/>
            </lane>
        </edge>
    </timestep>
    <timestep time="26.30">
        <edge id="1to2">
            <lane id="1to2_0">
                <vehicle id="11" pos="48.10" speed="10.00"/>
                <vehicle id="10" pos="68.10" speed="10.00"/>
                <vehicle id="9" pos="88.10" speed="10.00"/>
            </lane>
        </edge>
        <edge id="2to3">
            <lane id="2to3_0">
                <vehicle id="8" pos="5.52" speed="10.00"/>
                <vehicle id="7" pos="25.52" speed="10.00"/>
                <vehicle id="6" pos="45.52" speed="10.00"/>
                <vehicle id="5" pos="65.52" speed="10.00"/>
                <vehicle id="4" pos="85.52" speed="10.00"/>
            </lane>
        </edge>
        <edge id="3to4">
            <lane id="3to4_0">
                <vehicle id="3" pos="2.94" speed="10.00"/>
                <vehicle id="2" pos="22.94" speed="10.00"/>
                <vehicle id="1" pos="42.94" speed="10.00"/>
                <vehicle id="0" pos="62.94" speed="10.00"/>
            </lane>
        </edge>
    </timestep>
    <timestep time="26.40">
        <edge id="1to2">
            <lane id="1to2_0">
                <vehicle id="11" pos="49.10" speed="10.00"/>
                <vehicle id="10" pos="69.10" speed="10.00"/>
                <vehicle id="9" pos="89.10" speed="10.00"/>
            </lane>
        </edge>
        <edge id="2to3">
            <lane id="2to3_0">
                <vehicle id="8" pos="6.52" speed="10.00"/>
                <vehicle id="7" pos="26.52" speed="10.00"/>
                <vehicle id="6" pos="46.52" speed="10.00"/>
                <vehicle id="5" pos="66.52" speed="10.00"/>
                <vehicle id="4" pos="86.52" speed="10.00"/>
            </lane>
        </edge>
        <edge id="3to4">
            <lane id="3to4_0">
                <vehicle id="3" pos="3.94" speed="10.00"/>
                <vehicle id="2" pos="23.94" speed="10.00"/>
                <vehicle id="1" pos="43.94" speed="10.00"/>
                <vehicle id="0" pos="63.94" speed="10.00"/>
            </lane>
        </edge>
    </timestep>
    <timestep time="26.50">
        <edge id="1to2">
            <lane id="1to2_0">
                <vehicle id="11" pos="50.10" speed="10.00"/>
                <vehicle id="10" pos="70.10" speed="10.00"/>
                <vehicle id="9" pos="90.10" speed="10.00"/>
            </lane>
        </edge>
        <edge id="2to3">
            <lane id="2to3_0">
                <vehicle id="8" pos="7.52" speed="10.00"/>
                <vehicle id="7" pos="27.52" speed="10.00"/>
                <vehicle id="6" pos="47.52" speed="10.00"/>
                <vehicle id="5" pos="67.52" speed="10.00"/>
                <vehicle id="4" pos="87.52" speed="10.00"/>
            </lane>
        </edge>
        <edge id="3to4">
            <lane id="3to4_0">
                <vehicle id="3" pos="4.94" speed="10.00"/>
                <vehicle id="2" pos="24.94" speed="10.00"/>
                <vehicle id="1" pos="44.94" speed="10.00"/>
                <vehicle id="0" pos="64.94" speed="10.00"/>
            </lane>
        </edge>
    </timestep>
    <timestep time="26.60">
        <edge id="1to2">
            <lane id="1to2_0">
                <vehicle id="11" pos="51.10" speed="10.00"/>
                <vehicle id="10" pos="71.10" speed="10.00"/>
                <vehicle id="9" pos="91.10" speed="10.00"/>
            </lane>
        </edge>
        <edge id="2to3">
            <lane id="2to3_0">
                <vehicle id="8" pos="8.52" speed="10.00"/>
                <vehicle id="7" pos="28.52" speed="10.00"/>
                <vehicle id="6" pos="48.52" speed="10.00"/>
                <vehicle id="5" pos="68.52" speed="10.00"/>
                <vehicle id="4" pos="88.52" speed="10.00"/>
            </lane>
        </edge>
        <edge id="3to4">
            <lane id="3to4_0">
                <vehicle id="3" pos="5.94" speed="10.00"/>
                <vehicle id="2" pos="25.94" speed="10.00"/>
                <vehicle id="1" pos="45.94" speed="10.00"/>
                <vehicle id="0" pos="65.94" speed="10.00"/>
            </lane>
        </edge>
    </timestep>
    <timestep time="26.70">
        <edge id="1to2">
            <lane id="1to2_0">
                <vehicle id="11" pos="52.10" speed="10.00"/>
                <vehicle id="10" pos="72.10" speed="10.00"/>
                <vehicle id="9" pos="92.10" speed="10.00"/>
            </lane>
        </edge>
        <edge id="2to3">
            <lane id="2to3_0">
                <vehicle id="8" pos="9.52" speed="10.00"/>
                <vehicle id="7" pos="29.52" speed="10.00"/>
                <vehicle id="6" pos="49.52" speed="10.00"/>
                <vehicle id="5" pos="69.52" speed="10.00"/>
                <vehicle id="4" pos="89.52" speed="10.00"/>
            </lane>
        </edge>
        <edge id="3to4">
            <lane id="3to4_0">
                <vehicle id="3" pos="6.94" speed="10.00"/>
                <vehicle id="2" pos="26.94" speed="10.00"/>
                <vehicle id="1" pos="46.94" speed="10.00"/>
                <vehicle id="0" pos="66.94" speed="10.00"/>
            </lane>
        </edge>
    </timestep>
    <timestep time="26.80">
        <edge id="1to2">
            <lane id="1to2_0">
                <vehicle id="11" pos="53.10" speed="10.00"/>
                <vehicle id="10" pos="73.10" speed="10.00"/>
                <vehicle id="9" pos="93.10" speed="10.00"/>
            </lane>
        </edge>
        <edge id="2to3">
            <lane id="2to3_0">
                <vehicle id="8" pos="10.52" speed="10.00"/>
                <vehicle id="7" pos="30.52" speed="10.00"/>
                <vehicle id="6" pos="50.52" speed="10.00"/>
                <vehicle id="5" pos="70.52" speed="10.00"/>
                <vehicle id="4" pos="90.52" speed="10.00"/>
            </lane>
        </edge>
        <edge id="3to4">
            <lane id="3to4_0">
                <vehicle id="3" pos="7.94" speed="10.00"/>
                <vehicle id="2" pos="27.94" speed="10.00"/>
                <vehicle id="1" pos="47.94" speed="10.00"/>
                <vehicle id="0" pos="67.94" speed="10.00"/>
            </lane>
        </edge>
    </timestep>
    <timestep time="26.90">
        <edge id="1to2">
            <lane id="1to2_0">
                <vehicle id="11" pos="54.10" speed="10.00"/>
                <vehicle id="10" pos="74.10" speed="10.00"/>
                <vehicle id="9" pos="94.10" speed="10.00"/>
            </lane>
        </edge>
        <edge id="2to3">
            <lane id="2to3_0">
                <vehicle id="8" pos="11.52" speed="10.00"/>
                <vehicle id="7" pos="31.52" speed="10.00"/>
                <vehicle id="6" pos="51.52" speed="10.00"/>
                <vehicle id="5" pos="71.52" speed="10.00"/>
                <vehicle id="4" pos="91.52" speed="10.00"/>
            </lane>
        </edge>
        <edge id="3to4">
            <lane id="3to4_0">
                <vehicle id="3" pos="8.94" speed="10.00"/>
                <vehicle id="2" pos="28.94" speed="10.00"/>
                <vehicle id="1" pos="48.94" speed="10.00"/>
                <vehicle id="0" pos="68.94" speed="10.00"/>
            </lane>
        </edge>
    </timestep>
    <timestep time="27.00">
        <edge id="1to2">
            <lane id="1to2_0">
                <vehicle id="11" pos="55.10" speed="10.00"/>
                <vehicle id="10" pos="75.10" speed="10.00"/>
                <vehicle id="9" pos="95.10" speed="10.00"/>
            </lane>
        </edge>
        <edge id="2to3">
            <lane id="2to3_0">
                <vehicle id="8" pos="12.52" speed="10.00"/>
                <vehicle id="7" pos="32.52" speed="10.00"/>
                <vehicle id="6" pos="52.52" speed="10.00"/>
                <vehicle id="5" pos="72.52" speed="10.00"/>
                <vehicle id="4" pos="92.52" speed="10.00"/>
            </lane>
        </edge>
        <edge id="3to4">
            <lane id="3to4_0">
                <vehicle id="3" pos="9.94" speed="10.00"/>
                <vehicle id="2" pos="29.94" speed="10.00"/>
                <vehicle id="1" pos="49.94" speed="10.00"/>
                <vehicle id="0" pos="69.94" speed="10.00"/>
            </lane>
        </edge>
    </timestep>
    <timestep time="27.10">
        <edge id="1to2">
            <lane id="1to2_0">
                <vehicle id="11" pos="56.10" speed="10.00"/>
                <vehicle id="10" pos="76.10" speed="10.00"/>
                <vehicle id="9" pos="96.10" speed="10.00"/>
            </lane>
        </edge>
        <edge id="2to3">
            <lane id="2to3_0">
                <vehicle id="8" pos="13.52" speed="10.00"/>
                <vehicle id="7" pos="33.52" speed="10.00"/>
                <vehicle id="6" pos="53.52" speed="10.00"/>
                <vehicle id="5" pos="73.52" speed="10.00"/>
                <vehicle id="4" pos="93.52" speed="10.00"/>
            </lane>
        </edge>
        <edge id="3to4">
            <lane id="3to4_0">
                <vehicle id="3" pos="10.94" speed="10.00"/>
                <vehicle id="2" pos="30.94" speed="10.00"/>
                <vehicle id="1" pos="50.94" speed="10.00"/>
                <vehicle id="0" pos="70.94" speed="10.00"/>
            </lane>
        </edge>
    </timestep>
    <timestep time="27.20">
        <edge id="1to2">
            <lane id="1to2_0">
                <vehicle id="11" pos="57.10" speed="10.00"/>
                <vehicle id="10" pos="77.10" speed="10.00"/>
                <vehicle id="9" pos="97.10" speed="10.00"/>
            </lane>
        </edge>
        <edge id="2to3">
            <lane id="2to3_0">
                <vehicle id="8" pos="14.52" speed="10.00"/>
                <vehicle id="7" pos="34.52" speed="10.00"/>
                <vehicle id="6" pos="54.52" speed="10.00"/>
                <vehicle id="5" pos="74.52" speed="10.00"/>
                <vehicle id="4" pos="94.52" speed="10.00"/>
            </lane>
        </edge>
        <edge id="3to4">
            <lane id="3to4_0">
                <vehicle id="3" pos="11.94" speed="10.00"/>
                <vehicle id="2" pos="31.94" speed="10.00"/>
                <vehicle id="1" pos="51.94" speed="10.00"/>
                <vehicle id="0" pos="71.94" speed="10.00"/>
            </lane>
        </edge>
    </timestep>
    <timestep time="27.30">
        <edge id="1to2">
            <lane id="1to2_0">
                <vehicle id="11" pos="58.10" speed="10.00"/>
                <vehicle id="10" pos="78.10" speed="10.00"/>
                <vehicle id="9" pos="98.10" speed="10.00"/>
            </lane>
        </edge>
        <edge id="2to3">
            <lane id="2to3_0">
                <vehicle id="8" pos="15.52" speed="10.00"/>
                <vehicle id="7" pos="35.52" speed="10.00"/>
                <vehicle id="6" pos="55.52" speed="10.00"/>
                <vehicle id="5" pos="75.52" speed="10.00"/>
                <vehicle id="4" pos="95.52" speed="10.00"/>
            </lane>
        </edge>
        <edge id="3to4">
            <lane id="3to4_0">
                <vehicle id="3" pos="12.94" speed="10.00"/>
                <vehicle id="2" pos="32.94" speed="10.00"/>
                <vehicle id="1" pos="52.94" speed="10.00"/>
                <vehicle id="0" pos="72.94" speed="10.00"/>
            </lane>
        </edge>
    </timestep>
    <timestep time="27.40">
        <edge id="1to2">
            <lane id="1to2_0">
                <vehicle id="11" pos="59.10" speed="10.00"/>
                <vehicle id="10" pos="79.10" speed="10.00"/>
                <vehicle id="9" pos="99.10" speed="10.00"/>
            </lane>
        </edge>
        <edge id="2to3">
            <lane id="2to3_0">
                <vehicle id="8" pos="16.52" speed="10.00"/>
                <vehicle id="7" pos="36.52" speed="10.00"/>
                <vehicle id="6" pos="56.52" speed="10.00"/>
                <vehicle id="5" pos="76.52" speed="10.00"/>
                <vehicle id="4" pos="96.52" speed="10.00"/>
            </lane>
        </edge>
        <edge id="3to4">
            <lane id="3to4_0">
                <vehicle id="3" pos="13.94" speed="10.00"/>
                <vehicle id="2" pos="33.94" speed="10.00"/>
                <vehicle id="1" pos="53.94" speed="10.00"/>
                <vehicle id="0" pos="73.94" speed="10.00"/>
            </lane>
        </edge>
    </timestep>
    <timestep time="27.50">
        <edge id=":2_0">
            <lane id=":2_0_0">
                <vehicle id="9" pos="0.10" speed="10.00"/>
            </lane>
        </edge>
        <edge id="1to2">
            <lane id="1to2_0">
                <vehicle id="11" pos="60.10" speed="10.00"/>
                <vehicle id="10" pos="80.10" speed="10.00"/>
            </lane>
        </edge>
        <edge id="2to3">
            <lane id="2to3_0">
                <vehicle id="8" pos="17.52" speed="10.00"/>
                <vehicle id="7" pos="37.52" speed="10.00"/>
                <vehicle id="6" pos="57.52" speed="10.00"/>
                <vehicle id="5" pos="77.52" speed="10.00"/>
                <vehicle id="4" pos="97.52" speed="10.00"/>
            </lane>
        </edge>
        <edge id="3to4">
            <lane id="3to4_0">
                <vehicle id="3" pos="14.94" speed="10.00"/>
                <vehicle id="2" pos="34.94" speed="10.00"/>
                <vehicle id="1" pos="54.94" speed="10.00"/>
                <vehicle id="0" pos="74.94" speed="10.00"/>
            </lane>
        </edge>
    </timestep>
    <timestep time="27.60">
        <edge id=":2_0">
            <lane id=":2_0_0">
                <vehicle id="9" pos="1.10" speed="10.00"/>
            </lane>
        </edge>
        <edge id="1to2">
            <lane id="1to2_0">
                <vehicle id="11" pos="61.10" speed="10.00"/>
                <vehicle id="10" pos="81.10" speed="10.00"/>
            </lane>
        </edge>
        <edge id="2to3">
            <lane id="2to3_0">
                <vehicle id="8" pos="18.52" speed="10.00"/>
                <vehicle id="7" pos="38.52" speed="10.00"/>
                <vehicle id="6" pos="58.52" speed="10.00"/>
                <vehicle id="5" pos="78.52" speed="10.00"/>
                <vehicle id="4" pos="98.52" speed="10.00"/>
            </lane>
        </edge>
        <edge id="3to4">
            <lane id="3to4_0">
                <vehicle id="3" pos="15.94" speed="10.00"/>
                <vehicle id="2" pos="35.94" speed="10.00"/>
                <vehicle id="1" pos="55.94" speed="10.00"/>
                <vehicle id="0" pos="75.94" speed="10.00"/>
            </lane>
        </edge>
    </timestep>
    <timestep time="27.70">
        <edge id=":2_0">
            <lane id=":2_0_0">
                <vehicle id="9" pos="2.10" speed="10.00"/>
            </lane>
        </edge>
        <edge id="1to2">
            <lane id="1to2_0">
                <vehicle id="11" pos="62.10" speed="10.00"/>
                <vehicle id="10" pos="82.10" speed="10.00"/>
            </lane>
        </edge>
        <edge id="2to3">
            <lane id="2to3_0">
                <vehicle id="8" pos="19.52" speed="10.00"/>
                <vehicle id="7" pos="39.52" speed="10.00"/>
                <vehicle id="6" pos="59.52" speed="10.00"/>
                <vehicle id="5" pos="79.52" speed="10.00"/>
                <vehicle id="4" pos="99.52" speed="10.00"/>
            </lane>
        </edge>
        <edge id="3to4">
            <lane id="3to4_0">
                <vehicle id="3" pos="16.94" speed="10.00"/>
                <vehicle id="2" pos="36.94" speed="10.00"/>
                <vehicle id="1" pos="56.94" speed="10.00"/>
                <vehicle id="0" pos="76.94" speed="10.00"/>
            </lane>
        </edge>
    </timestep>
    <timestep time="27.80">
        <edge id=":3_0">
            <lane id=":3_0_0">
                <vehicle id="4" pos="0.52" speed="10.00"/>
            </lane>
        </edge>
        <edge id="1to2">
            <lane id="1to2_0">
                <vehicle id="11" pos="63.10" speed="10.00"/>
                <vehicle id="10" pos="83.10" speed="10.00"/>
            </lane>
        </edge>
        <edge id="2to3">
            <lane id="2to3_0">
                <vehicle id="9" pos="0.52" speed="10.00"/>
                <vehicle id="8" pos="20.52" speed="10.00"/>
                <vehicle id="7" pos="40.52" speed="10.00"/>
                <vehicle id="6" pos="60.52" speed="10.00"/>
                <vehicle id="5" pos="80.52" speed="10.00"/>
            </lane>
        </edge>
        <edge id="3to4">
            <lane id="3to4_0">
                <vehicle id="3" pos="17.94" speed="10.00"/>
                <vehicle id="2" pos="37.94" speed="10.00"/>
                <vehicle id="1" pos="57.94" speed="10.00"/>
                <vehicle id="0" pos="77.94" speed="10.00"/>
            </lane>
        </edge>
    </timestep>
    <timestep time="27.90">
        <edge id=":3_0">
            <lane id=":3_0_0">
                <vehicle id="4" pos="1.52" speed="10.00"/>
            </lane>
        </edge>
        <edge id="1to2">
            <lane id="1to2_0">
                <vehicle id="11" pos="64.10" speed="10.00"/>
                <vehicle id="10" pos="84.10" speed="10.00"/>
            </lane>
        </edge>
        <edge id="2to3">
            <lane id="2to3_0">
                <vehicle id="9" pos="1.52" speed="10.00"/>
                <vehicle id="8" pos="21.52" speed="10.00"/>
                <vehicle id="7" pos="41.52" speed="10.00"/>
                <vehicle id="6" pos="61.52" speed="10.00"/>
                <vehicle id="5" pos="81.52" speed="10.00"/>
            </lane>
        </edge>
        <edge id="3to4">
            <lane id="3to4_0">
                <vehicle id="3" pos="18.94" speed="10.00"/>
                <vehicle id="2" pos="38.94" speed="10.00"/>
                <vehicle id="1" pos="58.94" speed="10.00"/>
                <vehicle id="0" pos="78.94" speed="10.00"/>
            </lane>
        </edge>
    </timestep>
    <timestep time="28.00">
        <edge id=":3_0">
            <lane id=":3_0_0">
                <vehicle id="4" pos="2.52" speed="10.00"/>
            </lane>
        </edge>
        <edge id="1to2">
            <lane id="1to2_0">
                <vehicle id="11" pos="65.10" speed="10.00"/>
                <vehicle id="10" pos="85.10" speed="10.00"/>
            </lane>
        </edge>
        <edge id="2to3">
            <lane id="2to3_0">
                <vehicle id="9" pos="2.52" speed="10.00"/>
                <vehicle id="8" pos="22.52" speed="10.00"/>
                <vehicle id="7" pos="42.52" speed="10.00"/>
                <vehicle id="6" pos="62.52" speed="10.00"/>
                <vehicle id="5" pos="82.52" speed="10.00"/>
            </lane>
        </edge>
        <edge id="3to4">
            <lane id="3to4_0">
                <vehicle id="3" pos="19.94" speed="10.00"/>
                <vehicle id="2" pos="39.94" speed="10.00"/>
                <vehicle id="1" pos="59.94" speed="10.00"/>
                <vehicle id="0" pos="79.94" speed="10.00"/>
            </lane>
        </edge>
    </timestep>
    <timestep time="28.10">
        <edge id="1to2">
            <lane id="1to2_0">
                <vehicle id="11" pos="66.10" speed="10.00"/>
                <vehicle id="10" pos="86.10" speed="10.00"/>
            </lane>
        </edge>
        <edge id="2to3">
            <lane id="2to3_0">
                <vehicle id="9" pos="3.52" speed="10.00"/>
                <vehicle id="8" pos="23.52" speed="10.00"/>
                <vehicle id="7" pos="43.52" speed="10.00"/>
                <vehicle id="6" pos="63.52" speed="10.00"/>
                <vehicle id="5" pos="83.52" speed="10.00"/>
            </lane>
        </edge>
        <edge id="3to4">
            <lane id="3to4_0">
                <vehicle id="4" pos="0.94" speed="10.00"/>
                <vehicle id="3" pos="20.94" speed="10.00"/>
                <vehicle id="2" pos="40.94" speed="10.00"/>
                <vehicle id="1" pos="60.94" speed="10.00"/>
                <vehicle id="0" pos="80.94" speed="10.00"/>
            </lane>
        </edge>
    </timestep>
    <timestep time="28.20">
        <edge id="1to2">
            <lane id="1to2_0">
                <vehicle id="11" pos="67.10" speed="10.00"/>
                <vehicle id="10" pos="87.10" speed="10.00"/>
            </lane>
        </edge>
        <edge id="2to3">
            <lane id="2to3_0">
                <vehicle id="9" pos="4.52" speed="10.00"/>
                <vehicle id="8" pos="24.52" speed="10.00"/>
                <vehicle id="7" pos="44.52" speed="10.00"/>
                <vehicle id="6" pos="64.52" speed="10.00"/>
                <vehicle id="5" pos="84.52" speed="10.00"/>
            </lane>
        </edge>
        <edge id="3to4">
            <lane id="3to4_0">
                <vehicle id="4" pos="1.94" speed="10.00"/>
                <vehicle id="3" pos="21.94" speed="10.00"/>
                <vehicle id="2" pos="41.94" speed="10.00"/>
                <vehicle id="1" pos="61.94" speed="10.00"/>
                <vehicle id="0" pos="81.94" speed="10.00"/>
            </lane>
        </edge>
    </timestep>
    <timestep time="28.30">
        <edge id="1to2">
            <lane id="1to2_0">
                <vehicle id="11" pos="68.10" speed="10.00"/>
                <vehicle id="10" pos="88.10" speed="10.00"/>
            </lane>
        </edge>
        <edge id="2to3">
            <lane id="2to3_0">
                <vehicle id="9" pos="5.52" speed="10.00"/>
                <vehicle id="8" pos="25.52" speed="10.00"/>
                <vehicle id="7" pos="45.52" speed="10.00"/>
                <vehicle id="6" pos="65.52" speed="10.00"/>
                <vehicle id="5" pos="85.52" speed="10.00"/>
            </lane>
        </edge>
        <edge id="3to4">
            <lane id="3to4_0">
                <vehicle id="4" pos="2.94" speed="10.00"/>
                <vehicle id="3" pos="22.94" speed="10.00"/>
                <vehicle id="2" pos="42.94" speed="10.00"/>
                <vehicle id="1" pos="62.94" speed="10.00"/>
                <vehicle id="0" pos="82.94" speed="10.00"/>
            </lane>
        </edge>
    </timestep>
    <timestep time="28.40">
        <edge id="1to2">
            <lane id="1to2_0">
                <vehicle id="11" pos="69.10" speed="10.00"/>
                <vehicle id="10" pos="89.10" speed="10.00"/>
            </lane>
        </edge>
        <edge id="2to3">
            <lane id="2to3_0">
                <vehicle id="9" pos="6.52" speed="10.00"/>
                <vehicle id="8" pos="26.52" speed="10.00"/>
                <vehicle id="7" pos="46.52" speed="10.00"/>
                <vehicle id="6" pos="66.52" speed="10.00"/>
                <vehicle id="5" pos="86.52" speed="10.00"/>
            </lane>
        </edge>
        <edge id="3to4">
            <lane id="3to4_0">
                <vehicle id="4" pos="3.94" speed="10.00"/>
                <vehicle id="3" pos="23.94" speed="10.00"/>
                <vehicle id="2" pos="43.94" speed="10.00"/>
                <vehicle id="1" pos="63.94" speed="10.00"/>
                <vehicle id="0" pos="83.94" speed="10.00"/>
            </lane>
        </edge>
    </timestep>
    <timestep time="28.50">
        <edge id="1to2">
            <lane id="1to2_0">
                <vehicle id="11" pos="70.10" speed="10.00"/>
                <vehicle id="10" pos="90.10" speed="10.00"/>
            </lane>
        </edge>
        <edge id="2to3">
            <lane id="2to3_0">
                <vehicle id="9" pos="7.52" speed="10.00"/>
                <vehicle id="8" pos="27.52" speed="10.00"/>
                <vehicle id="7" pos="47.52" speed="10.00"/>
                <vehicle id="6" pos="67.52" speed="10.00"/>
                <vehicle id="5" pos="87.52" speed="10.00"/>
            </lane>
        </edge>
        <edge id="3to4">
            <lane id="3to4_0">
                <vehicle id="4" pos="4.94" speed="10.00"/>
                <vehicle id="3" pos="24.94" speed="10.00"/>
                <vehicle id="2" pos="44.94" speed="10.00"/>
                <vehicle id="1" pos="64.94" speed="10.00"/>
                <vehicle id="0" pos="84.94" speed="10.00"/>
            </lane>
        </edge>
    </timestep>
    <timestep time="28.60">
        <edge id="1to2">
            <lane id="1to2_0">
                <vehicle id="11" pos="71.10" speed="10.00"/>
                <vehicle id="10" pos="91.10" speed="10.00"/>
            </lane>
        </edge>
        <edge id="2to3">
            <lane id="2to3_0">
                <vehicle id="9" pos="8.52" speed="10.00"/>
                <vehicle id="8" pos="28.52" speed="10.00"/>
                <vehicle id="7" pos="48.52" speed="10.00"/>
                <vehicle id="6" pos="68.52" speed="10.00"/>
                <vehicle id="5" pos="88.52" speed="10.00"/>
            </lane>
        </edge>
        <edge id="3to4">
            <lane id="3to4_0">
                <vehicle id="4" pos="5.94" speed="10.00"/>
                <vehicle id="3" pos="25.94" speed="10.00"/>
                <vehicle id="2" pos="45.94" speed="10.00"/>
                <vehicle id="1" pos="65.94" speed="10.00"/>
                <vehicle id="0" pos="85.94" speed="10.00"/>
            </lane>
        </edge>
    </timestep>
    <timestep time="28.70">
        <edge id="1to2">
            <lane id="1to2_0">
                <vehicle id="11" pos="72.10" speed="10.00"/>
                <vehicle id="10" pos="92.10" speed="10.00"/>
            </lane>
        </edge>
        <edge id="2to3">
            <lane id="2to3_0">
                <vehicle id="9" pos="9.52" speed="10.00"/>
                <vehicle id="8" pos="29.52" speed="10.00"/>
                <vehicle id="7" pos="49.52" speed="10.00"/>
                <vehicle id="6" pos="69.52" speed="10.00"/>
                <vehicle id="5" pos="89.52" speed="10.00"/>
            </lane>
        </edge>
        <edge id="3to4">
            <lane id="3to4_0">
                <vehicle id="4" pos="6.94" speed="10.00"/>
                <vehicle id="3" pos="26.94" speed="10.00"/>
                <vehicle id="2" pos="46.94" speed="10.00"/>
                <vehicle id="1" pos="66.94" speed="10.00"/>
                <vehicle id="0" pos="86.94" speed="10.00"/>
            </lane>
        </edge>
    </timestep>
    <timestep time="28.80">
        <edge id="1to2">
            <lane id="1to2_0">
                <vehicle id="11" pos="73.10" speed="10.00"/>
                <vehicle id="10" pos="93.10" speed="10.00"/>
            </lane>
        </edge>
        <edge id="2to3">
            <lane id="2to3_0">
                <vehicle id="9" pos="10.52" speed="10.00"/>
                <vehicle id="8" pos="30.52" speed="10.00"/>
                <vehicle id="7" pos="50.52" speed="10.00"/>
                <vehicle id="6" pos="70.52" speed="10.00"/>
                <vehicle id="5" pos="90.52" speed="10.00"/>
            </lane>
        </edge>
        <edge id="3to4">
            <lane id="3to4_0">
                <vehicle id="4" pos="7.94" speed="10.00"/>
                <vehicle id="3" pos="27.94" speed="10.00"/>
                <vehicle id="2" pos="47.94" speed="10.00"/>
                <vehicle id="1" pos="67.94" speed="10.00"/>
                <vehicle id="0" pos="87.44" speed="5.00"/>
            </lane>
        </edge>
    </timestep>
    <timestep time="28.90">
        <edge id="1to2">
            <lane id="1to2_0">
                <vehicle id="11" pos="74.10" speed="10.00"/>
                <vehicle id="10" pos="94.10" speed="10.00"/>
            </lane>
        </edge>
        <edge id="2to3">
            <lane id="2to3_0">
                <vehicle id="9" pos="11.52" speed="10.00"/>
                <vehicle id="8" pos="31.52" speed="10.00"/>
                <vehicle id="7" pos="51.52" speed="10.00"/>
                <vehicle id="6" pos="71.52" speed="10.00"/>
                <vehicle id="5" pos="91.52" speed="10.00"/>
            </lane>
        </edge>
        <edge id="3to4">
            <lane id="3to4_0">
                <vehicle id="4" pos="8.94" speed="10.00"/>
                <vehicle id="3" pos="28.94" speed="10.00"/>
                <vehicle id="2" pos="48.94" speed="10.00"/>
                <vehicle id="1" pos="68.94" speed="10.00"/>
                <vehicle id="0" pos="87.94" speed="5.00"/>
            </lane>
        </edge>
    </timestep>
    <timestep time="29.00">
        <edge id="1to2">
            <lane id="1to2_0">
                <vehicle id="11" pos="75.10" speed="10.00"/>
                <vehicle id="10" pos="95.10" speed="10.00"/>
            </lane>
        </edge>
        <edge id="2to3">
            <lane id="2to3_0">
                <vehicle id="9" pos="12.52" speed="10.00"/>
                <vehicle id="8" pos="32.52" speed="10.00"/>
                <vehicle id="7" pos="52.52" speed="10.00"/>
                <vehicle id="6" pos="72.52" speed="10.00"/>
                <vehicle id="5" pos="92.52" speed="10.00"/>
            </lane>
        </edge>
        <edge id="3to4">
            <lane id="3to4_0">
                <vehicle id="4" pos="9.94" speed="10.00"/>
                <vehicle id="3" pos="29.94" speed="10.00"/>
                <vehicle id="2" pos="49.94" speed="10.00"/>
                <vehicle id="1" pos="69.94" speed="10.00"/>
                <vehicle id="0" pos="88.44" speed="5.00"/>
            </lane>
        </edge>
    </timestep>
    <timestep time="29.10">
        <edge id="1to2">
            <lane id="1to2_0">
                <vehicle id="11" pos="76.10" speed="10.00"/>
                <vehicle id="10" pos="96.10" speed="10.00"/>
            </lane>
        </edge>
        <edge id="2to3">
            <lane id="2to3_0">
                <vehicle id="9" pos="13.52" speed="10.00"/>
                <vehicle id="8" pos="33.52" speed="10.00"/>
                <vehicle id="7" pos="53.52" speed="10.00"/>
                <vehicle id="6" pos="73.52" speed="10.00"/>
                <vehicle id="5" pos="93.52" speed="10.00"/>
            </lane>
        </edge>
        <edge id="3to4">
            <lane id="3to4_0">
                <vehicle id="4" pos="10.94" speed="10.00"/>
                <vehicle id="3" pos="30.94" speed="10.00"/>
                <vehicle id="2" pos="50.94" speed="10.00"/>
                <vehicle id="1" pos="70.94" speed="10.00"/>
                <vehicle id="0" pos="88.94" speed="5.00"/>
            </lane>
        </edge>
    </timestep>
    <timestep time="29.20">
        <edge id="1to2">
            <lane id="1to2_0">
                <vehicle id="11" pos="77.10" speed="10.00"/>
                <vehicle id="10" pos="97.10" speed="10.00"/>
            </lane>
        </edge>
        <edge id="2to3">
            <lane id="2to3_0">
                <vehicle id="9" pos="14.52" speed="10.00"/>
                <vehicle id="8" pos="34.52" speed="10.00"/>
                <vehicle id="7" pos="54.52" speed="10.00"/>
                <vehicle id="6" pos="74.52" speed="10.00"/>
                <vehicle id="5" pos="94.52" speed="10.00"/>
            </lane>
        </edge>
        <edge id="3to4">
            <lane id="3to4_0">
                <vehicle id="4" pos="11.94" speed="10.00"/>
                <vehicle id="3" pos="31.94" speed="10.00"/>
                <vehicle id="2" pos="51.94" speed="10.00"/>
                <vehicle id="1" pos="71.94" speed="10.00"/>
                <vehicle id="0" pos="89.44" speed="5.00"/>
            </lane>
        </edge>
    </timestep>
    <timestep time="29.30">
        <edge id="1to2">
            <lane id="1to2_0">
                <vehicle id="11" pos="78.10" speed="10.00"/>
                <vehicle id="10" pos="98.10" speed="10.00"/>
            </lane>
        </edge>
        <edge id="2to3">
            <lane id="2to3_0">
                <vehicle id="9" pos="15.52" speed="10.00"/>
                <vehicle id="8" pos="35.52" speed="10.00"/>
                <vehicle id="7" pos="55.52" speed="10.00"/>
                <vehicle id="6" pos="75.52" speed="10.00"/>
                <vehicle id="5" pos="95.52" speed="10.00"/>
            </lane>
        </edge>
        <edge id="3to4">
            <lane id="3to4_0">
                <vehicle id="4" pos="12.94" speed="10.00"/>
                <vehicle id="3" pos="32.94" speed="10.00"/>
                <vehicle id="2" pos="52.94" speed="10.00"/>
                <vehicle id="1" pos="72.94" speed="10.00"/>
                <vehicle id="0" pos="89.94" speed="5.00"/>
            </lane>
        </edge>
    </timestep>
    <timestep time="29.40">
        <edge id="1to2">
            <lane id="1to2_0">
                <vehicle id="11" pos="79.10" speed="10.00"/>
                <vehicle id="10" pos="99.10" speed="10.00"/>
            </lane>
        </edge>
        <edge id="2to3">
            <lane id="2to3_0">
                <vehicle id="9" pos="16.52" speed="10.00"/>
                <vehicle id="8" pos="36.52" speed="10.00"/>
                <vehicle id="7" pos="56.52" speed="10.00"/>
                <vehicle id="6" pos="76.52" speed="10.00"/>
                <vehicle id="5" pos="96.52" speed="10.00"/>
            </lane>
        </edge>
        <edge id="3to4">
            <lane id="3to4_0">
                <vehicle id="4" pos="13.94" speed="10.00"/>
                <vehicle id="3" pos="33.94" speed="10.00"/>
                <vehicle id="2" pos="53.94" speed="10.00"/>
                <vehicle id="1" pos="73.94" speed="10.00"/>
                <vehicle id="0" pos="90.44" speed="5.00"/>
            </lane>
        </edge>
    </timestep>
    <timestep time="29.50">
        <edge id=":2_0">
            <lane id=":2_0_0">
                <vehicle id="10" pos="0.10" speed="10.00"/>
            </lane>
        </edge>
        <edge id="1to2">
            <lane id="1to2_0">
                <vehicle id="11" pos="80.10" speed="10.00"/>
            </lane>
        </edge>
        <edge id="2to3">
            <lane id="2to3_0">
                <vehicle id="9" pos="17.52" speed="10.00"/>
                <vehicle id="8" pos="37.52" speed="10.00"/>
                <vehicle id="7" pos="57.52" speed="10.00"/>
                <vehicle id="6" pos="77.52" speed="10.00"/>
                <vehicle id="5" pos="97.52" speed="10.00"/>
            </lane>
        </edge>
        <edge id="3to4">
            <lane id="3to4_0">
                <vehicle id="4" pos="14.94" speed="10.00"/>
                <vehicle id="3" pos="34.94" speed="10.00"/>
                <vehicle id="2" pos="54.94" speed="10.00"/>
                <vehicle id="1" pos="74.94" speed="10.00"/>
                <vehicle id="0" pos="90.94" speed="5.00"/>
            </lane>
        </edge>
    </timestep>
    <timestep time="29.60">
        <edge id=":2_0">
            <lane id=":2_0_0">
                <vehicle id="10" pos="1.10" speed="10.00"/>
            </lane>
        </edge>
        <edge id="1to2">
            <lane id="1to2_0">
                <vehicle id="11" pos="81.10" speed="10.00"/>
            </lane>
        </edge>
        <edge id="2to3">
            <lane id="2to3_0">
                <vehicle id="9" pos="18.52" speed="10.00"/>
                <vehicle id="8" pos="38.52" speed="10.00"/>
                <vehicle id="7" pos="58.52" speed="10.00"/>
                <vehicle id="6" pos="78.52" speed="10.00"/>
                <vehicle id="5" pos="98.52" speed="10.00"/>
            </lane>
        </edge>
        <edge id="3to4">
            <lane id="3to4_0">
                <vehicle id="4" pos="15.94" speed="10.00"/>
                <vehicle id="3" pos="35.94" speed="10.00"/>
                <vehicle id="2" pos="55.94" speed="10.00"/>
                <vehicle id="1" pos="75.94" speed="10.00"/>
                <vehicle id="0" pos="91.44" speed="5.00"/>
            </lane>
        </edge>
    </timestep>
    <timestep time="29.70">
        <edge id=":2_0">
            <lane id=":2_0_0">
                <vehicle id="10" pos="2.10" speed="10.00"/>
            </lane>
        </edge>
        <edge id="1to2">
            <lane id="1to2_0">
                <vehicle id="11" pos="82.10" speed="10.00"/>
            </lane>
        </edge>
        <edge id="2to3">
            <lane id="2to3_0">
                <vehicle id="9" pos="19.52" speed="10.00"/>
                <vehicle id="8" pos="39.52" speed="10.00"/>
                <vehicle id="7" pos="59.52" speed="10.00"/>
                <vehicle id="6" pos="79.52" speed="10.00"/>
                <vehicle id="5" pos="99.52" speed="10.00"/>
            </lane>
        </edge>
        <edge id="3to4">
            <lane id="3to4_0">
                <vehicle id="4" pos="16.94" speed="10.00"/>
                <vehicle id="3" pos="36.94" speed="10.00"/>
                <vehicle id="2" pos="56.94" speed="10.00"/>
                <vehicle id="1" pos="76.94" speed="10.00"/>
                <vehicle id="0" pos="91.94" speed="5.00"/>
            </lane>
        </edge>
    </timestep>
    <timestep time="29.80">
        <edge id=":3_0">
            <lane id=":3_0_0">
                <vehicle id="5" pos="0.52" speed="10.00"/>
            </lane>
        </edge>
        <edge id="1to2">
            <lane id="1to2_0">
                <vehicle id="11" pos="83.10" speed="10.00"/>
            </lane>
        </edge>
        <edge id="2to3">
            <lane id="2to3_0">
                <vehicle id="10" pos="0.52" speed="10.00"/>
                <vehicle id="9" pos="20.52" speed="10.00"/>
                <vehicle id="8" pos="40.52" speed="10.00"/>
                <vehicle id="7" pos="60.52" speed="10.00"/>
                <vehicle id="6" pos="80.52" speed="10.00"/>
            </lane>
        </edge>
        <edge id="3to4">
            <lane id="3to4_0">
                <vehicle id="4" pos="17.94" speed="10.00"/>
                <vehicle id="3" pos="37.94" speed="10.00"/>
                <vehicle id="2" pos="57.94" speed="10.00"/>
                <vehicle id="1" pos="77.94" speed="10.00"/>
                <vehicle id="0" pos="92.44" speed="5.00"/>
            </lane>
        </edge>
    </timestep>
    <timestep time="29.90">
        <edge id=":3_0">
            <lane id=":3_0_0">
                <vehicle id="5" pos="1.52" speed="10.00"/>
            </lane>
        </edge>
        <edge id="1to2">
            <lane id="1to2_0">
                <vehicle id="11" pos="84.10" speed="10.00"/>
            </lane>
        </edge>
        <edge id="2to3">
            <lane id="2to3_0">
                <vehicle id="10" pos="1.52" speed="10.00"/>
                <vehicle id="9" pos="21.52" speed="10.00"/>
                <vehicle id="8" pos="41.52" speed="10.00"/>
                <vehicle id="7" pos="61.52" speed="10.00"/>
                <vehicle id="6" pos="81.52" speed="10.00"/>
            </lane>
        </edge>
        <edge id="3to4">
            <lane id="3to4_0">
                <vehicle id="4" pos="18.94" speed="10.00"/>
                <vehicle id="3" pos="38.94" speed="10.00"/>
                <vehicle id="2" pos="58.94" speed="10.00"/>
                <vehicle id="1" pos="78.94" speed="10.00"/>
                <vehicle id="0" pos="92.44" speed="0.00"/>
            </lane>
        </edge>
    </timestep>
    <timestep time="30.00">
        <edge id=":3_0">
            <lane id=":3_0_0">
                <vehicle id="5" pos="2.52" speed="10.00"/>
            </lane>
        </edge>
        <edge id="1to2">
            <lane id="1to2_0">
                <vehicle id="11" pos="85.10" speed="10.00"/>
            </lane>
        </edge>
        <edge id="2to3">
            <lane id="2to3_0">
                <vehicle id="10" pos="2.52" speed="10.00"/>
                <vehicle id="9" pos="22.52" speed="10.00"/>
                <vehicle id="8" pos="42.52" speed="10.00"/>
                <vehicle id="7" pos="62.52" speed="10.00"/>
                <vehicle id="6" pos="82.52" speed="10.00"/>
            </lane>
        </edge>
        <edge id="3to4">
            <lane id="3to4_0">
                <vehicle id="4" pos="19.94" speed="10.00"/>
                <vehicle id="3" pos="39.94" speed="10.00"/>
                <vehicle id="2" pos="59.94" speed="10.00"/>
                <vehicle id="1" pos="79.94" speed="10.00"/>
                <vehicle id="0" pos="92.44" speed="0.00"/>
            </lane>
        </edge>
    </timestep>
    <timestep time="30.10">
        <edge id="1to2">
            <lane id="1to2_0">
                <vehicle id="11" pos="86.10" speed="10.00"/>
            </lane>
        </edge>
        <edge id="2to3">
            <lane id="2to3_0">
                <vehicle id="10" pos="3.52" speed="10.00"/>
                <vehicle id="9" pos="23.52" speed="10.00"/>
                <vehicle id="8" pos="43.52" speed="10.00"/>
                <vehicle id="7" pos="63.52" speed="10.00"/>
                <vehicle id="6" pos="83.52" speed="10.00"/>
            </lane>
        </edge>
        <edge id="3to4">
            <lane id="3to4_0">
                <vehicle id="5" pos="0.94" speed="10.00"/>
                <vehicle id="4" pos="20.94" speed="10.00"/>
                <vehicle id="3" pos="40.94" speed="10.00"/>
                <vehicle id="2" pos="60.94" speed="10.00"/>
                <vehicle id="1" pos="80.94" speed="10.00"/>
                <vehicle id="0" pos="92.44" speed="0.00"/>
            </lane>
        </edge>
    </timestep>
    <timestep time="30.20">
        <edge id="1to2">
            <lane id="1to2_0">
                <vehicle id="11" pos="87.10" speed="10.00"/>
            </lane>
        </edge>
        <edge id="2to3">
            <lane id="2to3_0">
                <vehicle id="10" pos="4.52" speed="10.00"/>
                <vehicle id="9" pos="24.52" speed="10.00"/>
                <vehicle id="8" pos="44.52" speed="10.00"/>
                <vehicle id="7" pos="64.52" speed="10.00"/>
                <vehicle id="6" pos="84.52" speed="10.00"/>
            </lane>
        </edge>
        <edge id="3to4">
            <lane id="3to4_0">
                <vehicle id="5" pos="1.94" speed="10.00"/>
                <vehicle id="4" pos="21.94" speed="10.00"/>
                <vehicle id="3" pos="41.94" speed="10.00"/>
                <vehicle id="2" pos="61.94" speed="10.00"/>
                <vehicle id="1" pos="81.94" speed="10.00"/>
                <vehicle id="0" pos="92.44" speed="0.00"/>
            </lane>
        </edge>
    </timestep>
    <timestep time="30.30">
        <edge id="1to2">
            <lane id="1to2_0">
                <vehicle id="11" pos="88.10" speed="10.00"/>
            </lane>
        </edge>
        <edge id="2to3">
            <lane id="2to3_0">
                <vehicle id="10" pos="5.52" speed="10.00"/>
                <vehicle id="9" pos="25.52" speed="10.00"/>
                <vehicle id="8" pos="45.52" speed="10.00"/>
                <vehicle id="7" pos="65.52" speed="10.00"/>
                <vehicle id="6" pos="85.52" speed="10.00"/>
            </lane>
        </edge>
        <edge id="3to4">
            <lane id="3to4_0">
                <vehicle id="5" pos="2.94" speed="10.00"/>
                <vehicle id="4" pos="22.94" speed="10.00"/>
                <vehicle id="3" pos="42.94" speed="10.00"/>
                <vehicle id="2" pos="62.94" speed="10.00"/>
                <vehicle id="1" pos="82.94" speed="10.00"/>
                <vehicle id="0" pos="92.44" speed="0.00"/>
            </lane>
        </edge>
    </timestep>
    <timestep time="30.40">
        <edge id="1to2">
            <lane id="1to2_0">
                <vehicle id="11" pos="89.10" speed="10.00"/>
            </lane>
        </edge>
        <edge id="2to3">
            <lane id="2to3_0">
                <vehicle id="10" pos="6.52" speed="10.00"/>
                <vehicle id="9" pos="26.52" speed="10.00"/>
                <vehicle id="8" pos="46.52" speed="10.00"/>
                <vehicle id="7" pos="66.52" speed="10.00"/>
                <vehicle id="6" pos="86.52" speed="10.00"/>
            </lane>
        </edge>
        <edge id="3to4">
            <lane id="3to4_0">
                <vehicle id="5" pos="3.94" speed="10.00"/>
                <vehicle id="4" pos="23.94" speed="10.00"/>
                <vehicle id="3" pos="43.94" speed="10.00"/>
                <vehicle id="2" pos="63.94" speed="10.00"/>
                <vehicle id="1" pos="82.94" speed="0.00"/>
                <vehicle id="0" pos="92.44" speed="0.00"/>
            </lane>
        </edge>
    </timestep>
    <timestep time="30.50">
        <edge id="1to2">
            <lane id="1to2_0">
                <vehicle id="11" pos="90.10" speed="10.00"/>
            </lane>
        </edge>
        <edge id="2to3">
            <lane id="2to3_0">
                <vehicle id="10" pos="7.52" speed="10.00"/>
                <vehicle id="9" pos="27.52" speed="10.00"/>
                <vehicle id="8" pos="47.52" speed="10.00"/>
                <vehicle id="7" pos="67.52" speed="10.00"/>
                <vehicle id="6" pos="87.52" speed="10.00"/>
            </lane>
        </edge>
        <edge id="3to4">
            <lane id="3to4_0">
                <vehicle id="5" pos="4.94" speed="10.00"/>
                <vehicle id="4" pos="24.94" speed="10.00"/>
                <vehicle id="3" pos="44.94" speed="10.00"/>
                <vehicle id="2" pos="64.94" speed="10.00"/>
                <vehicle id="1" pos="82.94" speed="0.00"/>
                <vehicle id="0" pos="92.44" speed="0.00"/>
            </lane>
        </edge>
    </timestep>
    <timestep time="30.60">
        <edge id="1to2">
            <lane id="1to2_0">
                <vehicle id="11" pos="91.10" speed="10.00"/>
            </lane>
        </edge>
        <edge id="2to3">
            <lane id="2to3_0">
                <vehicle id="10" pos="8.52" speed="10.00"/>
                <vehicle id="9" pos="28.52" speed="10.00"/>
                <vehicle id="8" pos="48.52" speed="10.00"/>
                <vehicle id="7" pos="68.52" speed="10.00"/>
                <vehicle id="6" pos="88.52" speed="10.00"/>
            </lane>
        </edge>
        <edge id="3to4">
            <lane id="3to4_0">
                <vehicle id="5" pos="5.94" speed="10.00"/>
                <vehicle id="4" pos="25.94" speed="10.00"/>
                <vehicle id="3" pos="45.94" speed="10.00"/>
                <vehicle id="2" pos="65.94" speed="10.00"/>
                <vehicle id="1" pos="82.94" speed="0.00"/>
                <vehicle id="0" pos="92.44" speed="0.00"/>
            </lane>
        </edge>
    </timestep>
    <timestep time="30.70">
        <edge id="1to2">
            <lane id="1to2_0">
                <vehicle id="11" pos="92.10" speed="10.00"/>
            </lane>
        </edge>
        <edge id="2to3">
            <lane id="2to3_0">
                <vehicle id="10" pos="9.52" speed="10.00"/>
                <vehicle id="9" pos="29.52" speed="10.00"/>
                <vehicle id="8" pos="49.52" speed="10.00"/>
                <vehicle id="7" pos="69.52" speed="10.00"/>
                <vehicle id="6" pos="89.52" speed="10.00"/>
            </lane>
        </edge>
        <edge id="3to4">
            <lane id="3to4_0">
                <vehicle id="5" pos="6.94" speed="10.00"/>
                <vehicle id="4" pos="26.94" speed="10.00"/>
                <vehicle id="3" pos="46.94" speed="10.00"/>
                <vehicle id="2" pos="66.94" speed="10.00"/>
                <vehicle id="1" pos="82.94" speed="0.00"/>
                <vehicle id="0" pos="92.44" speed="0.00"/>
            </lane>
        </edge>
    </timestep>
    <timestep time="30.80">
        <edge id="1to2">
            <lane id="1to2_0">
                <vehicle id="11" pos="93.10" speed="10.00"/>
            </lane>
        </edge>
        <edge id="2to3">
            <lane id="2to3_0">
                <vehicle id="10" pos="10.52" speed="10.00"/>
                <vehicle id="9" pos="30.52" speed="10.00"/>
                <vehicle id="8" pos="50.52" speed="10.00"/>
                <vehicle id="7" pos="70.52" speed="10.00"/>
                <vehicle id="6" pos="90.52" speed="10.00"/>
            </lane>
        </edge>
        <edge id="3to4">
            <lane id="3to4_0">
                <vehicle id="5" pos="7.94" speed="10.00"/>
                <vehicle id="4" pos="27.94" speed="10.00"/>
                <vehicle id="3" pos="47.94" speed="10.00"/>
                <vehicle id="2" pos="67.94" speed="10.00"/>
                <vehicle id="1" pos="82.94" speed="0.00"/>
                <vehicle id="0" pos="92.44" speed="0.00"/>
            </lane>
        </edge>
    </timestep>
    <timestep time="30.90">
        <edge id="1to2">
            <lane id="1to2_0">
                <vehicle id="11" pos="94.10" speed="10.00"/>
            </lane>
        </edge>
        <edge id="2to3">
            <lane id="2to3_0">
                <vehicle id="10" pos="11.52" speed="10.00"/>
                <vehicle id="9" pos="31.52" speed="10.00"/>
                <vehicle id="8" pos="51.52" speed="10.00"/>
                <vehicle id="7" pos="71.52" speed="10.00"/>
                <vehicle id="6" pos="91.52" speed="10.00"/>
            </lane>
        </edge>
        <edge id="3to4">
            <lane id="3to4_0">
                <vehicle id="5" pos="8.94" speed="10.00"/>
                <vehicle id="4" pos="28.94" speed="10.00"/>
                <vehicle id="3" pos="48.94" speed="10.00"/>
                <vehicle id="2" pos="68.94" speed="10.00"/>
                <vehicle id="1" pos="82.94" speed="0.00"/>
                <vehicle id="0" pos="92.44" speed="0.00"/>
            </lane>
        </edge>
    </timestep>
    <timestep time="31.00">
        <edge id="1to2">
            <lane id="1to2_0">
                <vehicle id="11" pos="95.10" speed="10.00"/>
            </lane>
        </edge>
        <edge id="2to3">
            <lane id="2to3_0">
                <vehicle id="10" pos="12.52" speed="10.00"/>
                <vehicle id="9" pos="32.52" speed="10.00"/>
                <vehicle id="8" pos="52.52" speed="10.00"/>
                <vehicle id="7" pos="72.52" speed="10.00"/>
                <vehicle id="6" pos="92.52" speed="10.00"/>
            </lane>
        </edge>
        <edge id="3to4">
            <lane id="3to4_0">
                <vehicle id="5" pos="9.94" speed="10.00"/>
                <vehicle id="4" pos="29.94" speed="10.00"/>
                <vehicle id="3" pos="49.94" speed="10.00"/>
                <vehicle id="2" pos="69.94" speed="10.00"/>
                <vehicle id="1" pos="82.94" speed="0.00"/>
                <vehicle id="0" pos="92.44" speed="0.00"/>
            </lane>
        </edge>
    </timestep>
    <timestep time="31.10">
        <edge id="1to2">
            <lane id="1to2_0">
                <vehicle id="11" pos="96.10" speed="10.00"/>
            </lane>
        </edge>
        <edge id="2to3">
            <lane id="2to3_0">
                <vehicle id="10" pos="13.52" speed="10.00"/>
                <vehicle id="9" pos="33.52" speed="10.00"/>
                <vehicle id="8" pos="53.52" speed="10.00"/>
                <vehicle id="7" pos="73.52" speed="10.00"/>
                <vehicle id="6" pos="93.52" speed="10.00"/>
            </lane>
        </edge>
        <edge id="3to4">
            <lane id="3to4_0">
                <vehicle id="5" pos="10.94" speed="10.00"/>
                <vehicle id="4" pos="30.94" speed="10.00"/>
                <vehicle id="3" pos="50.94" speed="10.00"/>
                <vehicle id="2" pos="70.94" speed="10.00"/>
                <vehicle id="1" pos="82.94" speed="0.00"/>
                <vehicle id="0" pos="92.44" speed="0.00"/>
            </lane>
        </edge>
    </timestep>
    <timestep time="31.20">
        <edge id="1to2">
            <lane id="1to2_0">
                <vehicle id="11" pos="97.10" speed="10.00"/>
            </lane>
        </edge>
        <edge id="2to3">
            <lane id="2to3_0">
                <vehicle id="10" pos="14.52" speed="10.00"/>
                <vehicle id="9" pos="34.52" speed="10.00"/>
                <vehicle id="8" pos="54.52" speed="10.00"/>
                <vehicle id="7" pos="74.52" speed="10.00"/>
                <vehicle id="6" pos="94.52" speed="10.00"/>
            </lane>
        </edge>
        <edge id="3to4">
            <lane id="3to4_0">
                <vehicle id="5" pos="11.94" speed="10.00"/>
                <vehicle id="4" pos="31.94" speed="10.00"/>
                <vehicle id="3" pos="51.94" speed="10.00"/>
                <vehicle id="2" pos="71.94" speed="10.00"/>
                <vehicle id="1" pos="82.94" speed="0.00"/>
                <vehicle id="0" pos="92.44" speed="0.00"/>
            </lane>
        </edge>
    </timestep>
    <timestep time="31.30">
        <edge id="1to2">
            <lane id="1to2_0">
                <vehicle id="11" pos="98.10" speed="10.00"/>
            </lane>
        </edge>
        <edge id="2to3">
            <lane id="2to3_0">
                <vehicle id="10" pos="15.52" speed="10.00"/>
                <vehicle id="9" pos="35.52" speed="10.00"/>
                <vehicle id="8" pos="55.52" speed="10.00"/>
                <vehicle id="7" pos="75.52" speed="10.00"/>
                <vehicle id="6" pos="95.52" speed="10.00"/>
            </lane>
        </edge>
        <edge id="3to4">
            <lane id="3to4_0">
                <vehicle id="5" pos="12.94" speed="10.00"/>
                <vehicle id="4" pos="32.94" speed="10.00"/>
                <vehicle id="3" pos="52.94" speed="10.00"/>
                <vehicle id="2" pos="72.94" speed="10.00"/>
                <vehicle id="1" pos="82.94" speed="0.00"/>
                <vehicle id="0" pos="92.44" speed="0.00"/>
            </lane>
        </edge>
    </timestep>
    <timestep time="31.40">
        <edge id="1to2">
            <lane id="1to2_0">
                <vehicle id="11" pos="99.10" speed="10.00"/>
            </lane>
        </edge>
        <edge id="2to3">
            <lane id="2to3_0">
                <vehicle id="10" pos="16.52" speed="10.00"/>
                <vehicle id="9" pos="36.52" speed="10.00"/>
                <vehicle id="8" pos="56.52" speed="10.00"/>
                <vehicle id="7" pos="76.52" speed="10.00"/>
                <vehicle id="6" pos="96.52" speed="10.00"/>
            </lane>
        </edge>
        <edge id="3to4">
            <lane id="3to4_0">
                <vehicle id="5" pos="13.94" speed="10.00"/>
                <vehicle id="4" pos="33.94" speed="10.00"/>
                <vehicle id="3" pos="53.94" speed="10.00"/>
                <vehicle id="2" pos="72.94" speed="0.00"/>
                <vehicle id="1" pos="82.94" speed="0.00"/>
                <vehicle id="0" pos="92.44" speed="0.00"/>
            </lane>
        </edge>
    </timestep>
    <timestep time="31.50">
        <edge id=":2_0">
            <lane id=":2_0_0">
                <vehicle id="11" pos="0.10" speed="10.00"/>
            </lane>
        </edge>
        <edge id="2to3">
            <lane id="2to3_0">
                <vehicle id="10" pos="17.52" speed="10.00"/>
                <vehicle id="9" pos="37.52" speed="10.00"/>
                <vehicle id="8" pos="57.52" speed="10.00"/>
                <vehicle id="7" pos="77.52" speed="10.00"/>
                <vehicle id="6" pos="97.52" speed="10.00"/>
            </lane>
        </edge>
        <edge id="3to4">
            <lane id="3to4_0">
                <vehicle id="5" pos="14.94" speed="10.00"/>
                <vehicle id="4" pos="34.94" speed="10.00"/>
                <vehicle id="3" pos="54.94" speed="10.00"/>
                <vehicle id="2" pos="72.94" speed="0.00"/>
                <vehicle id="1" pos="82.94" speed="0.00"/>
                <vehicle id="0" pos="92.44" speed="0.00"/>
            </lane>
        </edge>
    </timestep>
    <timestep time="31.60">
        <edge id=":2_0">
            <lane id=":2_0_0">
                <vehicle id="11" pos="1.10" speed="10.00"/>
            </lane>
        </edge>
        <edge id="2to3">
            <lane id="2to3_0">
                <vehicle id="10" pos="18.52" speed="10.00"/>
                <vehicle id="9" pos="38.52" speed="10.00"/>
                <vehicle id="8" pos="58.52" speed="10.00"/>
                <vehicle id="7" pos="78.52" speed="10.00"/>
                <vehicle id="6" pos="98.52" speed="10.00"/>
            </lane>
        </edge>
        <edge id="3to4">
            <lane id="3to4_0">
                <vehicle id="5" pos="15.94" speed="10.00"/>
                <vehicle id="4" pos="35.94" speed="10.00"/>
                <vehicle id="3" pos="55.94" speed="10.00"/>
                <vehicle id="2" pos="72.94" speed="0.00"/>
                <vehicle id="1" pos="82.94" speed="0.00"/>
                <vehicle id="0" pos="92.44" speed="0.00"/>
            </lane>
        </edge>
    </timestep>
    <timestep time="31.70">
        <edge id=":2_0">
            <lane id=":2_0_0">
                <vehicle id="11" pos="2.10" speed="10.00"/>
            </lane>
        </edge>
        <edge id="2to3">
            <lane id="2to3_0">
                <vehicle id="10" pos="19.52" speed="10.00"/>
                <vehicle id="9" pos="39.52" speed="10.00"/>
                <vehicle id="8" pos="59.52" speed="10.00"/>
                <vehicle id="7" pos="79.52" speed="10.00"/>
                <vehicle id="6" pos="99.52" speed="10.00"/>
            </lane>
        </edge>
        <edge id="3to4">
            <lane id="3to4_0">
                <vehicle id="5" pos="16.94" speed="10.00"/>
                <vehicle id="4" pos="36.94" speed="10.00"/>
                <vehicle id="3" pos="56.94" speed="10.00"/>
                <vehicle id="2" pos="72.94" speed="0.00"/>
                <vehicle id="1" pos="82.94" speed="0.00"/>
                <vehicle id="0" pos="92.44" speed="0.00"/>
            </lane>
        </edge>
    </timestep>
    <timestep time="31.80">
        <edge id=":3_0">
            <lane id=":3_0_0">
                <vehicle id="6" pos="0.52" speed="10.00"/>
            </lane>
        </edge>
        <edge id="2to3">
            <lane id="2to3_0">
                <vehicle id="11" pos="0.52" speed="10.00"/>
                <vehicle id="10" pos="20.52" speed="10.00"/>
                <vehicle id="9" pos="40.52" speed="10.00"/>
                <vehicle id="8" pos="60.52" speed="10.00"/>
                <vehicle id="7" pos="80.52" speed="10.00"/>
            </lane>
        </edge>
        <edge id="3to4">
            <lane id="3to4_0">
                <vehicle id="5" pos="17.94" speed="10.00"/>
                <vehicle id="4" pos="37.94" speed="10.00"/>
                <vehicle id="3" pos="57.94" speed="10.00"/>
                <vehicle id="2" pos="72.94" speed="0.00"/>
                <vehicle id="1" pos="82.94" speed="0.00"/>
                <vehicle id="0" pos="92.44" speed="0.00"/>
            </lane>
        </edge>
    </timestep>
    <timestep time="31.90">
        <edge id=":3_0">
            <lane id=":3_0_0">
                <vehicle id="6" pos="1.52" speed="10.00"/>
            </lane>
        </edge>
        <edge id="2to3">
            <lane id="2to3_0">
                <vehicle id="11" pos="1.52" speed="10.00"/>
                <vehicle id="10" pos="21.52" speed="10.00"/>
                <vehicle id="9" pos="41.52" speed="10.00"/>
                <vehicle id="8" pos="61.52" speed="10.00"/>
                <vehicle id="7" pos="81.52" speed="10.00"/>
            </lane>
        </edge>
        <edge id="3to4">
            <lane id="3to4_0">
                <vehicle id="5" pos="18.94" speed="10.00"/>
                <vehicle id="4" pos="38.94" speed="10.00"/>
                <vehicle id="3" pos="58.94" speed="10.00"/>
                <vehicle id="2" pos="72.94" speed="0.00"/>
                <vehicle id="1" pos="82.94" speed="0.00"/>
                <vehicle id="0" pos="92.44" speed="0.00"/>
            </lane>
        </edge>
    </timestep>
    <timestep time="32.00">
        <edge id=":3_0">
            <lane id=":3_0_0">
                <vehicle id="6" pos="2.52" speed="10.00"/>
            </lane>
        </edge>
        <edge id="2to3">
            <lane id="2to3_0">
                <vehicle id="11" pos="2.52" speed="10.00"/>
                <vehicle id="10" pos="22.52" speed="10.00"/>
                <vehicle id="9" pos="42.52" speed="10.00"/>
                <vehicle id="8" pos="62.52" speed="10.00"/>
                <vehicle id="7" pos="82.52" speed="10.00"/>
            </lane>
        </edge>
        <edge id="3to4">
            <lane id="3to4_0">
                <vehicle id="5" pos="19.94" speed="10.00"/>
                <vehicle id="4" pos="39.94" speed="10.00"/>
                <vehicle id="3" pos="59.94" speed="10.00"/>
                <vehicle id="2" pos="72.94" speed="0.00"/>
                <vehicle id="1" pos="82.94" speed="0.00"/>
                <vehicle id="0" pos="92.44" speed="0.00"/>
            </lane>
        </edge>
    </timestep>
    <timestep time="32.10">
        <edge id="2to3">
            <lane id="2to3_0">
                <vehicle id="11" pos="3.52" speed="10.00"/>
                <vehicle id="10" pos="23.52" speed="10.00"/>
                <vehicle id="9" pos="43.52" speed="10.00"/>
                <vehicle id="8" pos="63.52" speed="10.00"/>
                <vehicle id="7" pos="83.52" speed="10.00"/>
            </lane>
        </edge>
        <edge id="3to4">
            <lane id="3to4_0">
                <vehicle id="6" pos="0.94" speed="10.00"/>
                <vehicle id="5" pos="20.94" speed="10.00"/>
                <vehicle id="4" pos="40.94" speed="10.00"/>
                <vehicle id="3" pos="60.94" speed="10.00"/>
                <vehicle id="2" pos="72.94" speed="0.00"/>
                <vehicle id="1" pos="82.94" speed="0.00"/>
                <vehicle id="0" pos="92.44" speed="0.00"/>
            </lane>
        </edge>
    </timestep>
    <timestep time="32.20">
        <edge id="2to3">
            <lane id="2to3_0">
                <vehicle id="11" pos="4.52" speed="10.00"/>
                <vehicle id="10" pos="24.52" speed="10.00"/>
                <vehicle id="9" pos="44.52" speed="10.00"/>
                <vehicle id="8" pos="64.52" speed="10.00"/>
                <vehicle id="7" pos="84.52" speed="10.00"/>
            </lane>
        </edge>
        <edge id="3to4">
            <lane id="3to4_0">
                <vehicle id="6" pos="1.94" speed="10.00"/>
                <vehicle id="5" pos="21.94" speed="10.00"/>
                <vehicle id="4" pos="41.94" speed="10.00"/>
                <vehicle id="3" pos="61.94" speed="10.00"/>
                <vehicle id="2" pos="72.94" speed="0.00"/>
                <vehicle id="1" pos="82.94" speed="0.00"/>
                <vehicle id="0" pos="92.44" speed="0.00"/>
            </lane>
        </edge>
    </timestep>
    <timestep time="32.30">
        <edge id="2to3">
            <lane id="2to3_0">
                <vehicle id="11" pos="5.52" speed="10.00"/>
                <vehicle id="10" pos="25.52" speed="10.00"/>
                <vehicle id="9" pos="45.52" speed="10.00"/>
                <vehicle id="8" pos="65.52" speed="10.00"/>
                <vehicle id="7" pos="85.52" speed="10.00"/>
            </lane>
        </edge>
        <edge id="3to4">
            <lane id="3to4_0">
                <vehicle id="6" pos="2.94" speed="10.00"/>
                <vehicle id="5" pos="22.94" speed="10.00"/>
                <vehicle id="4" pos="42.94" speed="10.00"/>
                <vehicle id="3" pos="62.94" speed="10.00"/>
                <vehicle id="2" pos="72.94" speed="0.00"/>
                <vehicle id="1" pos="82.94" speed="0.00"/>
                <vehicle id="0" pos="92.44" speed="0.00"/>
            </lane>
        </edge>
    </timestep>
    <timestep time="32.40">
        <edge id="2to3">
            <lane id="2to3_0">
                <vehicle id="11" pos="6.52" speed="10.00"/>
                <vehicle id="10" pos="26.52" speed="10.00"/>
                <vehicle id="9" pos="46.52" speed="10.00"/>
                <vehicle id="8" pos="66.52" speed="10.00"/>
                <vehicle id="7" pos="86.52" speed="10.00"/>
            </lane>
        </edge>
        <edge id="3to4">
            <lane id="3to4_0">
                <vehicle id="6" pos="3.94" speed="10.00"/>
                <vehicle id="5" pos="23.94" speed="10.00"/>
                <vehicle id="4" pos="43.94" speed="10.00"/>
                <vehicle id="3" pos="62.94" speed="0.00"/>
                <vehicle id="2" pos="72.94" speed="0.00"/>
                <vehicle id="1" pos="82.94" speed="0.00"/>
                <vehicle id="0" pos="92.44" speed="0.00"/>
            </lane>
        </edge>
    </timestep>
    <timestep time="32.50">
        <edge id="2to3">
            <lane id="2to3_0">
                <vehicle id="11" pos="7.52" speed="10.00"/>
                <vehicle id="10" pos="27.52" speed="10.00"/>
                <vehicle id="9" pos="47.52" speed="10.00"/>
                <vehicle id="8" pos="67.52" speed="10.00"/>
                <vehicle id="7" pos="87.52" speed="10.00"/>
            </lane>
        </edge>
        <edge id="3to4">
            <lane id="3to4_0">
                <vehicle id="6" pos="4.94" speed="10.00"/>
                <vehicle id="5" pos="24.94" speed="10.00"/>
                <vehicle id="4" pos="44.94" speed="10.00"/>
                <vehicle id="3" pos="62.94" speed="0.00"/>
                <vehicle id="2" pos="72.94" speed="0.00"/>
                <vehicle id="1" pos="82.94" speed="0.00"/>
                <vehicle id="0" pos="92.44" speed="0.00"/>
            </lane>
        </edge>
    </timestep>
    <timestep time="32.60">
        <edge id="2to3">
            <lane id="2to3_0">
                <vehicle id="11" pos="8.52" speed="10.00"/>
                <vehicle id="10" pos="28.52" speed="10.00"/>
                <vehicle id="9" pos="48.52" speed="10.00"/>
                <vehicle id="8" pos="68.52" speed="10.00"/>
                <vehicle id="7" pos="88.52" speed="10.00"/>
            </lane>
        </edge>
        <edge id="3to4">
            <lane id="3to4_0">
                <vehicle id="6" pos="5.94" speed="10.00"/>
                <vehicle id="5" pos="25.94" speed="10.00"/>
                <vehicle id="4" pos="45.94" speed="10.00"/>
                <vehicle id="3" pos="62.94" speed="0.00"/>
                <vehicle id="2" pos="72.94" speed="0.00"/>
                <vehicle id="1" pos="82.94" speed="0.00"/>
                <vehicle id="0" pos="92.44" speed="0.00"/>
            </lane>
        </edge>
    </timestep>
    <timestep time="32.70">
        <edge id="2to3">
            <lane id="2to3_0">
                <vehicle id="11" pos="9.52" speed="10.00"/>
                <vehicle id="10" pos="29.52" speed="10.00"/>
                <vehicle id="9" pos="49.52" speed="10.00"/>
                <vehicle id="8" pos="69.52" speed="10.00"/>
                <vehicle id="7" pos="89.52" speed="10.00"/>
            </lane>
        </edge>
        <edge id="3to4">
            <lane id="3to4_0">
                <vehicle id="6" pos="6.94" speed="10.00"/>
                <vehicle id="5" pos="26.94" speed="10.00"/>
                <vehicle id="4" pos="46.94" speed="10.00"/>
                <vehicle id="3" pos="62.94" speed="0.00"/>
                <vehicle id="2" pos="72.94" speed="0.00"/>
                <vehicle id="1" pos="82.94" speed="0.00"/>
                <vehicle id="0" pos="92.44" speed="0.00"/>
            </lane>
        </edge>
    </timestep>
    <timestep time="32.80">
        <edge id="2to3">
            <lane id="2to3_0">
                <vehicle id="11" pos="10.52" speed="10.00"/>
                <vehicle id="10" pos="30.52" speed="10.00"/>
                <vehicle id="9" pos="50.52" speed="10.00"/>
                <vehicle id="8" pos="70.52" speed="10.00"/>
                <vehicle id="7" pos="90.52" speed="10.00"/>
            </lane>
        </edge>
        <edge id="3to4">
            <lane id="3to4_0">
                <vehicle id="6" pos="7.94" speed="10.00"/>
                <vehicle id="5" pos="27.94" speed="10.00"/>
                <vehicle id="4" pos="47.94" speed="10.00"/>
                <vehicle id="3" pos="62.94" speed="0.00"/>
                <vehicle id="2" pos="72.94" speed="0.00"/>
                <vehicle id="1" pos="82.94" speed="0.00"/>
                <vehicle id="0" pos="92.44" speed="0.00"/>
            </lane>
        </edge>
    </timestep>
    <timestep time="32.90">
        <edge id="2to3">
            <lane id="2to3_0">
                <vehicle id="11" pos="11.52" speed="10.00"/>
                <vehicle id="10" pos="31.52" speed="10.00"/>
                <vehicle id="9" pos="51.52" speed="10.00"/>
                <vehicle id="8" pos="71.52" speed="10.00"/>
                <vehicle id="7" pos="91.52" speed="10.00"/>
            </lane>
        </edge>
        <edge id="3to4">
            <lane id="3to4_0">
                <vehicle id="6" pos="8.94" speed="10.00"/>
                <vehicle id="5" pos="28.94" speed="10.00"/>
                <vehicle id="4" pos="48.94" speed="10.00"/>
                <vehicle id="3" pos="62.94" speed="0.00"/>
                <vehicle id="2" pos="72.94" speed="0.00"/>
                <vehicle id="1" pos="82.94" speed="0.00"/>
                <vehicle id="0" pos="92.44" speed="0.00"/>
            </lane>
        </edge>
    </timestep>
    <timestep time="33.00">
        <edge id="2to3">
            <lane id="2to3_0">
                <vehicle id="11" pos="12.52" speed="10.00"/>
                <vehicle id="10" pos="32.52" speed="10.00"/>
                <vehicle id="9" pos="52.52" speed="10.00"/>
                <vehicle id="8" pos="72.52" speed="10.00"/>
                <vehicle id="7" pos="92.52" speed="10.00"/>
            </lane>
        </edge>
        <edge id="3to4">
            <lane id="3to4_0">
                <vehicle id="6" pos="9.94" speed="10.00"/>
                <vehicle id="5" pos="29.94" speed="10.00"/>
                <vehicle id="4" pos="49.94" speed="10.00"/>
                <vehicle id="3" pos="62.94" speed="0.00"/>
                <vehicle id="2" pos="72.94" speed="0.00"/>
                <vehicle id="1" pos="82.94" speed="0.00"/>
                <vehicle id="0" pos="92.44" speed="0.00"/>
            </lane>
        </edge>
    </timestep>
    <timestep time="33.10">
        <edge id="2to3">
            <lane id="2to3_0">
                <vehicle id="11" pos="13.52" speed="10.00"/>
                <vehicle id="10" pos="33.52" speed="10.00"/>
                <vehicle id="9" pos="53.52" speed="10.00"/>
                <vehicle id="8" pos="73.52" speed="10.00"/>
                <vehicle id="7" pos="93.52" speed="10.00"/>
            </lane>
        </edge>
        <edge id="3to4">
            <lane id="3to4_0">
                <vehicle id="6" pos="10.94" speed="10.00"/>
                <vehicle id="5" pos="30.94" speed="10.00"/>
                <vehicle id="4" pos="50.94" speed="10.00"/>
                <vehicle id="3" pos="62.94" speed="0.00"/>
                <vehicle id="2" pos="72.94" speed="0.00"/>
                <vehicle id="1" pos="82.94" speed="0.00"/>
                <vehicle id="0" pos="92.44" speed="0.00"/>
            </lane>
        </edge>
    </timestep>
    <timestep time="33.20">
        <edge id="2to3">
            <lane id="2to3_0">
                <vehicle id="11" pos="14.52" speed="10.00"/>
                <vehicle id="10" pos="34.52" speed="10.00"/>
                <vehicle id="9" pos="54.52" speed="10.00"/>
                <vehicle id="8" pos="74.52" speed="10.00"/>
                <vehicle id="7" pos="94.52" speed="10.00"/>
            </lane>
        </edge>
        <edge id="3to4">
            <lane id="3to4_0">
                <vehicle id="6" pos="11.94" speed="10.00"/>
                <vehicle id="5" pos="31.94" speed="10.00"/>
                <vehicle id="4" pos="51.94" speed="10.00"/>
                <vehicle id="3" pos="62.94" speed="0.00"/>
                <vehicle id="2" pos="72.94" speed="0.00"/>
                <vehicle id="1" pos="82.94" speed="0.00"/>
                <vehicle id="0" pos="92.44" speed="0.00"/>
            </lane>
        </edge>
    </timestep>
    <timestep time="33.30">
        <edge id="2to3">
            <lane id="2to3_0">
                <vehicle id="11" pos="15.52" speed="10.00"/>
                <vehicle id="10" pos="35.52" speed="10.00"/>
                <vehicle id="9" pos="55.52" speed="10.00"/>
                <vehicle id="8" pos="75.52" speed="10.00"/>
                <vehicle id="7" pos="95.52" speed="10.00"/>
            </lane>
        </edge>
        <edge id="3to4">
            <lane id="3to4_0">
                <vehicle id="6" pos="12.94" speed="10.00"/>
                <vehicle id="5" pos="32.94" speed="10.00"/>
                <vehicle id="4" pos="52.94" speed="10.00"/>
                <vehicle id="3" pos="62.94" speed="0.00"/>
                <vehicle id="2" pos="72.94" speed="0.00"/>
                <vehicle id="1" pos="82.94" speed="0.00"/>
                <vehicle id="0" pos="92.44" speed="0.00"/>
            </lane>
        </edge>
    </timestep>
    <timestep time="33.40">
        <edge id="2to3">
            <lane id="2to3_0">
                <vehicle id="11" pos="16.52" speed="10.00"/>
                <vehicle id="10" pos="36.52" speed="10.00"/>
                <vehicle id="9" pos="56.52" speed="10.00"/>
                <vehicle id="8" pos="76.52" speed="10.00"/>
                <vehicle id="7" pos="96.52" speed="10.00"/>
            </lane>
        </edge>
        <edge id="3to4">
            <lane id="3to4_0">
                <vehicle id="6" pos="13.94" speed="10.00"/>
                <vehicle id="5" pos="33.94" speed="10.00"/>
                <vehicle id="4" pos="52.94" speed="0.00"/>
                <vehicle id="3" pos="62.94" speed="0.00"/>
                <vehicle id="2" pos="72.94" speed="0.00"/>
                <vehicle id="1" pos="82.94" speed="0.00"/>
                <vehicle id="0" pos="92.44" speed="0.00"/>
            </lane>
        </edge>
    </timestep>
    <timestep time="33.50">
        <edge id="2to3">
            <lane id="2to3_0">
                <vehicle id="11" pos="17.52" speed="10.00"/>
                <vehicle id="10" pos="37.52" speed="10.00"/>
                <vehicle id="9" pos="57.52" speed="10.00"/>
                <vehicle id="8" pos="77.52" speed="10.00"/>
                <vehicle id="7" pos="97.52" speed="10.00"/>
            </lane>
        </edge>
        <edge id="3to4">
            <lane id="3to4_0">
                <vehicle id="6" pos="14.94" speed="10.00"/>
                <vehicle id="5" pos="34.94" speed="10.00"/>
                <vehicle id="4" pos="52.94" speed="0.00"/>
                <vehicle id="3" pos="62.94" speed="0.00"/>
                <vehicle id="2" pos="72.94" speed="0.00"/>
                <vehicle id="1" pos="82.94" speed="0.00"/>
                <vehicle id="0" pos="92.44" speed="0.00"/>
            </lane>
        </edge>
    </timestep>
    <timestep time="33.60">
        <edge id="2to3">
            <lane id="2to3_0">
                <vehicle id="11" pos="18.52" speed="10.00"/>
                <vehicle id="10" pos="38.52" speed="10.00"/>
                <vehicle id="9" pos="58.52" speed="10.00"/>
                <vehicle id="8" pos="78.52" speed="10.00"/>
                <vehicle id="7" pos="98.52" speed="10.00"/>
            </lane>
        </edge>
        <edge id="3to4">
            <lane id="3to4_0">
                <vehicle id="6" pos="15.94" speed="10.00"/>
                <vehicle id="5" pos="35.94" speed="10.00"/>
                <vehicle id="4" pos="52.94" speed="0.00"/>
                <vehicle id="3" pos="62.94" speed="0.00"/>
                <vehicle id="2" pos="72.94" speed="0.00"/>
                <vehicle id="1" pos="82.94" speed="0.00"/>
                <vehicle id="0" pos="92.44" speed="0.00"/>
            </lane>
        </edge>
    </timestep>
    <timestep time="33.70">
        <edge id="2to3">
            <lane id="2to3_0">
                <vehicle id="11" pos="19.52" speed="10.00"/>
                <vehicle id="10" pos="39.52" speed="10.00"/>
                <vehicle id="9" pos="59.52" speed="10.00"/>
                <vehicle id="8" pos="79.52" speed="10.00"/>
                <vehicle id="7" pos="99.52" speed="10.00"/>
            </lane>
        </edge>
        <edge id="3to4">
            <lane id="3to4_0">
                <vehicle id="6" pos="16.94" speed="10.00"/>
                <vehicle id="5" pos="36.94" speed="10.00"/>
                <vehicle id="4" pos="52.94" speed="0.00"/>
                <vehicle id="3" pos="62.94" speed="0.00"/>
                <vehicle id="2" pos="72.94" speed="0.00"/>
                <vehicle id="1" pos="82.94" speed="0.00"/>
                <vehicle id="0" pos="92.44" speed="0.00"/>
            </lane>
        </edge>
    </timestep>
    <timestep time="33.80">
        <edge id=":3_0">
            <lane id=":3_0_0">
                <vehicle id="7" pos="0.52" speed="10.00"/>
            </lane>
        </edge>
        <edge id="2to3">
            <lane id="2to3_0">
                <vehicle id="11" pos="20.52" speed="10.00"/>
                <vehicle id="10" pos="40.52" speed="10.00"/>
                <vehicle id="9" pos="60.52" speed="10.00"/>
                <vehicle id="8" pos="80.52" speed="10.00"/>
            </lane>
        </edge>
        <edge id="3to4">
            <lane id="3to4_0">
                <vehicle id="6" pos="17.94" speed="10.00"/>
                <vehicle id="5" pos="37.94" speed="10.00"/>
                <vehicle id="4" pos="52.94" speed="0.00"/>
                <vehicle id="3" pos="62.94" speed="0.00"/>
                <vehicle id="2" pos="72.94" speed="0.00"/>
                <vehicle id="1" pos="82.94" speed="0.00"/>
                <vehicle id="0" pos="92.44" speed="0.00"/>
            </lane>
        </edge>
    </timestep>
    <timestep time="33.90">
        <edge id=":3_0">
            <lane id=":3_0_0">
                <vehicle id="7" pos="1.52" speed="10.00"/>
            </lane>
        </edge>
        <edge id="2to3">
            <lane id="2to3_0">
                <vehicle id="11" pos="21.52" speed="10.00"/>
                <vehicle id="10" pos="41.52" speed="10.00"/>
                <vehicle id="9" pos="61.52" speed="10.00"/>
                <vehicle id="8" pos="81.52" speed="10.00"/>
            </lane>
        </edge>
        <edge id="3to4">
            <lane id="3to4_0">
                <vehicle id="6" pos="18.94" speed="10.00"/>
                <vehicle id="5" pos="38.94" speed="10.00"/>
                <vehicle id="4" pos="52.94" speed="0.00"/>
                <vehicle id="3" pos="62.94" speed="0.00"/>
                <vehicle id="2" pos="72.94" speed="0.00"/>
                <vehicle id="1" pos="82.94" speed="0.00"/>
                <vehicle id="0" pos="92.44" speed="0.00"/>
            </lane>
        </edge>
    </timestep>
    <timestep time="34.00">
        <edge id=":3_0">
            <lane id=":3_0_0">
                <vehicle id="7" pos="2.52" speed="10.00"/>
            </lane>
        </edge>
        <edge id="2to3">
            <lane id="2to3_0">
                <vehicle id="11" pos="22.52" speed="10.00"/>
                <vehicle id="10" pos="42.52" speed="10.00"/>
                <vehicle id="9" pos="62.52" speed="10.00"/>
                <vehicle id="8" pos="82.52" speed="10.00"/>
            </lane>
        </edge>
        <edge id="3to4">
            <lane id="3to4_0">
                <vehicle id="6" pos="19.94" speed="10.00"/>
                <vehicle id="5" pos="39.94" speed="10.00"/>
                <vehicle id="4" pos="52.94" speed="0.00"/>
                <vehicle id="3" pos="62.94" speed="0.00"/>
                <vehicle id="2" pos="72.94" speed="0.00"/>
                <vehicle id="1" pos="82.94" speed="0.00"/>
                <vehicle id="0" pos="92.44" speed="0.00"/>
            </lane>
        </edge>
    </timestep>
    <timestep time="34.10">
        <edge id="2to3">
            <lane id="2to3_0">
                <vehicle id="11" pos="23.52" speed="10.00"/>
                <vehicle id="10" pos="43.52" speed="10.00"/>
                <vehicle id="9" pos="63.52" speed="10.00"/>
                <vehicle id="8" pos="83.52" speed="10.00"/>
            </lane>
        </edge>
        <edge id="3to4">
            <lane id="3to4_0">
                <vehicle id="7" pos="0.94" speed="10.00"/>
                <vehicle id="6" pos="20.94" speed="10.00"/>
                <vehicle id="5" pos="40.94" speed="10.00"/>
                <vehicle id="4" pos="52.94" speed="0.00"/>
                <vehicle id="3" pos="62.94" speed="0.00"/>
                <vehicle id="2" pos="72.94" speed="0.00"/>
                <vehicle id="1" pos="82.94" speed="0.00"/>
                <vehicle id="0" pos="92.44" speed="0.00"/>
            </lane>
        </edge>
    </timestep>
    <timestep time="34.20">
        <edge id="2to3">
            <lane id="2to3_0">
                <vehicle id="11" pos="24.52" speed="10.00"/>
                <vehicle id="10" pos="44.52" speed="10.00"/>
                <vehicle id="9" pos="64.52" speed="10.00"/>
                <vehicle id="8" pos="84.52" speed="10.00"/>
            </lane>
        </edge>
        <edge id="3to4">
            <lane id="3to4_0">
                <vehicle id="7" pos="1.94" speed="10.00"/>
                <vehicle id="6" pos="21.94" speed="10.00"/>
                <vehicle id="5" pos="41.94" speed="10.00"/>
                <vehicle id="4" pos="52.94" speed="0.00"/>
                <vehicle id="3" pos="62.94" speed="0.00"/>
                <vehicle id="2" pos="72.94" speed="0.00"/>
                <vehicle id="1" pos="82.94" speed="0.00"/>
                <vehicle id="0" pos="92.44" speed="0.00"/>
            </lane>
        </edge>
    </timestep>
    <timestep time="34.30">
        <edge id="2to3">
            <lane id="2to3_0">
                <vehicle id="11" pos="25.52" speed="10.00"/>
                <vehicle id="10" pos="45.52" speed="10.00"/>
                <vehicle id="9" pos="65.52" speed="10.00"/>
                <vehicle id="8" pos="85.52" speed="10.00"/>
            </lane>
        </edge>
        <edge id="3to4">
            <lane id="3to4_0">
                <vehicle id="7" pos="2.94" speed="10.00"/>
                <vehicle id="6" pos="22.94" speed="10.00"/>
                <vehicle id="5" pos="42.94" speed="10.00"/>
                <vehicle id="4" pos="52.94" speed="0.00"/>
                <vehicle id="3" pos="62.94" speed="0.00"/>
                <vehicle id="2" pos="72.94" speed="0.00"/>
                <vehicle id="1" pos="82.94" speed="0.00"/>
                <vehicle id="0" pos="92.44" speed="0.00"/>
            </lane>
        </edge>
    </timestep>
    <timestep time="34.40">
        <edge id="2to3">
            <lane id="2to3_0">
                <vehicle id="11" pos="26.52" speed="10.00"/>
                <vehicle id="10" pos="46.52" speed="10.00"/>
                <vehicle id="9" pos="66.52" speed="10.00"/>
                <vehicle id="8" pos="86.52" speed="10.00"/>
            </lane>
        </edge>
        <edge id="3to4">
            <lane id="3to4_0">
                <vehicle id="7" pos="3.94" speed="10.00"/>
                <vehicle id="6" pos="23.94" speed="10.00"/>
                <vehicle id="5" pos="42.94" speed="0.00"/>
                <vehicle id="4" pos="52.94" speed="0.00"/>
                <vehicle id="3" pos="62.94" speed="0.00"/>
                <vehicle id="2" pos="72.94" speed="0.00"/>
                <vehicle id="1" pos="82.94" speed="0.00"/>
                <vehicle id="0" pos="92.44" speed="0.00"/>
            </lane>
        </edge>
    </timestep>
    <timestep time="34.50">
        <edge id="2to3">
            <lane id="2to3_0">
                <vehicle id="11" pos="27.52" speed="10.00"/>
                <vehicle id="10" pos="47.52" speed="10.00"/>
                <vehicle id="9" pos="67.52" speed="10.00"/>
                <vehicle id="8" pos="87.52" speed="10.00"/>
            </lane>
        </edge>
        <edge id="3to4">
            <lane id="3to4_0">
                <vehicle id="7" pos="4.94" speed="10.00"/>
                <vehicle id="6" pos="24.94" speed="10.00"/>
                <vehicle id="5" pos="42.94" speed="0.00"/>
                <vehicle id="4" pos="52.94" speed="0.00"/>
                <vehicle id="3" pos="62.94" speed="0.00"/>
                <vehicle id="2" pos="72.94" speed="0.00"/>
                <vehicle id="1" pos="82.94" speed="0.00"/>
                <vehicle id="0" pos="92.44" speed="0.00"/>
            </lane>
        </edge>
    </timestep>
    <timestep time="34.60">
        <edge id="2to3">
            <lane id="2to3_0">
                <vehicle id="11" pos="28.52" speed="10.00"/>
                <vehicle id="10" pos="48.52" speed="10.00"/>
                <vehicle id="9" pos="68.52" speed="10.00"/>
                <vehicle id="8" pos="88.52" speed="10.00"/>
            </lane>
        </edge>
        <edge id="3to4">
            <lane id="3to4_0">
                <vehicle id="7" pos="5.94" speed="10.00"/>
                <vehicle id="6" pos="25.94" speed="10.00"/>
                <vehicle id="5" pos="42.94" speed="0.00"/>
                <vehicle id="4" pos="52.94" speed="0.00"/>
                <vehicle id="3" pos="62.94" speed="0.00"/>
                <vehicle id="2" pos="72.94" speed="0.00"/>
                <vehicle id="1" pos="82.94" speed="0.00"/>
                <vehicle id="0" pos="92.44" speed="0.00"/>
            </lane>
        </edge>
    </timestep>
    <timestep time="34.70">
        <edge id="2to3">
            <lane id="2to3_0">
                <vehicle id="11" pos="29.52" speed="10.00"/>
                <vehicle id="10" pos="49.52" speed="10.00"/>
                <vehicle id="9" pos="69.52" speed="10.00"/>
                <vehicle id="8" pos="89.52" speed="10.00"/>
            </lane>
        </edge>
        <edge id="3to4">
            <lane id="3to4_0">
                <vehicle id="7" pos="6.94" speed="10.00"/>
                <vehicle id="6" pos="26.94" speed="10.00"/>
                <vehicle id="5" pos="42.94" speed="0.00"/>
                <vehicle id="4" pos="52.94" speed="0.00"/>
                <vehicle id="3" pos="62.94" speed="0.00"/>
                <vehicle id="2" pos="72.94" speed="0.00"/>
                <vehicle id="1" pos="82.94" speed="0.00"/>
                <vehicle id="0" pos="92.44" speed="0.00"/>
            </lane>
        </edge>
    </timestep>
    <timestep time="34.80">
        <edge id="2to3">
            <lane id="2to3_0">
                <vehicle id="11" pos="30.52" speed="10.00"/>
                <vehicle id="10" pos="50.52" speed="10.00"/>
                <vehicle id="9" pos="70.52" speed="10.00"/>
                <vehicle id="8" pos="90.52" speed="10.00"/>
            </lane>
        </edge>
        <edge id="3to4">
            <lane id="3to4_0">
                <vehicle id="7" pos="7.94" speed="10.00"/>
                <vehicle id="6" pos="27.94" speed="10.00"/>
                <vehicle id="5" pos="42.94" speed="0.00"/>
                <vehicle id="4" pos="52.94" speed="0.00"/>
                <vehicle id="3" pos="62.94" speed="0.00"/>
                <vehicle id="2" pos="72.94" speed="0.00"/>
                <vehicle id="1" pos="82.94" speed="0.00"/>
                <vehicle id="0" pos="92.44" speed="0.00"/>
            </lane>
        </edge>
    </timestep>
    <timestep time="34.90">
        <edge id="2to3">
            <lane id="2to3_0">
                <vehicle id="11" pos="31.52" speed="10.00"/>
                <vehicle id="10" pos="51.52" speed="10.00"/>
                <vehicle id="9" pos="71.52" speed="10.00"/>
                <vehicle id="8" pos="91.52" speed="10.00"/>
            </lane>
        </edge>
        <edge id="3to4">
            <lane id="3to4_0">
                <vehicle id="7" pos="8.94" speed="10.00"/>
                <vehicle id="6" pos="28.94" speed="10.00"/>
                <vehicle id="5" pos="42.94" speed="0.00"/>
                <vehicle id="4" pos="52.94" speed="0.00"/>
                <vehicle id="3" pos="62.94" speed="0.00"/>
                <vehicle id="2" pos="72.94" speed="0.00"/>
                <vehicle id="1" pos="82.94" speed="0.00"/>
                <vehicle id="0" pos="92.44" speed="0.00"/>
            </lane>
        </edge>
    </timestep>
    <timestep time="35.00">
        <edge id="2to3">
            <lane id="2to3_0">
                <vehicle id="11" pos="32.52" speed="10.00"/>
                <vehicle id="10" pos="52.52" speed="10.00"/>
                <vehicle id="9" pos="72.52" speed="10.00"/>
                <vehicle id="8" pos="92.52" speed="10.00"/>
            </lane>
        </edge>
        <edge id="3to4">
            <lane id="3to4_0">
                <vehicle id="7" pos="9.94" speed="10.00"/>
                <vehicle id="6" pos="29.94" speed="10.00"/>
                <vehicle id="5" pos="42.94" speed="0.00"/>
                <vehicle id="4" pos="52.94" speed="0.00"/>
                <vehicle id="3" pos="62.94" speed="0.00"/>
                <vehicle id="2" pos="72.94" speed="0.00"/>
                <vehicle id="1" pos="82.94" speed="0.00"/>
                <vehicle id="0" pos="92.44" speed="0.00"/>
            </lane>
        </edge>
    </timestep>
    <timestep time="35.10">
        <edge id="2to3">
            <lane id="2to3_0">
                <vehicle id="11" pos="33.52" speed="10.00"/>
                <vehicle id="10" pos="53.52" speed="10.00"/>
                <vehicle id="9" pos="73.52" speed="10.00"/>
                <vehicle id="8" pos="93.52" speed="10.00"/>
            </lane>
        </edge>
        <edge id="3to4">
            <lane id="3to4_0">
                <vehicle id="7" pos="10.94" speed="10.00"/>
                <vehicle id="6" pos="30.94" speed="10.00"/>
                <vehicle id="5" pos="42.94" speed="0.00"/>
                <vehicle id="4" pos="52.94" speed="0.00"/>
                <vehicle id="3" pos="62.94" speed="0.00"/>
                <vehicle id="2" pos="72.94" speed="0.00"/>
                <vehicle id="1" pos="82.94" speed="0.00"/>
                <vehicle id="0" pos="92.44" speed="0.00"/>
            </lane>
        </edge>
    </timestep>
    <timestep time="35.20">
        <edge id="2to3">
            <lane id="2to3_0">
                <vehicle id="11" pos="34.52" speed="10.00"/>
                <vehicle id="10" pos="54.52" speed="10.00"/>
                <vehicle id="9" pos="74.52" speed="10.00"/>
                <vehicle id="8" pos="94.52" speed="10.00"/>
            </lane>
        </edge>
        <edge id="3to4">
            <lane id="3to4_0">
                <vehicle id="7" pos="11.94" speed="10.00"/>
                <vehicle id="6" pos="31.94" speed="10.00"/>
                <vehicle id="5" pos="42.94" speed="0.00"/>
                <vehicle id="4" pos="52.94" speed="0.00"/>
                <vehicle id="3" pos="62.94" speed="0.00"/>
                <vehicle id="2" pos="72.94" speed="0.00"/>
                <vehicle id="1" pos="82.94" speed="0.00"/>
                <vehicle id="0" pos="92.44" speed="0.00"/>
            </lane>
        </edge>
    </timestep>
    <timestep time="35.30">
        <edge id="2to3">
            <lane id="2to3_0">
                <vehicle id="11" pos="35.52" speed="10.00"/>
                <vehicle id="10" pos="55.52" speed="10.00"/>
                <vehicle id="9" pos="75.52" speed="10.00"/>
                <vehicle id="8" pos="95.52" speed="10.00"/>
            </lane>
        </edge>
        <edge id="3to4">
            <lane id="3to4_0">
                <vehicle id="7" pos="12.94" speed="10.00"/>
                <vehicle id="6" pos="32.94" speed="10.00"/>
                <vehicle id="5" pos="42.94" speed="0.00"/>
                <vehicle id="4" pos="52.94" speed="0.00"/>
                <vehicle id="3" pos="62.94" speed="0.00"/>
                <vehicle id="2" pos="72.94" speed="0.00"/>
                <vehicle id="1" pos="82.94" speed="0.00"/>
                <vehicle id="0" pos="92.44" speed="0.00"/>
            </lane>
        </edge>
    </timestep>
    <timestep time="35.40">
        <edge id="2to3">
            <lane id="2to3_0">
                <vehicle id="11" pos="36.52" speed="10.00"/>
                <vehicle id="10" pos="56.52" speed="10.00"/>
                <vehicle id="9" pos="76.52" speed="10.00"/>
                <vehicle id="8" pos="96.52" speed="10.00"/>
            </lane>
        </edge>
        <edge id="3to4">
            <lane id="3to4_0">
                <vehicle id="7" pos="13.94" speed="10.00"/>
                <vehicle id="6" pos="32.94" speed="0.00"/>
                <vehicle id="5" pos="42.94" speed="0.00"/>
                <vehicle id="4" pos="52.94" speed="0.00"/>
                <vehicle id="3" pos="62.94" speed="0.00"/>
                <vehicle id="2" pos="72.94" speed="0.00"/>
                <vehicle id="1" pos="82.94" speed="0.00"/>
                <vehicle id="0" pos="92.44" speed="0.00"/>
            </lane>
        </edge>
    </timestep>
    <timestep time="35.50">
        <edge id="2to3">
            <lane id="2to3_0">
                <vehicle id="11" pos="37.52" speed="10.00"/>
                <vehicle id="10" pos="57.52" speed="10.00"/>
                <vehicle id="9" pos="77.52" speed="10.00"/>
                <vehicle id="8" pos="97.52" speed="10.00"/>
            </lane>
        </edge>
        <edge id="3to4">
            <lane id="3to4_0">
                <vehicle id="7" pos="14.94" speed="10.00"/>
                <vehicle id="6" pos="32.94" speed="0.00"/>
                <vehicle id="5" pos="42.94" speed="0.00"/>
                <vehicle id="4" pos="52.94" speed="0.00"/>
                <vehicle id="3" pos="62.94" speed="0.00"/>
                <vehicle id="2" pos="72.94" speed="0.00"/>
                <vehicle id="1" pos="82.94" speed="0.00"/>
                <vehicle id="0" pos="92.44" speed="0.00"/>
            </lane>
        </edge>
    </timestep>
    <timestep time="35.60">
        <edge id="2to3">
            <lane id="2to3_0">
                <vehicle id="11" pos="38.52" speed="10.00"/>
                <vehicle id="10" pos="58.52" speed="10.00"/>
                <vehicle id="9" pos="78.52" speed="10.00"/>
                <vehicle id="8" pos="98.52" speed="10.00"/>
            </lane>
        </edge>
        <edge id="3to4">
            <lane id="3to4_0">
                <vehicle id="7" pos="15.94" speed="10.00"/>
                <vehicle id="6" pos="32.94" speed="0.00"/>
                <vehicle id="5" pos="42.94" speed="0.00"/>
                <vehicle id="4" pos="52.94" speed="0.00"/>
                <vehicle id="3" pos="62.94" speed="0.00"/>
                <vehicle id="2" pos="72.94" speed="0.00"/>
                <vehicle id="1" pos="82.94" speed="0.00"/>
                <vehicle id="0" pos="92.44" speed="0.00"/>
            </lane>
        </edge>
    </timestep>
    <timestep time="35.70">
        <edge id="2to3">
            <lane id="2to3_0">
                <vehicle id="11" pos="39.52" speed="10.00"/>
                <vehicle id="10" pos="59.52" speed="10.00"/>
                <vehicle id="9" pos="79.52" speed="10.00"/>
                <vehicle id="8" pos="99.52" speed="10.00"/>
            </lane>
        </edge>
        <edge id="3to4">
            <lane id="3to4_0">
                <vehicle id="7" pos="16.94" speed="10.00"/>
                <vehicle id="6" pos="32.94" speed="0.00"/>
                <vehicle id="5" pos="42.94" speed="0.00"/>
                <vehicle id="4" pos="52.94" speed="0.00"/>
                <vehicle id="3" pos="62.94" speed="0.00"/>
                <vehicle id="2" pos="72.94" speed="0.00"/>
                <vehicle id="1" pos="82.94" speed="0.00"/>
                <vehicle id="0" pos="92.44" speed="0.00"/>
            </lane>
        </edge>
    </timestep>
    <timestep time="35.80">
        <edge id=":3_0">
            <lane id=":3_0_0">
                <vehicle id="8" pos="0.52" speed="10.00"/>
            </lane>
        </edge>
        <edge id="2to3">
            <lane id="2to3_0">
                <vehicle id="11" pos="40.52" speed="10.00"/>
                <vehicle id="10" pos="60.52" speed="10.00"/>
                <vehicle id="9" pos="80.52" speed="10.00"/>
            </lane>
        </edge>
        <edge id="3to4">
            <lane id="3to4_0">
                <vehicle id="7" pos="17.94" speed="10.00"/>
                <vehicle id="6" pos="32.94" speed="0.00"/>
                <vehicle id="5" pos="42.94" speed="0.00"/>
                <vehicle id="4" pos="52.94" speed="0.00"/>
                <vehicle id="3" pos="62.94" speed="0.00"/>
                <vehicle id="2" pos="72.94" speed="0.00"/>
                <vehicle id="1" pos="82.94" speed="0.00"/>
                <vehicle id="0" pos="92.44" speed="0.00"/>
            </lane>
        </edge>
    </timestep>
    <timestep time="35.90">
        <edge id=":3_0">
            <lane id=":3_0_0">
                <vehicle id="8" pos="1.52" speed="10.00"/>
            </lane>
        </edge>
        <edge id="2to3">
            <lane id="2to3_0">
                <vehicle id="11" pos="41.52" speed="10.00"/>
                <vehicle id="10" pos="61.52" speed="10.00"/>
                <vehicle id="9" pos="81.52" speed="10.00"/>
            </lane>
        </edge>
        <edge id="3to4">
            <lane id="3to4_0">
                <vehicle id="7" pos="18.94" speed="10.00"/>
                <vehicle id="6" pos="32.94" speed="0.00"/>
                <vehicle id="5" pos="42.94" speed="0.00"/>
                <vehicle id="4" pos="52.94" speed="0.00"/>
                <vehicle id="3" pos="62.94" speed="0.00"/>
                <vehicle id="2" pos="72.94" speed="0.00"/>
                <vehicle id="1" pos="82.94" speed="0.00"/>
                <vehicle id="0" pos="92.44" speed="0.00"/>
            </lane>
        </edge>
    </timestep>
    <timestep time="36.00">
        <edge id=":3_0">
            <lane id=":3_0_0">
                <vehicle id="8" pos="2.52" speed="10.00"/>
            </lane>
        </edge>
        <edge id="2to3">
            <lane id="2to3_0">
                <vehicle id="11" pos="42.52" speed="10.00"/>
                <vehicle id="10" pos="62.52" speed="10.00"/>
                <vehicle id="9" pos="82.52" speed="10.00"/>
            </lane>
        </edge>
        <edge id="3to4">
            <lane id="3to4_0">
                <vehicle id="7" pos="19.94" speed="10.00"/>
                <vehicle id="6" pos="32.94" speed="0.00"/>
                <vehicle id="5" pos="42.94" speed="0.00"/>
                <vehicle id="4" pos="52.94" speed="0.00"/>
                <vehicle id="3" pos="62.94" speed="0.00"/>
                <vehicle id="2" pos="72.94" speed="0.00"/>
                <vehicle id="1" pos="82.94" speed="0.00"/>
                <vehicle id="0" pos="92.44" speed="0.00"/>
            </lane>
        </edge>
    </timestep>
    <timestep time="36.10">
        <edge id="2to3">
            <lane id="2to3_0">
                <vehicle id="11" pos="43.52" speed="10.00"/>
                <vehicle id="10" pos="63.52" speed="10.00"/>
                <vehicle id="9" pos="83.52" speed="10.00"/>
            </lane>
        </edge>
        <edge id="3to4">
            <lane id="3to4_0">
                <vehicle id="8" pos="0.94" speed="10.00"/>
                <vehicle id="7" pos="20.94" speed="10.00"/>
                <vehicle id="6" pos="32.94" speed="0.00"/>
                <vehicle id="5" pos="42.94" speed="0.00"/>
                <vehicle id="4" pos="52.94" speed="0.00"/>
                <vehicle id="3" pos="62.94" speed="0.00"/>
                <vehicle id="2" pos="72.94" speed="0.00"/>
                <vehicle id="1" pos="82.94" speed="0.00"/>
                <vehicle id="0" pos="93.44" speed="10.00"/>
            </lane>
        </edge>
    </timestep>
    <timestep time="36.20">
        <edge id="2to3">
            <lane id="2to3_0">
                <vehicle id="11" pos="44.52" speed="10.00"/>
                <vehicle id="10" pos="64.52" speed="10.00"/>
                <vehicle id="9" pos="84.52" speed="10.00"/>
            </lane>
        </edge>
        <edge id="3to4">
            <lane id="3to4_0">
                <vehicle id="8" pos="1.94" speed="10.00"/>
                <vehicle id="7" pos="21.94" speed="10.00"/>
                <vehicle id="6" pos="32.94" speed="0.00"/>
                <vehicle id="5" pos="42.94" speed="0.00"/>
                <vehicle id="4" pos="52.94" speed="0.00"/>
                <vehicle id="3" pos="62.94" speed="0.00"/>
                <vehicle id="2" pos="72.94" speed="0.00"/>
                <vehicle id="1" pos="83.94" speed="10.00"/>
                <vehicle id="0" pos="94.44" speed="10.00"/>
            </lane>
        </edge>
    </timestep>
    <timestep time="36.30">
        <edge id="2to3">
            <lane id="2to3_0">
                <vehicle id="11" pos="45.52" speed="10.00"/>
                <vehicle id="10" pos="65.52" speed="10.00"/>
                <vehicle id="9" pos="85.52" speed="10.00"/>
            </lane>
        </edge>
        <edge id="3to4">
            <lane id="3to4_0">
                <vehicle id="8" pos="2.94" speed="10.00"/>
                <vehicle id="7" pos="22.94" speed="10.00"/>
                <vehicle id="6" pos="32.94" speed="0.00"/>
                <vehicle id="5" pos="42.94" speed="0.00"/>
                <vehicle id="4" pos="52.94" speed="0.00"/>
                <vehicle id="3" pos="62.94" speed="0.00"/>
                <vehicle id="2" pos="73.94" speed="10.00"/>
                <vehicle id="1" pos="84.94" speed="10.00"/>
                <vehicle id="0" pos="95.44" speed="10.00"/>
            </lane>
        </edge>
    </timestep>
    <timestep time="36.40">
        <edge id=":4_2">
            <lane id=":4_2_0">
                <vehicle id="0" pos="0.44" speed="10.00"/>
            </lane>
        </edge>
        <edge id="2to3">
            <lane id="2to3_0">
                <vehicle id="11" pos="46.52" speed="10.00"/>
                <vehicle id="10" pos="66.52" speed="10.00"/>
                <vehicle id="9" pos="86.52" speed="10.00"/>
            </lane>
        </edge>
        <edge id="3to4">
            <lane id="3to4_0">
                <vehicle id="8" pos="3.94" speed="10.00"/>
                <vehicle id="7" pos="22.94" speed="0.00"/>
                <vehicle id="6" pos="32.94" speed="0.00"/>
                <vehicle id="5" pos="42.94" speed="0.00"/>
                <vehicle id="4" pos="52.94" speed="0.00"/>
                <vehicle id="3" pos="63.94" speed="10.00"/>
                <vehicle id="2" pos="74.94" speed="10.00"/>
                <vehicle id="1" pos="85.94" speed="10.00"/>
            </lane>
        </edge>
    </timestep>
    <timestep time="36.50">
        <edge id=":4_2">
            <lane id=":4_2_0">
                <vehicle id="0" pos="1.44" speed="10.00"/>
            </lane>
        </edge>
        <edge id="2to3">
            <lane id="2to3_0">
                <vehicle id="11" pos="47.52" speed="10.00"/>
                <vehicle id="10" pos="67.52" speed="10.00"/>
                <vehicle id="9" pos="87.52" speed="10.00"/>
            </lane>
        </edge>
        <edge id="3to4">
            <lane id="3to4_0">
                <vehicle id="8" pos="4.94" speed="10.00"/>
                <vehicle id="7" pos="22.94" speed="0.00"/>
                <vehicle id="6" pos="32.94" speed="0.00"/>
                <vehicle id="5" pos="42.94" speed="0.00"/>
                <vehicle id="4" pos="53.94" speed="10.00"/>
                <vehicle id="3" pos="64.94" speed="10.00"/>
                <vehicle id="2" pos="75.94" speed="10.00"/>
                <vehicle id="1" pos="86.94" speed="10.00"/>
            </lane>
        </edge>
    </timestep>
    <timestep time="36.60">
        <edge id=":4_2">
            <lane id=":4_2_0">
                <vehicle id="0" pos="2.44" speed="10.00"/>
            </lane>
        </edge>
        <edge id="2to3">
            <lane id="2to3_0">
                <vehicle id="11" pos="48.52" speed="10.00"/>
                <vehicle id="10" pos="68.52" speed="10.00"/>
                <vehicle id="9" pos="88.52" speed="10.00"/>
            </lane>
        </edge>
        <edge id="3to4">
            <lane id="3to4_0">
                <vehicle id="8" pos="5.94" speed="10.00"/>
                <vehicle id="7" pos="22.94" speed="0.00"/>
                <vehicle id="6" pos="32.94" speed="0.00"/>
                <vehicle id="5" pos="43.94" speed="10.00"/>
                <vehicle id="4" pos="54.94" speed="10.00"/>
                <vehicle id="3" pos="65.94" speed="10.00"/>
                <vehicle id="2" pos="76.94" speed="10.00"/>
                <vehicle id="1" pos="87.44" speed="5.00"/>
            </lane>
        </edge>
    </timestep>
    <timestep time="36.70">
        <edge id=":4_2">
            <lane id=":4_2_0">
                <vehicle id="0" pos="3.44" speed="10.00"/>
            </lane>
        </edge>
        <edge id="2to3">
            <lane id="2to3_0">
                <vehicle id="11" pos="49.52" speed="10.00"/>
                <vehicle id="10" pos="69.52" speed="10.00"/>
                <vehicle id="9" pos="89.52" speed="10.00"/>
            </lane>
        </edge>
        <edge id="3to4">
            <lane id="3to4_0">
                <vehicle id="8" pos="6.94" speed="10.00"/>
                <vehicle id="7" pos="22.94" speed="0.00"/>
                <vehicle id="6" pos="33.94" speed="10.00"/>
                <vehicle id="5" pos="44.94" speed="10.00"/>
                <vehicle id="4" pos="55.94" speed="10.00"/>
                <vehicle id="3" pos="66.94" speed="10.00"/>
                <vehicle id="2" pos="77.94" speed="10.00"/>
                <vehicle id="1" pos="87.94" speed="5.00"/>
            </lane>
        </edge>
    </timestep>
    <timestep time="36.80">
        <edge id=":4_2">
            <lane id=":4_2_0">
                <vehicle id="0" pos="4.44" speed="10.00"/>
            </lane>
        </edge>
        <edge id="2to3">
            <lane id="2to3_0">
                <vehicle id="11" pos="50.52" speed="10.00"/>
                <vehicle id="10" pos="70.52" speed="10.00"/>
                <vehicle id="9" pos="90.52" speed="10.00"/>
            </lane>
        </edge>
        <edge id="3to4">
            <lane id="3to4_0">
                <vehicle id="8" pos="7.94" speed="10.00"/>
                <vehicle id="7" pos="23.94" speed="10.00"/>
                <vehicle id="6" pos="34.94" speed="10.00"/>
                <vehicle id="5" pos="45.94" speed="10.00"/>
                <vehicle id="4" pos="56.94" speed="10.00"/>
                <vehicle id="3" pos="67.94" speed="10.00"/>
                <vehicle id="2" pos="78.44" speed="5.00"/>
                <vehicle id="1" pos="88.44" speed="5.00"/>
            </lane>
        </edge>
    </timestep>
    <timestep time="36.90">
        <edge id=":4_2">
            <lane id=":4_2_0">
                <vehicle id="0" pos="5.44" speed="10.00"/>
            </lane>
        </edge>
        <edge id="2to3">
            <lane id="2to3_0">
                <vehicle id="11" pos="51.52" speed="10.00"/>
                <vehicle id="10" pos="71.52" speed="10.00"/>
                <vehicle id="9" pos="91.52" speed="10.00"/>
            </lane>
        </edge>
        <edge id="3to4">
            <lane id="3to4_0">
                <vehicle id="8" pos="8.94" speed="10.00"/>
                <vehicle id="7" pos="24.94" speed="10.00"/>
                <vehicle id="6" pos="35.94" speed="10.00"/>
                <vehicle id="5" pos="46.94" speed="10.00"/>
                <vehicle id="4" pos="57.94" speed="10.00"/>
                <vehicle id="3" pos="68.94" speed="10.00"/>
                <vehicle id="2" pos="78.94" speed="5.00"/>
                <vehicle id="1" pos="88.94" speed="5.00"/>
            </lane>
        </edge>
    </timestep>
    <timestep time="37.00">
        <edge id=":4_2">
            <lane id=":4_2_0">
                <vehicle id="0" pos="6.44" speed="10.00"/>
            </lane>
        </edge>
        <edge id="2to3">
            <lane id="2to3_0">
                <vehicle id="11" pos="52.52" speed="10.00"/>
                <vehicle id="10" pos="72.52" speed="10.00"/>
                <vehicle id="9" pos="92.52" speed="10.00"/>
            </lane>
        </edge>
        <edge id="3to4">
            <lane id="3to4_0">
                <vehicle id="8" pos="9.94" speed="10.00"/>
                <vehicle id="7" pos="25.94" speed="10.00"/>
                <vehicle id="6" pos="36.94" speed="10.00"/>
                <vehicle id="5" pos="47.94" speed="10.00"/>
                <vehicle id="4" pos="58.94" speed="10.00"/>
                <vehicle id="3" pos="69.44" speed="5.00"/>
                <vehicle id="2" pos="79.44" speed="5.00"/>
                <vehicle id="1" pos="89.44" speed="5.00"/>
            </lane>
        </edge>
    </timestep>
    <timestep time="37.10">
        <edge id=":4_2">
            <lane id=":4_2_0">
                <vehicle id="0" pos="7.44" speed="10.00"/>
            </lane>
        </edge>
        <edge id="2to3">
            <lane id="2to3_0">
                <vehicle id="11" pos="53.52" speed="10.00"/>
                <vehicle id="10" pos="73.52" speed="10.00"/>
                <vehicle id="9" pos="93.52" speed="10.00"/>
            </lane>
        </edge>
        <edge id="3to4">
            <lane id="3to4_0">
                <vehicle id="8" pos="10.94" speed="10.00"/>
                <vehicle id="7" pos="26.94" speed="10.00"/>
                <vehicle id="6" pos="37.94" speed="10.00"/>
                <vehicle id="5" pos="48.94" speed="10.00"/>
                <vehicle id="4" pos="59.94" speed="10.00"/>
                <vehicle id="3" pos="69.94" speed="5.00"/>
                <vehicle id="2" pos="79.94" speed="5.00"/>
                <vehicle id="1" pos="89.94" speed="5.00"/>
            </lane>
        </edge>
    </timestep>
    <timestep time="37.20">
        <edge id=":4_2">
            <lane id=":4_2_0">
                <vehicle id="0" pos="8.44" speed="10.00"/>
            </lane>
        </edge>
        <edge id="2to3">
            <lane id="2to3_0">
                <vehicle id="11" pos="54.52" speed="10.00"/>
                <vehicle id="10" pos="74.52" speed="10.00"/>
                <vehicle id="9" pos="94.52" speed="10.00"/>
            </lane>
        </edge>
        <edge id="3to4">
            <lane id="3to4_0">
                <vehicle id="8" pos="11.94" speed="10.00"/>
                <vehicle id="7" pos="27.94" speed="10.00"/>
                <vehicle id="6" pos="38.94" speed="10.00"/>
                <vehicle id="5" pos="49.94" speed="10.00"/>
                <vehicle id="4" pos="60.44" speed="5.00"/>
                <vehicle id="3" pos="70.44" speed="5.00"/>
                <vehicle id="2" pos="80.44" speed="5.00"/>
                <vehicle id="1" pos="90.44" speed="5.00"/>
            </lane>
        </edge>
    </timestep>
    <timestep time="37.30">
        <edge id=":4_2">
            <lane id=":4_2_0">
                <vehicle id="0" pos="9.44" speed="10.00"/>
            </lane>
        </edge>
        <edge id="2to3">
            <lane id="2to3_0">
                <vehicle id="11" pos="55.52" speed="10.00"/>
                <vehicle id="10" pos="75.52" speed="10.00"/>
                <vehicle id="9" pos="95.52" speed="10.00"/>
            </lane>
        </edge>
        <edge id="3to4">
            <lane id="3to4_0">
                <vehicle id="8" pos="12.94" speed="10.00"/>
                <vehicle id="7" pos="28.94" speed="10.00"/>
                <vehicle id="6" pos="39.94" speed="10.00"/>
                <vehicle id="5" pos="50.94" speed="10.00"/>
                <vehicle id="4" pos="60.94" speed="5.00"/>
                <vehicle id="3" pos="70.94" speed="5.00"/>
                <vehicle id="2" pos="80.94" speed="5.00"/>
                <vehicle id="1" pos="90.94" speed="5.00"/>
            </lane>
        </edge>
    </timestep>
    <timestep time="37.40">
        <edge id=":4_2">
            <lane id=":4_2_0">
                <vehicle id="0" pos="10.44" speed="10.00"/>
            </lane>
        </edge>
        <edge id="2to3">
            <lane id="2to3_0">
                <vehicle id="11" pos="56.52" speed="10.00"/>
                <vehicle id="10" pos="76.52" speed="10.00"/>
                <vehicle id="9" pos="96.52" speed="10.00"/>
            </lane>
        </edge>
        <edge id="3to4">
            <lane id="3to4_0">
                <vehicle id="8" pos="13.94" speed="10.00"/>
                <vehicle id="7" pos="29.94" speed="10.00"/>
                <vehicle id="6" pos="40.94" speed="10.00"/>
                <vehicle id="5" pos="51.44" speed="5.00"/>
                <vehicle id="4" pos="61.44" speed="5.00"/>
                <vehicle id="3" pos="71.44" speed="5.00"/>
                <vehicle id="2" pos="81.44" speed="5.00"/>
                <vehicle id="1" pos="91.44" speed="5.00"/>
            </lane>
        </edge>
    </timestep>
    <timestep time="37.50">
        <edge id="2to3">
            <lane id="2to3_0">
                <vehicle id="11" pos="57.52" speed="10.00"/>
                <vehicle id="10" pos="77.52" speed="10.00"/>
                <vehicle id="9" pos="97.52" speed="10.00"/>
            </lane>
        </edge>
        <edge id="3to4">
            <lane id="3to4_0">
                <vehicle id="8" pos="14.94" speed="10.00"/>
                <vehicle id="7" pos="30.94" speed="10.00"/>
                <vehicle id="6" pos="41.94" speed="10.00"/>
                <vehicle id="5" pos="51.94" speed="5.00"/>
                <vehicle id="4" pos="61.94" speed="5.00"/>
                <vehicle id="3" pos="71.94" speed="5.00"/>
                <vehicle id="2" pos="81.94" speed="5.00"/>
                <vehicle id="1" pos="91.94" speed="5.00"/>
            </lane>
        </edge>
        <edge id="4to5">
            <lane id="4to5_0">
                <vehicle id="0" pos="0.24" speed="10.00"/>
            </lane>
        </edge>
    </timestep>
    <timestep time="37.60">
        <edge id="2to3">
            <lane id="2to3_0">
                <vehicle id="11" pos="58.52" speed="10.00"/>
                <vehicle id="10" pos="78.52" speed="10.00"/>
                <vehicle id="9" pos="98.52" speed="10.00"/>
            </lane>
        </edge>
        <edge id="3to4">
            <lane id="3to4_0">
                <vehicle id="8" pos="15.94" speed="10.00"/>
                <vehicle id="7" pos="31.94" speed="10.00"/>
                <vehicle id="6" pos="42.44" speed="5.00"/>
                <vehicle id="5" pos="52.44" speed="5.00"/>
                <vehicle id="4" pos="62.44" speed="5.00"/>
                <vehicle id="3" pos="72.44" speed="5.00"/>
                <vehicle id="2" pos="82.44" speed="5.00"/>
                <vehicle id="1" pos="92.44" speed="5.00"/>
            </lane>
        </edge>
        <edge id="4to5">
            <lane id="4to5_0">
                <vehicle id="0" pos="1.24" speed="10.00"/>
            </lane>
        </edge>
    </timestep>
    <timestep time="37.70">
        <edge id="2to3">
            <lane id="2to3_0">
                <vehicle id="11" pos="59.52" speed="10.00"/>
                <vehicle id="10" pos="79.52" speed="10.00"/>
                <vehicle id="9" pos="99.52" speed="10.00"/>
            </lane>
        </edge>
        <edge id="3to4">
            <lane id="3to4_0">
                <vehicle id="8" pos="16.94" speed="10.00"/>
                <vehicle id="7" pos="32.94" speed="10.00"/>
                <vehicle id="6" pos="42.94" speed="5.00"/>
                <vehicle id="5" pos="52.94" speed="5.00"/>
                <vehicle id="4" pos="62.94" speed="5.00"/>
                <vehicle id="3" pos="72.94" speed="5.00"/>
                <vehicle id="2" pos="82.94" speed="5.00"/>
                <vehicle id="1" pos="93.44" speed="10.00"/>
            </lane>
        </edge>
        <edge id="4to5">
            <lane id="4to5_0">
                <vehicle id="0" pos="2.24" speed="10.00"/>
            </lane>
        </edge>
    </timestep>
    <timestep time="37.80">
        <edge id=":3_0">
            <lane id=":3_0_0">
                <vehicle id="9" pos="0.52" speed="10.00"/>
            </lane>
        </edge>
        <edge id="2to3">
            <lane id="2to3_0">
                <vehicle id="11" pos="60.52" speed="10.00"/>
                <vehicle id="10" pos="80.52" speed="10.00"/>
            </lane>
        </edge>
        <edge id="3to4">
            <lane id="3to4_0">
                <vehicle id="8" pos="17.94" speed="10.00"/>
                <vehicle id="7" pos="33.44" speed="5.00"/>
                <vehicle id="6" pos="43.44" speed="5.00"/>
                <vehicle id="5" pos="53.44" speed="5.00"/>
                <vehicle id="4" pos="63.44" speed="5.00"/>
                <vehicle id="3" pos="73.44" speed="5.00"/>
                <vehicle id="2" pos="83.94" speed="10.00"/>
                <vehicle id="1" pos="94.44" speed="10.00"/>
            </lane>
        </edge>
        <edge id="4to5">
            <lane id="4to5_0">
                <vehicle id="0" pos="3.24" speed="10.00"/>
            </lane>
        </edge>
    </timestep>
    <timestep time="37.90">
        <edge id=":3_0">
            <lane id=":3_0_0">
                <vehicle id="9" pos="1.52" speed="10.00"/>
            </lane>
        </edge>
        <edge id="2to3">
            <lane id="2to3_0">
                <vehicle id="11" pos="61.52" speed="10.00"/>
                <vehicle id="10" pos="81.52" speed="10.00"/>
            </lane>
        </edge>
        <edge id="3to4">
            <lane id="3to4_0">
                <vehicle id="8" pos="18.94" speed="10.00"/>
                <vehicle id="7" pos="33.94" speed="5.00"/>
                <vehicle id="6" pos="43.94" speed="5.00"/>
                <vehicle id="5" pos="53.94" speed="5.00"/>
                <vehicle id="4" pos="63.94" speed="5.00"/>
                <vehicle id="3" pos="74.44" speed="10.00"/>
                <vehicle id="2" pos="84.94" speed="10.00"/>
                <vehicle id="1" pos="95.44" speed="10.00"/>
            </lane>
        </edge>
        <edge id="4to5">
            <lane id="4to5_0">
                <vehicle id="0" pos="4.24" speed="10.00"/>
            </lane>
        </edge>
    </timestep>
    <timestep time="38.00">
        <edge id=":3_0">
            <lane id=":3_0_0">
                <vehicle id="9" pos="2.52" speed="10.00"/>
            </lane>
        </edge>
        <edge id=":4_2">
            <lane id=":4_2_0">
                <vehicle id="1" pos="0.44" speed="10.00"/>
            </lane>
        </edge>
        <edge id="2to3">
            <lane id="2to3_0">
                <vehicle id="11" pos="62.52" speed="10.00"/>
                <vehicle id="10" pos="82.52" speed="10.00"/>
            </lane>
        </edge>
        <edge id="3to4">
            <lane id="3to4_0">
                <vehicle id="8" pos="19.94" speed="10.00"/>
                <vehicle id="7" pos="34.44" speed="5.00"/>
                <vehicle id="6" pos="44.44" speed="5.00"/>
                <vehicle id="5" pos="54.44" speed="5.00"/>
                <vehicle id="4" pos="64.94" speed="10.00"/>
                <vehicle id="3" pos="75.44" speed="10.00"/>
                <vehicle id="2" pos="85.94" speed="10.00"/>
            </lane>
        </edge>
        <edge id="4to5">
            <lane id="4to5_0">
                <vehicle id="0" pos="5.24" speed="10.00"/>
            </lane>
        </edge>
    </timestep>
    <timestep time="38.10">
        <edge id=":4_2">
            <lane id=":4_2_0">
                <vehicle id="1" pos="1.44" speed="10.00"/>
            </lane>
        </edge>
        <edge id="2to3">
            <lane id="2to3_0">
                <vehicle id="11" pos="63.52" speed="10.00"/>
                <vehicle id="10" pos="83.52" speed="10.00"/>
            </lane>
        </edge>
        <edge id="3to4">
            <lane id="3to4_0">
                <vehicle id="9" pos="0.94" speed="10.00"/>
                <vehicle id="8" pos="20.94" speed="10.00"/>
                <vehicle id="7" pos="34.94" speed="5.00"/>
                <vehicle id="6" pos="44.94" speed="5.00"/>
                <vehicle id="5" pos="55.44" speed="10.00"/>
                <vehicle id="4" pos="65.94" speed="10.00"/>
                <vehicle id="3" pos="76.44" speed="10.00"/>
                <vehicle id="2" pos="86.94" speed="10.00"/>
            </lane>
        </edge>
        <edge id="4to5">
            <lane id="4to5_0">
                <vehicle id="0" pos="6.24" speed="10.00"/>
            </lane>
        </edge>
    </timestep>
    <timestep time="38.20">
        <edge id=":4_2">
            <lane id=":4_2_0">
                <vehicle id="1" pos="2.44" speed="10.00"/>
            </lane>
        </edge>
        <edge id="2to3">
            <lane id="2to3_0">
                <vehicle id="11" pos="64.52" speed="10.00"/>
                <vehicle id="10" pos="84.52" speed="10.00"/>
            </lane>
        </edge>
        <edge id="3to4">
            <lane id="3to4_0">
                <vehicle id="9" pos="1.94" speed="10.00"/>
                <vehicle id="8" pos="21.94" speed="10.00"/>
                <vehicle id="7" pos="35.44" speed="5.00"/>
                <vehicle id="6" pos="45.94" speed="10.00"/>
                <vehicle id="5" pos="56.44" speed="10.00"/>
                <vehicle id="4" pos="66.94" speed="10.00"/>
                <vehicle id="3" pos="77.44" speed="10.00"/>
                <vehicle id="2" pos="87.44" speed="5.00"/>
            </lane>
        </edge>
        <edge id="4to5">
            <lane id="4to5_0">
                <vehicle id="0" pos="7.24" speed="10.00"/>
            </lane>
        </edge>
    </timestep>
    <timestep time="38.30">
        <edge id=":4_2">
            <lane id=":4_2_0">
                <vehicle id="1" pos="3.44" speed="10.00"/>
            </lane>
        </edge>
        <edge id="2to3">
            <lane id="2to3_0">
                <vehicle id="11" pos="65.52" speed="10.00"/>
                <vehicle id="10" pos="85.52" speed="10.00"/>
            </lane>
        </edge>
        <edge id="3to4">
            <lane id="3to4_0">
                <vehicle id="9" pos="2.94" speed="10.00"/>
                <vehicle id="8" pos="22.94" speed="10.00"/>
                <vehicle id="7" pos="36.44" speed="10.00"/>
                <vehicle id="6" pos="46.94" speed="10.00"/>
                <vehicle id="5" pos="57.44" speed="10.00"/>
                <vehicle id="4" pos="67.94" speed="10.00"/>
                <vehicle id="3" pos="77.94" speed="5.00"/>
                <vehicle id="2" pos="87.94" speed="5.00"/>
            </lane>
        </edge>
        <edge id="4to5">
            <lane id="4to5_0">
                <vehicle id="0" pos="8.24" speed="10.00"/>
            </lane>
        </edge>
    </timestep>
    <timestep time="38.40">
        <edge id=":4_2">
            <lane id=":4_2_0">
                <vehicle id="1" pos="4.44" speed="10.00"/>
            </lane>
        </edge>
        <edge id="2to3">
            <lane id="2to3_0">
                <vehicle id="11" pos="66.52" speed="10.00"/>
                <vehicle id="10" pos="86.52" speed="10.00"/>
            </lane>
        </edge>
        <edge id="3to4">
            <lane id="3to4_0">
                <vehicle id="9" pos="3.94" speed="10.00"/>
                <vehicle id="8" pos="23.94" speed="10.00"/>
                <vehicle id="7" pos="37.44" speed="10.00"/>
                <vehicle id="6" pos="47.94" speed="10.00"/>
                <vehicle id="5" pos="58.44" speed="10.00"/>
                <vehicle id="4" pos="68.44" speed="5.00"/>
                <vehicle id="3" pos="78.44" speed="5.00"/>
                <vehicle id="2" pos="88.44" speed="5.00"/>
            </lane>
        </edge>
        <edge id="4to5">
            <lane id="4to5_0">
                <vehicle id="0" pos="9.24" speed="10.00"/>
            </lane>
        </edge>
    </timestep>
    <timestep time="38.50">
        <edge id=":4_2">
            <lane id=":4_2_0">
                <vehicle id="1" pos="5.44" speed="10.00"/>
            </lane>
        </edge>
        <edge id="2to3">
            <lane id="2to3_0">
                <vehicle id="11" pos="67.52" speed="10.00"/>
                <vehicle id="10" pos="87.52" speed="10.00"/>
            </lane>
        </edge>
        <edge id="3to4">
            <lane id="3to4_0">
                <vehicle id="9" pos="4.94" speed="10.00"/>
                <vehicle id="8" pos="24.94" speed="10.00"/>
                <vehicle id="7" pos="38.44" speed="10.00"/>
                <vehicle id="6" pos="48.94" speed="10.00"/>
                <vehicle id="5" pos="58.94" speed="5.00"/>
                <vehicle id="4" pos="68.94" speed="5.00"/>
                <vehicle id="3" pos="78.94" speed="5.00"/>
                <vehicle id="2" pos="88.94" speed="5.00"/>
            </lane>
        </edge>
        <edge id="4to5">
            <lane id="4to5_0">
                <vehicle id="0" pos="10.24" speed="10.00"/>
            </lane>
        </edge>
    </timestep>
    <timestep time="38.60">
        <edge id=":4_2">
            <lane id=":4_2_0">
                <vehicle id="1" pos="6.44" speed="10.00"/>
            </lane>
        </edge>
        <edge id="2to3">
            <lane id="2to3_0">
                <vehicle id="11" pos="68.52" speed="10.00"/>
                <vehicle id="10" pos="88.52" speed="10.00"/>
            </lane>
        </edge>
        <edge id="3to4">
            <lane id="3to4_0">
                <vehicle id="9" pos="5.94" speed="10.00"/>
                <vehicle id="8" pos="25.94" speed="10.00"/>
                <vehicle id="7" pos="39.44" speed="10.00"/>
                <vehicle id="6" pos="49.44" speed="5.00"/>
                <vehicle id="5" pos="59.44" speed="5.00"/>
                <vehicle id="4" pos="69.44" speed="5.00"/>
                <vehicle id="3" pos="79.44" speed="5.00"/>
                <vehicle id="2" pos="89.44" speed="5.00"/>
            </lane>
        </edge>
        <edge id="4to5">
            <lane id="4to5_0">
                <vehicle id="0" pos="11.24" speed="10.00"/>
            </lane>
        </edge>
    </timestep>
    <timestep time="38.70">
        <edge id=":4_2">
            <lane id=":4_2_0">
                <vehicle id="1" pos="7.44" speed="10.00"/>
            </lane>
        </edge>
        <edge id="2to3">
            <lane id="2to3_0">
                <vehicle id="11" pos="69.52" speed="10.00"/>
                <vehicle id="10" pos="89.52" speed="10.00"/>
            </lane>
        </edge>
        <edge id="3to4">
            <lane id="3to4_0">
                <vehicle id="9" pos="6.94" speed="10.00"/>
                <vehicle id="8" pos="26.94" speed="10.00"/>
                <vehicle id="7" pos="39.94" speed="5.00"/>
                <vehicle id="6" pos="49.94" speed="5.00"/>
                <vehicle id="5" pos="59.94" speed="5.00"/>
                <vehicle id="4" pos="69.94" speed="5.00"/>
                <vehicle id="3" pos="79.94" speed="5.00"/>
                <vehicle id="2" pos="89.94" speed="5.00"/>
            </lane>
        </edge>
        <edge id="4to5">
            <lane id="4to5_0">
                <vehicle id="0" pos="12.24" speed="10.00"/>
            </lane>
        </edge>
    </timestep>
    <timestep time="38.80">
        <edge id=":4_2">
            <lane id=":4_2_0">
                <vehicle id="1" pos="8.44" speed="10.00"/>
            </lane>
        </edge>
        <edge id="2to3">
            <lane id="2to3_0">
                <vehicle id="11" pos="70.52" speed="10.00"/>
                <vehicle id="10" pos="90.52" speed="10.00"/>
            </lane>
        </edge>
        <edge id="3to4">
            <lane id="3to4_0">
                <vehicle id="9" pos="7.94" speed="10.00"/>
                <vehicle id="8" pos="27.94" speed="10.00"/>
                <vehicle id="7" pos="40.44" speed="5.00"/>
                <vehicle id="6" pos="50.44" speed="5.00"/>
                <vehicle id="5" pos="60.44" speed="5.00"/>
                <vehicle id="4" pos="70.44" speed="5.00"/>
                <vehicle id="3" pos="80.44" speed="5.00"/>
                <vehicle id="2" pos="90.44" speed="5.00"/>
            </lane>
        </edge>
        <edge id="4to5">
            <lane id="4to5_0">
                <vehicle id="0" pos="13.24" speed="10.00"/>
            </lane>
        </edge>
    </timestep>
    <timestep time="38.90">
        <edge id=":4_2">
            <lane id=":4_2_0">
                <vehicle id="1" pos="9.44" speed="10.00"/>
            </lane>
        </edge>
        <edge id="2to3">
            <lane id="2to3_0">
                <vehicle id="11" pos="71.52" speed="10.00"/>
                <vehicle id="10" pos="91.52" speed="10.00"/>
            </lane>
        </edge>
        <edge id="3to4">
            <lane id="3to4_0">
                <vehicle id="9" pos="8.94" speed="10.00"/>
                <vehicle id="8" pos="28.94" speed="10.00"/>
                <vehicle id="7" pos="40.94" speed="5.00"/>
                <vehicle id="6" pos="50.94" speed="5.00"/>
                <vehicle id="5" pos="60.94" speed="5.00"/>
                <vehicle id="4" pos="70.94" speed="5.00"/>
                <vehicle id="3" pos="80.94" speed="5.00"/>
                <vehicle id="2" pos="90.94" speed="5.00"/>
            </lane>
        </edge>
        <edge id="4to5">
            <lane id="4to5_0">
                <vehicle id="0" pos="14.24" speed="10.00"/>
            </lane>
        </edge>
    </timestep>
    <timestep time="39.00">
        <edge id=":4_2">
            <lane id=":4_2_0">
                <vehicle id="1" pos="10.44" speed="10.00"/>
            </lane>
        </edge>
        <edge id="2to3">
            <lane id="2to3_0">
                <vehicle id="11" pos="72.52" speed="10.00"/>
                <vehicle id="10" pos="92.52" speed="10.00"/>
            </lane>
        </edge>
        <edge id="3to4">
            <lane id="3to4_0">
                <vehicle id="9" pos="9.94" speed="10.00"/>
                <vehicle id="8" pos="29.94" speed="10.00"/>
                <vehicle id="7" pos="41.44" speed="5.00"/>
                <vehicle id="6" pos="51.44" speed="5.00"/>
                <vehicle id="5" pos="61.44" speed="5.00"/>
                <vehicle id="4" pos="71.44" speed="5.00"/>
                <vehicle id="3" pos="81.44" speed="5.00"/>
                <vehicle id="2" pos="91.44" speed="5.00"/>
            </lane>
        </edge>
        <edge id="4to5">
            <lane id="4to5_0">
                <vehicle id="0" pos="15.24" speed="10.00"/>
            </lane>
        </edge>
    </timestep>
    <timestep time="39.10">
        <edge id="2to3">
            <lane id="2to3_0">
                <vehicle id="11" pos="73.52" speed="10.00"/>
                <vehicle id="10" pos="93.52" speed="10.00"/>
            </lane>
        </edge>
        <edge id="3to4">
            <lane id="3to4_0">
                <vehicle id="9" pos="10.94" speed="10.00"/>
                <vehicle id="8" pos="30.94" speed="10.00"/>
                <vehicle id="7" pos="41.94" speed="5.00"/>
                <vehicle id="6" pos="51.94" speed="5.00"/>
                <vehicle id="5" pos="61.94" speed="5.00"/>
                <vehicle id="4" pos="71.94" speed="5.00"/>
                <vehicle id="3" pos="81.94" speed="5.00"/>
                <vehicle id="2" pos="91.94" speed="5.00"/>
            </lane>
        </edge>
        <edge id="4to5">
            <lane id="4to5_0">
                <vehicle id="1" pos="0.24" speed="10.00"/>
                <vehicle id="0" pos="16.24" speed="10.00"/>
            </lane>
        </edge>
    </timestep>
    <timestep time="39.20">
        <edge id="2to3">
            <lane id="2to3_0">
                <vehicle id="11" pos="74.52" speed="10.00"/>
                <vehicle id="10" pos="94.52" speed="10.00"/>
            </lane>
        </edge>
        <edge id="3to4">
            <lane id="3to4_0">
                <vehicle id="9" pos="11.94" speed="10.00"/>
                <vehicle id="8" pos="31.94" speed="10.00"/>
                <vehicle id="7" pos="42.44" speed="5.00"/>
                <vehicle id="6" pos="52.44" speed="5.00"/>
                <vehicle id="5" pos="62.44" speed="5.00"/>
                <vehicle id="4" pos="72.44" speed="5.00"/>
                <vehicle id="3" pos="82.44" speed="5.00"/>
                <vehicle id="2" pos="92.44" speed="5.00"/>
            </lane>
        </edge>
        <edge id="4to5">
            <lane id="4to5_0">
                <vehicle id="1" pos="1.24" speed="10.00"/>
                <vehicle id="0" pos="17.24" speed="10.00"/>
            </lane>
        </edge>
    </timestep>
    <timestep time="39.30">
        <edge id="2to3">
            <lane id="2to3_0">
                <vehicle id="11" pos="75.52" speed="10.00"/>
                <vehicle id="10" pos="95.52" speed="10.00"/>
            </lane>
        </edge>
        <edge id="3to4">
            <lane id="3to4_0">
                <vehicle id="9" pos="12.94" speed="10.00"/>
                <vehicle id="8" pos="32.94" speed="10.00"/>
                <vehicle id="7" pos="42.94" speed="5.00"/>
                <vehicle id="6" pos="52.94" speed="5.00"/>
                <vehicle id="5" pos="62.94" speed="5.00"/>
                <vehicle id="4" pos="72.94" speed="5.00"/>
                <vehicle id="3" pos="82.94" speed="5.00"/>
                <vehicle id="2" pos="93.44" speed="10.00"/>
            </lane>
        </edge>
        <edge id="4to5">
            <lane id="4to5_0">
                <vehicle id="1" pos="2.24" speed="10.00"/>
                <vehicle id="0" pos="18.24" speed="10.00"/>
            </lane>
        </edge>
    </timestep>
    <timestep time="39.40">
        <edge id="2to3">
            <lane id="2to3_0">
                <vehicle id="11" pos="76.52" speed="10.00"/>
                <vehicle id="10" pos="96.52" speed="10.00"/>
            </lane>
        </edge>
        <edge id="3to4">
            <lane id="3to4_0">
                <vehicle id="9" pos="13.94" speed="10.00"/>
                <vehicle id="8" pos="33.44" speed="5.00"/>
                <vehicle id="7" pos="43.44" speed="5.00"/>
                <vehicle id="6" pos="53.44" speed="5.00"/>
                <vehicle id="5" pos="63.44" speed="5.00"/>
                <vehicle id="4" pos="73.44" speed="5.00"/>
                <vehicle id="3" pos="83.94" speed="10.00"/>
                <vehicle id="2" pos="94.44" speed="10.00"/>
            </lane>
        </edge>
        <edge id="4to5">
            <lane id="4to5_0">
                <vehicle id="1" pos="3.24" speed="10.00"/>
                <vehicle id="0" pos="19.24" speed="10.00"/>
            </lane>
        </edge>
    </timestep>
    <timestep time="39.50">
        <edge id="2to3">
            <lane id="2to3_0">
                <vehicle id="11" pos="77.52" speed="10.00"/>
                <vehicle id="10" pos="97.52" speed="10.00"/>
            </lane>
        </edge>
        <edge id="3to4">
            <lane id="3to4_0">
                <vehicle id="9" pos="14.94" speed="10.00"/>
                <vehicle id="8" pos="33.94" speed="5.00"/>
                <vehicle id="7" pos="43.94" speed="5.00"/>
                <vehicle id="6" pos="53.94" speed="5.00"/>
                <vehicle id="5" pos="63.94" speed="5.00"/>
                <vehicle id="4" pos="74.44" speed="10.00"/>
                <vehicle id="3" pos="84.94" speed="10.00"/>
                <vehicle id="2" pos="95.44" speed="10.00"/>
            </lane>
        </edge>
        <edge id="4to5">
            <lane id="4to5_0">
                <vehicle id="1" pos="4.24" speed="10.00"/>
                <vehicle id="0" pos="20.24" speed="10.00"/>
            </lane>
        </edge>
    </timestep>
    <timestep time="39.60">
        <edge id=":4_2">
            <lane id=":4_2_0">
                <vehicle id="2" pos="0.44" speed="10.00"/>
            </lane>
        </edge>
        <edge id="2to3">
            <lane id="2to3_0">
                <vehicle id="11" pos="78.52" speed="10.00"/>
                <vehicle id="10" pos="98.52" speed="10.00"/>
            </lane>
        </edge>
        <edge id="3to4">
            <lane id="3to4_0">
                <vehicle id="9" pos="15.94" speed="10.00"/>
                <vehicle id="8" pos="34.44" speed="5.00"/>
                <vehicle id="7" pos="44.44" speed="5.00"/>
                <vehicle id="6" pos="54.44" speed="5.00"/>
                <vehicle id="5" pos="64.94" speed="10.00"/>
                <vehicle id="4" pos="75.44" speed="10.00"/>
                <vehicle id="3" pos="85.94" speed="10.00"/>
            </lane>
        </edge>
        <edge id="4to5">
            <lane id="4to5_0">
                <vehicle id="1" pos="5.24" speed="10.00"/>
                <vehicle id="0" pos="21.24" speed="10.00"/>
            </lane>
        </edge>
    </timestep>
    <timestep time="39.70">
        <edge id=":4_2">
            <lane id=":4_2_0">
                <vehicle id="2" pos="1.44" speed="10.00"/>
            </lane>
        </edge>
        <edge id="2to3">
            <lane id="2to3_0">
                <vehicle id="11" pos="79.52" speed="10.00"/>
                <vehicle id="10" pos="99.52" speed="10.00"/>
            </lane>
        </edge>
        <edge id="3to4">
            <lane id="3to4_0">
                <vehicle id="9" pos="16.94" speed="10.00"/>
                <vehicle id="8" pos="34.94" speed="5.00"/>
                <vehicle id="7" pos="44.94" speed="5.00"/>
                <vehicle id="6" pos="55.44" speed="10.00"/>
                <vehicle id="5" pos="65.94" speed="10.00"/>
                <vehicle id="4" pos="76.44" speed="10.00"/>
                <vehicle id="3" pos="86.94" speed="10.00"/>
            </lane>
        </edge>
        <edge id="4to5">
            <lane id="4to5_0">
                <vehicle id="1" pos="6.24" speed="10.00"/>
                <vehicle id="0" pos="22.24" speed="10.00"/>
            </lane>
        </edge>
    </timestep>
    <timestep time="39.80">
        <edge id=":3_0">
            <lane id=":3_0_0">
                <vehicle id="10" pos="0.52" speed="10.00"/>
            </lane>
        </edge>
        <edge id=":4_2">
            <lane id=":4_2_0">
                <vehicle id="2" pos="2.44" speed="10.00"/>
            </lane>
        </edge>
        <edge id="2to3">
            <lane id="2to3_0">
                <vehicle id="11" pos="80.52" speed="10.00"/>
            </lane>
        </edge>
        <edge id="3to4">
            <lane id="3to4_0">
                <vehicle id="9" pos="17.94" speed="10.00"/>
                <vehicle id="8" pos="35.44" speed="5.00"/>
                <vehicle id="7" pos="45.94" speed="10.00"/>
                <vehicle id="6" pos="56.44" speed="10.00"/>
                <vehicle id="5" pos="66.94" speed="10.00"/>
                <vehicle id="4" pos="77.44" speed="10.00"/>
                <vehicle id="3" pos="87.44" speed="5.00"/>
            </lane>
        </edge>
        <edge id="4to5">
            <lane id="4to5_0">
                <vehicle id="1" pos="7.24" speed="10.00"/>
                <vehicle id="0" pos="23.24" speed="10.00"/>
            </lane>
        </edge>
    </timestep>
    <timestep time="39.90">
        <edge id=":3_0">
            <lane id=":3_0_0">
                <vehicle id="10" pos="1.52" speed="10.00"/>
            </lane>
        </edge>
        <edge id=":4_2">
            <lane id=":4_2_0">
                <vehicle id="2" pos="3.44" speed="10.00"/>
            </lane>
        </edge>
        <edge id="2to3">
            <lane id="2to3_0">
                <vehicle id="11" pos="81.52" speed="10.00"/>
            </lane>
        </edge>
        <edge id="3to4">
            <lane id="3to4_0">
                <vehicle id="9" pos="18.94" speed="10.00"/>
                <vehicle id="8" pos="36.44" speed="10.00"/>
                <vehicle id="7" pos="46.94" speed="10.00"/>
                <vehicle id="6" pos="57.44" speed="10.00"/>
                <vehicle id="5" pos="67.94" speed="10.00"/>
                <vehicle id="4" pos="77.94" speed="5.00"/>
                <vehicle id="3" pos="87.94" speed="5.00"/>
            </lane>
        </edge>
        <edge id="4to5">
            <lane id="4to5_0">
                <vehicle id="1" pos="8.24" speed="10.00"/>
                <vehicle id="0" pos="24.24" speed="10.00"/>
            </lane>
        </edge>
    </timestep>
    <timestep time="40.00">
        <edge id=":3_0">
            <lane id=":3_0_0">
                <vehicle id="10" pos="2.52" speed="10.00"/>
            </lane>
        </edge>
        <edge id=":4_2">
            <lane id=":4_2_0">
                <vehicle id="2" pos="4.44" speed="10.00"/>
            </lane>
        </edge>
        <edge id="2to3">
            <lane id="2to3_0">
                <vehicle id="11" pos="82.52" speed="10.00"/>
            </lane>
        </edge>
        <edge id="3to4">
            <lane id="3to4_0">
                <vehicle id="9" pos="19.94" speed="10.00"/>
                <vehicle id="8" pos="37.44" speed="10.00"/>
                <vehicle id="7" pos="47.94" speed="10.00"/>
                <vehicle id="6" pos="58.44" speed="10.00"/>
                <vehicle id="5" pos="68.44" speed="5.00"/>
                <vehicle id="4" pos="78.44" speed="5.00"/>
                <vehicle id="3" pos="88.44" speed="5.00"/>
            </lane>
        </edge>
        <edge id="4to5">
            <lane id="4to5_0">
                <vehicle id="1" pos="9.24" speed="10.00"/>
                <vehicle id="0" pos="25.24" speed="10.00"/>
            </lane>
        </edge>
    </timestep>
    <timestep time="40.10">
        <edge id=":4_2">
            <lane id=":4_2_0">
                <vehicle id="2" pos="5.44" speed="10.00"/>
            </lane>
        </edge>
        <edge id="2to3">
            <lane id="2to3_0">
                <vehicle id="11" pos="83.52" speed="10.00"/>
            </lane>
        </edge>
        <edge id="3to4">
            <lane id="3to4_0">
                <vehicle id="10" pos="0.94" speed="10.00"/>
                <vehicle id="9" pos="20.94" speed="10.00"/>
                <vehicle id="8" pos="38.44" speed="10.00"/>
                <vehicle id="7" pos="48.94" speed="10.00"/>
                <vehicle id="6" pos="58.94" speed="5.00"/>
                <vehicle id="5" pos="68.94" speed="5.00"/>
                <vehicle id="4" pos="78.94" speed="5.00"/>
                <vehicle id="3" pos="88.94" speed="5.00"/>
            </lane>
        </edge>
        <edge id="4to5">
            <lane id="4to5_0">
                <vehicle id="1" pos="10.24" speed="10.00"/>
                <vehicle id="0" pos="26.24" speed="10.00"/>
            </lane>
        </edge>
    </timestep>
    <timestep time="40.20">
        <edge id=":4_2">
            <lane id=":4_2_0">
                <vehicle id="2" pos="6.44" speed="10.00"/>
            </lane>
        </edge>
        <edge id="2to3">
            <lane id="2to3_0">
                <vehicle id="11" pos="84.52" speed="10.00"/>
            </lane>
        </edge>
        <edge id="3to4">
            <lane id="3to4_0">
                <vehicle id="10" pos="1.94" speed="10.00"/>
                <vehicle id="9" pos="21.94" speed="10.00"/>
                <vehicle id="8" pos="39.44" speed="10.00"/>
                <vehicle id="7" pos="49.44" speed="5.00"/>
                <vehicle id="6" pos="59.44" speed="5.00"/>
                <vehicle id="5" pos="69.44" speed="5.00"/>
                <vehicle id="4" pos="79.44" speed="5.00"/>
                <vehicle id="3" pos="89.44" speed="5.00"/>
            </lane>
        </edge>
        <edge id="4to5">
            <lane id="4to5_0">
                <vehicle id="1" pos="11.24" speed="10.00"/>
                <vehicle id="0" pos="27.24" speed="10.00"/>
            </lane>
        </edge>
    </timestep>
    <timestep time="40.30">
        <edge id=":4_2">
            <lane id=":4_2_0">
                <vehicle id="2" pos="7.44" speed="10.00"/>
            </lane>
        </edge>
        <edge id="2to3">
            <lane id="2to3_0">
                <vehicle id="11" pos="85.52" speed="10.00"/>
            </lane>
        </edge>
        <edge id="3to4">
            <lane id="3to4_0">
                <vehicle id="10" pos="2.94" speed="10.00"/>
                <vehicle id="9" pos="22.94" speed="10.00"/>
                <vehicle id="8" pos="39.94" speed="5.00"/>
                <vehicle id="7" pos="49.94" speed="5.00"/>
                <vehicle id="6" pos="59.94" speed="5.00"/>
                <vehicle id="5" pos="69.94" speed="5.00"/>
                <vehicle id="4" pos="79.94" speed="5.00"/>
                <vehicle id="3" pos="89.94" speed="5.00"/>
            </lane>
        </edge>
        <edge id="4to5">
            <lane id="4to5_0">
                <vehicle id="1" pos="12.24" speed="10.00"/>
                <vehicle id="0" pos="28.24" speed="10.00"/>
            </lane>
        </edge>
    </timestep>
    <timestep time="40.40">
        <edge id=":4_2">
            <lane id=":4_2_0">
                <vehicle id="2" pos="8.44" speed="10.00"/>
            </lane>
        </edge>
        <edge id="2to3">
            <lane id="2to3_0">
                <vehicle id="11" pos="86.52" speed="10.00"/>
            </lane>
        </edge>
        <edge id="3to4">
            <lane id="3to4_0">
                <vehicle id="10" pos="3.94" speed="10.00"/>
                <vehicle id="9" pos="23.94" speed="10.00"/>
                <vehicle id="8" pos="40.44" speed="5.00"/>
                <vehicle id="7" pos="50.44" speed="5.00"/>
                <vehicle id="6" pos="60.44" speed="5.00"/>
                <vehicle id="5" pos="70.44" speed="5.00"/>
                <vehicle id="4" pos="80.44" speed="5.00"/>
                <vehicle id="3" pos="90.44" speed="5.00"/>
            </lane>
        </edge>
        <edge id="4to5">
            <lane id="4to5_0">
                <vehicle id="1" pos="13.24" speed="10.00"/>
                <vehicle id="0" pos="29.24" speed="10.00"/>
            </lane>
        </edge>
    </timestep>
    <timestep time="40.50">
        <edge id=":4_2">
            <lane id=":4_2_0">
                <vehicle id="2" pos="9.44" speed="10.00"/>
            </lane>
        </edge>
        <edge id="2to3">
            <lane id="2to3_0">
                <vehicle id="11" pos="87.52" speed="10.00"/>
            </lane>
        </edge>
        <edge id="3to4">
            <lane id="3to4_0">
                <vehicle id="10" pos="4.94" speed="10.00"/>
                <vehicle id="9" pos="24.94" speed="10.00"/>
                <vehicle id="8" pos="40.94" speed="5.00"/>
                <vehicle id="7" pos="50.94" speed="5.00"/>
                <vehicle id="6" pos="60.94" speed="5.00"/>
                <vehicle id="5" pos="70.94" speed="5.00"/>
                <vehicle id="4" pos="80.94" speed="5.00"/>
                <vehicle id="3" pos="90.94" speed="5.00"/>
            </lane>
        </edge>
        <edge id="4to5">
            <lane id="4to5_0">
                <vehicle id="1" pos="14.24" speed="10.00"/>
                <vehicle id="0" pos="30.24" speed="10.00"/>
            </lane>
        </edge>
    </timestep>
    <timestep time="40.60">
        <edge id=":4_2">
            <lane id=":4_2_0">
                <vehicle id="2" pos="10.44" speed="10.00"/>
            </lane>
        </edge>
        <edge id="2to3">
            <lane id="2to3_0">
                <vehicle id="11" pos="88.52" speed="10.00"/>
            </lane>
        </edge>
        <edge id="3to4">
            <lane id="3to4_0">
                <vehicle id="10" pos="5.94" speed="10.00"/>
                <vehicle id="9" pos="25.94" speed="10.00"/>
                <vehicle id="8" pos="41.44" speed="5.00"/>
                <vehicle id="7" pos="51.44" speed="5.00"/>
                <vehicle id="6" pos="61.44" speed="5.00"/>
                <vehicle id="5" pos="71.44" speed="5.00"/>
                <vehicle id="4" pos="81.44" speed="5.00"/>
                <vehicle id="3" pos="91.44" speed="5.00"/>
            </lane>
        </edge>
        <edge id="4to5">
            <lane id="4to5_0">
                <vehicle id="1" pos="15.24" speed="10.00"/>
                <vehicle id="0" pos="31.24" speed="10.00"/>
            </lane>
        </edge>
    </timestep>
    <timestep time="40.70">
        <edge id="2to3">
            <lane id="2to3_0">
                <vehicle id="11" pos="89.52" speed="10.00"/>
            </lane>
        </edge>
        <edge id="3to4">
            <lane id="3to4_0">
                <vehicle id="10" pos="6.94" speed="10.00"/>
                <vehicle id="9" pos="26.94" speed="10.00"/>
                <vehicle id="8" pos="41.94" speed="5.00"/>
                <vehicle id="7" pos="51.94" speed="5.00"/>
                <vehicle id="6" pos="61.94" speed="5.00"/>
                <vehicle id="5" pos="71.94" speed="5.00"/>
                <vehicle id="4" pos="81.94" speed="5.00"/>
                <vehicle id="3" pos="91.94" speed="5.00"/>
            </lane>
        </edge>
        <edge id="4to5">
            <lane id="4to5_0">
                <vehicle id="2" pos="0.24" speed="10.00"/>
                <vehicle id="1" pos="16.24" speed="10.00"/>
                <vehicle id="0" pos="32.24" speed="10.00"/>
            </lane>
        </edge>
    </timestep>
    <timestep time="40.80">
        <edge id="2to3">
            <lane id="2to3_0">
                <vehicle id="11" pos="90.52" speed="10.00"/>
            </lane>
        </edge>
        <edge id="3to4">
            <lane id="3to4_0">
                <vehicle id="10" pos="7.94" speed="10.00"/>
                <vehicle id="9" pos="27.94" speed="10.00"/>
                <vehicle id="8" pos="42.44" speed="5.00"/>
                <vehicle id="7" pos="52.44" speed="5.00"/>
                <vehicle id="6" pos="62.44" speed="5.00"/>
                <vehicle id="5" pos="72.44" speed="5.00"/>
                <vehicle id="4" pos="82.44" speed="5.00"/>
                <vehicle id="3" pos="92.44" speed="5.00"/>
            </lane>
        </edge>
        <edge id="4to5">
            <lane id="4to5_0">
                <vehicle id="2" pos="1.24" speed="10.00"/>
                <vehicle id="1" pos="17.24" speed="10.00"/>
                <vehicle id="0" pos="33.24" speed="10.00"/>
            </lane>
        </edge>
    </timestep>
    <timestep time="40.90">
        <edge id="2to3">
            <lane id="2to3_0">
                <vehicle id="11" pos="91.52" speed="10.00"/>
            </lane>
        </edge>
        <edge id="3to4">
            <lane id="3to4_0">
                <vehicle id="10" pos="8.94" speed="10.00"/>
                <vehicle id="9" pos="28.94" speed="10.00"/>
                <vehicle id="8" pos="42.94" speed="5.00"/>
                <vehicle id="7" pos="52.94" speed="5.00"/>
                <vehicle id="6" pos="62.94" speed="5.00"/>
                <vehicle id="5" pos="72.94" speed="5.00"/>
                <vehicle id="4" pos="82.94" speed="5.00"/>
                <vehicle id="3" pos="93.44" speed="10.00"/>
            </lane>
        </edge>
        <edge id="4to5">
            <lane id="4to5_0">
                <vehicle id="2" pos="2.24" speed="10.00"/>
                <vehicle id="1" pos="18.24" speed="10.00"/>
                <vehicle id="0" pos="34.24" speed="10.00"/>
            </lane>
        </edge>
    </timestep>
    <timestep time="41.00">
        <edge id="2to3">
            <lane id="2to3_0">
                <vehicle id="11" pos="92.52" speed="10.00"/>
            </lane>
        </edge>
        <edge id="3to4">
            <lane id="3to4_0">
                <vehicle id="10" pos="9.94" speed="10.00"/>
                <vehicle id="9" pos="29.94" speed="10.00"/>
                <vehicle id="8" pos="43.44" speed="5.00"/>
                <vehicle id="7" pos="53.44" speed="5.00"/>
                <vehicle id="6" pos="63.44" speed="5.00"/>
                <vehicle id="5" pos="73.44" speed="5.00"/>
                <vehicle id="4" pos="83.94" speed="10.00"/>
                <vehicle id="3" pos="94.44" speed="10.00"/>
            </lane>
        </edge>
        <edge id="4to5">
            <lane id="4to5_0">
                <vehicle id="2" pos="3.24" speed="10.00"/>
                <vehicle id="1" pos="19.24" speed="10.00"/>
                <vehicle id="0" pos="35.24" speed="10.00"/>
            </lane>
        </edge>
    </timestep>
    <timestep time="41.10">
        <edge id="2to3">
            <lane id="2to3_0">
                <vehicle id="11" pos="93.52" speed="10.00"/>
            </lane>
        </edge>
        <edge id="3to4">
            <lane id="3to4_0">
                <vehicle id="10" pos="10.94" speed="10.00"/>
                <vehicle id="9" pos="30.94" speed="10.00"/>
                <vehicle id="8" pos="43.94" speed="5.00"/>
                <vehicle id="7" pos="53.94" speed="5.00"/>
                <vehicle id="6" pos="63.94" speed="5.00"/>
                <vehicle id="5" pos="74.44" speed="10.00"/>
                <vehicle id="4" pos="84.94" speed="10.00"/>
                <vehicle id="3" pos="95.44" speed="10.00"/>
            </lane>
        </edge>
        <edge id="4to5">
            <lane id="4to5_0">
                <vehicle id="2" pos="4.24" speed="10.00"/>
                <vehicle id="1" pos="20.24" speed="10.00"/>
                <vehicle id="0" pos="36.24" speed="10.00"/>
            </lane>
        </edge>
    </timestep>
    <timestep time="41.20">
        <edge id=":4_2">
            <lane id=":4_2_0">
                <vehicle id="3" pos="0.44" speed="10.00"/>
            </lane>
        </edge>
        <edge id="2to3">
            <lane id="2to3_0">
                <vehicle id="11" pos="94.52" speed="10.00"/>
            </lane>
        </edge>
        <edge id="3to4">
            <lane id="3to4_0">
                <vehicle id="10" pos="11.94" speed="10.00"/>
                <vehicle id="9" pos="31.94" speed="10.00"/>
                <vehicle id="8" pos="44.44" speed="5.00"/>
                <vehicle id="7" pos="54.44" speed="5.00"/>
                <vehicle id="6" pos="64.94" speed="10.00"/>
                <vehicle id="5" pos="75.44" speed="10.00"/>
                <vehicle id="4" pos="85.94" speed="10.00"/>
            </lane>
        </edge>
        <edge id="4to5">
            <lane id="4to5_0">
                <vehicle id="2" pos="5.24" speed="10.00"/>
                <vehicle id="1" pos="21.24" speed="10.00"/>
                <vehicle id="0" pos="37.24" speed="10.00"/>
            </lane>
        </edge>
    </timestep>
    <timestep time="41.30">
        <edge id=":4_2">
            <lane id=":4_2_0">
                <vehicle id="3" pos="1.44" speed="10.00"/>
            </lane>
        </edge>
        <edge id="2to3">
            <lane id="2to3_0">
                <vehicle id="11" pos="95.52" speed="10.00"/>
            </lane>
        </edge>
        <edge id="3to4">
            <lane id="3to4_0">
                <vehicle id="10" pos="12.94" speed="10.00"/>
                <vehicle id="9" pos="32.94" speed="10.00"/>
                <vehicle id="8" pos="44.94" speed="5.00"/>
                <vehicle id="7" pos="55.44" speed="10.00"/>
                <vehicle id="6" pos="65.94" speed="10.00"/>
                <vehicle id="5" pos="76.44" speed="10.00"/>
                <vehicle id="4" pos="86.94" speed="10.00"/>
            </lane>
        </edge>
        <edge id="4to5">
            <lane id="4to5_0">
                <vehicle id="2" pos="6.24" speed="10.00"/>
                <vehicle id="1" pos="22.24" speed="10.00"/>
                <vehicle id="0" pos="38.24" speed="10.00"/>
            </lane>
        </edge>
    </timestep>
    <timestep time="41.40">
        <edge id=":4_2">
            <lane id=":4_2_0">
                <vehicle id="3" pos="2.44" speed="10.00"/>
            </lane>
        </edge>
        <edge id="2to3">
            <lane id="2to3_0">
                <vehicle id="11" pos="96.52" speed="10.00"/>
            </lane>
        </edge>
        <edge id="3to4">
            <lane id="3to4_0">
                <vehicle id="10" pos="13.94" speed="10.00"/>
                <vehicle id="9" pos="33.94" speed="10.00"/>
                <vehicle id="8" pos="45.94" speed="10.00"/>
                <vehicle id="7" pos="56.44" speed="10.00"/>
                <vehicle id="6" pos="66.94" speed="10.00"/>
                <vehicle id="5" pos="77.44" speed="10.00"/>
                <vehicle id="4" pos="87.44" speed="5.00"/>
            </lane>
        </edge>
        <edge id="4to5">
            <lane id="4to5_0">
                <vehicle id="2" pos="7.24" speed="10.00"/>
                <vehicle id="1" pos="23.24" speed="10.00"/>
                <vehicle id="0" pos="39.24" speed="10.00"/>
            </lane>
        </edge>
    </timestep>
    <timestep time="41.50">
        <edge id=":4_2">
            <lane id=":4_2_0">
                <vehicle id="3" pos="3.44" speed="10.00"/>
            </lane>
        </edge>
        <edge id="2to3">
            <lane id="2to3_0">
                <vehicle id="11" pos="97.52" speed="10.00"/>
            </lane>
        </edge>
        <edge id="3to4">
            <lane id="3to4_0">
                <vehicle id="10" pos="14.94" speed="10.00"/>
                <vehicle id="9" pos="34.94" speed="10.00"/>
                <vehicle id="8" pos="46.94" speed="10.00"/>
                <vehicle id="7" pos="57.44" speed="10.00"/>
                <vehicle id="6" pos="67.94" speed="10.00"/>
                <vehicle id="5" pos="77.94" speed="5.00"/>
                <vehicle id="4" pos="87.94" speed="5.00"/>
            </lane>
        </edge>
        <edge id="4to5">
            <lane id="4to5_0">
                <vehicle id="2" pos="8.24" speed="10.00"/>
                <vehicle id="1" pos="24.24" speed="10.00"/>
                <vehicle id="0" pos="40.24" speed="10.00"/>
            </lane>
        </edge>
    </timestep>
    <timestep time="41.60">
        <edge id=":4_2">
            <lane id=":4_2_0">
                <vehicle id="3" pos="4.44" speed="10.00"/>
            </lane>
        </edge>
        <edge id="2to3">
            <lane id="2to3_0">
                <vehicle id="11" pos="98.52" speed="10.00"/>
            </lane>
        </edge>
        <edge id="3to4">
            <lane id="3to4_0">
                <vehicle id="10" pos="15.94" speed="10.00"/>
                <vehicle id="9" pos="35.94" speed="10.00"/>
                <vehicle id="8" pos="47.94" speed="10.00"/>
                <vehicle id="7" pos="58.44" speed="10.00"/>
                <vehicle id="6" pos="68.44" speed="5.00"/>
                <vehicle id="5" pos="78.44" speed="5.00"/>
                <vehicle id="4" pos="88.44" speed="5.00"/>
            </lane>
        </edge>
        <edge id="4to5">
            <lane id="4to5_0">
                <vehicle id="2" pos="9.24" speed="10.00"/>
                <vehicle id="1" pos="25.24" speed="10.00"/>
                <vehicle id="0" pos="41.24" speed="10.00"/>
            </lane>
        </edge>
    </timestep>
    <timestep time="41.70">
        <edge id=":4_2">
            <lane id=":4_2_0">
                <vehicle id="3" pos="5.44" speed="10.00"/>
            </lane>
        </edge>
        <edge id="2to3">
            <lane id="2to3_0">
                <vehicle id="11" pos="99.52" speed="10.00"/>
            </lane>
        </edge>
        <edge id="3to4">
            <lane id="3to4_0">
                <vehicle id="10" pos="16.94" speed="10.00"/>
                <vehicle id="9" pos="36.94" speed="10.00"/>
                <vehicle id="8" pos="48.94" speed="10.00"/>
                <vehicle id="7" pos="58.94" speed="5.00"/>
                <vehicle id="6" pos="68.94" speed="5.00"/>
                <vehicle id="5" pos="78.94" speed="5.00"/>
                <vehicle id="4" pos="88.94" speed="5.00"/>
            </lane>
        </edge>
        <edge id="4to5">
            <lane id="4to5_0">
                <vehicle id="2" pos="10.24" speed="10.00"/>
                <vehicle id="1" pos="26.24" speed="10.00"/>
                <vehicle id="0" pos="42.24" speed="10.00"/>
            </lane>
        </edge>
    </timestep>
    <timestep time="41.80">
        <edge id=":3_0">
            <lane id=":3_0_0">
                <vehicle id="11" pos="0.52" speed="10.00"/>
            </lane>
        </edge>
        <edge id=":4_2">
            <lane id=":4_2_0">
                <vehicle id="3" pos="6.44" speed="10.00"/>
            </lane>
        </edge>
        <edge id="3to4">
            <lane id="3to4_0">
                <vehicle id="10" pos="17.94" speed="10.00"/>
                <vehicle id="9" pos="37.94" speed="10.00"/>
                <vehicle id="8" pos="49.44" speed="5.00"/>
                <vehicle id="7" pos="59.44" speed="5.00"/>
                <vehicle id="6" pos="69.44" speed="5.00"/>
                <vehicle id="5" pos="79.44" speed="5.00"/>
                <vehicle id="4" pos="89.44" speed="5.00"/>
            </lane>
        </edge>
        <edge id="4to5">
            <lane id="4to5_0">
                <vehicle id="2" pos="11.24" speed="10.00"/>
                <vehicle id="1" pos="27.24" speed="10.00"/>
                <vehicle id="0" pos="43.24" speed="10.00"/>
            </lane>
        </edge>
    </timestep>
    <timestep time="41.90">
        <edge id=":3_0">
            <lane id=":3_0_0">
                <vehicle id="11" pos="1.52" speed="10.00"/>
            </lane>
        </edge>
        <edge id=":4_2">
            <lane id=":4_2_0">
                <vehicle id="3" pos="7.44" speed="10.00"/>
            </lane>
        </edge>
        <edge id="3to4">
            <lane id="3to4_0">
                <vehicle id="10" pos="18.94" speed="10.00"/>
                <vehicle id="9" pos="38.94" speed="10.00"/>
                <vehicle id="8" pos="49.94" speed="5.00"/>
                <vehicle id="7" pos="59.94" speed="5.00"/>
                <vehicle id="6" pos="69.94" speed="5.00"/>
                <vehicle id="5" pos="79.94" speed="5.00"/>
                <vehicle id="4" pos="89.94" speed="5.00"/>
            </lane>
        </edge>
        <edge id="4to5">
            <lane id="4to5_0">
                <vehicle id="2" pos="12.24" speed="10.00"/>
                <vehicle id="1" pos="28.24" speed="10.00"/>
                <vehicle id="0" pos="44.24" speed="10.00"/>
            </lane>
        </edge>
    </timestep>
    <timestep time="42.00">
        <edge id=":3_0">
            <lane id=":3_0_0">
                <vehicle id="11" pos="2.52" speed="10.00"/>
            </lane>
        </edge>
        <edge id=":4_2">
            <lane id=":4_2_0">
                <vehicle id="3" pos="8.44" speed="10.00"/>
            </lane>
        </edge>
        <edge id="3to4">
            <lane id="3to4_0">
                <vehicle id="10" pos="19.94" speed="10.00"/>
                <vehicle id="9" pos="39.94" speed="10.00"/>
                <vehicle id="8" pos="50.44" speed="5.00"/>
                <vehicle id="7" pos="60.44" speed="5.00"/>
                <vehicle id="6" pos="70.44" speed="5.00"/>
                <vehicle id="5" pos="80.44" speed="5.00"/>
                <vehicle id="4" pos="90.44" speed="5.00"/>
            </lane>
        </edge>
        <edge id="4to5">
            <lane id="4to5_0">
                <vehicle id="2" pos="13.24" speed="10.00"/>
                <vehicle id="1" pos="29.24" speed="10.00"/>
                <vehicle id="0" pos="45.24" speed="10.00"/>
            </lane>
        </edge>
    </timestep>
    <timestep time="42.10">
        <edge id=":4_2">
            <lane id=":4_2_0">
                <vehicle id="3" pos="9.44" speed="10.00"/>
            </lane>
        </edge>
        <edge id="3to4">
            <lane id="3to4_0">
                <vehicle id="11" pos="0.94" speed="10.00"/>
                <vehicle id="10" pos="20.94" speed="10.00"/>
                <vehicle id="9" pos="40.94" speed="10.00"/>
                <vehicle id="8" pos="50.94" speed="5.00"/>
                <vehicle id="7" pos="60.94" speed="5.00"/>
                <vehicle id="6" pos="70.94" speed="5.00"/>
                <vehicle id="5" pos="80.94" speed="5.00"/>
                <vehicle id="4" pos="90.94" speed="5.00"/>
            </lane>
        </edge>
        <edge id="4to5">
            <lane id="4to5_0">
                <vehicle id="2" pos="14.24" speed="10.00"/>
                <vehicle id="1" pos="30.24" speed="10.00"/>
                <vehicle id="0" pos="46.24" speed="10.00"/>
            </lane>
        </edge>
    </timestep>
    <timestep time="42.20">
        <edge id=":4_2">
            <lane id=":4_2_0">
                <vehicle id="3" pos="10.44" speed="10.00"/>
            </lane>
        </edge>
        <edge id="3to4">
            <lane id="3to4_0">
                <vehicle id="11" pos="1.94" speed="10.00"/>
                <vehicle id="10" pos="21.94" speed="10.00"/>
                <vehicle id="9" pos="41.44" speed="5.00"/>
                <vehicle id="8" pos="51.44" speed="5.00"/>
                <vehicle id="7" pos="61.44" speed="5.00"/>
                <vehicle id="6" pos="71.44" speed="5.00"/>
                <vehicle id="5" pos="81.44" speed="5.00"/>
                <vehicle id="4" pos="91.44" speed="5.00"/>
            </lane>
        </edge>
        <edge id="4to5">
            <lane id="4to5_0">
                <vehicle id="2" pos="15.24" speed="10.00"/>
                <vehicle id="1" pos="31.24" speed="10.00"/>
                <vehicle id="0" pos="47.24" speed="10.00"/>
            </lane>
        </edge>
    </timestep>
    <timestep time="42.30">
        <edge id="3to4">
            <lane id="3to4_0">
                <vehicle id="11" pos="2.94" speed="10.00"/>
                <vehicle id="10" pos="22.94" speed="10.00"/>
                <vehicle id="9" pos="41.94" speed="5.00"/>
                <vehicle id="8" pos="51.94" speed="5.00"/>
                <vehicle id="7" pos="61.94" speed="5.00"/>
                <vehicle id="6" pos="71.94" speed="5.00"/>
                <vehicle id="5" pos="81.94" speed="5.00"/>
                <vehicle id="4" pos="91.94" speed="5.00"/>
            </lane>
        </edge>
        <edge id="4to5">
            <lane id="4to5_0">
                <vehicle id="3" pos="0.24" speed="10.00"/>
                <vehicle id="2" pos="16.24" speed="10.00"/>
                <vehicle id="1" pos="32.24" speed="10.00"/>
                <vehicle id="0" pos="48.24" speed="10.00"/>
            </lane>
        </edge>
    </timestep>
    <timestep time="42.40">
        <edge id="3to4">
            <lane id="3to4_0">
                <vehicle id="11" pos="3.94" speed="10.00"/>
                <vehicle id="10" pos="23.94" speed="10.00"/>
                <vehicle id="9" pos="42.44" speed="5.00"/>
                <vehicle id="8" pos="52.44" speed="5.00"/>
                <vehicle id="7" pos="62.44" speed="5.00"/>
                <vehicle id="6" pos="72.44" speed="5.00"/>
                <vehicle id="5" pos="82.44" speed="5.00"/>
                <vehicle id="4" pos="92.44" speed="5.00"/>
            </lane>
        </edge>
        <edge id="4to5">
            <lane id="4to5_0">
                <vehicle id="3" pos="1.24" speed="10.00"/>
                <vehicle id="2" pos="17.24" speed="10.00"/>
                <vehicle id="1" pos="33.24" speed="10.00"/>
                <vehicle id="0" pos="49.24" speed="10.00"/>
            </lane>
        </edge>
    </timestep>
    <timestep time="42.50">
        <edge id="3to4">
            <lane id="3to4_0">
                <vehicle id="11" pos="4.94" speed="10.00"/>
                <vehicle id="10" pos="24.94" speed="10.00"/>
                <vehicle id="9" pos="42.94" speed="5.00"/>
                <vehicle id="8" pos="52.94" speed="5.00"/>
                <vehicle id="7" pos="62.94" speed="5.00"/>
                <vehicle id="6" pos="72.94" speed="5.00"/>
                <vehicle id="5" pos="82.94" speed="5.00"/>
                <vehicle id="4" pos="93.44" speed="10.00"/>
            </lane>
        </edge>
        <edge id="4to5">
            <lane id="4to5_0">
                <vehicle id="3" pos="2.24" speed="10.00"/>
                <vehicle id="2" pos="18.24" speed="10.00"/>
                <vehicle id="1" pos="34.24" speed="10.00"/>
                <vehicle id="0" pos="50.24" speed="10.00"/>
            </lane>
        </edge>
    </timestep>
    <timestep time="42.60">
        <edge id="3to4">
            <lane id="3to4_0">
                <vehicle id="11" pos="5.94" speed="10.00"/>
                <vehicle id="10" pos="25.94" speed="10.00"/>
                <vehicle id="9" pos="43.44" speed="5.00"/>
                <vehicle id="8" pos="53.44" speed="5.00"/>
                <vehicle id="7" pos="63.44" speed="5.00"/>
                <vehicle id="6" pos="73.44" speed="5.00"/>
                <vehicle id="5" pos="83.94" speed="10.00"/>
                <vehicle id="4" pos="94.44" speed="10.00"/>
            </lane>
        </edge>
        <edge id="4to5">
            <lane id="4to5_0">
                <vehicle id="3" pos="3.24" speed="10.00"/>
                <vehicle id="2" pos="19.24" speed="10.00"/>
                <vehicle id="1" pos="35.24" speed="10.00"/>
                <vehicle id="0" pos="51.24" speed="10.00"/>
            </lane>
        </edge>
    </timestep>
    <timestep time="42.70">
        <edge id="3to4">
            <lane id="3to4_0">
                <vehicle id="11" pos="6.94" speed="10.00"/>
                <vehicle id="10" pos="26.94" speed="10.00"/>
                <vehicle id="9" pos="43.94" speed="5.00"/>
                <vehicle id="8" pos="53.94" speed="5.00"/>
                <vehicle id="7" pos="63.94" speed="5.00"/>
                <vehicle id="6" pos="74.44" speed="10.00"/>
                <vehicle id="5" pos="84.94" speed="10.00"/>
                <vehicle id="4" pos="95.44" speed="10.00"/>
            </lane>
        </edge>
        <edge id="4to5">
            <lane id="4to5_0">
                <vehicle id="3" pos="4.24" speed="10.00"/>
                <vehicle id="2" pos="20.24" speed="10.00"/>
                <vehicle id="1" pos="36.24" speed="10.00"/>
                <vehicle id="0" pos="52.24" speed="10.00"/>
            </lane>
        </edge>
    </timestep>
    <timestep time="42.80">
        <edge id=":4_2">
            <lane id=":4_2_0">
                <vehicle id="4" pos="0.44" speed="10.00"/>
            </lane>
        </edge>
        <edge id="3to4">
            <lane id="3to4_0">
                <vehicle id="11" pos="7.94" speed="10.00"/>
                <vehicle id="10" pos="27.94" speed="10.00"/>
                <vehicle id="9" pos="44.44" speed="5.00"/>
                <vehicle id="8" pos="54.44" speed="5.00"/>
                <vehicle id="7" pos="64.94" speed="10.00"/>
                <vehicle id="6" pos="75.44" speed="10.00"/>
                <vehicle id="5" pos="85.94" speed="10.00"/>
            </lane>
        </edge>
        <edge id="4to5">
            <lane id="4to5_0">
                <vehicle id="3" pos="5.24" speed="10.00"/>
                <vehicle id="2" pos="21.24" speed="10.00"/>
                <vehicle id="1" pos="37.24" speed="10.00"/>
                <vehicle id="0" pos="53.24" speed="10.00"/>
            </lane>
        </edge>
    </timestep>
    <timestep time="42.90">
        <edge id=":4_2">
            <lane id=":4_2_0">
                <vehicle id="4" pos="1.44" speed="10.00"/>
            </lane>
        </edge>
        <edge id="3to4">
            <lane id="3to4_0">
                <vehicle id="11" pos="8.94" speed="10.00"/>
                <vehicle id="10" pos="28.94" speed="10.00"/>
                <vehicle id="9" pos="44.94" speed="5.00"/>
                <vehicle id="8" pos="55.44" speed="10.00"/>
                <vehicle id="7" pos="65.94" speed="10.00"/>
                <vehicle id="6" pos="76.44" speed="10.00"/>
                <vehicle id="5" pos="86.94" speed="10.00"/>
            </lane>
        </edge>
        <edge id="4to5">
            <lane id="4to5_0">
                <vehicle id="3" pos="6.24" speed="10.00"/>
                <vehicle id="2" pos="22.24" speed="10.00"/>
                <vehicle id="1" pos="38.24" speed="10.00"/>
                <vehicle id="0" pos="54.24" speed="10.00"/>
            </lane>
        </edge>
    </timestep>
    <timestep time="43.00">
        <edge id=":4_2">
            <lane id=":4_2_0">
                <vehicle id="4" pos="2.44" speed="10.00"/>
            </lane>
        </edge>
        <edge id="3to4">
            <lane id="3to4_0">
                <vehicle id="11" pos="9.94" speed="10.00"/>
                <vehicle id="10" pos="29.94" speed="10.00"/>
                <vehicle id="9" pos="45.94" speed="10.00"/>
                <vehicle id="8" pos="56.44" speed="10.00"/>
                <vehicle id="7" pos="66.94" speed="10.00"/>
                <vehicle id="6" pos="77.44" speed="10.00"/>
                <vehicle id="5" pos="87.44" speed="5.00"/>
            </lane>
        </edge>
        <edge id="4to5">
            <lane id="4to5_0">
                <vehicle id="3" pos="7.24" speed="10.00"/>
                <vehicle id="2" pos="23.24" speed="10.00"/>
                <vehicle id="1" pos="39.24" speed="10.00"/>
                <vehicle id="0" pos="55.24" speed="10.00"/>
            </lane>
        </edge>
    </timestep>
    <timestep time="43.10">
        <edge id=":4_2">
            <lane id=":4_2_0">
                <vehicle id="4" pos="3.44" speed="10.00"/>
            </lane>
        </edge>
        <edge id="3to4">
            <lane id="3to4_0">
                <vehicle id="11" pos="10.94" speed="10.00"/>
                <vehicle id="10" pos="30.94" speed="10.00"/>
                <vehicle id="9" pos="46.94" speed="10.00"/>
                <vehicle id="8" pos="57.44" speed="10.00"/>
                <vehicle id="7" pos="67.94" speed="10.00"/>
                <vehicle id="6" pos="77.94" speed="5.00"/>
                <vehicle id="5" pos="87.94" speed="5.00"/>
            </lane>
        </edge>
        <edge id="4to5">
            <lane id="4to5_0">
                <vehicle id="3" pos="8.24" speed="10.00"/>
                <vehicle id="2" pos="24.24" speed="10.00"/>
                <vehicle id="1" pos="40.24" speed="10.00"/>
                <vehicle id="0" pos="56.24" speed="10.00"/>
            </lane>
        </edge>
    </timestep>
    <timestep time="43.20">
        <edge id=":4_2">
            <lane id=":4_2_0">
                <vehicle id="4" pos="4.44" speed="10.00"/>
            </lane>
        </edge>
        <edge id="3to4">
            <lane id="3to4_0">
                <vehicle id="11" pos="11.94" speed="10.00"/>
                <vehicle id="10" pos="31.94" speed="10.00"/>
                <vehicle id="9" pos="47.94" speed="10.00"/>
                <vehicle id="8" pos="58.44" speed="10.00"/>
                <vehicle id="7" pos="68.44" speed="5.00"/>
                <vehicle id="6" pos="78.44" speed="5.00"/>
                <vehicle id="5" pos="88.44" speed="5.00"/>
            </lane>
        </edge>
        <edge id="4to5">
            <lane id="4to5_0">
                <vehicle id="3" pos="9.24" speed="10.00"/>
                <vehicle id="2" pos="25.24" speed="10.00"/>
                <vehicle id="1" pos="41.24" speed="10.00"/>
                <vehicle id="0" pos="57.24" speed="10.00"/>
            </lane>
        </edge>
    </timestep>
    <timestep time="43.30">
        <edge id=":4_2">
            <lane id=":4_2_0">
                <vehicle id="4" pos="5.44" speed="10.00"/>
            </lane>
        </edge>
        <edge id="3to4">
            <lane id="3to4_0">
                <vehicle id="11" pos="12.94" speed="10.00"/>
                <vehicle id="10" pos="32.94" speed="10.00"/>
                <vehicle id="9" pos="48.94" speed="10.00"/>
                <vehicle id="8" pos="58.94" speed="5.00"/>
                <vehicle id="7" pos="68.94" speed="5.00"/>
                <vehicle id="6" pos="78.94" speed="5.00"/>
                <vehicle id="5" pos="88.94" speed="5.00"/>
            </lane>
        </edge>
        <edge id="4to5">
            <lane id="4to5_0">
                <vehicle id="3" pos="10.24" speed="10.00"/>
                <vehicle id="2" pos="26.24" speed="10.00"/>
                <vehicle id="1" pos="42.24" speed="10.00"/>
                <vehicle id="0" pos="58.24" speed="10.00"/>
            </lane>
        </edge>
    </timestep>
    <timestep time="43.40">
        <edge id=":4_2">
            <lane id=":4_2_0">
                <vehicle id="4" pos="6.44" speed="10.00"/>
            </lane>
        </edge>
        <edge id="3to4">
            <lane id="3to4_0">
                <vehicle id="11" pos="13.94" speed="10.00"/>
                <vehicle id="10" pos="33.94" speed="10.00"/>
                <vehicle id="9" pos="49.44" speed="5.00"/>
                <vehicle id="8" pos="59.44" speed="5.00"/>
                <vehicle id="7" pos="69.44" speed="5.00"/>
                <vehicle id="6" pos="79.44" speed="5.00"/>
                <vehicle id="5" pos="89.44" speed="5.00"/>
            </lane>
        </edge>
        <edge id="4to5">
            <lane id="4to5_0">
                <vehicle id="3" pos="11.24" speed="10.00"/>
                <vehicle id="2" pos="27.24" speed="10.00"/>
                <vehicle id="1" pos="43.24" speed="10.00"/>
                <vehicle id="0" pos="59.24" speed="10.00"/>
            </lane>
        </edge>
    </timestep>
    <timestep time="43.50">
        <edge id=":4_2">
            <lane id=":4_2_0">
                <vehicle id="4" pos="7.44" speed="10.00"/>
            </lane>
        </edge>
        <edge id="3to4">
            <lane id="3to4_0">
                <vehicle id="11" pos="14.94" speed="10.00"/>
                <vehicle id="10" pos="34.94" speed="10.00"/>
                <vehicle id="9" pos="49.94" speed="5.00"/>
                <vehicle id="8" pos="59.94" speed="5.00"/>
                <vehicle id="7" pos="69.94" speed="5.00"/>
                <vehicle id="6" pos="79.94" speed="5.00"/>
                <vehicle id="5" pos="89.94" speed="5.00"/>
            </lane>
        </edge>
        <edge id="4to5">
            <lane id="4to5_0">
                <vehicle id="3" pos="12.24" speed="10.00"/>
                <vehicle id="2" pos="28.24" speed="10.00"/>
                <vehicle id="1" pos="44.24" speed="10.00"/>
                <vehicle id="0" pos="60.24" speed="10.00"/>
            </lane>
        </edge>
    </timestep>
    <timestep time="43.60">
        <edge id=":4_2">
            <lane id=":4_2_0">
                <vehicle id="4" pos="8.44" speed="10.00"/>
            </lane>
        </edge>
        <edge id="3to4">
            <lane id="3to4_0">
                <vehicle id="11" pos="15.94" speed="10.00"/>
                <vehicle id="10" pos="35.94" speed="10.00"/>
                <vehicle id="9" pos="50.44" speed="5.00"/>
                <vehicle id="8" pos="60.44" speed="5.00"/>
                <vehicle id="7" pos="70.44" speed="5.00"/>
                <vehicle id="6" pos="80.44" speed="5.00"/>
                <vehicle id="5" pos="90.44" speed="5.00"/>
            </lane>
        </edge>
        <edge id="4to5">
            <lane id="4to5_0">
                <vehicle id="3" pos="13.24" speed="10.00"/>
                <vehicle id="2" pos="29.24" speed="10.00"/>
                <vehicle id="1" pos="45.24" speed="10.00"/>
                <vehicle id="0" pos="61.24" speed="10.00"/>
            </lane>
        </edge>
    </timestep>
    <timestep time="43.70">
        <edge id=":4_2">
            <lane id=":4_2_0">
                <vehicle id="4" pos="9.44" speed="10.00"/>
            </lane>
        </edge>
        <edge id="3to4">
            <lane id="3to4_0">
                <vehicle id="11" pos="16.94" speed="10.00"/>
                <vehicle id="10" pos="36.94" speed="10.00"/>
                <vehicle id="9" pos="50.94" speed="5.00"/>
                <vehicle id="8" pos="60.94" speed="5.00"/>
                <vehicle id="7" pos="70.94" speed="5.00"/>
                <vehicle id="6" pos="80.94" speed="5.00"/>
                <vehicle id="5" pos="90.94" speed="5.00"/>
            </lane>
        </edge>
        <edge id="4to5">
            <lane id="4to5_0">
                <vehicle id="3" pos="14.24" speed="10.00"/>
                <vehicle id="2" pos="30.24" speed="10.00"/>
                <vehicle id="1" pos="46.24" speed="10.00"/>
                <vehicle id="0" pos="62.24" speed="10.00"/>
            </lane>
        </edge>
    </timestep>
    <timestep time="43.80">
        <edge id=":4_2">
            <lane id=":4_2_0">
                <vehicle id="4" pos="10.44" speed="10.00"/>
            </lane>
        </edge>
        <edge id="3to4">
            <lane id="3to4_0">
                <vehicle id="11" pos="17.94" speed="10.00"/>
                <vehicle id="10" pos="37.94" speed="10.00"/>
                <vehicle id="9" pos="51.44" speed="5.00"/>
                <vehicle id="8" pos="61.44" speed="5.00"/>
                <vehicle id="7" pos="71.44" speed="5.00"/>
                <vehicle id="6" pos="81.44" speed="5.00"/>
                <vehicle id="5" pos="91.44" speed="5.00"/>
            </lane>
        </edge>
        <edge id="4to5">
            <lane id="4to5_0">
                <vehicle id="3" pos="15.24" speed="10.00"/>
                <vehicle id="2" pos="31.24" speed="10.00"/>
                <vehicle id="1" pos="47.24" speed="10.00"/>
                <vehicle id="0" pos="63.24" speed="10.00"/>
            </lane>
        </edge>
    </timestep>
    <timestep time="43.90">
        <edge id="3to4">
            <lane id="3to4_0">
                <vehicle id="11" pos="18.94" speed="10.00"/>
                <vehicle id="10" pos="38.94" speed="10.00"/>
                <vehicle id="9" pos="51.94" speed="5.00"/>
                <vehicle id="8" pos="61.94" speed="5.00"/>
                <vehicle id="7" pos="71.94" speed="5.00"/>
                <vehicle id="6" pos="81.94" speed="5.00"/>
                <vehicle id="5" pos="91.94" speed="5.00"/>
            </lane>
        </edge>
        <edge id="4to5">
            <lane id="4to5_0">
                <vehicle id="4" pos="0.24" speed="10.00"/>
                <vehicle id="3" pos="16.24" speed="10.00"/>
                <vehicle id="2" pos="32.24" speed="10.00"/>
                <vehicle id="1" pos="48.24" speed="10.00"/>
                <vehicle id="0" pos="64.24" speed="10.00"/>
            </lane>
        </edge>
    </timestep>
    <timestep time="44.00">
        <edge id="3to4">
            <lane id="3to4_0">
                <vehicle id="11" pos="19.94" speed="10.00"/>
                <vehicle id="10" pos="39.94" speed="10.00"/>
                <vehicle id="9" pos="52.44" speed="5.00"/>
                <vehicle id="8" pos="62.44" speed="5.00"/>
                <vehicle id="7" pos="72.44" speed="5.00"/>
                <vehicle id="6" pos="82.44" speed="5.00"/>
                <vehicle id="5" pos="92.44" speed="5.00"/>
            </lane>
        </edge>
        <edge id="4to5">
            <lane id="4to5_0">
                <vehicle id="4" pos="1.24" speed="10.00"/>
                <vehicle id="3" pos="17.24" speed="10.00"/>
                <vehicle id="2" pos="33.24" speed="10.00"/>
                <vehicle id="1" pos="49.24" speed="10.00"/>
                <vehicle id="0" pos="65.24" speed="10.00"/>
            </lane>
        </edge>
    </timestep>
    <timestep time="44.10">
        <edge id="3to4">
            <lane id="3to4_0">
                <vehicle id="11" pos="20.94" speed="10.00"/>
                <vehicle id="10" pos="40.94" speed="10.00"/>
                <vehicle id="9" pos="52.94" speed="5.00"/>
                <vehicle id="8" pos="62.94" speed="5.00"/>
                <vehicle id="7" pos="72.94" speed="5.00"/>
                <vehicle id="6" pos="82.94" speed="5.00"/>
                <vehicle id="5" pos="93.44" speed="10.00"/>
            </lane>
        </edge>
        <edge id="4to5">
            <lane id="4to5_0">
                <vehicle id="4" pos="2.24" speed="10.00"/>
                <vehicle id="3" pos="18.24" speed="10.00"/>
                <vehicle id="2" pos="34.24" speed="10.00"/>
                <vehicle id="1" pos="50.24" speed="10.00"/>
                <vehicle id="0" pos="66.24" speed="10.00"/>
            </lane>
        </edge>
    </timestep>
    <timestep time="44.20">
        <edge id="3to4">
            <lane id="3to4_0">
                <vehicle id="11" pos="21.94" speed="10.00"/>
                <vehicle id="10" pos="41.94" speed="10.00"/>
                <vehicle id="9" pos="53.44" speed="5.00"/>
                <vehicle id="8" pos="63.44" speed="5.00"/>
                <vehicle id="7" pos="73.44" speed="5.00"/>
                <vehicle id="6" pos="83.94" speed="10.00"/>
                <vehicle id="5" pos="94.44" speed="10.00"/>
            </lane>
        </edge>
        <edge id="4to5">
            <lane id="4to5_0">
                <vehicle id="4" pos="3.24" speed="10.00"/>
                <vehicle id="3" pos="19.24" speed="10.00"/>
                <vehicle id="2" pos="35.24" speed="10.00"/>
                <vehicle id="1" pos="51.24" speed="10.00"/>
                <vehicle id="0" pos="67.24" speed="10.00"/>
            </lane>
        </edge>
    </timestep>
    <timestep time="44.30">
        <edge id="3to4">
            <lane id="3to4_0">
                <vehicle id="11" pos="22.94" speed="10.00"/>
                <vehicle id="10" pos="42.94" speed="10.00"/>
                <vehicle id="9" pos="53.94" speed="5.00"/>
                <vehicle id="8" pos="63.94" speed="5.00"/>
                <vehicle id="7" pos="74.44" speed="10.00"/>
                <vehicle id="6" pos="84.94" speed="10.00"/>
                <vehicle id="5" pos="95.44" speed="10.00"/>
            </lane>
        </edge>
        <edge id="4to5">
            <lane id="4to5_0">
                <vehicle id="4" pos="4.24" speed="10.00"/>
                <vehicle id="3" pos="20.24" speed="10.00"/>
                <vehicle id="2" pos="36.24" speed="10.00"/>
                <vehicle id="1" pos="52.24" speed="10.00"/>
                <vehicle id="0" pos="68.24" speed="10.00"/>
            </lane>
        </edge>
    </timestep>
    <timestep time="44.40">
        <edge id=":4_2">
            <lane id=":4_2_0">
                <vehicle id="5" pos="0.44" speed="10.00"/>
            </lane>
        </edge>
        <edge id="3to4">
            <lane id="3to4_0">
                <vehicle id="11" pos="23.94" speed="10.00"/>
                <vehicle id="10" pos="43.94" speed="10.00"/>
                <vehicle id="9" pos="54.44" speed="5.00"/>
                <vehicle id="8" pos="64.94" speed="10.00"/>
                <vehicle id="7" pos="75.44" speed="10.00"/>
                <vehicle id="6" pos="85.94" speed="10.00"/>
            </lane>
        </edge>
        <edge id="4to5">
            <lane id="4to5_0">
                <vehicle id="4" pos="5.24" speed="10.00"/>
                <vehicle id="3" pos="21.24" speed="10.00"/>
                <vehicle id="2" pos="37.24" speed="10.00"/>
                <vehicle id="1" pos="53.24" speed="10.00"/>
                <vehicle id="0" pos="69.24" speed="10.00"/>
            </lane>
        </edge>
    </timestep>
    <timestep time="44.50">
        <edge id=":4_2">
            <lane id=":4_2_0">
                <vehicle id="5" pos="1.44" speed="10.00"/>
            </lane>
        </edge>
        <edge id="3to4">
            <lane id="3to4_0">
                <vehicle id="11" pos="24.94" speed="10.00"/>
                <vehicle id="10" pos="44.94" speed="10.00"/>
                <vehicle id="9" pos="55.44" speed="10.00"/>
                <vehicle id="8" pos="65.94" speed="10.00"/>
                <vehicle id="7" pos="76.44" speed="10.00"/>
                <vehicle id="6" pos="86.94" speed="10.00"/>
            </lane>
        </edge>
        <edge id="4to5">
            <lane id="4to5_0">
                <vehicle id="4" pos="6.24" speed="10.00"/>
                <vehicle id="3" pos="22.24" speed="10.00"/>
                <vehicle id="2" pos="38.24" speed="10.00"/>
                <vehicle id="1" pos="54.24" speed="10.00"/>
                <vehicle id="0" pos="70.24" speed="10.00"/>
            </lane>
        </edge>
    </timestep>
    <timestep time="44.60">
        <edge id=":4_2">
            <lane id=":4_2_0">
                <vehicle id="5" pos="2.44" speed="10.00"/>
            </lane>
        </edge>
        <edge id="3to4">
            <lane id="3to4_0">
                <vehicle id="11" pos="25.94" speed="10.00"/>
                <vehicle id="10" pos="45.94" speed="10.00"/>
                <vehicle id="9" pos="56.44" speed="10.00"/>
                <vehicle id="8" pos="66.94" speed="10.00"/>
                <vehicle id="7" pos="77.44" speed="10.00"/>
                <vehicle id="6" pos="87.44" speed="5.00"/>
            </lane>
        </edge>
        <edge id="4to5">
            <lane id="4to5_0">
                <vehicle id="4" pos="7.24" speed="10.00"/>
                <vehicle id="3" pos="23.24" speed="10.00"/>
                <vehicle id="2" pos="39.24" speed="10.00"/>
                <vehicle id="1" pos="55.24" speed="10.00"/>
                <vehicle id="0" pos="71.24" speed="10.00"/>
            </lane>
        </edge>
    </timestep>
    <timestep time="44.70">
        <edge id=":4_2">
            <lane id=":4_2_0">
                <vehicle id="5" pos="3.44" speed="10.00"/>
            </lane>
        </edge>
        <edge id="3to4">
            <lane id="3to4_0">
                <vehicle id="11" pos="26.94" speed="10.00"/>
                <vehicle id="10" pos="46.94" speed="10.00"/>
                <vehicle id="9" pos="57.44" speed="10.00"/>
                <vehicle id="8" pos="67.94" speed="10.00"/>
                <vehicle id="7" pos="77.94" speed="5.00"/>
                <vehicle id="6" pos="87.94" speed="5.00"/>
            </lane>
        </edge>
        <edge id="4to5">
            <lane id="4to5_0">
                <vehicle id="4" pos="8.24" speed="10.00"/>
                <vehicle id="3" pos="24.24" speed="10.00"/>
                <vehicle id="2" pos="40.24" speed="10.00"/>
                <vehicle id="1" pos="56.24" speed="10.00"/>
                <vehicle id="0" pos="72.24" speed="10.00"/>
            </lane>
        </edge>
    </timestep>
    <timestep time="44.80">
        <edge id=":4_2">
            <lane id=":4_2_0">
                <vehicle id="5" pos="4.44" speed="10.00"/>
            </lane>
        </edge>
        <edge id="3to4">
            <lane id="3to4_0">
                <vehicle id="11" pos="27.94" speed="10.00"/>
                <vehicle id="10" pos="47.94" speed="10.00"/>
                <vehicle id="9" pos="58.44" speed="10.00"/>
                <vehicle id="8" pos="68.44" speed="5.00"/>
                <vehicle id="7" pos="78.44" speed="5.00"/>
                <vehicle id="6" pos="88.44" speed="5.00"/>
            </lane>
        </edge>
        <edge id="4to5">
            <lane id="4to5_0">
                <vehicle id="4" pos="9.24" speed="10.00"/>
                <vehicle id="3" pos="25.24" speed="10.00"/>
                <vehicle id="2" pos="41.24" speed="10.00"/>
                <vehicle id="1" pos="57.24" speed="10.00"/>
                <vehicle id="0" pos="73.24" speed="10.00"/>
            </lane>
        </edge>
    </timestep>
    <timestep time="44.90">
        <edge id=":4_2">
            <lane id=":4_2_0">
                <vehicle id="5" pos="5.44" speed="10.00"/>
            </lane>
        </edge>
        <edge id="3to4">
            <lane id="3to4_0">
                <vehicle id="11" pos="28.94" speed="10.00"/>
                <vehicle id="10" pos="48.94" speed="10.00"/>
                <vehicle id="9" pos="58.94" speed="5.00"/>
                <vehicle id="8" pos="68.94" speed="5.00"/>
                <vehicle id="7" pos="78.94" speed="5.00"/>
                <vehicle id="6" pos="88.94" speed="5.00"/>
            </lane>
        </edge>
        <edge id="4to5">
            <lane id="4to5_0">
                <vehicle id="4" pos="10.24" speed="10.00"/>
                <vehicle id="3" pos="26.24" speed="10.00"/>
                <vehicle id="2" pos="42.24" speed="10.00"/>
                <vehicle id="1" pos="58.24" speed="10.00"/>
                <vehicle id="0" pos="74.24" speed="10.00"/>
            </lane>
        </edge>
    </timestep>
    <timestep time="45.00">
        <edge id=":4_2">
            <lane id=":4_2_0">
                <vehicle id="5" pos="6.44" speed="10.00"/>
            </lane>
        </edge>
        <edge id="3to4">
            <lane id="3to4_0">
                <vehicle id="11" pos="29.94" speed="10.00"/>
                <vehicle id="10" pos="49.44" speed="5.00"/>
                <vehicle id="9" pos="59.44" speed="5.00"/>
                <vehicle id="8" pos="69.44" speed="5.00"/>
                <vehicle id="7" pos="79.44" speed="5.00"/>
                <vehicle id="6" pos="89.44" speed="5.00"/>
            </lane>
        </edge>
        <edge id="4to5">
            <lane id="4to5_0">
                <vehicle id="4" pos="11.24" speed="10.00"/>
                <vehicle id="3" pos="27.24" speed="10.00"/>
                <vehicle id="2" pos="43.24" speed="10.00"/>
                <vehicle id="1" pos="59.24" speed="10.00"/>
                <vehicle id="0" pos="75.24" speed="10.00"/>
            </lane>
        </edge>
    </timestep>
    <timestep time="45.10">
        <edge id=":4_2">
            <lane id=":4_2_0">
                <vehicle id="5" pos="7.44" speed="10.00"/>
            </lane>
        </edge>
        <edge id="3to4">
            <lane id="3to4_0">
                <vehicle id="11" pos="30.94" speed="10.00"/>
                <vehicle id="10" pos="49.94" speed="5.00"/>
                <vehicle id="9" pos="59.94" speed="5.00"/>
                <vehicle id="8" pos="69.94" speed="5.00"/>
                <vehicle id="7" pos="79.94" speed="5.00"/>
                <vehicle id="6" pos="89.94" speed="5.00"/>
            </lane>
        </edge>
        <edge id="4to5">
            <lane id="4to5_0">
                <vehicle id="4" pos="12.24" speed="10.00"/>
                <vehicle id="3" pos="28.24" speed="10.00"/>
                <vehicle id="2" pos="44.24" speed="10.00"/>
                <vehicle id="1" pos="60.24" speed="10.00"/>
                <vehicle id="0" pos="76.24" speed="10.00"/>
            </lane>
        </edge>
    </timestep>
    <timestep time="45.20">
        <edge id=":4_2">
            <lane id=":4_2_0">
                <vehicle id="5" pos="8.44" speed="10.00"/>
            </lane>
        </edge>
        <edge id="3to4">
            <lane id="3to4_0">
                <vehicle id="11" pos="31.94" speed="10.00"/>
                <vehicle id="10" pos="50.44" speed="5.00"/>
                <vehicle id="9" pos="60.44" speed="5.00"/>
                <vehicle id="8" pos="70.44" speed="5.00"/>
                <vehicle id="7" pos="80.44" speed="5.00"/>
                <vehicle id="6" pos="90.44" speed="5.00"/>
            </lane>
        </edge>
        <edge id="4to5">
            <lane id="4to5_0">
                <vehicle id="4" pos="13.24" speed="10.00"/>
                <vehicle id="3" pos="29.24" speed="10.00"/>
                <vehicle id="2" pos="45.24" speed="10.00"/>
                <vehicle id="1" pos="61.24" speed="10.00"/>
                <vehicle id="0" pos="77.24" speed="10.00"/>
            </lane>
        </edge>
    </timestep>
    <timestep time="45.30">
        <edge id=":4_2">
            <lane id=":4_2_0">
                <vehicle id="5" pos="9.44" speed="10.00"/>
            </lane>
        </edge>
        <edge id="3to4">
            <lane id="3to4_0">
                <vehicle id="11" pos="32.94" speed="10.00"/>
                <vehicle id="10" pos="50.94" speed="5.00"/>
                <vehicle id="9" pos="60.94" speed="5.00"/>
                <vehicle id="8" pos="70.94" speed="5.00"/>
                <vehicle id="7" pos="80.94" speed="5.00"/>
                <vehicle id="6" pos="90.94" speed="5.00"/>
            </lane>
        </edge>
        <edge id="4to5">
            <lane id="4to5_0">
                <vehicle id="4" pos="14.24" speed="10.00"/>
                <vehicle id="3" pos="30.24" speed="10.00"/>
                <vehicle id="2" pos="46.24" speed="10.00"/>
                <vehicle id="1" pos="62.24" speed="10.00"/>
                <vehicle id="0" pos="78.24" speed="10.00"/>
            </lane>
        </edge>
    </timestep>
    <timestep time="45.40">
        <edge id=":4_2">
            <lane id=":4_2_0">
                <vehicle id="5" pos="10.44" speed="10.00"/>
            </lane>
        </edge>
        <edge id="3to4">
            <lane id="3to4_0">
                <vehicle id="11" pos="33.94" speed="10.00"/>
                <vehicle id="10" pos="51.44" speed="5.00"/>
                <vehicle id="9" pos="61.44" speed="5.00"/>
                <vehicle id="8" pos="71.44" speed="5.00"/>
                <vehicle id="7" pos="81.44" speed="5.00"/>
                <vehicle id="6" pos="91.44" speed="5.00"/>
            </lane>
        </edge>
        <edge id="4to5">
            <lane id="4to5_0">
                <vehicle id="4" pos="15.24" speed="10.00"/>
                <vehicle id="3" pos="31.24" speed="10.00"/>
                <vehicle id="2" pos="47.24" speed="10.00"/>
                <vehicle id="1" pos="63.24" speed="10.00"/>
                <vehicle id="0" pos="79.24" speed="10.00"/>
            </lane>
        </edge>
    </timestep>
    <timestep time="45.50">
        <edge id="3to4">
            <lane id="3to4_0">
                <vehicle id="11" pos="34.94" speed="10.00"/>
                <vehicle id="10" pos="51.94" speed="5.00"/>
                <vehicle id="9" pos="61.94" speed="5.00"/>
                <vehicle id="8" pos="71.94" speed="5.00"/>
                <vehicle id="7" pos="81.94" speed="5.00"/>
                <vehicle id="6" pos="91.94" speed="5.00"/>
            </lane>
        </edge>
        <edge id="4to5">
            <lane id="4to5_0">
                <vehicle id="5" pos="0.24" speed="10.00"/>
                <vehicle id="4" pos="16.24" speed="10.00"/>
                <vehicle id="3" pos="32.24" speed="10.00"/>
                <vehicle id="2" pos="48.24" speed="10.00"/>
                <vehicle id="1" pos="64.24" speed="10.00"/>
                <vehicle id="0" pos="80.24" speed="10.00"/>
            </lane>
        </edge>
    </timestep>
    <timestep time="45.60">
        <edge id="3to4">
            <lane id="3to4_0">
                <vehicle id="11" pos="35.94" speed="10.00"/>
                <vehicle id="10" pos="52.44" speed="5.00"/>
                <vehicle id="9" pos="62.44" speed="5.00"/>
                <vehicle id="8" pos="72.44" speed="5.00"/>
                <vehicle id="7" pos="82.44" speed="5.00"/>
                <vehicle id="6" pos="92.44" speed="5.00"/>
            </lane>
        </edge>
        <edge id="4to5">
            <lane id="4to5_0">
                <vehicle id="5" pos="1.24" speed="10.00"/>
                <vehicle id="4" pos="17.24" speed="10.00"/>
                <vehicle id="3" pos="33.24" speed="10.00"/>
                <vehicle id="2" pos="49.24" speed="10.00"/>
                <vehicle id="1" pos="65.24" speed="10.00"/>
                <vehicle id="0" pos="81.24" speed="10.00"/>
            </lane>
        </edge>
    </timestep>
    <timestep time="45.70">
        <edge id="3to4">
            <lane id="3to4_0">
                <vehicle id="11" pos="36.94" speed="10.00"/>
                <vehicle id="10" pos="52.94" speed="5.00"/>
                <vehicle id="9" pos="62.94" speed="5.00"/>
                <vehicle id="8" pos="72.94" speed="5.00"/>
                <vehicle id="7" pos="82.94" speed="5.00"/>
                <vehicle id="6" pos="93.44" speed="10.00"/>
            </lane>
        </edge>
        <edge id="4to5">
            <lane id="4to5_0">
                <vehicle id="5" pos="2.24" speed="10.00"/>
                <vehicle id="4" pos="18.24" speed="10.00"/>
                <vehicle id="3" pos="34.24" speed="10.00"/>
                <vehicle id="2" pos="50.24" speed="10.00"/>
                <vehicle id="1" pos="66.24" speed="10.00"/>
                <vehicle id="0" pos="82.24" speed="10.00"/>
            </lane>
        </edge>
    </timestep>
    <timestep time="45.80">
        <edge id="3to4">
            <lane id="3to4_0">
                <vehicle id="11" pos="37.94" speed="10.00"/>
                <vehicle id="10" pos="53.44" speed="5.00"/>
                <vehicle id="9" pos="63.44" speed="5.00"/>
                <vehicle id="8" pos="73.44" speed="5.00"/>
                <vehicle id="7" pos="83.94" speed="10.00"/>
                <vehicle id="6" pos="94.44" speed="10.00"/>
            </lane>
        </edge>
        <edge id="4to5">
            <lane id="4to5_0">
                <vehicle id="5" pos="3.24" speed="10.00"/>
                <vehicle id="4" pos="19.24" speed="10.00"/>
                <vehicle id="3" pos="35.24" speed="10.00"/>
                <vehicle id="2" pos="51.24" speed="10.00"/>
                <vehicle id="1" pos="67.24" speed="10.00"/>
                <vehicle id="0" pos="83.24" speed="10.00"/>
            </lane>
        </edge>
    </timestep>
    <timestep time="45.90">
        <edge id="3to4">
            <lane id="3to4_0">
                <vehicle id="11" pos="38.94" speed="10.00"/>
                <vehicle id="10" pos="53.94" speed="5.00"/>
                <vehicle id="9" pos="63.94" speed="5.00"/>
                <vehicle id="8" pos="74.44" speed="10.00"/>
                <vehicle id="7" pos="84.94" speed="10.00"/>
                <vehicle id="6" pos="95.44" speed="10.00"/>
            </lane>
        </edge>
        <edge id="4to5">
            <lane id="4to5_0">
                <vehicle id="5" pos="4.24" speed="10.00"/>
                <vehicle id="4" pos="20.24" speed="10.00"/>
                <vehicle id="3" pos="36.24" speed="10.00"/>
                <vehicle id="2" pos="52.24" speed="10.00"/>
                <vehicle id="1" pos="68.24" speed="10.00"/>
                <vehicle id="0" pos="84.24" speed="10.00"/>
            </lane>
        </edge>
    </timestep>
    <timestep time="46.00">
        <edge id=":4_2">
            <lane id=":4_2_0">
                <vehicle id="6" pos="0.44" speed="10.00"/>
            </lane>
        </edge>
        <edge id="3to4">
            <lane id="3to4_0">
                <vehicle id="11" pos="39.94" speed="10.00"/>
                <vehicle id="10" pos="54.44" speed="5.00"/>
                <vehicle id="9" pos="64.94" speed="10.00"/>
                <vehicle id="8" pos="75.44" speed="10.00"/>
                <vehicle id="7" pos="85.94" speed="10.00"/>
            </lane>
        </edge>
        <edge id="4to5">
            <lane id="4to5_0">
                <vehicle id="5" pos="5.24" speed="10.00"/>
                <vehicle id="4" pos="21.24" speed="10.00"/>
                <vehicle id="3" pos="37.24" speed="10.00"/>
                <vehicle id="2" pos="53.24" speed="10.00"/>
                <vehicle id="1" pos="69.24" speed="10.00"/>
                <vehicle id="0" pos="85.24" speed="10.00"/>
            </lane>
        </edge>
    </timestep>
    <timestep time="46.10">
        <edge id=":4_2">
            <lane id=":4_2_0">
                <vehicle id="6" pos="1.44" speed="10.00"/>
            </lane>
        </edge>
        <edge id="3to4">
            <lane id="3to4_0">
                <vehicle id="11" pos="40.94" speed="10.00"/>
                <vehicle id="10" pos="55.44" speed="10.00"/>
                <vehicle id="9" pos="65.94" speed="10.00"/>
                <vehicle id="8" pos="76.44" speed="10.00"/>
                <vehicle id="7" pos="86.94" speed="10.00"/>
            </lane>
        </edge>
        <edge id="4to5">
            <lane id="4to5_0">
                <vehicle id="5" pos="6.24" speed="10.00"/>
                <vehicle id="4" pos="22.24" speed="10.00"/>
                <vehicle id="3" pos="38.24" speed="10.00"/>
                <vehicle id="2" pos="54.24" speed="10.00"/>
                <vehicle id="1" pos="70.24" speed="10.00"/>
                <vehicle id="0" pos="86.24" speed="10.00"/>
            </lane>
        </edge>
    </timestep>
    <timestep time="46.20">
        <edge id=":4_2">
            <lane id=":4_2_0">
                <vehicle id="6" pos="2.44" speed="10.00"/>
            </lane>
        </edge>
        <edge id="3to4">
            <lane id="3to4_0">
                <vehicle id="11" pos="41.94" speed="10.00"/>
                <vehicle id="10" pos="56.44" speed="10.00"/>
                <vehicle id="9" pos="66.94" speed="10.00"/>
                <vehicle id="8" pos="77.44" speed="10.00"/>
                <vehicle id="7" pos="87.44" speed="5.00"/>
            </lane>
        </edge>
        <edge id="4to5">
            <lane id="4to5_0">
                <vehicle id="5" pos="7.24" speed="10.00"/>
                <vehicle id="4" pos="23.24" speed="10.00"/>
                <vehicle id="3" pos="39.24" speed="10.00"/>
                <vehicle id="2" pos="55.24" speed="10.00"/>
                <vehicle id="1" pos="71.24" speed="10.00"/>
                <vehicle id="0" pos="87.24" speed="10.00"/>
            </lane>
        </edge>
    </timestep>
    <timestep time="46.30">
        <edge id=":4_2">
            <lane id=":4_2_0">
                <vehicle id="6" pos="3.44" speed="10.00"/>
            </lane>
        </edge>
        <edge id="3to4">
            <lane id="3to4_0">
                <vehicle id="11" pos="42.94" speed="10.00"/>
                <vehicle id="10" pos="57.44" speed="10.00"/>
                <vehicle id="9" pos="67.94" speed="10.00"/>
                <vehicle id="8" pos="77.94" speed="5.00"/>
                <vehicle id="7" pos="87.94" speed="5.00"/>
            </lane>
        </edge>
        <edge id="4to5">
            <lane id="4to5_0">
                <vehicle id="5" pos="8.24" speed="10.00"/>
                <vehicle id="4" pos="24.24" speed="10.00"/>
                <vehicle id="3" pos="40.24" speed="10.00"/>
                <vehicle id="2" pos="56.24" speed="10.00"/>
                <vehicle id="1" pos="72.24" speed="10.00"/>
                <vehicle id="0" pos="88.24" speed="10.00"/>
            </lane>
        </edge>
    </timestep>
    <timestep time="46.40">
        <edge id=":4_2">
            <lane id=":4_2_0">
                <vehicle id="6" pos="4.44" speed="10.00"/>
            </lane>
        </edge>
        <edge id="3to4">
            <lane id="3to4_0">
                <vehicle id="11" pos="43.94" speed="10.00"/>
                <vehicle id="10" pos="58.44" speed="10.00"/>
                <vehicle id="9" pos="68.44" speed="5.00"/>
                <vehicle id="8" pos="78.44" speed="5.00"/>
                <vehicle id="7" pos="88.44" speed="5.00"/>
            </lane>
        </edge>
        <edge id="4to5">
            <lane id="4to5_0">
                <vehicle id="5" pos="9.24" speed="10.00"/>
                <vehicle id="4" pos="25.24" speed="10.00"/>
                <vehicle id="3" pos="41.24" speed="10.00"/>
                <vehicle id="2" pos="57.24" speed="10.00"/>
                <vehicle id="1" pos="73.24" speed="10.00"/>
                <vehicle id="0" pos="89.24" speed="10.00"/>
            </lane>
        </edge>
    </timestep>
    <timestep time="46.50">
        <edge id=":4_2">
            <lane id=":4_2_0">
                <vehicle id="6" pos="5.44" speed="10.00"/>
            </lane>
        </edge>
        <edge id=":5_0">
            <lane id=":5_0_0">
                <vehicle id="0" pos="0.64" speed="10.00"/>
            </lane>
        </edge>
        <edge id="3to4">
            <lane id="3to4_0">
                <vehicle id="11" pos="44.94" speed="10.00"/>
                <vehicle id="10" pos="58.94" speed="5.00"/>
                <vehicle id="9" pos="68.94" speed="5.00"/>
                <vehicle id="8" pos="78.94" speed="5.00"/>
                <vehicle id="7" pos="88.94" speed="5.00"/>
            </lane>
        </edge>
        <edge id="4to5">
            <lane id="4to5_0">
                <vehicle id="5" pos="10.24" speed="10.00"/>
                <vehicle id="4" pos="26.24" speed="10.00"/>
                <vehicle id="3" pos="42.24" speed="10.00"/>
                <vehicle id="2" pos="58.24" speed="10.00"/>
                <vehicle id="1" pos="74.24" speed="10.00"/>
            </lane>
        </edge>
    </timestep>
    <timestep time="46.60">
        <edge id=":4_2">
            <lane id=":4_2_0">
                <vehicle id="6" pos="6.44" speed="10.00"/>
            </lane>
        </edge>
        <edge id=":5_0">
            <lane id=":5_0_0">
                <vehicle id="0" pos="1.64" speed="10.00"/>
            </lane>
        </edge>
        <edge id="3to4">
            <lane id="3to4_0">
                <vehicle id="11" pos="45.94" speed="10.00"/>
                <vehicle id="10" pos="59.44" speed="5.00"/>
                <vehicle id="9" pos="69.44" speed="5.00"/>
                <vehicle id="8" pos="79.44" speed="5.00"/>
                <vehicle id="7" pos="89.44" speed="5.00"/>
            </lane>
        </edge>
        <edge id="4to5">
            <lane id="4to5_0">
                <vehicle id="5" pos="11.24" speed="10.00"/>
                <vehicle id="4" pos="27.24" speed="10.00"/>
                <vehicle id="3" pos="43.24" speed="10.00"/>
                <vehicle id="2" pos="59.24" speed="10.00"/>
                <vehicle id="1" pos="75.24" speed="10.00"/>
            </lane>
        </edge>
    </timestep>
    <timestep time="46.70">
        <edge id=":4_2">
            <lane id=":4_2_0">
                <vehicle id="6" pos="7.44" speed="10.00"/>
            </lane>
        </edge>
        <edge id="3to4">
            <lane id="3to4_0">
                <vehicle id="11" pos="46.94" speed="10.00"/>
                <vehicle id="10" pos="59.94" speed="5.00"/>
                <vehicle id="9" pos="69.94" speed="5.00"/>
                <vehicle id="8" pos="79.94" speed="5.00"/>
                <vehicle id="7" pos="89.94" speed="5.00"/>
            </lane>
        </edge>
        <edge id="4to5">
            <lane id="4to5_0">
                <vehicle id="5" pos="12.24" speed="10.00"/>
                <vehicle id="4" pos="28.24" speed="10.00"/>
                <vehicle id="3" pos="44.24" speed="10.00"/>
                <vehicle id="2" pos="60.24" speed="10.00"/>
                <vehicle id="1" pos="76.24" speed="10.00"/>
            </lane>
        </edge>
        <edge id="5to6">
            <lane id="5to6_0">
                <vehicle id="0" pos="0.06" speed="10.00"/>
            </lane>
        </edge>
    </timestep>
    <timestep time="46.80">
        <edge id=":4_2">
            <lane id=":4_2_0">
                <vehicle id="6" pos="8.44" speed="10.00"/>
            </lane>
        </edge>
        <edge id="3to4">
            <lane id="3to4_0">
                <vehicle id="11" pos="47.94" speed="10.00"/>
                <vehicle id="10" pos="60.44" speed="5.00"/>
                <vehicle id="9" pos="70.44" speed="5.00"/>
                <vehicle id="8" pos="80.44" speed="5.00"/>
                <vehicle id="7" pos="90.44" speed="5.00"/>
            </lane>
        </edge>
        <edge id="4to5">
            <lane id="4to5_0">
                <vehicle id="5" pos="13.24" speed="10.00"/>
                <vehicle id="4" pos="29.24" speed="10.00"/>
                <vehicle id="3" pos="45.24" speed="10.00"/>
                <vehicle id="2" pos="61.24" speed="10.00"/>
                <vehicle id="1" pos="77.24" speed="10.00"/>
            </lane>
        </edge>
        <edge id="5to6">
            <lane id="5to6_0">
                <vehicle id="0" pos="1.06" speed="10.00"/>
            </lane>
        </edge>
    </timestep>
    <timestep time="46.90">
        <edge id=":4_2">
            <lane id=":4_2_0">
                <vehicle id="6" pos="9.44" speed="10.00"/>
            </lane>
        </edge>
        <edge id="3to4">
            <lane id="3to4_0">
                <vehicle id="11" pos="48.94" speed="10.00"/>
                <vehicle id="10" pos="60.94" speed="5.00"/>
                <vehicle id="9" pos="70.94" speed="5.00"/>
                <vehicle id="8" pos="80.94" speed="5.00"/>
                <vehicle id="7" pos="90.94" speed="5.00"/>
            </lane>
        </edge>
        <edge id="4to5">
            <lane id="4to5_0">
                <vehicle id="5" pos="14.24" speed="10.00"/>
                <vehicle id="4" pos="30.24" speed="10.00"/>
                <vehicle id="3" pos="46.24" speed="10.00"/>
                <vehicle id="2" pos="62.24" speed="10.00"/>
                <vehicle id="1" pos="78.24" speed="10.00"/>
            </lane>
        </edge>
        <edge id="5to6">
            <lane id="5to6_0">
                <vehicle id="0" pos="2.06" speed="10.00"/>
            </lane>
        </edge>
    </timestep>
    <timestep time="47.00">
        <edge id=":4_2">
            <lane id=":4_2_0">
                <vehicle id="6" pos="10.44" speed="10.00"/>
            </lane>
        </edge>
        <edge id="3to4">
            <lane id="3to4_0">
                <vehicle id="11" pos="49.94" speed="10.00"/>
                <vehicle id="10" pos="61.44" speed="5.00"/>
                <vehicle id="9" pos="71.44" speed="5.00"/>
                <vehicle id="8" pos="81.44" speed="5.00"/>
                <vehicle id="7" pos="91.44" speed="5.00"/>
            </lane>
        </edge>
        <edge id="4to5">
            <lane id="4to5_0">
                <vehicle id="5" pos="15.24" speed="10.00"/>
                <vehicle id="4" pos="31.24" speed="10.00"/>
                <vehicle id="3" pos="47.24" speed="10.00"/>
                <vehicle id="2" pos="63.24" speed="10.00"/>
                <vehicle id="1" pos="79.24" speed="10.00"/>
            </lane>
        </edge>
        <edge id="5to6">
            <lane id="5to6_0">
                <vehicle id="0" pos="3.06" speed="10.00"/>
            </lane>
        </edge>
    </timestep>
    <timestep time="47.10">
        <edge id="3to4">
            <lane id="3to4_0">
                <vehicle id="11" pos="50.94" speed="10.00"/>
                <vehicle id="10" pos="61.94" speed="5.00"/>
                <vehicle id="9" pos="71.94" speed="5.00"/>
                <vehicle id="8" pos="81.94" speed="5.00"/>
                <vehicle id="7" pos="91.94" speed="5.00"/>
            </lane>
        </edge>
        <edge id="4to5">
            <lane id="4to5_0">
                <vehicle id="6" pos="0.24" speed="10.00"/>
                <vehicle id="5" pos="16.24" speed="10.00"/>
                <vehicle id="4" pos="32.24" speed="10.00"/>
                <vehicle id="3" pos="48.24" speed="10.00"/>
                <vehicle id="2" pos="64.24" speed="10.00"/>
                <vehicle id="1" pos="80.24" speed="10.00"/>
            </lane>
        </edge>
        <edge id="5to6">
            <lane id="5to6_0">
                <vehicle id="0" pos="4.06" speed="10.00"/>
            </lane>
        </edge>
    </timestep>
    <timestep time="47.20">
        <edge id="3to4">
            <lane id="3to4_0">
                <vehicle id="11" pos="51.94" speed="10.00"/>
                <vehicle id="10" pos="62.44" speed="5.00"/>
                <vehicle id="9" pos="72.44" speed="5.00"/>
                <vehicle id="8" pos="82.44" speed="5.00"/>
                <vehicle id="7" pos="92.44" speed="5.00"/>
            </lane>
        </edge>
        <edge id="4to5">
            <lane id="4to5_0">
                <vehicle id="6" pos="1.24" speed="10.00"/>
                <vehicle id="5" pos="17.24" speed="10.00"/>
                <vehicle id="4" pos="33.24" speed="10.00"/>
                <vehicle id="3" pos="49.24" speed="10.00"/>
                <vehicle id="2" pos="65.24" speed="10.00"/>
                <vehicle id="1" pos="81.24" speed="10.00"/>
            </lane>
        </edge>
        <edge id="5to6">
            <lane id="5to6_0">
                <vehicle id="0" pos="5.06" speed="10.00"/>
            </lane>
        </edge>
    </timestep>
    <timestep time="47.30">
        <edge id="3to4">
            <lane id="3to4_0">
                <vehicle id="11" pos="52.94" speed="10.00"/>
                <vehicle id="10" pos="62.94" speed="5.00"/>
                <vehicle id="9" pos="72.94" speed="5.00"/>
                <vehicle id="8" pos="82.94" speed="5.00"/>
                <vehicle id="7" pos="93.44" speed="10.00"/>
            </lane>
        </edge>
        <edge id="4to5">
            <lane id="4to5_0">
                <vehicle id="6" pos="2.24" speed="10.00"/>
                <vehicle id="5" pos="18.24" speed="10.00"/>
                <vehicle id="4" pos="34.24" speed="10.00"/>
                <vehicle id="3" pos="50.24" speed="10.00"/>
                <vehicle id="2" pos="66.24" speed="10.00"/>
                <vehicle id="1" pos="82.24" speed="10.00"/>
            </lane>
        </edge>
        <edge id="5to6">
            <lane id="5to6_0">
                <vehicle id="0" pos="6.06" speed="10.00"/>
            </lane>
        </edge>
    </timestep>
    <timestep time="47.40">
        <edge id="3to4">
            <lane id="3to4_0">
                <vehicle id="11" pos="53.44" speed="5.00"/>
                <vehicle id="10" pos="63.44" speed="5.00"/>
                <vehicle id="9" pos="73.44" speed="5.00"/>
                <vehicle id="8" pos="83.94" speed="10.00"/>
                <vehicle id="7" pos="94.44" speed="10.00"/>
            </lane>
        </edge>
        <edge id="4to5">
            <lane id="4to5_0">
                <vehicle id="6" pos="3.24" speed="10.00"/>
                <vehicle id="5" pos="19.24" speed="10.00"/>
                <vehicle id="4" pos="35.24" speed="10.00"/>
                <vehicle id="3" pos="51.24" speed="10.00"/>
                <vehicle id="2" pos="67.24" speed="10.00"/>
                <vehicle id="1" pos="83.24" speed="10.00"/>
            </lane>
        </edge>
        <edge id="5to6">
            <lane id="5to6_0">
                <vehicle id="0" pos="7.06" speed="10.00"/>
            </lane>
        </edge>
    </timestep>
    <timestep time="47.50">
        <edge id="3to4">
            <lane id="3to4_0">
                <vehicle id="11" pos="53.94" speed="5.00"/>
                <vehicle id="10" pos="63.94" speed="5.00"/>
                <vehicle id="9" pos="74.44" speed="10.00"/>
                <vehicle id="8" pos="84.94" speed="10.00"/>
                <vehicle id="7" pos="95.44" speed="10.00"/>
            </lane>
        </edge>
        <edge id="4to5">
            <lane id="4to5_0">
                <vehicle id="6" pos="4.24" speed="10.00"/>
                <vehicle id="5" pos="20.24" speed="10.00"/>
                <vehicle id="4" pos="36.24" speed="10.00"/>
                <vehicle id="3" pos="52.24" speed="10.00"/>
                <vehicle id="2" pos="68.24" speed="10.00"/>
                <vehicle id="1" pos="84.24" speed="10.00"/>
            </lane>
        </edge>
        <edge id="5to6">
            <lane id="5to6_0">
                <vehicle id="0" pos="8.06" speed="10.00"/>
            </lane>
        </edge>
    </timestep>
    <timestep time="47.60">
        <edge id=":4_2">
            <lane id=":4_2_0">
                <vehicle id="7" pos="0.44" speed="10.00"/>
            </lane>
        </edge>
        <edge id="3to4">
            <lane id="3to4_0">
                <vehicle id="11" pos="54.44" speed="5.00"/>
                <vehicle id="10" pos="64.94" speed="10.00"/>
                <vehicle id="9" pos="75.44" speed="10.00"/>
                <vehicle id="8" pos="85.94" speed="10.00"/>
            </lane>
        </edge>
        <edge id="4to5">
            <lane id="4to5_0">
                <vehicle id="6" pos="5.24" speed="10.00"/>
                <vehicle id="5" pos="21.24" speed="10.00"/>
                <vehicle id="4" pos="37.24" speed="10.00"/>
                <vehicle id="3" pos="53.24" speed="10.00"/>
                <vehicle id="2" pos="69.24" speed="10.00"/>
                <vehicle id="1" pos="85.24" speed="10.00"/>
            </lane>
        </edge>
        <edge id="5to6">
            <lane id="5to6_0">
                <vehicle id="0" pos="9.06" speed="10.00"/>
            </lane>
        </edge>
    </timestep>
    <timestep time="47.70">
        <edge id=":4_2">
            <lane id=":4_2_0">
                <vehicle id="7" pos="1.44" speed="10.00"/>
            </lane>
        </edge>
        <edge id="3to4">
            <lane id="3to4_0">
                <vehicle id="11" pos="55.44" speed="10.00"/>
                <vehicle id="10" pos="65.94" speed="10.00"/>
                <vehicle id="9" pos="76.44" speed="10.00"/>
                <vehicle id="8" pos="86.94" speed="10.00"/>
            </lane>
        </edge>
        <edge id="4to5">
            <lane id="4to5_0">
                <vehicle id="6" pos="6.24" speed="10.00"/>
                <vehicle id="5" pos="22.24" speed="10.00"/>
                <vehicle id="4" pos="38.24" speed="10.00"/>
                <vehicle id="3" pos="54.24" speed="10.00"/>
                <vehicle id="2" pos="70.24" speed="10.00"/>
                <vehicle id="1" pos="86.24" speed="10.00"/>
            </lane>
        </edge>
        <edge id="5to6">
            <lane id="5to6_0">
                <vehicle id="0" pos="10.06" speed="10.00"/>
            </lane>
        </edge>
    </timestep>
    <timestep time="47.80">
        <edge id=":4_2">
            <lane id=":4_2_0">
                <vehicle id="7" pos="2.44" speed="10.00"/>
            </lane>
        </edge>
        <edge id="3to4">
            <lane id="3to4_0">
                <vehicle id="11" pos="56.44" speed="10.00"/>
                <vehicle id="10" pos="66.94" speed="10.00"/>
                <vehicle id="9" pos="77.44" speed="10.00"/>
                <vehicle id="8" pos="87.44" speed="5.00"/>
            </lane>
        </edge>
        <edge id="4to5">
            <lane id="4to5_0">
                <vehicle id="6" pos="7.24" speed="10.00"/>
                <vehicle id="5" pos="23.24" speed="10.00"/>
                <vehicle id="4" pos="39.24" speed="10.00"/>
                <vehicle id="3" pos="55.24" speed="10.00"/>
                <vehicle id="2" pos="71.24" speed="10.00"/>
                <vehicle id="1" pos="87.24" speed="10.00"/>
            </lane>
        </edge>
        <edge id="5to6">
            <lane id="5to6_0">
                <vehicle id="0" pos="11.06" speed="10.00"/>
            </lane>
        </edge>
    </timestep>
    <timestep time="47.90">
        <edge id=":4_2">
            <lane id=":4_2_0">
                <vehicle id="7" pos="3.44" speed="10.00"/>
            </lane>
        </edge>
        <edge id="3to4">
            <lane id="3to4_0">
                <vehicle id="11" pos="57.44" speed="10.00"/>
                <vehicle id="10" pos="67.94" speed="10.00"/>
                <vehicle id="9" pos="77.94" speed="5.00"/>
                <vehicle id="8" pos="87.94" speed="5.00"/>
            </lane>
        </edge>
        <edge id="4to5">
            <lane id="4to5_0">
                <vehicle id="6" pos="8.24" speed="10.00"/>
                <vehicle id="5" pos="24.24" speed="10.00"/>
                <vehicle id="4" pos="40.24" speed="10.00"/>
                <vehicle id="3" pos="56.24" speed="10.00"/>
                <vehicle id="2" pos="72.24" speed="10.00"/>
                <vehicle id="1" pos="88.24" speed="10.00"/>
            </lane>
        </edge>
        <edge id="5to6">
            <lane id="5to6_0">
                <vehicle id="0" pos="12.06" speed="10.00"/>
            </lane>
        </edge>
    </timestep>
    <timestep time="48.00">
        <edge id=":4_2">
            <lane id=":4_2_0">
                <vehicle id="7" pos="4.44" speed="10.00"/>
            </lane>
        </edge>
        <edge id="3to4">
            <lane id="3to4_0">
                <vehicle id="11" pos="58.44" speed="10.00"/>
                <vehicle id="10" pos="68.44" speed="5.00"/>
                <vehicle id="9" pos="78.44" speed="5.00"/>
                <vehicle id="8" pos="88.44" speed="5.00"/>
            </lane>
        </edge>
        <edge id="4to5">
            <lane id="4to5_0">
                <vehicle id="6" pos="9.24" speed="10.00"/>
                <vehicle id="5" pos="25.24" speed="10.00"/>
                <vehicle id="4" pos="41.24" speed="10.00"/>
                <vehicle id="3" pos="57.24" speed="10.00"/>
                <vehicle id="2" pos="73.24" speed="10.00"/>
                <vehicle id="1" pos="89.24" speed="10.00"/>
            </lane>
        </edge>
        <edge id="5to6">
            <lane id="5to6_0">
                <vehicle id="0" pos="13.06" speed="10.00"/>
            </lane>
        </edge>
    </timestep>
    <timestep time="48.10">
        <edge id=":4_2">
            <lane id=":4_2_0">
                <vehicle id="7" pos="5.44" speed="10.00"/>
            </lane>
        </edge>
        <edge id=":5_0">
            <lane id=":5_0_0">
                <vehicle id="1" pos="0.64" speed="10.00"/>
            </lane>
        </edge>
        <edge id="3to4">
            <lane id="3to4_0">
                <vehicle id="11" pos="58.94" speed="5.00"/>
                <vehicle id="10" pos="68.94" speed="5.00"/>
                <vehicle id="9" pos="78.94" speed="5.00"/>
                <vehicle id="8" pos="88.94" speed="5.00"/>
            </lane>
        </edge>
        <edge id="4to5">
            <lane id="4to5_0">
                <vehicle id="6" pos="10.24" speed="10.00"/>
                <vehicle id="5" pos="26.24" speed="10.00"/>
                <vehicle id="4" pos="42.24" speed="10.00"/>
                <vehicle id="3" pos="58.24" speed="10.00"/>
                <vehicle id="2" pos="74.24" speed="10.00"/>
            </lane>
        </edge>
        <edge id="5to6">
            <lane id="5to6_0">
                <vehicle id="0" pos="14.06" speed="10.00"/>
            </lane>
        </edge>
    </timestep>
    <timestep time="48.20">
        <edge id=":4_2">
            <lane id=":4_2_0">
                <vehicle id="7" pos="6.44" speed="10.00"/>
            </lane>
        </edge>
        <edge id=":5_0">
            <lane id=":5_0_0">
                <vehicle id="1" pos="1.64" speed="10.00"/>
            </lane>
        </edge>
        <edge id="3to4">
            <lane id="3to4_0">
                <vehicle id="11" pos="59.44" speed="5.00"/>
                <vehicle id="10" pos="69.44" speed="5.00"/>
                <vehicle id="9" pos="79.44" speed="5.00"/>
                <vehicle id="8" pos="89.44" speed="5.00"/>
            </lane>
        </edge>
        <edge id="4to5">
            <lane id="4to5_0">
                <vehicle id="6" pos="11.24" speed="10.00"/>
                <vehicle id="5" pos="27.24" speed="10.00"/>
                <vehicle id="4" pos="43.24" speed="10.00"/>
                <vehicle id="3" pos="59.24" speed="10.00"/>
                <vehicle id="2" pos="75.24" speed="10.00"/>
            </lane>
        </edge>
        <edge id="5to6">
            <lane id="5to6_0">
                <vehicle id="0" pos="15.06" speed="10.00"/>
            </lane>
        </edge>
    </timestep>
    <timestep time="48.30">
        <edge id=":4_2">
            <lane id=":4_2_0">
                <vehicle id="7" pos="7.44" speed="10.00"/>
            </lane>
        </edge>
        <edge id="3to4">
            <lane id="3to4_0">
                <vehicle id="11" pos="59.94" speed="5.00"/>
                <vehicle id="10" pos="69.94" speed="5.00"/>
                <vehicle id="9" pos="79.94" speed="5.00"/>
                <vehicle id="8" pos="89.94" speed="5.00"/>
            </lane>
        </edge>
        <edge id="4to5">
            <lane id="4to5_0">
                <vehicle id="6" pos="12.24" speed="10.00"/>
                <vehicle id="5" pos="28.24" speed="10.00"/>
                <vehicle id="4" pos="44.24" speed="10.00"/>
                <vehicle id="3" pos="60.24" speed="10.00"/>
                <vehicle id="2" pos="76.24" speed="10.00"/>
            </lane>
        </edge>
        <edge id="5to6">
            <lane id="5to6_0">
                <vehicle id="1" pos="0.06" speed="10.00"/>
                <vehicle id="0" pos="16.06" speed="10.00"/>
            </lane>
        </edge>
    </timestep>
    <timestep time="48.40">
        <edge id=":4_2">
            <lane id=":4_2_0">
                <vehicle id="7" pos="8.44" speed="10.00"/>
            </lane>
        </edge>
        <edge id="3to4">
            <lane id="3to4_0">
                <vehicle id="11" pos="60.44" speed="5.00"/>
                <vehicle id="10" pos="70.44" speed="5.00"/>
                <vehicle id="9" pos="80.44" speed="5.00"/>
                <vehicle id="8" pos="90.44" speed="5.00"/>
            </lane>
        </edge>
        <edge id="4to5">
            <lane id="4to5_0">
                <vehicle id="6" pos="13.24" speed="10.00"/>
                <vehicle id="5" pos="29.24" speed="10.00"/>
                <vehicle id="4" pos="45.24" speed="10.00"/>
                <vehicle id="3" pos="61.24" speed="10.00"/>
                <vehicle id="2" pos="77.24" speed="10.00"/>
            </lane>
        </edge>
        <edge id="5to6">
            <lane id="5to6_0">
                <vehicle id="1" pos="1.06" speed="10.00"/>
                <vehicle id="0" pos="17.06" speed="10.00"/>
            </lane>
        </edge>
    </timestep>
    <timestep time="48.50">
        <edge id=":4_2">
            <lane id=":4_2_0">
                <vehicle id="7" pos="9.44" speed="10.00"/>
            </lane>
        </edge>
        <edge id="3to4">
            <lane id="3to4_0">
                <vehicle id="11" pos="60.94" speed="5.00"/>
                <vehicle id="10" pos="70.94" speed="5.00"/>
                <vehicle id="9" pos="80.94" speed="5.00"/>
                <vehicle id="8" pos="90.94" speed="5.00"/>
            </lane>
        </edge>
        <edge id="4to5">
            <lane id="4to5_0">
                <vehicle id="6" pos="14.24" speed="10.00"/>
                <vehicle id="5" pos="30.24" speed="10.00"/>
                <vehicle id="4" pos="46.24" speed="10.00"/>
                <vehicle id="3" pos="62.24" speed="10.00"/>
                <vehicle id="2" pos="78.24" speed="10.00"/>
            </lane>
        </edge>
        <edge id="5to6">
            <lane id="5to6_0">
                <vehicle id="1" pos="2.06" speed="10.00"/>
                <vehicle id="0" pos="18.06" speed="10.00"/>
            </lane>
        </edge>
    </timestep>
    <timestep time="48.60">
        <edge id=":4_2">
            <lane id=":4_2_0">
                <vehicle id="7" pos="10.44" speed="10.00"/>
            </lane>
        </edge>
        <edge id="3to4">
            <lane id="3to4_0">
                <vehicle id="11" pos="61.44" speed="5.00"/>
                <vehicle id="10" pos="71.44" speed="5.00"/>
                <vehicle id="9" pos="81.44" speed="5.00"/>
                <vehicle id="8" pos="91.44" speed="5.00"/>
            </lane>
        </edge>
        <edge id="4to5">
            <lane id="4to5_0">
                <vehicle id="6" pos="15.24" speed="10.00"/>
                <vehicle id="5" pos="31.24" speed="10.00"/>
                <vehicle id="4" pos="47.24" speed="10.00"/>
                <vehicle id="3" pos="63.24" speed="10.00"/>
                <vehicle id="2" pos="79.24" speed="10.00"/>
            </lane>
        </edge>
        <edge id="5to6">
            <lane id="5to6_0">
                <vehicle id="1" pos="3.06" speed="10.00"/>
                <vehicle id="0" pos="19.06" speed="10.00"/>
            </lane>
        </edge>
    </timestep>
    <timestep time="48.70">
        <edge id="3to4">
            <lane id="3to4_0">
                <vehicle id="11" pos="61.94" speed="5.00"/>
                <vehicle id="10" pos="71.94" speed="5.00"/>
                <vehicle id="9" pos="81.94" speed="5.00"/>
                <vehicle id="8" pos="91.94" speed="5.00"/>
            </lane>
        </edge>
        <edge id="4to5">
            <lane id="4to5_0">
                <vehicle id="7" pos="0.24" speed="10.00"/>
                <vehicle id="6" pos="16.24" speed="10.00"/>
                <vehicle id="5" pos="32.24" speed="10.00"/>
                <vehicle id="4" pos="48.24" speed="10.00"/>
                <vehicle id="3" pos="64.24" speed="10.00"/>
                <vehicle id="2" pos="80.24" speed="10.00"/>
            </lane>
        </edge>
        <edge id="5to6">
            <lane id="5to6_0">
                <vehicle id="1" pos="4.06" speed="10.00"/>
                <vehicle id="0" pos="20.06" speed="10.00"/>
            </lane>
        </edge>
    </timestep>
    <timestep time="48.80">
        <edge id="3to4">
            <lane id="3to4_0">
                <vehicle id="11" pos="62.44" speed="5.00"/>
                <vehicle id="10" pos="72.44" speed="5.00"/>
                <vehicle id="9" pos="82.44" speed="5.00"/>
                <vehicle id="8" pos="92.44" speed="5.00"/>
            </lane>
        </edge>
        <edge id="4to5">
            <lane id="4to5_0">
                <vehicle id="7" pos="1.24" speed="10.00"/>
                <vehicle id="6" pos="17.24" speed="10.00"/>
                <vehicle id="5" pos="33.24" speed="10.00"/>
                <vehicle id="4" pos="49.24" speed="10.00"/>
                <vehicle id="3" pos="65.24" speed="10.00"/>
                <vehicle id="2" pos="81.24" speed="10.00"/>
            </lane>
        </edge>
        <edge id="5to6">
            <lane id="5to6_0">
                <vehicle id="1" pos="5.06" speed="10.00"/>
                <vehicle id="0" pos="21.06" speed="10.00"/>
            </lane>
        </edge>
    </timestep>
    <timestep time="48.90">
        <edge id="3to4">
            <lane id="3to4_0">
                <vehicle id="11" pos="62.94" speed="5.00"/>
                <vehicle id="10" pos="72.94" speed="5.00"/>
                <vehicle id="9" pos="82.94" speed="5.00"/>
                <vehicle id="8" pos="92.44" speed="0.00"/>
            </lane>
        </edge>
        <edge id="4to5">
            <lane id="4to5_0">
                <vehicle id="7" pos="2.24" speed="10.00"/>
                <vehicle id="6" pos="18.24" speed="10.00"/>
                <vehicle id="5" pos="34.24" speed="10.00"/>
                <vehicle id="4" pos="50.24" speed="10.00"/>
                <vehicle id="3" pos="66.24" speed="10.00"/>
                <vehicle id="2" pos="82.24" speed="10.00"/>
            </lane>
        </edge>
        <edge id="5to6">
            <lane id="5to6_0">
                <vehicle id="1" pos="6.06" speed="10.00"/>
                <vehicle id="0" pos="22.06" speed="10.00"/>
            </lane>
        </edge>
    </timestep>
    <timestep time="49.00">
        <edge id="3to4">
            <lane id="3to4_0">
                <vehicle id="11" pos="63.44" speed="5.00"/>
                <vehicle id="10" pos="73.44" speed="5.00"/>
                <vehicle id="9" pos="82.94" speed="0.00"/>
                <vehicle id="8" pos="92.44" speed="0.00"/>
            </lane>
        </edge>
        <edge id="4to5">
            <lane id="4to5_0">
                <vehicle id="7" pos="3.24" speed="10.00"/>
                <vehicle id="6" pos="19.24" speed="10.00"/>
                <vehicle id="5" pos="35.24" speed="10.00"/>
                <vehicle id="4" pos="51.24" speed="10.00"/>
                <vehicle id="3" pos="67.24" speed="10.00"/>
                <vehicle id="2" pos="83.24" speed="10.00"/>
            </lane>
        </edge>
        <edge id="5to6">
            <lane id="5to6_0">
                <vehicle id="1" pos="7.06" speed="10.00"/>
                <vehicle id="0" pos="23.06" speed="10.00"/>
            </lane>
        </edge>
    </timestep>
    <timestep time="49.10">
        <edge id="3to4">
            <lane id="3to4_0">
                <vehicle id="11" pos="63.94" speed="5.00"/>
                <vehicle id="10" pos="73.44" speed="0.00"/>
                <vehicle id="9" pos="82.94" speed="0.00"/>
                <vehicle id="8" pos="92.44" speed="0.00"/>
            </lane>
        </edge>
        <edge id="4to5">
            <lane id="4to5_0">
                <vehicle id="7" pos="4.24" speed="10.00"/>
                <vehicle id="6" pos="20.24" speed="10.00"/>
                <vehicle id="5" pos="36.24" speed="10.00"/>
                <vehicle id="4" pos="52.24" speed="10.00"/>
                <vehicle id="3" pos="68.24" speed="10.00"/>
                <vehicle id="2" pos="84.24" speed="10.00"/>
            </lane>
        </edge>
        <edge id="5to6">
            <lane id="5to6_0">
                <vehicle id="1" pos="8.06" speed="10.00"/>
                <vehicle id="0" pos="24.06" speed="10.00"/>
            </lane>
        </edge>
    </timestep>
    <timestep time="49.20">
        <edge id="3to4">
            <lane id="3to4_0">
                <vehicle id="11" pos="63.94" speed="0.00"/>
                <vehicle id="10" pos="73.44" speed="0.00"/>
                <vehicle id="9" pos="82.94" speed="0.00"/>
                <vehicle id="8" pos="92.44" speed="0.00"/>
            </lane>
        </edge>
        <edge id="4to5">
            <lane id="4to5_0">
                <vehicle id="7" pos="5.24" speed="10.00"/>
                <vehicle id="6" pos="21.24" speed="10.00"/>
                <vehicle id="5" pos="37.24" speed="10.00"/>
                <vehicle id="4" pos="53.24" speed="10.00"/>
                <vehicle id="3" pos="69.24" speed="10.00"/>
                <vehicle id="2" pos="85.24" speed="10.00"/>
            </lane>
        </edge>
        <edge id="5to6">
            <lane id="5to6_0">
                <vehicle id="1" pos="9.06" speed="10.00"/>
                <vehicle id="0" pos="25.06" speed="10.00"/>
            </lane>
        </edge>
    </timestep>
    <timestep time="49.30">
        <edge id="3to4">
            <lane id="3to4_0">
                <vehicle id="11" pos="63.94" speed="0.00"/>
                <vehicle id="10" pos="73.44" speed="0.00"/>
                <vehicle id="9" pos="82.94" speed="0.00"/>
                <vehicle id="8" pos="92.44" speed="0.00"/>
            </lane>
        </edge>
        <edge id="4to5">
            <lane id="4to5_0">
                <vehicle id="7" pos="6.24" speed="10.00"/>
                <vehicle id="6" pos="22.24" speed="10.00"/>
                <vehicle id="5" pos="38.24" speed="10.00"/>
                <vehicle id="4" pos="54.24" speed="10.00"/>
                <vehicle id="3" pos="70.24" speed="10.00"/>
                <vehicle id="2" pos="86.24" speed="10.00"/>
            </lane>
        </edge>
        <edge id="5to6">
            <lane id="5to6_0">
                <vehicle id="1" pos="10.06" speed="10.00"/>
                <vehicle id="0" pos="26.06" speed="10.00"/>
            </lane>
        </edge>
    </timestep>
    <timestep time="49.40">
        <edge id="3to4">
            <lane id="3to4_0">
                <vehicle id="11" pos="63.94" speed="0.00"/>
                <vehicle id="10" pos="73.44" speed="0.00"/>
                <vehicle id="9" pos="82.94" speed="0.00"/>
                <vehicle id="8" pos="92.44" speed="0.00"/>
            </lane>
        </edge>
        <edge id="4to5">
            <lane id="4to5_0">
                <vehicle id="7" pos="7.24" speed="10.00"/>
                <vehicle id="6" pos="23.24" speed="10.00"/>
                <vehicle id="5" pos="39.24" speed="10.00"/>
                <vehicle id="4" pos="55.24" speed="10.00"/>
                <vehicle id="3" pos="71.24" speed="10.00"/>
                <vehicle id="2" pos="87.24" speed="10.00"/>
            </lane>
        </edge>
        <edge id="5to6">
            <lane id="5to6_0">
                <vehicle id="1" pos="11.06" speed="10.00"/>
                <vehicle id="0" pos="27.06" speed="10.00"/>
            </lane>
        </edge>
    </timestep>
    <timestep time="49.50">
        <edge id="3to4">
            <lane id="3to4_0">
                <vehicle id="11" pos="63.94" speed="0.00"/>
                <vehicle id="10" pos="73.44" speed="0.00"/>
                <vehicle id="9" pos="82.94" speed="0.00"/>
                <vehicle id="8" pos="92.44" speed="0.00"/>
            </lane>
        </edge>
        <edge id="4to5">
            <lane id="4to5_0">
                <vehicle id="7" pos="8.24" speed="10.00"/>
                <vehicle id="6" pos="24.24" speed="10.00"/>
                <vehicle id="5" pos="40.24" speed="10.00"/>
                <vehicle id="4" pos="56.24" speed="10.00"/>
                <vehicle id="3" pos="72.24" speed="10.00"/>
                <vehicle id="2" pos="88.24" speed="10.00"/>
            </lane>
        </edge>
        <edge id="5to6">
            <lane id="5to6_0">
                <vehicle id="1" pos="12.06" speed="10.00"/>
                <vehicle id="0" pos="28.06" speed="10.00"/>
            </lane>
        </edge>
    </timestep>
    <timestep time="49.60">
        <edge id="3to4">
            <lane id="3to4_0">
                <vehicle id="11" pos="63.94" speed="0.00"/>
                <vehicle id="10" pos="73.44" speed="0.00"/>
                <vehicle id="9" pos="82.94" speed="0.00"/>
                <vehicle id="8" pos="92.44" speed="0.00"/>
            </lane>
        </edge>
        <edge id="4to5">
            <lane id="4to5_0">
                <vehicle id="7" pos="9.24" speed="10.00"/>
                <vehicle id="6" pos="25.24" speed="10.00"/>
                <vehicle id="5" pos="41.24" speed="10.00"/>
                <vehicle id="4" pos="57.24" speed="10.00"/>
                <vehicle id="3" pos="73.24" speed="10.00"/>
                <vehicle id="2" pos="89.24" speed="10.00"/>
            </lane>
        </edge>
        <edge id="5to6">
            <lane id="5to6_0">
                <vehicle id="1" pos="13.06" speed="10.00"/>
                <vehicle id="0" pos="29.06" speed="10.00"/>
            </lane>
        </edge>
    </timestep>
    <timestep time="49.70">
        <edge id=":5_0">
            <lane id=":5_0_0">
                <vehicle id="2" pos="0.64" speed="10.00"/>
            </lane>
        </edge>
        <edge id="3to4">
            <lane id="3to4_0">
                <vehicle id="11" pos="63.94" speed="0.00"/>
                <vehicle id="10" pos="73.44" speed="0.00"/>
                <vehicle id="9" pos="82.94" speed="0.00"/>
                <vehicle id="8" pos="92.44" speed="0.00"/>
            </lane>
        </edge>
        <edge id="4to5">
            <lane id="4to5_0">
                <vehicle id="7" pos="10.24" speed="10.00"/>
                <vehicle id="6" pos="26.24" speed="10.00"/>
                <vehicle id="5" pos="42.24" speed="10.00"/>
                <vehicle id="4" pos="58.24" speed="10.00"/>
                <vehicle id="3" pos="74.24" speed="10.00"/>
            </lane>
        </edge>
        <edge id="5to6">
            <lane id="5to6_0">
                <vehicle id="1" pos="14.06" speed="10.00"/>
                <vehicle id="0" pos="30.06" speed="10.00"/>
            </lane>
        </edge>
    </timestep>
    <timestep time="49.80">
        <edge id=":5_0">
            <lane id=":5_0_0">
                <vehicle id="2" pos="1.64" speed="10.00"/>
            </lane>
        </edge>
        <edge id="3to4">
            <lane id="3to4_0">
                <vehicle id="11" pos="63.94" speed="0.00"/>
                <vehicle id="10" pos="73.44" speed="0.00"/>
                <vehicle id="9" pos="82.94" speed="0.00"/>
                <vehicle id="8" pos="92.44" speed="0.00"/>
            </lane>
        </edge>
        <edge id="4to5">
            <lane id="4to5_0">
                <vehicle id="7" pos="11.24" speed="10.00"/>
                <vehicle id="6" pos="27.24" speed="10.00"/>
                <vehicle id="5" pos="43.24" speed="10.00"/>
                <vehicle id="4" pos="59.24" speed="10.00"/>
                <vehicle id="3" pos="75.24" speed="10.00"/>
            </lane>
        </edge>
        <edge id="5to6">
            <lane id="5to6_0">
                <vehicle id="1" pos="15.06" speed="10.00"/>
                <vehicle id="0" pos="31.06" speed="10.00"/>
            </lane>
        </edge>
    </timestep>
    <timestep time="49.90">
        <edge id="3to4">
            <lane id="3to4_0">
                <vehicle id="11" pos="63.94" speed="0.00"/>
                <vehicle id="10" pos="73.44" speed="0.00"/>
                <vehicle id="9" pos="82.94" speed="0.00"/>
                <vehicle id="8" pos="92.44" speed="0.00"/>
            </lane>
        </edge>
        <edge id="4to5">
            <lane id="4to5_0">
                <vehicle id="7" pos="12.24" speed="10.00"/>
                <vehicle id="6" pos="28.24" speed="10.00"/>
                <vehicle id="5" pos="44.24" speed="10.00"/>
                <vehicle id="4" pos="60.24" speed="10.00"/>
                <vehicle id="3" pos="76.24" speed="10.00"/>
            </lane>
        </edge>
        <edge id="5to6">
            <lane id="5to6_0">
                <vehicle id="2" pos="0.06" speed="10.00"/>
                <vehicle id="1" pos="16.06" speed="10.00"/>
                <vehicle id="0" pos="32.06" speed="10.00"/>
            </lane>
        </edge>
    </timestep>
    <timestep time="50.00">
        <edge id="3to4">
            <lane id="3to4_0">
                <vehicle id="11" pos="63.94" speed="0.00"/>
                <vehicle id="10" pos="73.44" speed="0.00"/>
                <vehicle id="9" pos="82.94" speed="0.00"/>
                <vehicle id="8" pos="92.44" speed="0.00"/>
            </lane>
        </edge>
        <edge id="4to5">
            <lane id="4to5_0">
                <vehicle id="7" pos="13.24" speed="10.00"/>
                <vehicle id="6" pos="29.24" speed="10.00"/>
                <vehicle id="5" pos="45.24" speed="10.00"/>
                <vehicle id="4" pos="61.24" speed="10.00"/>
                <vehicle id="3" pos="77.24" speed="10.00"/>
            </lane>
        </edge>
        <edge id="5to6">
            <lane id="5to6_0">
                <vehicle id="2" pos="1.06" speed="10.00"/>
                <vehicle id="1" pos="17.06" speed="10.00"/>
                <vehicle id="0" pos="33.06" speed="10.00"/>
            </lane>
        </edge>
    </timestep>
    <timestep time="50.10">
        <edge id="3to4">
            <lane id="3to4_0">
                <vehicle id="11" pos="63.94" speed="0.00"/>
                <vehicle id="10" pos="73.44" speed="0.00"/>
                <vehicle id="9" pos="82.94" speed="0.00"/>
                <vehicle id="8" pos="92.44" speed="0.00"/>
            </lane>
        </edge>
        <edge id="4to5">
            <lane id="4to5_0">
                <vehicle id="7" pos="14.24" speed="10.00"/>
                <vehicle id="6" pos="30.24" speed="10.00"/>
                <vehicle id="5" pos="46.24" speed="10.00"/>
                <vehicle id="4" pos="62.24" speed="10.00"/>
                <vehicle id="3" pos="78.24" speed="10.00"/>
            </lane>
        </edge>
        <edge id="5to6">
            <lane id="5to6_0">
                <vehicle id="2" pos="2.06" speed="10.00"/>
                <vehicle id="1" pos="18.06" speed="10.00"/>
                <vehicle id="0" pos="34.06" speed="10.00"/>
            </lane>
        </edge>
    </timestep>
    <timestep time="50.20">
        <edge id="3to4">
            <lane id="3to4_0">
                <vehicle id="11" pos="63.94" speed="0.00"/>
                <vehicle id="10" pos="73.44" speed="0.00"/>
                <vehicle id="9" pos="82.94" speed="0.00"/>
                <vehicle id="8" pos="92.44" speed="0.00"/>
            </lane>
        </edge>
        <edge id="4to5">
            <lane id="4to5_0">
                <vehicle id="7" pos="15.24" speed="10.00"/>
                <vehicle id="6" pos="31.24" speed="10.00"/>
                <vehicle id="5" pos="47.24" speed="10.00"/>
                <vehicle id="4" pos="63.24" speed="10.00"/>
                <vehicle id="3" pos="79.24" speed="10.00"/>
            </lane>
        </edge>
        <edge id="5to6">
            <lane id="5to6_0">
                <vehicle id="2" pos="3.06" speed="10.00"/>
                <vehicle id="1" pos="19.06" speed="10.00"/>
                <vehicle id="0" pos="35.06" speed="10.00"/>
            </lane>
        </edge>
    </timestep>
    <timestep time="50.30">
        <edge id="3to4">
            <lane id="3to4_0">
                <vehicle id="11" pos="63.94" speed="0.00"/>
                <vehicle id="10" pos="73.44" speed="0.00"/>
                <vehicle id="9" pos="82.94" speed="0.00"/>
                <vehicle id="8" pos="92.44" speed="0.00"/>
            </lane>
        </edge>
        <edge id="4to5">
            <lane id="4to5_0">
                <vehicle id="7" pos="16.24" speed="10.00"/>
                <vehicle id="6" pos="32.24" speed="10.00"/>
                <vehicle id="5" pos="48.24" speed="10.00"/>
                <vehicle id="4" pos="64.24" speed="10.00"/>
                <vehicle id="3" pos="80.24" speed="10.00"/>
            </lane>
        </edge>
        <edge id="5to6">
            <lane id="5to6_0">
                <vehicle id="2" pos="4.06" speed="10.00"/>
                <vehicle id="1" pos="20.06" speed="10.00"/>
                <vehicle id="0" pos="36.06" speed="10.00"/>
            </lane>
        </edge>
    </timestep>
    <timestep time="50.40">
        <edge id="3to4">
            <lane id="3to4_0">
                <vehicle id="11" pos="63.94" speed="0.00"/>
                <vehicle id="10" pos="73.44" speed="0.00"/>
                <vehicle id="9" pos="82.94" speed="0.00"/>
                <vehicle id="8" pos="92.44" speed="0.00"/>
            </lane>
        </edge>
        <edge id="4to5">
            <lane id="4to5_0">
                <vehicle id="7" pos="17.24" speed="10.00"/>
                <vehicle id="6" pos="33.24" speed="10.00"/>
                <vehicle id="5" pos="49.24" speed="10.00"/>
                <vehicle id="4" pos="65.24" speed="10.00"/>
                <vehicle id="3" pos="81.24" speed="10.00"/>
            </lane>
        </edge>
        <edge id="5to6">
            <lane id="5to6_0">
                <vehicle id="2" pos="5.06" speed="10.00"/>
                <vehicle id="1" pos="21.06" speed="10.00"/>
                <vehicle id="0" pos="37.06" speed="10.00"/>
            </lane>
        </edge>
    </timestep>
    <timestep time="50.50">
        <edge id="3to4">
            <lane id="3to4_0">
                <vehicle id="11" pos="63.94" speed="0.00"/>
                <vehicle id="10" pos="73.44" speed="0.00"/>
                <vehicle id="9" pos="82.94" speed="0.00"/>
                <vehicle id="8" pos="92.44" speed="0.00"/>
            </lane>
        </edge>
        <edge id="4to5">
            <lane id="4to5_0">
                <vehicle id="7" pos="18.24" speed="10.00"/>
                <vehicle id="6" pos="34.24" speed="10.00"/>
                <vehicle id="5" pos="50.24" speed="10.00"/>
                <vehicle id="4" pos="66.24" speed="10.00"/>
                <vehicle id="3" pos="82.24" speed="10.00"/>
            </lane>
        </edge>
        <edge id="5to6">
            <lane id="5to6_0">
                <vehicle id="2" pos="6.06" speed="10.00"/>
                <vehicle id="1" pos="22.06" speed="10.00"/>
                <vehicle id="0" pos="38.06" speed="10.00"/>
            </lane>
        </edge>
    </timestep>
    <timestep time="50.60">
        <edge id="3to4">
            <lane id="3to4_0">
                <vehicle id="11" pos="63.94" speed="0.00"/>
                <vehicle id="10" pos="73.44" speed="0.00"/>
                <vehicle id="9" pos="82.94" speed="0.00"/>
                <vehicle id="8" pos="92.44" speed="0.00"/>
            </lane>
        </edge>
        <edge id="4to5">
            <lane id="4to5_0">
                <vehicle id="7" pos="19.24" speed="10.00"/>
                <vehicle id="6" pos="35.24" speed="10.00"/>
                <vehicle id="5" pos="51.24" speed="10.00"/>
                <vehicle id="4" pos="67.24" speed="10.00"/>
                <vehicle id="3" pos="83.24" speed="10.00"/>
            </lane>
        </edge>
        <edge id="5to6">
            <lane id="5to6_0">
                <vehicle id="2" pos="7.06" speed="10.00"/>
                <vehicle id="1" pos="23.06" speed="10.00"/>
                <vehicle id="0" pos="39.06" speed="10.00"/>
            </lane>
        </edge>
    </timestep>
    <timestep time="50.70">
        <edge id="3to4">
            <lane id="3to4_0">
                <vehicle id="11" pos="63.94" speed="0.00"/>
                <vehicle id="10" pos="73.44" speed="0.00"/>
                <vehicle id="9" pos="82.94" speed="0.00"/>
                <vehicle id="8" pos="92.44" speed="0.00"/>
            </lane>
        </edge>
        <edge id="4to5">
            <lane id="4to5_0">
                <vehicle id="7" pos="20.24" speed="10.00"/>
                <vehicle id="6" pos="36.24" speed="10.00"/>
                <vehicle id="5" pos="52.24" speed="10.00"/>
                <vehicle id="4" pos="68.24" speed="10.00"/>
                <vehicle id="3" pos="84.24" speed="10.00"/>
            </lane>
        </edge>
        <edge id="5to6">
            <lane id="5to6_0">
                <vehicle id="2" pos="8.06" speed="10.00"/>
                <vehicle id="1" pos="24.06" speed="10.00"/>
                <vehicle id="0" pos="40.06" speed="10.00"/>
            </lane>
        </edge>
    </timestep>
    <timestep time="50.80">
        <edge id="3to4">
            <lane id="3to4_0">
                <vehicle id="11" pos="63.94" speed="0.00"/>
                <vehicle id="10" pos="73.44" speed="0.00"/>
                <vehicle id="9" pos="82.94" speed="0.00"/>
                <vehicle id="8" pos="92.44" speed="0.00"/>
            </lane>
        </edge>
        <edge id="4to5">
            <lane id="4to5_0">
                <vehicle id="7" pos="21.24" speed="10.00"/>
                <vehicle id="6" pos="37.24" speed="10.00"/>
                <vehicle id="5" pos="53.24" speed="10.00"/>
                <vehicle id="4" pos="69.24" speed="10.00"/>
                <vehicle id="3" pos="85.24" speed="10.00"/>
            </lane>
        </edge>
        <edge id="5to6">
            <lane id="5to6_0">
                <vehicle id="2" pos="9.06" speed="10.00"/>
                <vehicle id="1" pos="25.06" speed="10.00"/>
                <vehicle id="0" pos="41.06" speed="10.00"/>
            </lane>
        </edge>
    </timestep>
    <timestep time="50.90">
        <edge id="3to4">
            <lane id="3to4_0">
                <vehicle id="11" pos="63.94" speed="0.00"/>
                <vehicle id="10" pos="73.44" speed="0.00"/>
                <vehicle id="9" pos="82.94" speed="0.00"/>
                <vehicle id="8" pos="92.44" speed="0.00"/>
            </lane>
        </edge>
        <edge id="4to5">
            <lane id="4to5_0">
                <vehicle id="7" pos="22.24" speed="10.00"/>
                <vehicle id="6" pos="38.24" speed="10.00"/>
                <vehicle id="5" pos="54.24" speed="10.00"/>
                <vehicle id="4" pos="70.24" speed="10.00"/>
                <vehicle id="3" pos="86.24" speed="10.00"/>
            </lane>
        </edge>
        <edge id="5to6">
            <lane id="5to6_0">
                <vehicle id="2" pos="10.06" speed="10.00"/>
                <vehicle id="1" pos="26.06" speed="10.00"/>
                <vehicle id="0" pos="42.06" speed="10.00"/>
            </lane>
        </edge>
    </timestep>
    <timestep time="51.00">
        <edge id="3to4">
            <lane id="3to4_0">
                <vehicle id="11" pos="63.94" speed="0.00"/>
                <vehicle id="10" pos="73.44" speed="0.00"/>
                <vehicle id="9" pos="82.94" speed="0.00"/>
                <vehicle id="8" pos="92.44" speed="0.00"/>
            </lane>
        </edge>
        <edge id="4to5">
            <lane id="4to5_0">
                <vehicle id="7" pos="23.24" speed="10.00"/>
                <vehicle id="6" pos="39.24" speed="10.00"/>
                <vehicle id="5" pos="55.24" speed="10.00"/>
                <vehicle id="4" pos="71.24" speed="10.00"/>
                <vehicle id="3" pos="87.24" speed="10.00"/>
            </lane>
        </edge>
        <edge id="5to6">
            <lane id="5to6_0">
                <vehicle id="2" pos="11.06" speed="10.00"/>
                <vehicle id="1" pos="27.06" speed="10.00"/>
                <vehicle id="0" pos="43.06" speed="10.00"/>
            </lane>
        </edge>
    </timestep>
    <timestep time="51.10">
        <edge id="3to4">
            <lane id="3to4_0">
                <vehicle id="11" pos="63.94" speed="0.00"/>
                <vehicle id="10" pos="73.44" speed="0.00"/>
                <vehicle id="9" pos="82.94" speed="0.00"/>
                <vehicle id="8" pos="92.44" speed="0.00"/>
            </lane>
        </edge>
        <edge id="4to5">
            <lane id="4to5_0">
                <vehicle id="7" pos="24.24" speed="10.00"/>
                <vehicle id="6" pos="40.24" speed="10.00"/>
                <vehicle id="5" pos="56.24" speed="10.00"/>
                <vehicle id="4" pos="72.24" speed="10.00"/>
                <vehicle id="3" pos="88.24" speed="10.00"/>
            </lane>
        </edge>
        <edge id="5to6">
            <lane id="5to6_0">
                <vehicle id="2" pos="12.06" speed="10.00"/>
                <vehicle id="1" pos="28.06" speed="10.00"/>
                <vehicle id="0" pos="44.06" speed="10.00"/>
            </lane>
        </edge>
    </timestep>
    <timestep time="51.20">
        <edge id="3to4">
            <lane id="3to4_0">
                <vehicle id="11" pos="63.94" speed="0.00"/>
                <vehicle id="10" pos="73.44" speed="0.00"/>
                <vehicle id="9" pos="82.94" speed="0.00"/>
                <vehicle id="8" pos="92.44" speed="0.00"/>
            </lane>
        </edge>
        <edge id="4to5">
            <lane id="4to5_0">
                <vehicle id="7" pos="25.24" speed="10.00"/>
                <vehicle id="6" pos="41.24" speed="10.00"/>
                <vehicle id="5" pos="57.24" speed="10.00"/>
                <vehicle id="4" pos="73.24" speed="10.00"/>
                <vehicle id="3" pos="89.24" speed="10.00"/>
            </lane>
        </edge>
        <edge id="5to6">
            <lane id="5to6_0">
                <vehicle id="2" pos="13.06" speed="10.00"/>
                <vehicle id="1" pos="29.06" speed="10.00"/>
                <vehicle id="0" pos="45.06" speed="10.00"/>
            </lane>
        </edge>
    </timestep>
    <timestep time="51.30">
        <edge id=":5_0">
            <lane id=":5_0_0">
                <vehicle id="3" pos="0.64" speed="10.00"/>
            </lane>
        </edge>
        <edge id="3to4">
            <lane id="3to4_0">
                <vehicle id="11" pos="63.94" speed="0.00"/>
                <vehicle id="10" pos="73.44" speed="0.00"/>
                <vehicle id="9" pos="82.94" speed="0.00"/>
                <vehicle id="8" pos="92.44" speed="0.00"/>
            </lane>
        </edge>
        <edge id="4to5">
            <lane id="4to5_0">
                <vehicle id="7" pos="26.24" speed="10.00"/>
                <vehicle id="6" pos="42.24" speed="10.00"/>
                <vehicle id="5" pos="58.24" speed="10.00"/>
                <vehicle id="4" pos="74.24" speed="10.00"/>
            </lane>
        </edge>
        <edge id="5to6">
            <lane id="5to6_0">
                <vehicle id="2" pos="14.06" speed="10.00"/>
                <vehicle id="1" pos="30.06" speed="10.00"/>
                <vehicle id="0" pos="46.06" speed="10.00"/>
            </lane>
        </edge>
    </timestep>
    <timestep time="51.40">
        <edge id=":5_0">
            <lane id=":5_0_0">
                <vehicle id="3" pos="1.64" speed="10.00"/>
            </lane>
        </edge>
        <edge id="3to4">
            <lane id="3to4_0">
                <vehicle id="11" pos="63.94" speed="0.00"/>
                <vehicle id="10" pos="73.44" speed="0.00"/>
                <vehicle id="9" pos="82.94" speed="0.00"/>
                <vehicle id="8" pos="92.44" speed="0.00"/>
            </lane>
        </edge>
        <edge id="4to5">
            <lane id="4to5_0">
                <vehicle id="7" pos="27.24" speed="10.00"/>
                <vehicle id="6" pos="43.24" speed="10.00"/>
                <vehicle id="5" pos="59.24" speed="10.00"/>
                <vehicle id="4" pos="75.24" speed="10.00"/>
            </lane>
        </edge>
        <edge id="5to6">
            <lane id="5to6_0">
                <vehicle id="2" pos="15.06" speed="10.00"/>
                <vehicle id="1" pos="31.06" speed="10.00"/>
                <vehicle id="0" pos="47.06" speed="10.00"/>
            </lane>
        </edge>
    </timestep>
    <timestep time="51.50">
        <edge id="3to4">
            <lane id="3to4_0">
                <vehicle id="11" pos="63.94" speed="0.00"/>
                <vehicle id="10" pos="73.44" speed="0.00"/>
                <vehicle id="9" pos="82.94" speed="0.00"/>
                <vehicle id="8" pos="92.44" speed="0.00"/>
            </lane>
        </edge>
        <edge id="4to5">
            <lane id="4to5_0">
                <vehicle id="7" pos="28.24" speed="10.00"/>
                <vehicle id="6" pos="44.24" speed="10.00"/>
                <vehicle id="5" pos="60.24" speed="10.00"/>
                <vehicle id="4" pos="76.24" speed="10.00"/>
            </lane>
        </edge>
        <edge id="5to6">
            <lane id="5to6_0">
                <vehicle id="3" pos="0.06" speed="10.00"/>
                <vehicle id="2" pos="16.06" speed="10.00"/>
                <vehicle id="1" pos="32.06" speed="10.00"/>
                <vehicle id="0" pos="48.06" speed="10.00"/>
            </lane>
        </edge>
    </timestep>
    <timestep time="51.60">
        <edge id="3to4">
            <lane id="3to4_0">
                <vehicle id="11" pos="63.94" speed="0.00"/>
                <vehicle id="10" pos="73.44" speed="0.00"/>
                <vehicle id="9" pos="82.94" speed="0.00"/>
                <vehicle id="8" pos="92.44" speed="0.00"/>
            </lane>
        </edge>
        <edge id="4to5">
            <lane id="4to5_0">
                <vehicle id="7" pos="29.24" speed="10.00"/>
                <vehicle id="6" pos="45.24" speed="10.00"/>
                <vehicle id="5" pos="61.24" speed="10.00"/>
                <vehicle id="4" pos="77.24" speed="10.00"/>
            </lane>
        </edge>
        <edge id="5to6">
            <lane id="5to6_0">
                <vehicle id="3" pos="1.06" speed="10.00"/>
                <vehicle id="2" pos="17.06" speed="10.00"/>
                <vehicle id="1" pos="33.06" speed="10.00"/>
                <vehicle id="0" pos="49.06" speed="10.00"/>
            </lane>
        </edge>
    </timestep>
    <timestep time="51.70">
        <edge id="3to4">
            <lane id="3to4_0">
                <vehicle id="11" pos="63.94" speed="0.00"/>
                <vehicle id="10" pos="73.44" speed="0.00"/>
                <vehicle id="9" pos="82.94" speed="0.00"/>
                <vehicle id="8" pos="92.44" speed="0.00"/>
            </lane>
        </edge>
        <edge id="4to5">
            <lane id="4to5_0">
                <vehicle id="7" pos="30.24" speed="10.00"/>
                <vehicle id="6" pos="46.24" speed="10.00"/>
                <vehicle id="5" pos="62.24" speed="10.00"/>
                <vehicle id="4" pos="78.24" speed="10.00"/>
            </lane>
        </edge>
        <edge id="5to6">
            <lane id="5to6_0">
                <vehicle id="3" pos="2.06" speed="10.00"/>
                <vehicle id="2" pos="18.06" speed="10.00"/>
                <vehicle id="1" pos="34.06" speed="10.00"/>
                <vehicle id="0" pos="50.06" speed="10.00"/>
            </lane>
        </edge>
    </timestep>
    <timestep time="51.80">
        <edge id="3to4">
            <lane id="3to4_0">
                <vehicle id="11" pos="63.94" speed="0.00"/>
                <vehicle id="10" pos="73.44" speed="0.00"/>
                <vehicle id="9" pos="82.94" speed="0.00"/>
                <vehicle id="8" pos="92.44" speed="0.00"/>
            </lane>
        </edge>
        <edge id="4to5">
            <lane id="4to5_0">
                <vehicle id="7" pos="31.24" speed="10.00"/>
                <vehicle id="6" pos="47.24" speed="10.00"/>
                <vehicle id="5" pos="63.24" speed="10.00"/>
                <vehicle id="4" pos="79.24" speed="10.00"/>
            </lane>
        </edge>
        <edge id="5to6">
            <lane id="5to6_0">
                <vehicle id="3" pos="3.06" speed="10.00"/>
                <vehicle id="2" pos="19.06" speed="10.00"/>
                <vehicle id="1" pos="35.06" speed="10.00"/>
                <vehicle id="0" pos="51.06" speed="10.00"/>
            </lane>
        </edge>
    </timestep>
    <timestep time="51.90">
        <edge id="3to4">
            <lane id="3to4_0">
                <vehicle id="11" pos="63.94" speed="0.00"/>
                <vehicle id="10" pos="73.44" speed="0.00"/>
                <vehicle id="9" pos="82.94" speed="0.00"/>
                <vehicle id="8" pos="92.44" speed="0.00"/>
            </lane>
        </edge>
        <edge id="4to5">
            <lane id="4to5_0">
                <vehicle id="7" pos="32.24" speed="10.00"/>
                <vehicle id="6" pos="48.24" speed="10.00"/>
                <vehicle id="5" pos="64.24" speed="10.00"/>
                <vehicle id="4" pos="80.24" speed="10.00"/>
            </lane>
        </edge>
        <edge id="5to6">
            <lane id="5to6_0">
                <vehicle id="3" pos="4.06" speed="10.00"/>
                <vehicle id="2" pos="20.06" speed="10.00"/>
                <vehicle id="1" pos="36.06" speed="10.00"/>
                <vehicle id="0" pos="52.06" speed="10.00"/>
            </lane>
        </edge>
    </timestep>
    <timestep time="52.00">
        <edge id="3to4">
            <lane id="3to4_0">
                <vehicle id="11" pos="63.94" speed="0.00"/>
                <vehicle id="10" pos="73.44" speed="0.00"/>
                <vehicle id="9" pos="82.94" speed="0.00"/>
                <vehicle id="8" pos="92.44" speed="0.00"/>
            </lane>
        </edge>
        <edge id="4to5">
            <lane id="4to5_0">
                <vehicle id="7" pos="33.24" speed="10.00"/>
                <vehicle id="6" pos="49.24" speed="10.00"/>
                <vehicle id="5" pos="65.24" speed="10.00"/>
                <vehicle id="4" pos="81.24" speed="10.00"/>
            </lane>
        </edge>
        <edge id="5to6">
            <lane id="5to6_0">
                <vehicle id="3" pos="5.06" speed="10.00"/>
                <vehicle id="2" pos="21.06" speed="10.00"/>
                <vehicle id="1" pos="37.06" speed="10.00"/>
                <vehicle id="0" pos="53.06" speed="10.00"/>
            </lane>
        </edge>
    </timestep>
    <timestep time="52.10">
        <edge id="3to4">
            <lane id="3to4_0">
                <vehicle id="11" pos="63.94" speed="0.00"/>
                <vehicle id="10" pos="73.44" speed="0.00"/>
                <vehicle id="9" pos="82.94" speed="0.00"/>
                <vehicle id="8" pos="92.44" speed="0.00"/>
            </lane>
        </edge>
        <edge id="4to5">
            <lane id="4to5_0">
                <vehicle id="7" pos="34.24" speed="10.00"/>
                <vehicle id="6" pos="50.24" speed="10.00"/>
                <vehicle id="5" pos="66.24" speed="10.00"/>
                <vehicle id="4" pos="82.24" speed="10.00"/>
            </lane>
        </edge>
        <edge id="5to6">
            <lane id="5to6_0">
                <vehicle id="3" pos="6.06" speed="10.00"/>
                <vehicle id="2" pos="22.06" speed="10.00"/>
                <vehicle id="1" pos="38.06" speed="10.00"/>
                <vehicle id="0" pos="54.06" speed="10.00"/>
            </lane>
        </edge>
    </timestep>
    <timestep time="52.20">
        <edge id="3to4">
            <lane id="3to4_0">
                <vehicle id="11" pos="63.94" speed="0.00"/>
                <vehicle id="10" pos="73.44" speed="0.00"/>
                <vehicle id="9" pos="82.94" speed="0.00"/>
                <vehicle id="8" pos="92.44" speed="0.00"/>
            </lane>
        </edge>
        <edge id="4to5">
            <lane id="4to5_0">
                <vehicle id="7" pos="35.24" speed="10.00"/>
                <vehicle id="6" pos="51.24" speed="10.00"/>
                <vehicle id="5" pos="67.24" speed="10.00"/>
                <vehicle id="4" pos="83.24" speed="10.00"/>
            </lane>
        </edge>
        <edge id="5to6">
            <lane id="5to6_0">
                <vehicle id="3" pos="7.06" speed="10.00"/>
                <vehicle id="2" pos="23.06" speed="10.00"/>
                <vehicle id="1" pos="39.06" speed="10.00"/>
                <vehicle id="0" pos="55.06" speed="10.00"/>
            </lane>
        </edge>
    </timestep>
    <timestep time="52.30">
        <edge id="3to4">
            <lane id="3to4_0">
                <vehicle id="11" pos="63.94" speed="0.00"/>
                <vehicle id="10" pos="73.44" speed="0.00"/>
                <vehicle id="9" pos="82.94" speed="0.00"/>
                <vehicle id="8" pos="92.44" speed="0.00"/>
            </lane>
        </edge>
        <edge id="4to5">
            <lane id="4to5_0">
                <vehicle id="7" pos="36.24" speed="10.00"/>
                <vehicle id="6" pos="52.24" speed="10.00"/>
                <vehicle id="5" pos="68.24" speed="10.00"/>
                <vehicle id="4" pos="84.24" speed="10.00"/>
            </lane>
        </edge>
        <edge id="5to6">
            <lane id="5to6_0">
                <vehicle id="3" pos="8.06" speed="10.00"/>
                <vehicle id="2" pos="24.06" speed="10.00"/>
                <vehicle id="1" pos="40.06" speed="10.00"/>
                <vehicle id="0" pos="56.06" speed="10.00"/>
            </lane>
        </edge>
    </timestep>
    <timestep time="52.40">
        <edge id="3to4">
            <lane id="3to4_0">
                <vehicle id="11" pos="63.94" speed="0.00"/>
                <vehicle id="10" pos="73.44" speed="0.00"/>
                <vehicle id="9" pos="82.94" speed="0.00"/>
                <vehicle id="8" pos="92.44" speed="0.00"/>
            </lane>
        </edge>
        <edge id="4to5">
            <lane id="4to5_0">
                <vehicle id="7" pos="37.24" speed="10.00"/>
                <vehicle id="6" pos="53.24" speed="10.00"/>
                <vehicle id="5" pos="69.24" speed="10.00"/>
                <vehicle id="4" pos="85.24" speed="10.00"/>
            </lane>
        </edge>
        <edge id="5to6">
            <lane id="5to6_0">
                <vehicle id="3" pos="9.06" speed="10.00"/>
                <vehicle id="2" pos="25.06" speed="10.00"/>
                <vehicle id="1" pos="41.06" speed="10.00"/>
                <vehicle id="0" pos="57.06" speed="10.00"/>
            </lane>
        </edge>
    </timestep>
    <timestep time="52.50">
        <edge id="3to4">
            <lane id="3to4_0">
                <vehicle id="11" pos="63.94" speed="0.00"/>
                <vehicle id="10" pos="73.44" speed="0.00"/>
                <vehicle id="9" pos="82.94" speed="0.00"/>
                <vehicle id="8" pos="92.44" speed="0.00"/>
            </lane>
        </edge>
        <edge id="4to5">
            <lane id="4to5_0">
                <vehicle id="7" pos="38.24" speed="10.00"/>
                <vehicle id="6" pos="54.24" speed="10.00"/>
                <vehicle id="5" pos="70.24" speed="10.00"/>
                <vehicle id="4" pos="86.24" speed="10.00"/>
            </lane>
        </edge>
        <edge id="5to6">
            <lane id="5to6_0">
                <vehicle id="3" pos="10.06" speed="10.00"/>
                <vehicle id="2" pos="26.06" speed="10.00"/>
                <vehicle id="1" pos="42.06" speed="10.00"/>
                <vehicle id="0" pos="58.06" speed="10.00"/>
            </lane>
        </edge>
    </timestep>
    <timestep time="52.60">
        <edge id="3to4">
            <lane id="3to4_0">
                <vehicle id="11" pos="63.94" speed="0.00"/>
                <vehicle id="10" pos="73.44" speed="0.00"/>
                <vehicle id="9" pos="82.94" speed="0.00"/>
                <vehicle id="8" pos="92.44" speed="0.00"/>
            </lane>
        </edge>
        <edge id="4to5">
            <lane id="4to5_0">
                <vehicle id="7" pos="39.24" speed="10.00"/>
                <vehicle id="6" pos="55.24" speed="10.00"/>
                <vehicle id="5" pos="71.24" speed="10.00"/>
                <vehicle id="4" pos="87.24" speed="10.00"/>
            </lane>
        </edge>
        <edge id="5to6">
            <lane id="5to6_0">
                <vehicle id="3" pos="11.06" speed="10.00"/>
                <vehicle id="2" pos="27.06" speed="10.00"/>
                <vehicle id="1" pos="43.06" speed="10.00"/>
                <vehicle id="0" pos="59.06" speed="10.00"/>
            </lane>
        </edge>
    </timestep>
    <timestep time="52.70">
        <edge id="3to4">
            <lane id="3to4_0">
                <vehicle id="11" pos="63.94" speed="0.00"/>
                <vehicle id="10" pos="73.44" speed="0.00"/>
                <vehicle id="9" pos="82.94" speed="0.00"/>
                <vehicle id="8" pos="92.44" speed="0.00"/>
            </lane>
        </edge>
        <edge id="4to5">
            <lane id="4to5_0">
                <vehicle id="7" pos="40.24" speed="10.00"/>
                <vehicle id="6" pos="56.24" speed="10.00"/>
                <vehicle id="5" pos="72.24" speed="10.00"/>
                <vehicle id="4" pos="88.24" speed="10.00"/>
            </lane>
        </edge>
        <edge id="5to6">
            <lane id="5to6_0">
                <vehicle id="3" pos="12.06" speed="10.00"/>
                <vehicle id="2" pos="28.06" speed="10.00"/>
                <vehicle id="1" pos="44.06" speed="10.00"/>
                <vehicle id="0" pos="60.06" speed="10.00"/>
            </lane>
        </edge>
    </timestep>
    <timestep time="52.80">
        <edge id="3to4">
            <lane id="3to4_0">
                <vehicle id="11" pos="63.94" speed="0.00"/>
                <vehicle id="10" pos="73.44" speed="0.00"/>
                <vehicle id="9" pos="82.94" speed="0.00"/>
                <vehicle id="8" pos="92.44" speed="0.00"/>
            </lane>
        </edge>
        <edge id="4to5">
            <lane id="4to5_0">
                <vehicle id="7" pos="41.24" speed="10.00"/>
                <vehicle id="6" pos="57.24" speed="10.00"/>
                <vehicle id="5" pos="73.24" speed="10.00"/>
                <vehicle id="4" pos="89.24" speed="10.00"/>
            </lane>
        </edge>
        <edge id="5to6">
            <lane id="5to6_0">
                <vehicle id="3" pos="13.06" speed="10.00"/>
                <vehicle id="2" pos="29.06" speed="10.00"/>
                <vehicle id="1" pos="45.06" speed="10.00"/>
                <vehicle id="0" pos="61.06" speed="10.00"/>
            </lane>
        </edge>
    </timestep>
    <timestep time="52.90">
        <edge id=":5_0">
            <lane id=":5_0_0">
                <vehicle id="4" pos="0.64" speed="10.00"/>
            </lane>
        </edge>
        <edge id="3to4">
            <lane id="3to4_0">
                <vehicle id="11" pos="63.94" speed="0.00"/>
                <vehicle id="10" pos="73.44" speed="0.00"/>
                <vehicle id="9" pos="82.94" speed="0.00"/>
                <vehicle id="8" pos="92.44" speed="0.00"/>
            </lane>
        </edge>
        <edge id="4to5">
            <lane id="4to5_0">
                <vehicle id="7" pos="42.24" speed="10.00"/>
                <vehicle id="6" pos="58.24" speed="10.00"/>
                <vehicle id="5" pos="74.24" speed="10.00"/>
            </lane>
        </edge>
        <edge id="5to6">
            <lane id="5to6_0">
                <vehicle id="3" pos="14.06" speed="10.00"/>
                <vehicle id="2" pos="30.06" speed="10.00"/>
                <vehicle id="1" pos="46.06" speed="10.00"/>
                <vehicle id="0" pos="62.06" speed="10.00"/>
            </lane>
        </edge>
    </timestep>
    <timestep time="53.00">
        <edge id=":5_0">
            <lane id=":5_0_0">
                <vehicle id="4" pos="1.64" speed="10.00"/>
            </lane>
        </edge>
        <edge id="3to4">
            <lane id="3to4_0">
                <vehicle id="11" pos="63.94" speed="0.00"/>
                <vehicle id="10" pos="73.44" speed="0.00"/>
                <vehicle id="9" pos="82.94" speed="0.00"/>
                <vehicle id="8" pos="92.44" speed="0.00"/>
            </lane>
        </edge>
        <edge id="4to5">
            <lane id="4to5_0">
                <vehicle id="7" pos="43.24" speed="10.00"/>
                <vehicle id="6" pos="59.24" speed="10.00"/>
                <vehicle id="5" pos="75.24" speed="10.00"/>
            </lane>
        </edge>
        <edge id="5to6">
            <lane id="5to6_0">
                <vehicle id="3" pos="15.06" speed="10.00"/>
                <vehicle id="2" pos="31.06" speed="10.00"/>
                <vehicle id="1" pos="47.06" speed="10.00"/>
                <vehicle id="0" pos="63.06" speed="10.00"/>
            </lane>
        </edge>
    </timestep>
    <timestep time="53.10">
        <edge id="3to4">
            <lane id="3to4_0">
                <vehicle id="11" pos="63.94" speed="0.00"/>
                <vehicle id="10" pos="73.44" speed="0.00"/>
                <vehicle id="9" pos="82.94" speed="0.00"/>
                <vehicle id="8" pos="92.44" speed="0.00"/>
            </lane>
        </edge>
        <edge id="4to5">
            <lane id="4to5_0">
                <vehicle id="7" pos="44.24" speed="10.00"/>
                <vehicle id="6" pos="60.24" speed="10.00"/>
                <vehicle id="5" pos="76.24" speed="10.00"/>
            </lane>
        </edge>
        <edge id="5to6">
            <lane id="5to6_0">
                <vehicle id="4" pos="0.06" speed="10.00"/>
                <vehicle id="3" pos="16.06" speed="10.00"/>
                <vehicle id="2" pos="32.06" speed="10.00"/>
                <vehicle id="1" pos="48.06" speed="10.00"/>
                <vehicle id="0" pos="64.06" speed="10.00"/>
            </lane>
        </edge>
    </timestep>
    <timestep time="53.20">
        <edge id="3to4">
            <lane id="3to4_0">
                <vehicle id="11" pos="63.94" speed="0.00"/>
                <vehicle id="10" pos="73.44" speed="0.00"/>
                <vehicle id="9" pos="82.94" speed="0.00"/>
                <vehicle id="8" pos="92.44" speed="0.00"/>
            </lane>
        </edge>
        <edge id="4to5">
            <lane id="4to5_0">
                <vehicle id="7" pos="45.24" speed="10.00"/>
                <vehicle id="6" pos="61.24" speed="10.00"/>
                <vehicle id="5" pos="77.24" speed="10.00"/>
            </lane>
        </edge>
        <edge id="5to6">
            <lane id="5to6_0">
                <vehicle id="4" pos="1.06" speed="10.00"/>
                <vehicle id="3" pos="17.06" speed="10.00"/>
                <vehicle id="2" pos="33.06" speed="10.00"/>
                <vehicle id="1" pos="49.06" speed="10.00"/>
                <vehicle id="0" pos="65.06" speed="10.00"/>
            </lane>
        </edge>
    </timestep>
    <timestep time="53.30">
        <edge id="3to4">
            <lane id="3to4_0">
                <vehicle id="11" pos="63.94" speed="0.00"/>
                <vehicle id="10" pos="73.44" speed="0.00"/>
                <vehicle id="9" pos="82.94" speed="0.00"/>
                <vehicle id="8" pos="92.44" speed="0.00"/>
            </lane>
        </edge>
        <edge id="4to5">
            <lane id="4to5_0">
                <vehicle id="7" pos="46.24" speed="10.00"/>
                <vehicle id="6" pos="62.24" speed="10.00"/>
                <vehicle id="5" pos="78.24" speed="10.00"/>
            </lane>
        </edge>
        <edge id="5to6">
            <lane id="5to6_0">
                <vehicle id="4" pos="2.06" speed="10.00"/>
                <vehicle id="3" pos="18.06" speed="10.00"/>
                <vehicle id="2" pos="34.06" speed="10.00"/>
                <vehicle id="1" pos="50.06" speed="10.00"/>
                <vehicle id="0" pos="66.06" speed="10.00"/>
            </lane>
        </edge>
    </timestep>
    <timestep time="53.40">
        <edge id="3to4">
            <lane id="3to4_0">
                <vehicle id="11" pos="63.94" speed="0.00"/>
                <vehicle id="10" pos="73.44" speed="0.00"/>
                <vehicle id="9" pos="82.94" speed="0.00"/>
                <vehicle id="8" pos="92.44" speed="0.00"/>
            </lane>
        </edge>
        <edge id="4to5">
            <lane id="4to5_0">
                <vehicle id="7" pos="47.24" speed="10.00"/>
                <vehicle id="6" pos="63.24" speed="10.00"/>
                <vehicle id="5" pos="79.24" speed="10.00"/>
            </lane>
        </edge>
        <edge id="5to6">
            <lane id="5to6_0">
                <vehicle id="4" pos="3.06" speed="10.00"/>
                <vehicle id="3" pos="19.06" speed="10.00"/>
                <vehicle id="2" pos="35.06" speed="10.00"/>
                <vehicle id="1" pos="51.06" speed="10.00"/>
                <vehicle id="0" pos="67.06" speed="10.00"/>
            </lane>
        </edge>
    </timestep>
    <timestep time="53.50">
        <edge id="3to4">
            <lane id="3to4_0">
                <vehicle id="11" pos="63.94" speed="0.00"/>
                <vehicle id="10" pos="73.44" speed="0.00"/>
                <vehicle id="9" pos="82.94" speed="0.00"/>
                <vehicle id="8" pos="92.44" speed="0.00"/>
            </lane>
        </edge>
        <edge id="4to5">
            <lane id="4to5_0">
                <vehicle id="7" pos="48.24" speed="10.00"/>
                <vehicle id="6" pos="64.24" speed="10.00"/>
                <vehicle id="5" pos="80.24" speed="10.00"/>
            </lane>
        </edge>
        <edge id="5to6">
            <lane id="5to6_0">
                <vehicle id="4" pos="4.06" speed="10.00"/>
                <vehicle id="3" pos="20.06" speed="10.00"/>
                <vehicle id="2" pos="36.06" speed="10.00"/>
                <vehicle id="1" pos="52.06" speed="10.00"/>
                <vehicle id="0" pos="68.06" speed="10.00"/>
            </lane>
        </edge>
    </timestep>
    <timestep time="53.60">
        <edge id="3to4">
            <lane id="3to4_0">
                <vehicle id="11" pos="63.94" speed="0.00"/>
                <vehicle id="10" pos="73.44" speed="0.00"/>
                <vehicle id="9" pos="82.94" speed="0.00"/>
                <vehicle id="8" pos="92.44" speed="0.00"/>
            </lane>
        </edge>
        <edge id="4to5">
            <lane id="4to5_0">
                <vehicle id="7" pos="49.24" speed="10.00"/>
                <vehicle id="6" pos="65.24" speed="10.00"/>
                <vehicle id="5" pos="81.24" speed="10.00"/>
            </lane>
        </edge>
        <edge id="5to6">
            <lane id="5to6_0">
                <vehicle id="4" pos="5.06" speed="10.00"/>
                <vehicle id="3" pos="21.06" speed="10.00"/>
                <vehicle id="2" pos="37.06" speed="10.00"/>
                <vehicle id="1" pos="53.06" speed="10.00"/>
                <vehicle id="0" pos="69.06" speed="10.00"/>
            </lane>
        </edge>
    </timestep>
    <timestep time="53.70">
        <edge id="3to4">
            <lane id="3to4_0">
                <vehicle id="11" pos="63.94" speed="0.00"/>
                <vehicle id="10" pos="73.44" speed="0.00"/>
                <vehicle id="9" pos="82.94" speed="0.00"/>
                <vehicle id="8" pos="92.44" speed="0.00"/>
            </lane>
        </edge>
        <edge id="4to5">
            <lane id="4to5_0">
                <vehicle id="7" pos="50.24" speed="10.00"/>
                <vehicle id="6" pos="66.24" speed="10.00"/>
                <vehicle id="5" pos="82.24" speed="10.00"/>
            </lane>
        </edge>
        <edge id="5to6">
            <lane id="5to6_0">
                <vehicle id="4" pos="6.06" speed="10.00"/>
                <vehicle id="3" pos="22.06" speed="10.00"/>
                <vehicle id="2" pos="38.06" speed="10.00"/>
                <vehicle id="1" pos="54.06" speed="10.00"/>
                <vehicle id="0" pos="70.06" speed="10.00"/>
            </lane>
        </edge>
    </timestep>
    <timestep time="53.80">
        <edge id="3to4">
            <lane id="3to4_0">
                <vehicle id="11" pos="63.94" speed="0.00"/>
                <vehicle id="10" pos="73.44" speed="0.00"/>
                <vehicle id="9" pos="82.94" speed="0.00"/>
                <vehicle id="8" pos="92.44" speed="0.00"/>
            </lane>
        </edge>
        <edge id="4to5">
            <lane id="4to5_0">
                <vehicle id="7" pos="51.24" speed="10.00"/>
                <vehicle id="6" pos="67.24" speed="10.00"/>
                <vehicle id="5" pos="83.24" speed="10.00"/>
            </lane>
        </edge>
        <edge id="5to6">
            <lane id="5to6_0">
                <vehicle id="4" pos="7.06" speed="10.00"/>
                <vehicle id="3" pos="23.06" speed="10.00"/>
                <vehicle id="2" pos="39.06" speed="10.00"/>
                <vehicle id="1" pos="55.06" speed="10.00"/>
                <vehicle id="0" pos="71.06" speed="10.00"/>
            </lane>
        </edge>
    </timestep>
    <timestep time="53.90">
        <edge id="3to4">
            <lane id="3to4_0">
                <vehicle id="11" pos="63.94" speed="0.00"/>
                <vehicle id="10" pos="73.44" speed="0.00"/>
                <vehicle id="9" pos="82.94" speed="0.00"/>
                <vehicle id="8" pos="92.44" speed="0.00"/>
            </lane>
        </edge>
        <edge id="4to5">
            <lane id="4to5_0">
                <vehicle id="7" pos="52.24" speed="10.00"/>
                <vehicle id="6" pos="68.24" speed="10.00"/>
                <vehicle id="5" pos="84.24" speed="10.00"/>
            </lane>
        </edge>
        <edge id="5to6">
            <lane id="5to6_0">
                <vehicle id="4" pos="8.06" speed="10.00"/>
                <vehicle id="3" pos="24.06" speed="10.00"/>
                <vehicle id="2" pos="40.06" speed="10.00"/>
                <vehicle id="1" pos="56.06" speed="10.00"/>
                <vehicle id="0" pos="72.06" speed="10.00"/>
            </lane>
        </edge>
    </timestep>
    <timestep time="54.00">
        <edge id="3to4">
            <lane id="3to4_0">
                <vehicle id="11" pos="63.94" speed="0.00"/>
                <vehicle id="10" pos="73.44" speed="0.00"/>
                <vehicle id="9" pos="82.94" speed="0.00"/>
                <vehicle id="8" pos="92.44" speed="0.00"/>
            </lane>
        </edge>
        <edge id="4to5">
            <lane id="4to5_0">
                <vehicle id="7" pos="53.24" speed="10.00"/>
                <vehicle id="6" pos="69.24" speed="10.00"/>
                <vehicle id="5" pos="85.24" speed="10.00"/>
            </lane>
        </edge>
        <edge id="5to6">
            <lane id="5to6_0">
                <vehicle id="4" pos="9.06" speed="10.00"/>
                <vehicle id="3" pos="25.06" speed="10.00"/>
                <vehicle id="2" pos="41.06" speed="10.00"/>
                <vehicle id="1" pos="57.06" speed="10.00"/>
                <vehicle id="0" pos="73.06" speed="10.00"/>
            </lane>
        </edge>
    </timestep>
    <timestep time="54.10">
        <edge id="3to4">
            <lane id="3to4_0">
                <vehicle id="11" pos="63.94" speed="0.00"/>
                <vehicle id="10" pos="73.44" speed="0.00"/>
                <vehicle id="9" pos="82.94" speed="0.00"/>
                <vehicle id="8" pos="92.44" speed="0.00"/>
            </lane>
        </edge>
        <edge id="4to5">
            <lane id="4to5_0">
                <vehicle id="7" pos="54.24" speed="10.00"/>
                <vehicle id="6" pos="70.24" speed="10.00"/>
                <vehicle id="5" pos="86.24" speed="10.00"/>
            </lane>
        </edge>
        <edge id="5to6">
            <lane id="5to6_0">
                <vehicle id="4" pos="10.06" speed="10.00"/>
                <vehicle id="3" pos="26.06" speed="10.00"/>
                <vehicle id="2" pos="42.06" speed="10.00"/>
                <vehicle id="1" pos="58.06" speed="10.00"/>
                <vehicle id="0" pos="74.06" speed="10.00"/>
            </lane>
        </edge>
    </timestep>
    <timestep time="54.20">
        <edge id="3to4">
            <lane id="3to4_0">
                <vehicle id="11" pos="63.94" speed="0.00"/>
                <vehicle id="10" pos="73.44" speed="0.00"/>
                <vehicle id="9" pos="82.94" speed="0.00"/>
                <vehicle id="8" pos="92.44" speed="0.00"/>
            </lane>
        </edge>
        <edge id="4to5">
            <lane id="4to5_0">
                <vehicle id="7" pos="55.24" speed="10.00"/>
                <vehicle id="6" pos="71.24" speed="10.00"/>
                <vehicle id="5" pos="87.24" speed="10.00"/>
            </lane>
        </edge>
        <edge id="5to6">
            <lane id="5to6_0">
                <vehicle id="4" pos="11.06" speed="10.00"/>
                <vehicle id="3" pos="27.06" speed="10.00"/>
                <vehicle id="2" pos="43.06" speed="10.00"/>
                <vehicle id="1" pos="59.06" speed="10.00"/>
                <vehicle id="0" pos="75.06" speed="10.00"/>
            </lane>
        </edge>
    </timestep>
    <timestep time="54.30">
        <edge id="3to4">
            <lane id="3to4_0">
                <vehicle id="11" pos="63.94" speed="0.00"/>
                <vehicle id="10" pos="73.44" speed="0.00"/>
                <vehicle id="9" pos="82.94" speed="0.00"/>
                <vehicle id="8" pos="92.44" speed="0.00"/>
            </lane>
        </edge>
        <edge id="4to5">
            <lane id="4to5_0">
                <vehicle id="7" pos="56.24" speed="10.00"/>
                <vehicle id="6" pos="72.24" speed="10.00"/>
                <vehicle id="5" pos="88.24" speed="10.00"/>
            </lane>
        </edge>
        <edge id="5to6">
            <lane id="5to6_0">
                <vehicle id="4" pos="12.06" speed="10.00"/>
                <vehicle id="3" pos="28.06" speed="10.00"/>
                <vehicle id="2" pos="44.06" speed="10.00"/>
                <vehicle id="1" pos="60.06" speed="10.00"/>
                <vehicle id="0" pos="76.06" speed="10.00"/>
            </lane>
        </edge>
    </timestep>
    <timestep time="54.40">
        <edge id="3to4">
            <lane id="3to4_0">
                <vehicle id="11" pos="63.94" speed="0.00"/>
                <vehicle id="10" pos="73.44" speed="0.00"/>
                <vehicle id="9" pos="82.94" speed="0.00"/>
                <vehicle id="8" pos="92.44" speed="0.00"/>
            </lane>
        </edge>
        <edge id="4to5">
            <lane id="4to5_0">
                <vehicle id="7" pos="57.24" speed="10.00"/>
                <vehicle id="6" pos="73.24" speed="10.00"/>
                <vehicle id="5" pos="89.24" speed="10.00"/>
            </lane>
        </edge>
        <edge id="5to6">
            <lane id="5to6_0">
                <vehicle id="4" pos="13.06" speed="10.00"/>
                <vehicle id="3" pos="29.06" speed="10.00"/>
                <vehicle id="2" pos="45.06" speed="10.00"/>
                <vehicle id="1" pos="61.06" speed="10.00"/>
                <vehicle id="0" pos="77.06" speed="10.00"/>
            </lane>
        </edge>
    </timestep>
    <timestep time="54.50">
        <edge id=":5_0">
            <lane id=":5_0_0">
                <vehicle id="5" pos="0.64" speed="10.00"/>
            </lane>
        </edge>
        <edge id="3to4">
            <lane id="3to4_0">
                <vehicle id="11" pos="63.94" speed="0.00"/>
                <vehicle id="10" pos="73.44" speed="0.00"/>
                <vehicle id="9" pos="82.94" speed="0.00"/>
                <vehicle id="8" pos="92.44" speed="0.00"/>
            </lane>
        </edge>
        <edge id="4to5">
            <lane id="4to5_0">
                <vehicle id="7" pos="58.24" speed="10.00"/>
                <vehicle id="6" pos="74.24" speed="10.00"/>
            </lane>
        </edge>
        <edge id="5to6">
            <lane id="5to6_0">
                <vehicle id="4" pos="14.06" speed="10.00"/>
                <vehicle id="3" pos="30.06" speed="10.00"/>
                <vehicle id="2" pos="46.06" speed="10.00"/>
                <vehicle id="1" pos="62.06" speed="10.00"/>
                <vehicle id="0" pos="78.06" speed="10.00"/>
            </lane>
        </edge>
    </timestep>
    <timestep time="54.60">
        <edge id=":5_0">
            <lane id=":5_0_0">
                <vehicle id="5" pos="1.64" speed="10.00"/>
            </lane>
        </edge>
        <edge id="3to4">
            <lane id="3to4_0">
                <vehicle id="11" pos="63.94" speed="0.00"/>
                <vehicle id="10" pos="73.44" speed="0.00"/>
                <vehicle id="9" pos="82.94" speed="0.00"/>
                <vehicle id="8" pos="92.44" speed="0.00"/>
            </lane>
        </edge>
        <edge id="4to5">
            <lane id="4to5_0">
                <vehicle id="7" pos="59.24" speed="10.00"/>
                <vehicle id="6" pos="75.24" speed="10.00"/>
            </lane>
        </edge>
        <edge id="5to6">
            <lane id="5to6_0">
                <vehicle id="4" pos="15.06" speed="10.00"/>
                <vehicle id="3" pos="31.06" speed="10.00"/>
                <vehicle id="2" pos="47.06" speed="10.00"/>
                <vehicle id="1" pos="63.06" speed="10.00"/>
                <vehicle id="0" pos="79.06" speed="10.00"/>
            </lane>
        </edge>
    </timestep>
    <timestep time="54.70">
        <edge id="3to4">
            <lane id="3to4_0">
                <vehicle id="11" pos="63.94" speed="0.00"/>
                <vehicle id="10" pos="73.44" speed="0.00"/>
                <vehicle id="9" pos="82.94" speed="0.00"/>
                <vehicle id="8" pos="92.44" speed="0.00"/>
            </lane>
        </edge>
        <edge id="4to5">
            <lane id="4to5_0">
                <vehicle id="7" pos="60.24" speed="10.00"/>
                <vehicle id="6" pos="76.24" speed="10.00"/>
            </lane>
        </edge>
        <edge id="5to6">
            <lane id="5to6_0">
                <vehicle id="5" pos="0.06" speed="10.00"/>
                <vehicle id="4" pos="16.06" speed="10.00"/>
                <vehicle id="3" pos="32.06" speed="10.00"/>
                <vehicle id="2" pos="48.06" speed="10.00"/>
                <vehicle id="1" pos="64.06" speed="10.00"/>
                <vehicle id="0" pos="80.06" speed="10.00"/>
            </lane>
        </edge>
    </timestep>
    <timestep time="54.80">
        <edge id="3to4">
            <lane id="3to4_0">
                <vehicle id="11" pos="63.94" speed="0.00"/>
                <vehicle id="10" pos="73.44" speed="0.00"/>
                <vehicle id="9" pos="82.94" speed="0.00"/>
                <vehicle id="8" pos="92.44" speed="0.00"/>
            </lane>
        </edge>
        <edge id="4to5">
            <lane id="4to5_0">
                <vehicle id="7" pos="61.24" speed="10.00"/>
                <vehicle id="6" pos="77.24" speed="10.00"/>
            </lane>
        </edge>
        <edge id="5to6">
            <lane id="5to6_0">
                <vehicle id="5" pos="1.06" speed="10.00"/>
                <vehicle id="4" pos="17.06" speed="10.00"/>
                <vehicle id="3" pos="33.06" speed="10.00"/>
                <vehicle id="2" pos="49.06" speed="10.00"/>
                <vehicle id="1" pos="65.06" speed="10.00"/>
                <vehicle id="0" pos="81.06" speed="10.00"/>
            </lane>
        </edge>
    </timestep>
    <timestep time="54.90">
        <edge id="3to4">
            <lane id="3to4_0">
                <vehicle id="11" pos="63.94" speed="0.00"/>
                <vehicle id="10" pos="73.44" speed="0.00"/>
                <vehicle id="9" pos="82.94" speed="0.00"/>
                <vehicle id="8" pos="92.44" speed="0.00"/>
            </lane>
        </edge>
        <edge id="4to5">
            <lane id="4to5_0">
                <vehicle id="7" pos="62.24" speed="10.00"/>
                <vehicle id="6" pos="78.24" speed="10.00"/>
            </lane>
        </edge>
        <edge id="5to6">
            <lane id="5to6_0">
                <vehicle id="5" pos="2.06" speed="10.00"/>
                <vehicle id="4" pos="18.06" speed="10.00"/>
                <vehicle id="3" pos="34.06" speed="10.00"/>
                <vehicle id="2" pos="50.06" speed="10.00"/>
                <vehicle id="1" pos="66.06" speed="10.00"/>
                <vehicle id="0" pos="82.06" speed="10.00"/>
            </lane>
        </edge>
    </timestep>
    <timestep time="55.00">
        <edge id="3to4">
            <lane id="3to4_0">
                <vehicle id="11" pos="63.94" speed="0.00"/>
                <vehicle id="10" pos="73.44" speed="0.00"/>
                <vehicle id="9" pos="82.94" speed="0.00"/>
                <vehicle id="8" pos="92.44" speed="0.00"/>
            </lane>
        </edge>
        <edge id="4to5">
            <lane id="4to5_0">
                <vehicle id="7" pos="63.24" speed="10.00"/>
                <vehicle id="6" pos="79.24" speed="10.00"/>
            </lane>
        </edge>
        <edge id="5to6">
            <lane id="5to6_0">
                <vehicle id="5" pos="3.06" speed="10.00"/>
                <vehicle id="4" pos="19.06" speed="10.00"/>
                <vehicle id="3" pos="35.06" speed="10.00"/>
                <vehicle id="2" pos="51.06" speed="10.00"/>
                <vehicle id="1" pos="67.06" speed="10.00"/>
                <vehicle id="0" pos="83.06" speed="10.00"/>
            </lane>
        </edge>
    </timestep>
    <timestep time="55.10">
        <edge id="3to4">
            <lane id="3to4_0">
                <vehicle id="11" pos="63.94" speed="0.00"/>
                <vehicle id="10" pos="73.44" speed="0.00"/>
                <vehicle id="9" pos="82.94" speed="0.00"/>
                <vehicle id="8" pos="92.44" speed="0.00"/>
            </lane>
        </edge>
        <edge id="4to5">
            <lane id="4to5_0">
                <vehicle id="7" pos="64.24" speed="10.00"/>
                <vehicle id="6" pos="80.24" speed="10.00"/>
            </lane>
        </edge>
        <edge id="5to6">
            <lane id="5to6_0">
                <vehicle id="5" pos="4.06" speed="10.00"/>
                <vehicle id="4" pos="20.06" speed="10.00"/>
                <vehicle id="3" pos="36.06" speed="10.00"/>
                <vehicle id="2" pos="52.06" speed="10.00"/>
                <vehicle id="1" pos="68.06" speed="10.00"/>
                <vehicle id="0" pos="84.06" speed="10.00"/>
            </lane>
        </edge>
    </timestep>
    <timestep time="55.20">
        <edge id="3to4">
            <lane id="3to4_0">
                <vehicle id="11" pos="63.94" speed="0.00"/>
                <vehicle id="10" pos="73.44" speed="0.00"/>
                <vehicle id="9" pos="82.94" speed="0.00"/>
                <vehicle id="8" pos="92.44" speed="0.00"/>
            </lane>
        </edge>
        <edge id="4to5">
            <lane id="4to5_0">
                <vehicle id="7" pos="65.24" speed="10.00"/>
                <vehicle id="6" pos="81.24" speed="10.00"/>
            </lane>
        </edge>
        <edge id="5to6">
            <lane id="5to6_0">
                <vehicle id="5" pos="5.06" speed="10.00"/>
                <vehicle id="4" pos="21.06" speed="10.00"/>
                <vehicle id="3" pos="37.06" speed="10.00"/>
                <vehicle id="2" pos="53.06" speed="10.00"/>
                <vehicle id="1" pos="69.06" speed="10.00"/>
                <vehicle id="0" pos="85.06" speed="10.00"/>
            </lane>
        </edge>
    </timestep>
    <timestep time="55.30">
        <edge id="3to4">
            <lane id="3to4_0">
                <vehicle id="11" pos="63.94" speed="0.00"/>
                <vehicle id="10" pos="73.44" speed="0.00"/>
                <vehicle id="9" pos="82.94" speed="0.00"/>
                <vehicle id="8" pos="92.44" speed="0.00"/>
            </lane>
        </edge>
        <edge id="4to5">
            <lane id="4to5_0">
                <vehicle id="7" pos="66.24" speed="10.00"/>
                <vehicle id="6" pos="82.24" speed="10.00"/>
            </lane>
        </edge>
        <edge id="5to6">
            <lane id="5to6_0">
                <vehicle id="5" pos="6.06" speed="10.00"/>
                <vehicle id="4" pos="22.06" speed="10.00"/>
                <vehicle id="3" pos="38.06" speed="10.00"/>
                <vehicle id="2" pos="54.06" speed="10.00"/>
                <vehicle id="1" pos="70.06" speed="10.00"/>
                <vehicle id="0" pos="86.06" speed="10.00"/>
            </lane>
        </edge>
    </timestep>
    <timestep time="55.40">
        <edge id="3to4">
            <lane id="3to4_0">
                <vehicle id="11" pos="63.94" speed="0.00"/>
                <vehicle id="10" pos="73.44" speed="0.00"/>
                <vehicle id="9" pos="82.94" speed="0.00"/>
                <vehicle id="8" pos="92.44" speed="0.00"/>
            </lane>
        </edge>
        <edge id="4to5">
            <lane id="4to5_0">
                <vehicle id="7" pos="67.24" speed="10.00"/>
                <vehicle id="6" pos="83.24" speed="10.00"/>
            </lane>
        </edge>
        <edge id="5to6">
            <lane id="5to6_0">
                <vehicle id="5" pos="7.06" speed="10.00"/>
                <vehicle id="4" pos="23.06" speed="10.00"/>
                <vehicle id="3" pos="39.06" speed="10.00"/>
                <vehicle id="2" pos="55.06" speed="10.00"/>
                <vehicle id="1" pos="71.06" speed="10.00"/>
                <vehicle id="0" pos="87.06" speed="10.00"/>
            </lane>
        </edge>
    </timestep>
    <timestep time="55.50">
        <edge id="3to4">
            <lane id="3to4_0">
                <vehicle id="11" pos="63.94" speed="0.00"/>
                <vehicle id="10" pos="73.44" speed="0.00"/>
                <vehicle id="9" pos="82.94" speed="0.00"/>
                <vehicle id="8" pos="92.44" speed="0.00"/>
            </lane>
        </edge>
        <edge id="4to5">
            <lane id="4to5_0">
                <vehicle id="7" pos="68.24" speed="10.00"/>
                <vehicle id="6" pos="84.24" speed="10.00"/>
            </lane>
        </edge>
        <edge id="5to6">
            <lane id="5to6_0">
                <vehicle id="5" pos="8.06" speed="10.00"/>
                <vehicle id="4" pos="24.06" speed="10.00"/>
                <vehicle id="3" pos="40.06" speed="10.00"/>
                <vehicle id="2" pos="56.06" speed="10.00"/>
                <vehicle id="1" pos="72.06" speed="10.00"/>
                <vehicle id="0" pos="88.06" speed="10.00"/>
            </lane>
        </edge>
    </timestep>
    <timestep time="55.60">
        <edge id="3to4">
            <lane id="3to4_0">
                <vehicle id="11" pos="63.94" speed="0.00"/>
                <vehicle id="10" pos="73.44" speed="0.00"/>
                <vehicle id="9" pos="82.94" speed="0.00"/>
                <vehicle id="8" pos="92.44" speed="0.00"/>
            </lane>
        </edge>
        <edge id="4to5">
            <lane id="4to5_0">
                <vehicle id="7" pos="69.24" speed="10.00"/>
                <vehicle id="6" pos="85.24" speed="10.00"/>
            </lane>
        </edge>
        <edge id="5to6">
            <lane id="5to6_0">
                <vehicle id="5" pos="9.06" speed="10.00"/>
                <vehicle id="4" pos="25.06" speed="10.00"/>
                <vehicle id="3" pos="41.06" speed="10.00"/>
                <vehicle id="2" pos="57.06" speed="10.00"/>
                <vehicle id="1" pos="73.06" speed="10.00"/>
                <vehicle id="0" pos="89.06" speed="10.00"/>
            </lane>
        </edge>
    </timestep>
    <timestep time="55.70">
        <edge id="3to4">
            <lane id="3to4_0">
                <vehicle id="11" pos="63.94" speed="0.00"/>
                <vehicle id="10" pos="73.44" speed="0.00"/>
                <vehicle id="9" pos="82.94" speed="0.00"/>
                <vehicle id="8" pos="92.44" speed="0.00"/>
            </lane>
        </edge>
        <edge id="4to5">
            <lane id="4to5_0">
                <vehicle id="7" pos="70.24" speed="10.00"/>
                <vehicle id="6" pos="86.24" speed="10.00"/>
            </lane>
        </edge>
        <edge id="5to6">
            <lane id="5to6_0">
                <vehicle id="5" pos="10.06" speed="10.00"/>
                <vehicle id="4" pos="26.06" speed="10.00"/>
                <vehicle id="3" pos="42.06" speed="10.00"/>
                <vehicle id="2" pos="58.06" speed="10.00"/>
                <vehicle id="1" pos="74.06" speed="10.00"/>
                <vehicle id="0" pos="90.06" speed="10.00"/>
            </lane>
        </edge>
    </timestep>
    <timestep time="55.80">
        <edge id="3to4">
            <lane id="3to4_0">
                <vehicle id="11" pos="63.94" speed="0.00"/>
                <vehicle id="10" pos="73.44" speed="0.00"/>
                <vehicle id="9" pos="82.94" speed="0.00"/>
                <vehicle id="8" pos="92.44" speed="0.00"/>
            </lane>
        </edge>
        <edge id="4to5">
            <lane id="4to5_0">
                <vehicle id="7" pos="71.24" speed="10.00"/>
                <vehicle id="6" pos="87.24" speed="10.00"/>
            </lane>
        </edge>
        <edge id="5to6">
            <lane id="5to6_0">
                <vehicle id="5" pos="11.06" speed="10.00"/>
                <vehicle id="4" pos="27.06" speed="10.00"/>
                <vehicle id="3" pos="43.06" speed="10.00"/>
                <vehicle id="2" pos="59.06" speed="10.00"/>
                <vehicle id="1" pos="75.06" speed="10.00"/>
                <vehicle id="0" pos="91.06" speed="10.00"/>
            </lane>
        </edge>
    </timestep>
    <timestep time="55.90">
        <edge id="3to4">
            <lane id="3to4_0">
                <vehicle id="11" pos="63.94" speed="0.00"/>
                <vehicle id="10" pos="73.44" speed="0.00"/>
                <vehicle id="9" pos="82.94" speed="0.00"/>
                <vehicle id="8" pos="92.44" speed="0.00"/>
            </lane>
        </edge>
        <edge id="4to5">
            <lane id="4to5_0">
                <vehicle id="7" pos="72.24" speed="10.00"/>
                <vehicle id="6" pos="88.24" speed="10.00"/>
            </lane>
        </edge>
        <edge id="5to6">
            <lane id="5to6_0">
                <vehicle id="5" pos="12.06" speed="10.00"/>
                <vehicle id="4" pos="28.06" speed="10.00"/>
                <vehicle id="3" pos="44.06" speed="10.00"/>
                <vehicle id="2" pos="60.06" speed="10.00"/>
                <vehicle id="1" pos="76.06" speed="10.00"/>
                <vehicle id="0" pos="92.06" speed="10.00"/>
            </lane>
        </edge>
    </timestep>
    <timestep time="56.00">
        <edge id="3to4">
            <lane id="3to4_0">
                <vehicle id="11" pos="63.94" speed="0.00"/>
                <vehicle id="10" pos="73.44" speed="0.00"/>
                <vehicle id="9" pos="82.94" speed="0.00"/>
                <vehicle id="8" pos="92.44" speed="0.00"/>
            </lane>
        </edge>
        <edge id="4to5">
            <lane id="4to5_0">
                <vehicle id="7" pos="73.24" speed="10.00"/>
                <vehicle id="6" pos="89.24" speed="10.00"/>
            </lane>
        </edge>
        <edge id="5to6">
            <lane id="5to6_0">
                <vehicle id="5" pos="13.06" speed="10.00"/>
                <vehicle id="4" pos="29.06" speed="10.00"/>
                <vehicle id="3" pos="45.06" speed="10.00"/>
                <vehicle id="2" pos="61.06" speed="10.00"/>
                <vehicle id="1" pos="77.06" speed="10.00"/>
                <vehicle id="0" pos="93.06" speed="10.00"/>
            </lane>
        </edge>
    </timestep>
    <timestep time="56.10">
        <edge id=":5_0">
            <lane id=":5_0_0">
                <vehicle id="6" pos="0.64" speed="10.00"/>
            </lane>
        </edge>
        <edge id=":6_0">
            <lane id=":6_0_0">
                <vehicle id="0" pos="0.46" speed="10.00"/>
            </lane>
        </edge>
        <edge id="3to4">
            <lane id="3to4_0">
                <vehicle id="11" pos="63.94" speed="0.00"/>
                <vehicle id="10" pos="73.44" speed="0.00"/>
                <vehicle id="9" pos="82.94" speed="0.00"/>
                <vehicle id="8" pos="92.44" speed="0.00"/>
            </lane>
        </edge>
        <edge id="4to5">
            <lane id="4to5_0">
                <vehicle id="7" pos="74.24" speed="10.00"/>
            </lane>
        </edge>
        <edge id="5to6">
            <lane id="5to6_0">
                <vehicle id="5" pos="14.06" speed="10.00"/>
                <vehicle id="4" pos="30.06" speed="10.00"/>
                <vehicle id="3" pos="46.06" speed="10.00"/>
                <vehicle id="2" pos="62.06" speed="10.00"/>
                <vehicle id="1" pos="78.06" speed="10.00"/>
            </lane>
        </edge>
    </timestep>
    <timestep time="56.20">
        <edge id=":5_0">
            <lane id=":5_0_0">
                <vehicle id="6" pos="1.64" speed="10.00"/>
            </lane>
        </edge>
        <edge id=":6_0">
            <lane id=":6_0_0">
                <vehicle id="0" pos="1.46" speed="10.00"/>
            </lane>
        </edge>
        <edge id="3to4">
            <lane id="3to4_0">
                <vehicle id="11" pos="63.94" speed="0.00"/>
                <vehicle id="10" pos="73.44" speed="0.00"/>
                <vehicle id="9" pos="82.94" speed="0.00"/>
                <vehicle id="8" pos="92.44" speed="0.00"/>
            </lane>
        </edge>
        <edge id="4to5">
            <lane id="4to5_0">
                <vehicle id="7" pos="75.24" speed="10.00"/>
            </lane>
        </edge>
        <edge id="5to6">
            <lane id="5to6_0">
                <vehicle id="5" pos="15.06" speed="10.00"/>
                <vehicle id="4" pos="31.06" speed="10.00"/>
                <vehicle id="3" pos="47.06" speed="10.00"/>
                <vehicle id="2" pos="63.06" speed="10.00"/>
                <vehicle id="1" pos="79.06" speed="10.00"/>
            </lane>
        </edge>
    </timestep>
    <timestep time="56.30">
        <edge id=":6_0">
            <lane id=":6_0_0">
                <vehicle id="0" pos="2.46" speed="10.00"/>
            </lane>
        </edge>
        <edge id="3to4">
            <lane id="3to4_0">
                <vehicle id="11" pos="63.94" speed="0.00"/>
                <vehicle id="10" pos="73.44" speed="0.00"/>
                <vehicle id="9" pos="82.94" speed="0.00"/>
                <vehicle id="8" pos="92.44" speed="0.00"/>
            </lane>
        </edge>
        <edge id="4to5">
            <lane id="4to5_0">
                <vehicle id="7" pos="76.24" speed="10.00"/>
            </lane>
        </edge>
        <edge id="5to6">
            <lane id="5to6_0">
                <vehicle id="6" pos="0.06" speed="10.00"/>
                <vehicle id="5" pos="16.06" speed="10.00"/>
                <vehicle id="4" pos="32.06" speed="10.00"/>
                <vehicle id="3" pos="48.06" speed="10.00"/>
                <vehicle id="2" pos="64.06" speed="10.00"/>
                <vehicle id="1" pos="80.06" speed="10.00"/>
            </lane>
        </edge>
    </timestep>
    <timestep time="56.40">
        <edge id="3to4">
            <lane id="3to4_0">
                <vehicle id="11" pos="63.94" speed="0.00"/>
                <vehicle id="10" pos="73.44" speed="0.00"/>
                <vehicle id="9" pos="82.94" speed="0.00"/>
                <vehicle id="8" pos="92.44" speed="0.00"/>
            </lane>
        </edge>
        <edge id="4to5">
            <lane id="4to5_0">
                <vehicle id="7" pos="77.24" speed="10.00"/>
            </lane>
        </edge>
        <edge id="5to6">
            <lane id="5to6_0">
                <vehicle id="6" pos="1.06" speed="10.00"/>
                <vehicle id="5" pos="17.06" speed="10.00"/>
                <vehicle id="4" pos="33.06" speed="10.00"/>
                <vehicle id="3" pos="49.06" speed="10.00"/>
                <vehicle id="2" pos="65.06" speed="10.00"/>
                <vehicle id="1" pos="81.06" speed="10.00"/>
            </lane>
        </edge>
        <edge id="6to7">
            <lane id="6to7_0">
                <vehicle id="0" pos="0.88" speed="10.00"/>
            </lane>
        </edge>
    </timestep>
    <timestep time="56.50">
        <edge id="3to4">
            <lane id="3to4_0">
                <vehicle id="11" pos="63.94" speed="0.00"/>
                <vehicle id="10" pos="73.44" speed="0.00"/>
                <vehicle id="9" pos="82.94" speed="0.00"/>
                <vehicle id="8" pos="92.44" speed="0.00"/>
            </lane>
        </edge>
        <edge id="4to5">
            <lane id="4to5_0">
                <vehicle id="7" pos="78.24" speed="10.00"/>
            </lane>
        </edge>
        <edge id="5to6">
            <lane id="5to6_0">
                <vehicle id="6" pos="2.06" speed="10.00"/>
                <vehicle id="5" pos="18.06" speed="10.00"/>
                <vehicle id="4" pos="34.06" speed="10.00"/>
                <vehicle id="3" pos="50.06" speed="10.00"/>
                <vehicle id="2" pos="66.06" speed="10.00"/>
                <vehicle id="1" pos="82.06" speed="10.00"/>
            </lane>
        </edge>
        <edge id="6to7">
            <lane id="6to7_0">
                <vehicle id="0" pos="1.88" speed="10.00"/>
            </lane>
        </edge>
    </timestep>
    <timestep time="56.60">
        <edge id="3to4">
            <lane id="3to4_0">
                <vehicle id="11" pos="63.94" speed="0.00"/>
                <vehicle id="10" pos="73.44" speed="0.00"/>
                <vehicle id="9" pos="82.94" speed="0.00"/>
                <vehicle id="8" pos="92.44" speed="0.00"/>
            </lane>
        </edge>
        <edge id="4to5">
            <lane id="4to5_0">
                <vehicle id="7" pos="79.24" speed="10.00"/>
            </lane>
        </edge>
        <edge id="5to6">
            <lane id="5to6_0">
                <vehicle id="6" pos="3.06" speed="10.00"/>
                <vehicle id="5" pos="19.06" speed="10.00"/>
                <vehicle id="4" pos="35.06" speed="10.00"/>
                <vehicle id="3" pos="51.06" speed="10.00"/>
                <vehicle id="2" pos="67.06" speed="10.00"/>
                <vehicle id="1" pos="83.06" speed="10.00"/>
            </lane>
        </edge>
        <edge id="6to7">
            <lane id="6to7_0">
                <vehicle id="0" pos="2.88" speed="10.00"/>
            </lane>
        </edge>
    </timestep>
    <timestep time="56.70">
        <edge id="3to4">
            <lane id="3to4_0">
                <vehicle id="11" pos="63.94" speed="0.00"/>
                <vehicle id="10" pos="73.44" speed="0.00"/>
                <vehicle id="9" pos="82.94" speed="0.00"/>
                <vehicle id="8" pos="92.44" speed="0.00"/>
            </lane>
        </edge>
        <edge id="4to5">
            <lane id="4to5_0">
                <vehicle id="7" pos="80.24" speed="10.00"/>
            </lane>
        </edge>
        <edge id="5to6">
            <lane id="5to6_0">
                <vehicle id="6" pos="4.06" speed="10.00"/>
                <vehicle id="5" pos="20.06" speed="10.00"/>
                <vehicle id="4" pos="36.06" speed="10.00"/>
                <vehicle id="3" pos="52.06" speed="10.00"/>
                <vehicle id="2" pos="68.06" speed="10.00"/>
                <vehicle id="1" pos="84.06" speed="10.00"/>
            </lane>
        </edge>
        <edge id="6to7">
            <lane id="6to7_0">
                <vehicle id="0" pos="3.88" speed="10.00"/>
            </lane>
        </edge>
    </timestep>
    <timestep time="56.80">
        <edge id="3to4">
            <lane id="3to4_0">
                <vehicle id="11" pos="63.94" speed="0.00"/>
                <vehicle id="10" pos="73.44" speed="0.00"/>
                <vehicle id="9" pos="82.94" speed="0.00"/>
                <vehicle id="8" pos="92.44" speed="0.00"/>
            </lane>
        </edge>
        <edge id="4to5">
            <lane id="4to5_0">
                <vehicle id="7" pos="81.24" speed="10.00"/>
            </lane>
        </edge>
        <edge id="5to6">
            <lane id="5to6_0">
                <vehicle id="6" pos="5.06" speed="10.00"/>
                <vehicle id="5" pos="21.06" speed="10.00"/>
                <vehicle id="4" pos="37.06" speed="10.00"/>
                <vehicle id="3" pos="53.06" speed="10.00"/>
                <vehicle id="2" pos="69.06" speed="10.00"/>
                <vehicle id="1" pos="85.06" speed="10.00"/>
            </lane>
        </edge>
        <edge id="6to7">
            <lane id="6to7_0">
                <vehicle id="0" pos="4.88" speed="10.00"/>
            </lane>
        </edge>
    </timestep>
    <timestep time="56.90">
        <edge id="3to4">
            <lane id="3to4_0">
                <vehicle id="11" pos="63.94" speed="0.00"/>
                <vehicle id="10" pos="73.44" speed="0.00"/>
                <vehicle id="9" pos="82.94" speed="0.00"/>
                <vehicle id="8" pos="92.44" speed="0.00"/>
            </lane>
        </edge>
        <edge id="4to5">
            <lane id="4to5_0">
                <vehicle id="7" pos="82.24" speed="10.00"/>
            </lane>
        </edge>
        <edge id="5to6">
            <lane id="5to6_0">
                <vehicle id="6" pos="6.06" speed="10.00"/>
                <vehicle id="5" pos="22.06" speed="10.00"/>
                <vehicle id="4" pos="38.06" speed="10.00"/>
                <vehicle id="3" pos="54.06" speed="10.00"/>
                <vehicle id="2" pos="70.06" speed="10.00"/>
                <vehicle id="1" pos="86.06" speed="10.00"/>
            </lane>
        </edge>
        <edge id="6to7">
            <lane id="6to7_0">
                <vehicle id="0" pos="5.88" speed="10.00"/>
            </lane>
        </edge>
    </timestep>
    <timestep time="57.00">
        <edge id="3to4">
            <lane id="3to4_0">
                <vehicle id="11" pos="63.94" speed="0.00"/>
                <vehicle id="10" pos="73.44" speed="0.00"/>
                <vehicle id="9" pos="82.94" speed="0.00"/>
                <vehicle id="8" pos="92.44" speed="0.00"/>
            </lane>
        </edge>
        <edge id="4to5">
            <lane id="4to5_0">
                <vehicle id="7" pos="83.24" speed="10.00"/>
            </lane>
        </edge>
        <edge id="5to6">
            <lane id="5to6_0">
                <vehicle id="6" pos="7.06" speed="10.00"/>
                <vehicle id="5" pos="23.06" speed="10.00"/>
                <vehicle id="4" pos="39.06" speed="10.00"/>
                <vehicle id="3" pos="55.06" speed="10.00"/>
                <vehicle id="2" pos="71.06" speed="10.00"/>
                <vehicle id="1" pos="87.06" speed="10.00"/>
            </lane>
        </edge>
        <edge id="6to7">
            <lane id="6to7_0">
                <vehicle id="0" pos="6.88" speed="10.00"/>
            </lane>
        </edge>
    </timestep>
    <timestep time="57.10">
        <edge id="3to4">
            <lane id="3to4_0">
                <vehicle id="11" pos="63.94" speed="0.00"/>
                <vehicle id="10" pos="73.44" speed="0.00"/>
                <vehicle id="9" pos="82.94" speed="0.00"/>
                <vehicle id="8" pos="92.44" speed="0.00"/>
            </lane>
        </edge>
        <edge id="4to5">
            <lane id="4to5_0">
                <vehicle id="7" pos="84.24" speed="10.00"/>
            </lane>
        </edge>
        <edge id="5to6">
            <lane id="5to6_0">
                <vehicle id="6" pos="8.06" speed="10.00"/>
                <vehicle id="5" pos="24.06" speed="10.00"/>
                <vehicle id="4" pos="40.06" speed="10.00"/>
                <vehicle id="3" pos="56.06" speed="10.00"/>
                <vehicle id="2" pos="72.06" speed="10.00"/>
                <vehicle id="1" pos="88.06" speed="10.00"/>
            </lane>
        </edge>
        <edge id="6to7">
            <lane id="6to7_0">
                <vehicle id="0" pos="7.88" speed="10.00"/>
            </lane>
        </edge>
    </timestep>
    <timestep time="57.20">
        <edge id="3to4">
            <lane id="3to4_0">
                <vehicle id="11" pos="63.94" speed="0.00"/>
                <vehicle id="10" pos="73.44" speed="0.00"/>
                <vehicle id="9" pos="82.94" speed="0.00"/>
                <vehicle id="8" pos="92.44" speed="0.00"/>
            </lane>
        </edge>
        <edge id="4to5">
            <lane id="4to5_0">
                <vehicle id="7" pos="85.24" speed="10.00"/>
            </lane>
        </edge>
        <edge id="5to6">
            <lane id="5to6_0">
                <vehicle id="6" pos="9.06" speed="10.00"/>
                <vehicle id="5" pos="25.06" speed="10.00"/>
                <vehicle id="4" pos="41.06" speed="10.00"/>
                <vehicle id="3" pos="57.06" speed="10.00"/>
                <vehicle id="2" pos="73.06" speed="10.00"/>
                <vehicle id="1" pos="89.06" speed="10.00"/>
            </lane>
        </edge>
        <edge id="6to7">
            <lane id="6to7_0">
                <vehicle id="0" pos="8.88" speed="10.00"/>
            </lane>
        </edge>
    </timestep>
    <timestep time="57.30">
        <edge id="3to4">
            <lane id="3to4_0">
                <vehicle id="11" pos="63.94" speed="0.00"/>
                <vehicle id="10" pos="73.44" speed="0.00"/>
                <vehicle id="9" pos="82.94" speed="0.00"/>
                <vehicle id="8" pos="92.44" speed="0.00"/>
            </lane>
        </edge>
        <edge id="4to5">
            <lane id="4to5_0">
                <vehicle id="7" pos="86.24" speed="10.00"/>
            </lane>
        </edge>
        <edge id="5to6">
            <lane id="5to6_0">
                <vehicle id="6" pos="10.06" speed="10.00"/>
                <vehicle id="5" pos="26.06" speed="10.00"/>
                <vehicle id="4" pos="42.06" speed="10.00"/>
                <vehicle id="3" pos="58.06" speed="10.00"/>
                <vehicle id="2" pos="74.06" speed="10.00"/>
                <vehicle id="1" pos="90.06" speed="10.00"/>
            </lane>
        </edge>
        <edge id="6to7">
            <lane id="6to7_0">
                <vehicle id="0" pos="9.88" speed="10.00"/>
            </lane>
        </edge>
    </timestep>
    <timestep time="57.40">
        <edge id="3to4">
            <lane id="3to4_0">
                <vehicle id="11" pos="63.94" speed="0.00"/>
                <vehicle id="10" pos="73.44" speed="0.00"/>
                <vehicle id="9" pos="82.94" speed="0.00"/>
                <vehicle id="8" pos="92.44" speed="0.00"/>
            </lane>
        </edge>
        <edge id="4to5">
            <lane id="4to5_0">
                <vehicle id="7" pos="87.24" speed="10.00"/>
            </lane>
        </edge>
        <edge id="5to6">
            <lane id="5to6_0">
                <vehicle id="6" pos="11.06" speed="10.00"/>
                <vehicle id="5" pos="27.06" speed="10.00"/>
                <vehicle id="4" pos="43.06" speed="10.00"/>
                <vehicle id="3" pos="59.06" speed="10.00"/>
                <vehicle id="2" pos="75.06" speed="10.00"/>
                <vehicle id="1" pos="91.06" speed="10.00"/>
            </lane>
        </edge>
        <edge id="6to7">
            <lane id="6to7_0">
                <vehicle id="0" pos="10.88" speed="10.00"/>
            </lane>
        </edge>
    </timestep>
    <timestep time="57.50">
        <edge id="3to4">
            <lane id="3to4_0">
                <vehicle id="11" pos="63.94" speed="0.00"/>
                <vehicle id="10" pos="73.44" speed="0.00"/>
                <vehicle id="9" pos="82.94" speed="0.00"/>
                <vehicle id="8" pos="92.44" speed="0.00"/>
            </lane>
        </edge>
        <edge id="4to5">
            <lane id="4to5_0">
                <vehicle id="7" pos="88.24" speed="10.00"/>
            </lane>
        </edge>
        <edge id="5to6">
            <lane id="5to6_0">
                <vehicle id="6" pos="12.06" speed="10.00"/>
                <vehicle id="5" pos="28.06" speed="10.00"/>
                <vehicle id="4" pos="44.06" speed="10.00"/>
                <vehicle id="3" pos="60.06" speed="10.00"/>
                <vehicle id="2" pos="76.06" speed="10.00"/>
                <vehicle id="1" pos="92.06" speed="10.00"/>
            </lane>
        </edge>
        <edge id="6to7">
            <lane id="6to7_0">
                <vehicle id="0" pos="11.88" speed="10.00"/>
            </lane>
        </edge>
    </timestep>
    <timestep time="57.60">
        <edge id="3to4">
            <lane id="3to4_0">
                <vehicle id="11" pos="63.94" speed="0.00"/>
                <vehicle id="10" pos="73.44" speed="0.00"/>
                <vehicle id="9" pos="82.94" speed="0.00"/>
                <vehicle id="8" pos="92.44" speed="0.00"/>
            </lane>
        </edge>
        <edge id="4to5">
            <lane id="4to5_0">
                <vehicle id="7" pos="89.24" speed="10.00"/>
            </lane>
        </edge>
        <edge id="5to6">
            <lane id="5to6_0">
                <vehicle id="6" pos="13.06" speed="10.00"/>
                <vehicle id="5" pos="29.06" speed="10.00"/>
                <vehicle id="4" pos="45.06" speed="10.00"/>
                <vehicle id="3" pos="61.06" speed="10.00"/>
                <vehicle id="2" pos="77.06" speed="10.00"/>
                <vehicle id="1" pos="93.06" speed="10.00"/>
            </lane>
        </edge>
        <edge id="6to7">
            <lane id="6to7_0">
                <vehicle id="0" pos="12.88" speed="10.00"/>
            </lane>
        </edge>
    </timestep>
    <timestep time="57.70">
        <edge id=":5_0">
            <lane id=":5_0_0">
                <vehicle id="7" pos="0.64" speed="10.00"/>
            </lane>
        </edge>
        <edge id=":6_0">
            <lane id=":6_0_0">
                <vehicle id="1" pos="0.46" speed="10.00"/>
            </lane>
        </edge>
        <edge id="3to4">
            <lane id="3to4_0">
                <vehicle id="11" pos="63.94" speed="0.00"/>
                <vehicle id="10" pos="73.44" speed="0.00"/>
                <vehicle id="9" pos="82.94" speed="0.00"/>
                <vehicle id="8" pos="92.44" speed="0.00"/>
            </lane>
        </edge>
        <edge id="5to6">
            <lane id="5to6_0">
                <vehicle id="6" pos="14.06" speed="10.00"/>
                <vehicle id="5" pos="30.06" speed="10.00"/>
                <vehicle id="4" pos="46.06" speed="10.00"/>
                <vehicle id="3" pos="62.06" speed="10.00"/>
                <vehicle id="2" pos="78.06" speed="10.00"/>
            </lane>
        </edge>
        <edge id="6to7">
            <lane id="6to7_0">
                <vehicle id="0" pos="13.88" speed="10.00"/>
            </lane>
        </edge>
    </timestep>
    <timestep time="57.80">
        <edge id=":5_0">
            <lane id=":5_0_0">
                <vehicle id="7" pos="1.64" speed="10.00"/>
            </lane>
        </edge>
        <edge id=":6_0">
            <lane id=":6_0_0">
                <vehicle id="1" pos="1.46" speed="10.00"/>
            </lane>
        </edge>
        <edge id="3to4">
            <lane id="3to4_0">
                <vehicle id="11" pos="63.94" speed="0.00"/>
                <vehicle id="10" pos="73.44" speed="0.00"/>
                <vehicle id="9" pos="82.94" speed="0.00"/>
                <vehicle id="8" pos="92.44" speed="0.00"/>
            </lane>
        </edge>
        <edge id="5to6">
            <lane id="5to6_0">
                <vehicle id="6" pos="15.06" speed="10.00"/>
                <vehicle id="5" pos="31.06" speed="10.00"/>
                <vehicle id="4" pos="47.06" speed="10.00"/>
                <vehicle id="3" pos="63.06" speed="10.00"/>
                <vehicle id="2" pos="79.06" speed="10.00"/>
            </lane>
        </edge>
        <edge id="6to7">
            <lane id="6to7_0">
                <vehicle id="0" pos="14.88" speed="10.00"/>
            </lane>
        </edge>
    </timestep>
    <timestep time="57.90">
        <edge id=":6_0">
            <lane id=":6_0_0">
                <vehicle id="1" pos="2.46" speed="10.00"/>
            </lane>
        </edge>
        <edge id="3to4">
            <lane id="3to4_0">
                <vehicle id="11" pos="63.94" speed="0.00"/>
                <vehicle id="10" pos="73.44" speed="0.00"/>
                <vehicle id="9" pos="82.94" speed="0.00"/>
                <vehicle id="8" pos="92.44" speed="0.00"/>
            </lane>
        </edge>
        <edge id="5to6">
            <lane id="5to6_0">
                <vehicle id="7" pos="0.06" speed="10.00"/>
                <vehicle id="6" pos="16.06" speed="10.00"/>
                <vehicle id="5" pos="32.06" speed="10.00"/>
                <vehicle id="4" pos="48.06" speed="10.00"/>
                <vehicle id="3" pos="64.06" speed="10.00"/>
                <vehicle id="2" pos="80.06" speed="10.00"/>
            </lane>
        </edge>
        <edge id="6to7">
            <lane id="6to7_0">
                <vehicle id="0" pos="15.88" speed="10.00"/>
            </lane>
        </edge>
    </timestep>
    <timestep time="58.00">
        <edge id="3to4">
            <lane id="3to4_0">
                <vehicle id="11" pos="63.94" speed="0.00"/>
                <vehicle id="10" pos="73.44" speed="0.00"/>
                <vehicle id="9" pos="82.94" speed="0.00"/>
                <vehicle id="8" pos="92.44" speed="0.00"/>
            </lane>
        </edge>
        <edge id="5to6">
            <lane id="5to6_0">
                <vehicle id="7" pos="1.06" speed="10.00"/>
                <vehicle id="6" pos="17.06" speed="10.00"/>
                <vehicle id="5" pos="33.06" speed="10.00"/>
                <vehicle id="4" pos="49.06" speed="10.00"/>
                <vehicle id="3" pos="65.06" speed="10.00"/>
                <vehicle id="2" pos="81.06" speed="10.00"/>
            </lane>
        </edge>
        <edge id="6to7">
            <lane id="6to7_0">
                <vehicle id="1" pos="0.88" speed="10.00"/>
                <vehicle id="0" pos="16.88" speed="10.00"/>
            </lane>
        </edge>
    </timestep>
    <timestep time="58.10">
        <edge id="3to4">
            <lane id="3to4_0">
                <vehicle id="11" pos="63.94" speed="0.00"/>
                <vehicle id="10" pos="73.44" speed="0.00"/>
                <vehicle id="9" pos="82.94" speed="0.00"/>
                <vehicle id="8" pos="92.44" speed="0.00"/>
            </lane>
        </edge>
        <edge id="5to6">
            <lane id="5to6_0">
                <vehicle id="7" pos="2.06" speed="10.00"/>
                <vehicle id="6" pos="18.06" speed="10.00"/>
                <vehicle id="5" pos="34.06" speed="10.00"/>
                <vehicle id="4" pos="50.06" speed="10.00"/>
                <vehicle id="3" pos="66.06" speed="10.00"/>
                <vehicle id="2" pos="82.06" speed="10.00"/>
            </lane>
        </edge>
        <edge id="6to7">
            <lane id="6to7_0">
                <vehicle id="1" pos="1.88" speed="10.00"/>
                <vehicle id="0" pos="17.88" speed="10.00"/>
            </lane>
        </edge>
    </timestep>
    <timestep time="58.20">
        <edge id="3to4">
            <lane id="3to4_0">
                <vehicle id="11" pos="63.94" speed="0.00"/>
                <vehicle id="10" pos="73.44" speed="0.00"/>
                <vehicle id="9" pos="82.94" speed="0.00"/>
                <vehicle id="8" pos="92.44" speed="0.00"/>
            </lane>
        </edge>
        <edge id="5to6">
            <lane id="5to6_0">
                <vehicle id="7" pos="3.06" speed="10.00"/>
                <vehicle id="6" pos="19.06" speed="10.00"/>
                <vehicle id="5" pos="35.06" speed="10.00"/>
                <vehicle id="4" pos="51.06" speed="10.00"/>
                <vehicle id="3" pos="67.06" speed="10.00"/>
                <vehicle id="2" pos="83.06" speed="10.00"/>
            </lane>
        </edge>
        <edge id="6to7">
            <lane id="6to7_0">
                <vehicle id="1" pos="2.88" speed="10.00"/>
                <vehicle id="0" pos="18.88" speed="10.00"/>
            </lane>
        </edge>
    </timestep>
    <timestep time="58.30">
        <edge id="3to4">
            <lane id="3to4_0">
                <vehicle id="11" pos="63.94" speed="0.00"/>
                <vehicle id="10" pos="73.44" speed="0.00"/>
                <vehicle id="9" pos="82.94" speed="0.00"/>
                <vehicle id="8" pos="92.44" speed="0.00"/>
            </lane>
        </edge>
        <edge id="5to6">
            <lane id="5to6_0">
                <vehicle id="7" pos="4.06" speed="10.00"/>
                <vehicle id="6" pos="20.06" speed="10.00"/>
                <vehicle id="5" pos="36.06" speed="10.00"/>
                <vehicle id="4" pos="52.06" speed="10.00"/>
                <vehicle id="3" pos="68.06" speed="10.00"/>
                <vehicle id="2" pos="84.06" speed="10.00"/>
            </lane>
        </edge>
        <edge id="6to7">
            <lane id="6to7_0">
                <vehicle id="1" pos="3.88" speed="10.00"/>
                <vehicle id="0" pos="19.88" speed="10.00"/>
            </lane>
        </edge>
    </timestep>
    <timestep time="58.40">
        <edge id="3to4">
            <lane id="3to4_0">
                <vehicle id="11" pos="63.94" speed="0.00"/>
                <vehicle id="10" pos="73.44" speed="0.00"/>
                <vehicle id="9" pos="82.94" speed="0.00"/>
                <vehicle id="8" pos="92.44" speed="0.00"/>
            </lane>
        </edge>
        <edge id="5to6">
            <lane id="5to6_0">
                <vehicle id="7" pos="5.06" speed="10.00"/>
                <vehicle id="6" pos="21.06" speed="10.00"/>
                <vehicle id="5" pos="37.06" speed="10.00"/>
                <vehicle id="4" pos="53.06" speed="10.00"/>
                <vehicle id="3" pos="69.06" speed="10.00"/>
                <vehicle id="2" pos="85.06" speed="10.00"/>
            </lane>
        </edge>
        <edge id="6to7">
            <lane id="6to7_0">
                <vehicle id="1" pos="4.88" speed="10.00"/>
                <vehicle id="0" pos="20.88" speed="10.00"/>
            </lane>
        </edge>
    </timestep>
    <timestep time="58.50">
        <edge id="3to4">
            <lane id="3to4_0">
                <vehicle id="11" pos="63.94" speed="0.00"/>
                <vehicle id="10" pos="73.44" speed="0.00"/>
                <vehicle id="9" pos="82.94" speed="0.00"/>
                <vehicle id="8" pos="92.44" speed="0.00"/>
            </lane>
        </edge>
        <edge id="5to6">
            <lane id="5to6_0">
                <vehicle id="7" pos="6.06" speed="10.00"/>
                <vehicle id="6" pos="22.06" speed="10.00"/>
                <vehicle id="5" pos="38.06" speed="10.00"/>
                <vehicle id="4" pos="54.06" speed="10.00"/>
                <vehicle id="3" pos="70.06" speed="10.00"/>
                <vehicle id="2" pos="86.06" speed="10.00"/>
            </lane>
        </edge>
        <edge id="6to7">
            <lane id="6to7_0">
                <vehicle id="1" pos="5.88" speed="10.00"/>
                <vehicle id="0" pos="21.88" speed="10.00"/>
            </lane>
        </edge>
    </timestep>
    <timestep time="58.60">
        <edge id="3to4">
            <lane id="3to4_0">
                <vehicle id="11" pos="63.94" speed="0.00"/>
                <vehicle id="10" pos="73.44" speed="0.00"/>
                <vehicle id="9" pos="82.94" speed="0.00"/>
                <vehicle id="8" pos="92.44" speed="0.00"/>
            </lane>
        </edge>
        <edge id="5to6">
            <lane id="5to6_0">
                <vehicle id="7" pos="7.06" speed="10.00"/>
                <vehicle id="6" pos="23.06" speed="10.00"/>
                <vehicle id="5" pos="39.06" speed="10.00"/>
                <vehicle id="4" pos="55.06" speed="10.00"/>
                <vehicle id="3" pos="71.06" speed="10.00"/>
                <vehicle id="2" pos="87.06" speed="10.00"/>
            </lane>
        </edge>
        <edge id="6to7">
            <lane id="6to7_0">
                <vehicle id="1" pos="6.88" speed="10.00"/>
                <vehicle id="0" pos="22.88" speed="10.00"/>
            </lane>
        </edge>
    </timestep>
    <timestep time="58.70">
        <edge id="3to4">
            <lane id="3to4_0">
                <vehicle id="11" pos="63.94" speed="0.00"/>
                <vehicle id="10" pos="73.44" speed="0.00"/>
                <vehicle id="9" pos="82.94" speed="0.00"/>
                <vehicle id="8" pos="92.44" speed="0.00"/>
            </lane>
        </edge>
        <edge id="5to6">
            <lane id="5to6_0">
                <vehicle id="7" pos="8.06" speed="10.00"/>
                <vehicle id="6" pos="24.06" speed="10.00"/>
                <vehicle id="5" pos="40.06" speed="10.00"/>
                <vehicle id="4" pos="56.06" speed="10.00"/>
                <vehicle id="3" pos="72.06" speed="10.00"/>
                <vehicle id="2" pos="88.06" speed="10.00"/>
            </lane>
        </edge>
        <edge id="6to7">
            <lane id="6to7_0">
                <vehicle id="1" pos="7.88" speed="10.00"/>
                <vehicle id="0" pos="23.88" speed="10.00"/>
            </lane>
        </edge>
    </timestep>
    <timestep time="58.80">
        <edge id="3to4">
            <lane id="3to4_0">
                <vehicle id="11" pos="63.94" speed="0.00"/>
                <vehicle id="10" pos="73.44" speed="0.00"/>
                <vehicle id="9" pos="82.94" speed="0.00"/>
                <vehicle id="8" pos="92.44" speed="0.00"/>
            </lane>
        </edge>
        <edge id="5to6">
            <lane id="5to6_0">
                <vehicle id="7" pos="9.06" speed="10.00"/>
                <vehicle id="6" pos="25.06" speed="10.00"/>
                <vehicle id="5" pos="41.06" speed="10.00"/>
                <vehicle id="4" pos="57.06" speed="10.00"/>
                <vehicle id="3" pos="73.06" speed="10.00"/>
                <vehicle id="2" pos="89.06" speed="10.00"/>
            </lane>
        </edge>
        <edge id="6to7">
            <lane id="6to7_0">
                <vehicle id="1" pos="8.88" speed="10.00"/>
                <vehicle id="0" pos="24.88" speed="10.00"/>
            </lane>
        </edge>
    </timestep>
    <timestep time="58.90">
        <edge id="3to4">
            <lane id="3to4_0">
                <vehicle id="11" pos="63.94" speed="0.00"/>
                <vehicle id="10" pos="73.44" speed="0.00"/>
                <vehicle id="9" pos="82.94" speed="0.00"/>
                <vehicle id="8" pos="92.44" speed="0.00"/>
            </lane>
        </edge>
        <edge id="5to6">
            <lane id="5to6_0">
                <vehicle id="7" pos="10.06" speed="10.00"/>
                <vehicle id="6" pos="26.06" speed="10.00"/>
                <vehicle id="5" pos="42.06" speed="10.00"/>
                <vehicle id="4" pos="58.06" speed="10.00"/>
                <vehicle id="3" pos="74.06" speed="10.00"/>
                <vehicle id="2" pos="90.06" speed="10.00"/>
            </lane>
        </edge>
        <edge id="6to7">
            <lane id="6to7_0">
                <vehicle id="1" pos="9.88" speed="10.00"/>
                <vehicle id="0" pos="25.88" speed="10.00"/>
            </lane>
        </edge>
    </timestep>
    <timestep time="59.00">
        <edge id="3to4">
            <lane id="3to4_0">
                <vehicle id="11" pos="63.94" speed="0.00"/>
                <vehicle id="10" pos="73.44" speed="0.00"/>
                <vehicle id="9" pos="82.94" speed="0.00"/>
                <vehicle id="8" pos="92.44" speed="0.00"/>
            </lane>
        </edge>
        <edge id="5to6">
            <lane id="5to6_0">
                <vehicle id="7" pos="11.06" speed="10.00"/>
                <vehicle id="6" pos="27.06" speed="10.00"/>
                <vehicle id="5" pos="43.06" speed="10.00"/>
                <vehicle id="4" pos="59.06" speed="10.00"/>
                <vehicle id="3" pos="75.06" speed="10.00"/>
                <vehicle id="2" pos="91.06" speed="10.00"/>
            </lane>
        </edge>
        <edge id="6to7">
            <lane id="6to7_0">
                <vehicle id="1" pos="10.88" speed="10.00"/>
                <vehicle id="0" pos="26.88" speed="10.00"/>
            </lane>
        </edge>
    </timestep>
    <timestep time="59.10">
        <edge id="3to4">
            <lane id="3to4_0">
                <vehicle id="11" pos="63.94" speed="0.00"/>
                <vehicle id="10" pos="73.44" speed="0.00"/>
                <vehicle id="9" pos="82.94" speed="0.00"/>
                <vehicle id="8" pos="92.44" speed="0.00"/>
            </lane>
        </edge>
        <edge id="5to6">
            <lane id="5to6_0">
                <vehicle id="7" pos="12.06" speed="10.00"/>
                <vehicle id="6" pos="28.06" speed="10.00"/>
                <vehicle id="5" pos="44.06" speed="10.00"/>
                <vehicle id="4" pos="60.06" speed="10.00"/>
                <vehicle id="3" pos="76.06" speed="10.00"/>
                <vehicle id="2" pos="92.06" speed="10.00"/>
            </lane>
        </edge>
        <edge id="6to7">
            <lane id="6to7_0">
                <vehicle id="1" pos="11.88" speed="10.00"/>
                <vehicle id="0" pos="27.88" speed="10.00"/>
            </lane>
        </edge>
    </timestep>
    <timestep time="59.20">
        <edge id="3to4">
            <lane id="3to4_0">
                <vehicle id="11" pos="63.94" speed="0.00"/>
                <vehicle id="10" pos="73.44" speed="0.00"/>
                <vehicle id="9" pos="82.94" speed="0.00"/>
                <vehicle id="8" pos="92.44" speed="0.00"/>
            </lane>
        </edge>
        <edge id="5to6">
            <lane id="5to6_0">
                <vehicle id="7" pos="13.06" speed="10.00"/>
                <vehicle id="6" pos="29.06" speed="10.00"/>
                <vehicle id="5" pos="45.06" speed="10.00"/>
                <vehicle id="4" pos="61.06" speed="10.00"/>
                <vehicle id="3" pos="77.06" speed="10.00"/>
                <vehicle id="2" pos="93.06" speed="10.00"/>
            </lane>
        </edge>
        <edge id="6to7">
            <lane id="6to7_0">
                <vehicle id="1" pos="12.88" speed="10.00"/>
                <vehicle id="0" pos="28.88" speed="10.00"/>
            </lane>
        </edge>
    </timestep>
    <timestep time="59.30">
        <edge id=":6_0">
            <lane id=":6_0_0">
                <vehicle id="2" pos="0.46" speed="10.00"/>
            </lane>
        </edge>
        <edge id="3to4">
            <lane id="3to4_0">
                <vehicle id="11" pos="63.94" speed="0.00"/>
                <vehicle id="10" pos="73.44" speed="0.00"/>
                <vehicle id="9" pos="82.94" speed="0.00"/>
                <vehicle id="8" pos="92.44" speed="0.00"/>
            </lane>
        </edge>
        <edge id="5to6">
            <lane id="5to6_0">
                <vehicle id="7" pos="14.06" speed="10.00"/>
                <vehicle id="6" pos="30.06" speed="10.00"/>
                <vehicle id="5" pos="46.06" speed="10.00"/>
                <vehicle id="4" pos="62.06" speed="10.00"/>
                <vehicle id="3" pos="78.06" speed="10.00"/>
            </lane>
        </edge>
        <edge id="6to7">
            <lane id="6to7_0">
                <vehicle id="1" pos="13.88" speed="10.00"/>
                <vehicle id="0" pos="29.88" speed="10.00"/>
            </lane>
        </edge>
    </timestep>
    <timestep time="59.40">
        <edge id=":6_0">
            <lane id=":6_0_0">
                <vehicle id="2" pos="1.46" speed="10.00"/>
            </lane>
        </edge>
        <edge id="3to4">
            <lane id="3to4_0">
                <vehicle id="11" pos="63.94" speed="0.00"/>
                <vehicle id="10" pos="73.44" speed="0.00"/>
                <vehicle id="9" pos="82.94" speed="0.00"/>
                <vehicle id="8" pos="92.44" speed="0.00"/>
            </lane>
        </edge>
        <edge id="5to6">
            <lane id="5to6_0">
                <vehicle id="7" pos="15.06" speed="10.00"/>
                <vehicle id="6" pos="31.06" speed="10.00"/>
                <vehicle id="5" pos="47.06" speed="10.00"/>
                <vehicle id="4" pos="63.06" speed="10.00"/>
                <vehicle id="3" pos="79.06" speed="10.00"/>
            </lane>
        </edge>
        <edge id="6to7">
            <lane id="6to7_0">
                <vehicle id="1" pos="14.88" speed="10.00"/>
                <vehicle id="0" pos="30.88" speed="10.00"/>
            </lane>
        </edge>
    </timestep>
    <timestep time="59.50">
        <edge id=":6_0">
            <lane id=":6_0_0">
                <vehicle id="2" pos="2.46" speed="10.00"/>
            </lane>
        </edge>
        <edge id="3to4">
            <lane id="3to4_0">
                <vehicle id="11" pos="63.94" speed="0.00"/>
                <vehicle id="10" pos="73.44" speed="0.00"/>
                <vehicle id="9" pos="82.94" speed="0.00"/>
                <vehicle id="8" pos="92.44" speed="0.00"/>
            </lane>
        </edge>
        <edge id="5to6">
            <lane id="5to6_0">
                <vehicle id="7" pos="16.06" speed="10.00"/>
                <vehicle id="6" pos="32.06" speed="10.00"/>
                <vehicle id="5" pos="48.06" speed="10.00"/>
                <vehicle id="4" pos="64.06" speed="10.00"/>
                <vehicle id="3" pos="80.06" speed="10.00"/>
            </lane>
        </edge>
        <edge id="6to7">
            <lane id="6to7_0">
                <vehicle id="1" pos="15.88" speed="10.00"/>
                <vehicle id="0" pos="31.88" speed="10.00"/>
            </lane>
        </edge>
    </timestep>
    <timestep time="59.60">
        <edge id="3to4">
            <lane id="3to4_0">
                <vehicle id="11" pos="63.94" speed="0.00"/>
                <vehicle id="10" pos="73.44" speed="0.00"/>
                <vehicle id="9" pos="82.94" speed="0.00"/>
                <vehicle id="8" pos="92.44" speed="0.00"/>
            </lane>
        </edge>
        <edge id="5to6">
            <lane id="5to6_0">
                <vehicle id="7" pos="17.06" speed="10.00"/>
                <vehicle id="6" pos="33.06" speed="10.00"/>
                <vehicle id="5" pos="49.06" speed="10.00"/>
                <vehicle id="4" pos="65.06" speed="10.00"/>
                <vehicle id="3" pos="81.06" speed="10.00"/>
            </lane>
        </edge>
        <edge id="6to7">
            <lane id="6to7_0">
                <vehicle id="2" pos="0.88" speed="10.00"/>
                <vehicle id="1" pos="16.88" speed="10.00"/>
                <vehicle id="0" pos="32.88" speed="10.00"/>
            </lane>
        </edge>
    </timestep>
    <timestep time="59.70">
        <edge id="3to4">
            <lane id="3to4_0">
                <vehicle id="11" pos="63.94" speed="0.00"/>
                <vehicle id="10" pos="73.44" speed="0.00"/>
                <vehicle id="9" pos="82.94" speed="0.00"/>
                <vehicle id="8" pos="92.44" speed="0.00"/>
            </lane>
        </edge>
        <edge id="5to6">
            <lane id="5to6_0">
                <vehicle id="7" pos="18.06" speed="10.00"/>
                <vehicle id="6" pos="34.06" speed="10.00"/>
                <vehicle id="5" pos="50.06" speed="10.00"/>
                <vehicle id="4" pos="66.06" speed="10.00"/>
                <vehicle id="3" pos="82.06" speed="10.00"/>
            </lane>
        </edge>
        <edge id="6to7">
            <lane id="6to7_0">
                <vehicle id="2" pos="1.88" speed="10.00"/>
                <vehicle id="1" pos="17.88" speed="10.00"/>
                <vehicle id="0" pos="33.88" speed="10.00"/>
            </lane>
        </edge>
    </timestep>
    <timestep time="59.80">
        <edge id="3to4">
            <lane id="3to4_0">
                <vehicle id="11" pos="63.94" speed="0.00"/>
                <vehicle id="10" pos="73.44" speed="0.00"/>
                <vehicle id="9" pos="82.94" speed="0.00"/>
                <vehicle id="8" pos="92.44" speed="0.00"/>
            </lane>
        </edge>
        <edge id="5to6">
            <lane id="5to6_0">
                <vehicle id="7" pos="19.06" speed="10.00"/>
                <vehicle id="6" pos="35.06" speed="10.00"/>
                <vehicle id="5" pos="51.06" speed="10.00"/>
                <vehicle id="4" pos="67.06" speed="10.00"/>
                <vehicle id="3" pos="83.06" speed="10.00"/>
            </lane>
        </edge>
        <edge id="6to7">
            <lane id="6to7_0">
                <vehicle id="2" pos="2.88" speed="10.00"/>
                <vehicle id="1" pos="18.88" speed="10.00"/>
                <vehicle id="0" pos="34.88" speed="10.00"/>
            </lane>
        </edge>
    </timestep>
    <timestep time="59.90">
        <edge id="3to4">
            <lane id="3to4_0">
                <vehicle id="11" pos="63.94" speed="0.00"/>
                <vehicle id="10" pos="73.44" speed="0.00"/>
                <vehicle id="9" pos="82.94" speed="0.00"/>
                <vehicle id="8" pos="92.44" speed="0.00"/>
            </lane>
        </edge>
        <edge id="5to6">
            <lane id="5to6_0">
                <vehicle id="7" pos="20.06" speed="10.00"/>
                <vehicle id="6" pos="36.06" speed="10.00"/>
                <vehicle id="5" pos="52.06" speed="10.00"/>
                <vehicle id="4" pos="68.06" speed="10.00"/>
                <vehicle id="3" pos="84.06" speed="10.00"/>
            </lane>
        </edge>
        <edge id="6to7">
            <lane id="6to7_0">
                <vehicle id="2" pos="3.88" speed="10.00"/>
                <vehicle id="1" pos="19.88" speed="10.00"/>
                <vehicle id="0" pos="35.88" speed="10.00"/>
            </lane>
        </edge>
    </timestep>
    <timestep time="60.00">
        <edge id="3to4">
            <lane id="3to4_0">
                <vehicle id="11" pos="63.94" speed="0.00"/>
                <vehicle id="10" pos="73.44" speed="0.00"/>
                <vehicle id="9" pos="82.94" speed="0.00"/>
                <vehicle id="8" pos="92.44" speed="0.00"/>
            </lane>
        </edge>
        <edge id="5to6">
            <lane id="5to6_0">
                <vehicle id="7" pos="21.06" speed="10.00"/>
                <vehicle id="6" pos="37.06" speed="10.00"/>
                <vehicle id="5" pos="53.06" speed="10.00"/>
                <vehicle id="4" pos="69.06" speed="10.00"/>
                <vehicle id="3" pos="85.06" speed="10.00"/>
            </lane>
        </edge>
        <edge id="6to7">
            <lane id="6to7_0">
                <vehicle id="2" pos="4.88" speed="10.00"/>
                <vehicle id="1" pos="20.88" speed="10.00"/>
                <vehicle id="0" pos="36.88" speed="10.00"/>
            </lane>
        </edge>
    </timestep>
    <timestep time="60.10">
        <edge id="3to4">
            <lane id="3to4_0">
                <vehicle id="11" pos="63.94" speed="0.00"/>
                <vehicle id="10" pos="73.44" speed="0.00"/>
                <vehicle id="9" pos="82.94" speed="0.00"/>
                <vehicle id="8" pos="93.44" speed="10.00"/>
            </lane>
        </edge>
        <edge id="5to6">
            <lane id="5to6_0">
                <vehicle id="7" pos="22.06" speed="10.00"/>
                <vehicle id="6" pos="38.06" speed="10.00"/>
                <vehicle id="5" pos="54.06" speed="10.00"/>
                <vehicle id="4" pos="70.06" speed="10.00"/>
                <vehicle id="3" pos="86.06" speed="10.00"/>
            </lane>
        </edge>
        <edge id="6to7">
            <lane id="6to7_0">
                <vehicle id="2" pos="5.88" speed="10.00"/>
                <vehicle id="1" pos="21.88" speed="10.00"/>
                <vehicle id="0" pos="37.88" speed="10.00"/>
            </lane>
        </edge>
    </timestep>
    <timestep time="60.20">
        <edge id="3to4">
            <lane id="3to4_0">
                <vehicle id="11" pos="63.94" speed="0.00"/>
                <vehicle id="10" pos="73.44" speed="0.00"/>
                <vehicle id="9" pos="83.94" speed="10.00"/>
                <vehicle id="8" pos="94.44" speed="10.00"/>
            </lane>
        </edge>
        <edge id="5to6">
            <lane id="5to6_0">
                <vehicle id="7" pos="23.06" speed="10.00"/>
                <vehicle id="6" pos="39.06" speed="10.00"/>
                <vehicle id="5" pos="55.06" speed="10.00"/>
                <vehicle id="4" pos="71.06" speed="10.00"/>
                <vehicle id="3" pos="87.06" speed="10.00"/>
            </lane>
        </edge>
        <edge id="6to7">
            <lane id="6to7_0">
                <vehicle id="2" pos="6.88" speed="10.00"/>
                <vehicle id="1" pos="22.88" speed="10.00"/>
                <vehicle id="0" pos="38.88" speed="10.00"/>
            </lane>
        </edge>
    </timestep>
    <timestep time="60.30">
        <edge id="3to4">
            <lane id="3to4_0">
                <vehicle id="11" pos="63.94" speed="0.00"/>
                <vehicle id="10" pos="74.44" speed="10.00"/>
                <vehicle id="9" pos="84.94" speed="10.00"/>
                <vehicle id="8" pos="95.44" speed="10.00"/>
            </lane>
        </edge>
        <edge id="5to6">
            <lane id="5to6_0">
                <vehicle id="7" pos="24.06" speed="10.00"/>
                <vehicle id="6" pos="40.06" speed="10.00"/>
                <vehicle id="5" pos="56.06" speed="10.00"/>
                <vehicle id="4" pos="72.06" speed="10.00"/>
                <vehicle id="3" pos="88.06" speed="10.00"/>
            </lane>
        </edge>
        <edge id="6to7">
            <lane id="6to7_0">
                <vehicle id="2" pos="7.88" speed="10.00"/>
                <vehicle id="1" pos="23.88" speed="10.00"/>
                <vehicle id="0" pos="39.88" speed="10.00"/>
            </lane>
        </edge>
    </timestep>
    <timestep time="60.40">
        <edge id=":4_2">
            <lane id=":4_2_0">
                <vehicle id="8" pos="0.44" speed="10.00"/>
            </lane>
        </edge>
        <edge id="3to4">
            <lane id="3to4_0">
                <vehicle id="11" pos="64.94" speed="10.00"/>
                <vehicle id="10" pos="75.44" speed="10.00"/>
                <vehicle id="9" pos="85.94" speed="10.00"/>
            </lane>
        </edge>
        <edge id="5to6">
            <lane id="5to6_0">
                <vehicle id="7" pos="25.06" speed="10.00"/>
                <vehicle id="6" pos="41.06" speed="10.00"/>
                <vehicle id="5" pos="57.06" speed="10.00"/>
                <vehicle id="4" pos="73.06" speed="10.00"/>
                <vehicle id="3" pos="89.06" speed="10.00"/>
            </lane>
        </edge>
        <edge id="6to7">
            <lane id="6to7_0">
                <vehicle id="2" pos="8.88" speed="10.00"/>
                <vehicle id="1" pos="24.88" speed="10.00"/>
                <vehicle id="0" pos="40.88" speed="10.00"/>
            </lane>
        </edge>
    </timestep>
    <timestep time="60.50">
        <edge id=":4_2">
            <lane id=":4_2_0">
                <vehicle id="8" pos="1.44" speed="10.00"/>
            </lane>
        </edge>
        <edge id="3to4">
            <lane id="3to4_0">
                <vehicle id="11" pos="65.94" speed="10.00"/>
                <vehicle id="10" pos="76.44" speed="10.00"/>
                <vehicle id="9" pos="86.94" speed="10.00"/>
            </lane>
        </edge>
        <edge id="5to6">
            <lane id="5to6_0">
                <vehicle id="7" pos="26.06" speed="10.00"/>
                <vehicle id="6" pos="42.06" speed="10.00"/>
                <vehicle id="5" pos="58.06" speed="10.00"/>
                <vehicle id="4" pos="74.06" speed="10.00"/>
                <vehicle id="3" pos="90.06" speed="10.00"/>
            </lane>
        </edge>
        <edge id="6to7">
            <lane id="6to7_0">
                <vehicle id="2" pos="9.88" speed="10.00"/>
                <vehicle id="1" pos="25.88" speed="10.00"/>
                <vehicle id="0" pos="41.88" speed="10.00"/>
            </lane>
        </edge>
    </timestep>
    <timestep time="60.60">
        <edge id=":4_2">
            <lane id=":4_2_0">
                <vehicle id="8" pos="2.44" speed="10.00"/>
            </lane>
        </edge>
        <edge id="3to4">
            <lane id="3to4_0">
                <vehicle id="11" pos="66.94" speed="10.00"/>
                <vehicle id="10" pos="77.44" speed="10.00"/>
                <vehicle id="9" pos="87.44" speed="5.00"/>
            </lane>
        </edge>
        <edge id="5to6">
            <lane id="5to6_0">
                <vehicle id="7" pos="27.06" speed="10.00"/>
                <vehicle id="6" pos="43.06" speed="10.00"/>
                <vehicle id="5" pos="59.06" speed="10.00"/>
                <vehicle id="4" pos="75.06" speed="10.00"/>
                <vehicle id="3" pos="91.06" speed="10.00"/>
            </lane>
        </edge>
        <edge id="6to7">
            <lane id="6to7_0">
                <vehicle id="2" pos="10.88" speed="10.00"/>
                <vehicle id="1" pos="26.88" speed="10.00"/>
                <vehicle id="0" pos="42.88" speed="10.00"/>
            </lane>
        </edge>
    </timestep>
    <timestep time="60.70">
        <edge id=":4_2">
            <lane id=":4_2_0">
                <vehicle id="8" pos="3.44" speed="10.00"/>
            </lane>
        </edge>
        <edge id="3to4">
            <lane id="3to4_0">
                <vehicle id="11" pos="67.94" speed="10.00"/>
                <vehicle id="10" pos="77.94" speed="5.00"/>
                <vehicle id="9" pos="87.94" speed="5.00"/>
            </lane>
        </edge>
        <edge id="5to6">
            <lane id="5to6_0">
                <vehicle id="7" pos="28.06" speed="10.00"/>
                <vehicle id="6" pos="44.06" speed="10.00"/>
                <vehicle id="5" pos="60.06" speed="10.00"/>
                <vehicle id="4" pos="76.06" speed="10.00"/>
                <vehicle id="3" pos="92.06" speed="10.00"/>
            </lane>
        </edge>
        <edge id="6to7">
            <lane id="6to7_0">
                <vehicle id="2" pos="11.88" speed="10.00"/>
                <vehicle id="1" pos="27.88" speed="10.00"/>
                <vehicle id="0" pos="43.88" speed="10.00"/>
            </lane>
        </edge>
    </timestep>
    <timestep time="60.80">
        <edge id=":4_2">
            <lane id=":4_2_0">
                <vehicle id="8" pos="4.44" speed="10.00"/>
            </lane>
        </edge>
        <edge id="3to4">
            <lane id="3to4_0">
                <vehicle id="11" pos="68.44" speed="5.00"/>
                <vehicle id="10" pos="78.44" speed="5.00"/>
                <vehicle id="9" pos="88.44" speed="5.00"/>
            </lane>
        </edge>
        <edge id="5to6">
            <lane id="5to6_0">
                <vehicle id="7" pos="29.06" speed="10.00"/>
                <vehicle id="6" pos="45.06" speed="10.00"/>
                <vehicle id="5" pos="61.06" speed="10.00"/>
                <vehicle id="4" pos="77.06" speed="10.00"/>
                <vehicle id="3" pos="93.06" speed="10.00"/>
            </lane>
        </edge>
        <edge id="6to7">
            <lane id="6to7_0">
                <vehicle id="2" pos="12.88" speed="10.00"/>
                <vehicle id="1" pos="28.88" speed="10.00"/>
                <vehicle id="0" pos="44.88" speed="10.00"/>
            </lane>
        </edge>
    </timestep>
    <timestep time="60.90">
        <edge id=":4_2">
            <lane id=":4_2_0">
                <vehicle id="8" pos="5.44" speed="10.00"/>
            </lane>
        </edge>
        <edge id=":6_0">
            <lane id=":6_0_0">
                <vehicle id="3" pos="0.46" speed="10.00"/>
            </lane>
        </edge>
        <edge id="3to4">
            <lane id="3to4_0">
                <vehicle id="11" pos="68.94" speed="5.00"/>
                <vehicle id="10" pos="78.94" speed="5.00"/>
                <vehicle id="9" pos="88.94" speed="5.00"/>
            </lane>
        </edge>
        <edge id="5to6">
            <lane id="5to6_0">
                <vehicle id="7" pos="30.06" speed="10.00"/>
                <vehicle id="6" pos="46.06" speed="10.00"/>
                <vehicle id="5" pos="62.06" speed="10.00"/>
                <vehicle id="4" pos="78.06" speed="10.00"/>
            </lane>
        </edge>
        <edge id="6to7">
            <lane id="6to7_0">
                <vehicle id="2" pos="13.88" speed="10.00"/>
                <vehicle id="1" pos="29.88" speed="10.00"/>
                <vehicle id="0" pos="45.88" speed="10.00"/>
            </lane>
        </edge>
    </timestep>
    <timestep time="61.00">
        <edge id=":4_2">
            <lane id=":4_2_0">
                <vehicle id="8" pos="6.44" speed="10.00"/>
            </lane>
        </edge>
        <edge id=":6_0">
            <lane id=":6_0_0">
                <vehicle id="3" pos="1.46" speed="10.00"/>
            </lane>
        </edge>
        <edge id="3to4">
            <lane id="3to4_0">
                <vehicle id="11" pos="69.44" speed="5.00"/>
                <vehicle id="10" pos="79.44" speed="5.00"/>
                <vehicle id="9" pos="89.44" speed="5.00"/>
            </lane>
        </edge>
        <edge id="5to6">
            <lane id="5to6_0">
                <vehicle id="7" pos="31.06" speed="10.00"/>
                <vehicle id="6" pos="47.06" speed="10.00"/>
                <vehicle id="5" pos="63.06" speed="10.00"/>
                <vehicle id="4" pos="79.06" speed="10.00"/>
            </lane>
        </edge>
        <edge id="6to7">
            <lane id="6to7_0">
                <vehicle id="2" pos="14.88" speed="10.00"/>
                <vehicle id="1" pos="30.88" speed="10.00"/>
                <vehicle id="0" pos="46.88" speed="10.00"/>
            </lane>
        </edge>
    </timestep>
    <timestep time="61.10">
        <edge id=":4_2">
            <lane id=":4_2_0">
                <vehicle id="8" pos="7.44" speed="10.00"/>
            </lane>
        </edge>
        <edge id=":6_0">
            <lane id=":6_0_0">
                <vehicle id="3" pos="2.46" speed="10.00"/>
            </lane>
        </edge>
        <edge id="3to4">
            <lane id="3to4_0">
                <vehicle id="11" pos="69.94" speed="5.00"/>
                <vehicle id="10" pos="79.94" speed="5.00"/>
                <vehicle id="9" pos="89.94" speed="5.00"/>
            </lane>
        </edge>
        <edge id="5to6">
            <lane id="5to6_0">
                <vehicle id="7" pos="32.06" speed="10.00"/>
                <vehicle id="6" pos="48.06" speed="10.00"/>
                <vehicle id="5" pos="64.06" speed="10.00"/>
                <vehicle id="4" pos="80.06" speed="10.00"/>
            </lane>
        </edge>
        <edge id="6to7">
            <lane id="6to7_0">
                <vehicle id="2" pos="15.88" speed="10.00"/>
                <vehicle id="1" pos="31.88" speed="10.00"/>
                <vehicle id="0" pos="47.88" speed="10.00"/>
            </lane>
        </edge>
    </timestep>
    <timestep time="61.20">
        <edge id=":4_2">
            <lane id=":4_2_0">
                <vehicle id="8" pos="8.44" speed="10.00"/>
            </lane>
        </edge>
        <edge id="3to4">
            <lane id="3to4_0">
                <vehicle id="11" pos="70.44" speed="5.00"/>
                <vehicle id="10" pos="80.44" speed="5.00"/>
                <vehicle id="9" pos="90.44" speed="5.00"/>
            </lane>
        </edge>
        <edge id="5to6">
            <lane id="5to6_0">
                <vehicle id="7" pos="33.06" speed="10.00"/>
                <vehicle id="6" pos="49.06" speed="10.00"/>
                <vehicle id="5" pos="65.06" speed="10.00"/>
                <vehicle id="4" pos="81.06" speed="10.00"/>
            </lane>
        </edge>
        <edge id="6to7">
            <lane id="6to7_0">
                <vehicle id="3" pos="0.88" speed="10.00"/>
                <vehicle id="2" pos="16.88" speed="10.00"/>
                <vehicle id="1" pos="32.88" speed="10.00"/>
                <vehicle id="0" pos="48.88" speed="10.00"/>
            </lane>
        </edge>
    </timestep>
    <timestep time="61.30">
        <edge id=":4_2">
            <lane id=":4_2_0">
                <vehicle id="8" pos="9.44" speed="10.00"/>
            </lane>
        </edge>
        <edge id="3to4">
            <lane id="3to4_0">
                <vehicle id="11" pos="70.94" speed="5.00"/>
                <vehicle id="10" pos="80.94" speed="5.00"/>
                <vehicle id="9" pos="90.94" speed="5.00"/>
            </lane>
        </edge>
        <edge id="5to6">
            <lane id="5to6_0">
                <vehicle id="7" pos="34.06" speed="10.00"/>
                <vehicle id="6" pos="50.06" speed="10.00"/>
                <vehicle id="5" pos="66.06" speed="10.00"/>
                <vehicle id="4" pos="82.06" speed="10.00"/>
            </lane>
        </edge>
        <edge id="6to7">
            <lane id="6to7_0">
                <vehicle id="3" pos="1.88" speed="10.00"/>
                <vehicle id="2" pos="17.88" speed="10.00"/>
                <vehicle id="1" pos="33.88" speed="10.00"/>
                <vehicle id="0" pos="49.88" speed="10.00"/>
            </lane>
        </edge>
    </timestep>
    <timestep time="61.40">
        <edge id=":4_2">
            <lane id=":4_2_0">
                <vehicle id="8" pos="10.44" speed="10.00"/>
            </lane>
        </edge>
        <edge id="3to4">
            <lane id="3to4_0">
                <vehicle id="11" pos="71.44" speed="5.00"/>
                <vehicle id="10" pos="81.44" speed="5.00"/>
                <vehicle id="9" pos="91.44" speed="5.00"/>
            </lane>
        </edge>
        <edge id="5to6">
            <lane id="5to6_0">
                <vehicle id="7" pos="35.06" speed="10.00"/>
                <vehicle id="6" pos="51.06" speed="10.00"/>
                <vehicle id="5" pos="67.06" speed="10.00"/>
                <vehicle id="4" pos="83.06" speed="10.00"/>
            </lane>
        </edge>
        <edge id="6to7">
            <lane id="6to7_0">
                <vehicle id="3" pos="2.88" speed="10.00"/>
                <vehicle id="2" pos="18.88" speed="10.00"/>
                <vehicle id="1" pos="34.88" speed="10.00"/>
                <vehicle id="0" pos="50.88" speed="10.00"/>
            </lane>
        </edge>
    </timestep>
    <timestep time="61.50">
        <edge id="3to4">
            <lane id="3to4_0">
                <vehicle id="11" pos="71.94" speed="5.00"/>
                <vehicle id="10" pos="81.94" speed="5.00"/>
                <vehicle id="9" pos="91.94" speed="5.00"/>
            </lane>
        </edge>
        <edge id="4to5">
            <lane id="4to5_0">
                <vehicle id="8" pos="0.24" speed="10.00"/>
            </lane>
        </edge>
        <edge id="5to6">
            <lane id="5to6_0">
                <vehicle id="7" pos="36.06" speed="10.00"/>
                <vehicle id="6" pos="52.06" speed="10.00"/>
                <vehicle id="5" pos="68.06" speed="10.00"/>
                <vehicle id="4" pos="84.06" speed="10.00"/>
            </lane>
        </edge>
        <edge id="6to7">
            <lane id="6to7_0">
                <vehicle id="3" pos="3.88" speed="10.00"/>
                <vehicle id="2" pos="19.88" speed="10.00"/>
                <vehicle id="1" pos="35.88" speed="10.00"/>
                <vehicle id="0" pos="51.88" speed="10.00"/>
            </lane>
        </edge>
    </timestep>
    <timestep time="61.60">
        <edge id="3to4">
            <lane id="3to4_0">
                <vehicle id="11" pos="72.44" speed="5.00"/>
                <vehicle id="10" pos="82.44" speed="5.00"/>
                <vehicle id="9" pos="92.44" speed="5.00"/>
            </lane>
        </edge>
        <edge id="4to5">
            <lane id="4to5_0">
                <vehicle id="8" pos="1.24" speed="10.00"/>
            </lane>
        </edge>
        <edge id="5to6">
            <lane id="5to6_0">
                <vehicle id="7" pos="37.06" speed="10.00"/>
                <vehicle id="6" pos="53.06" speed="10.00"/>
                <vehicle id="5" pos="69.06" speed="10.00"/>
                <vehicle id="4" pos="85.06" speed="10.00"/>
            </lane>
        </edge>
        <edge id="6to7">
            <lane id="6to7_0">
                <vehicle id="3" pos="4.88" speed="10.00"/>
                <vehicle id="2" pos="20.88" speed="10.00"/>
                <vehicle id="1" pos="36.88" speed="10.00"/>
                <vehicle id="0" pos="52.88" speed="10.00"/>
            </lane>
        </edge>
    </timestep>
    <timestep time="61.70">
        <edge id="3to4">
            <lane id="3to4_0">
                <vehicle id="11" pos="72.94" speed="5.00"/>
                <vehicle id="10" pos="82.94" speed="5.00"/>
                <vehicle id="9" pos="93.44" speed="10.00"/>
            </lane>
        </edge>
        <edge id="4to5">
            <lane id="4to5_0">
                <vehicle id="8" pos="2.24" speed="10.00"/>
            </lane>
        </edge>
        <edge id="5to6">
            <lane id="5to6_0">
                <vehicle id="7" pos="38.06" speed="10.00"/>
                <vehicle id="6" pos="54.06" speed="10.00"/>
                <vehicle id="5" pos="70.06" speed="10.00"/>
                <vehicle id="4" pos="86.06" speed="10.00"/>
            </lane>
        </edge>
        <edge id="6to7">
            <lane id="6to7_0">
                <vehicle id="3" pos="5.88" speed="10.00"/>
                <vehicle id="2" pos="21.88" speed="10.00"/>
                <vehicle id="1" pos="37.88" speed="10.00"/>
                <vehicle id="0" pos="53.88" speed="10.00"/>
            </lane>
        </edge>
    </timestep>
    <timestep time="61.80">
        <edge id="3to4">
            <lane id="3to4_0">
                <vehicle id="11" pos="73.44" speed="5.00"/>
                <vehicle id="10" pos="83.94" speed="10.00"/>
                <vehicle id="9" pos="94.44" speed="10.00"/>
            </lane>
        </edge>
        <edge id="4to5">
            <lane id="4to5_0">
                <vehicle id="8" pos="3.24" speed="10.00"/>
            </lane>
        </edge>
        <edge id="5to6">
            <lane id="5to6_0">
                <vehicle id="7" pos="39.06" speed="10.00"/>
                <vehicle id="6" pos="55.06" speed="10.00"/>
                <vehicle id="5" pos="71.06" speed="10.00"/>
                <vehicle id="4" pos="87.06" speed="10.00"/>
            </lane>
        </edge>
        <edge id="6to7">
            <lane id="6to7_0">
                <vehicle id="3" pos="6.88" speed="10.00"/>
                <vehicle id="2" pos="22.88" speed="10.00"/>
                <vehicle id="1" pos="38.88" speed="10.00"/>
                <vehicle id="0" pos="54.88" speed="10.00"/>
            </lane>
        </edge>
    </timestep>
    <timestep time="61.90">
        <edge id="3to4">
            <lane id="3to4_0">
                <vehicle id="11" pos="74.44" speed="10.00"/>
                <vehicle id="10" pos="84.94" speed="10.00"/>
                <vehicle id="9" pos="95.44" speed="10.00"/>
            </lane>
        </edge>
        <edge id="4to5">
            <lane id="4to5_0">
                <vehicle id="8" pos="4.24" speed="10.00"/>
            </lane>
        </edge>
        <edge id="5to6">
            <lane id="5to6_0">
                <vehicle id="7" pos="40.06" speed="10.00"/>
                <vehicle id="6" pos="56.06" speed="10.00"/>
                <vehicle id="5" pos="72.06" speed="10.00"/>
                <vehicle id="4" pos="88.06" speed="10.00"/>
            </lane>
        </edge>
        <edge id="6to7">
            <lane id="6to7_0">
                <vehicle id="3" pos="7.88" speed="10.00"/>
                <vehicle id="2" pos="23.88" speed="10.00"/>
                <vehicle id="1" pos="39.88" speed="10.00"/>
                <vehicle id="0" pos="55.88" speed="10.00"/>
            </lane>
        </edge>
    </timestep>
    <timestep time="62.00">
        <edge id=":4_2">
            <lane id=":4_2_0">
                <vehicle id="9" pos="0.44" speed="10.00"/>
            </lane>
        </edge>
        <edge id="3to4">
            <lane id="3to4_0">
                <vehicle id="11" pos="75.44" speed="10.00"/>
                <vehicle id="10" pos="85.94" speed="10.00"/>
            </lane>
        </edge>
        <edge id="4to5">
            <lane id="4to5_0">
                <vehicle id="8" pos="5.24" speed="10.00"/>
            </lane>
        </edge>
        <edge id="5to6">
            <lane id="5to6_0">
                <vehicle id="7" pos="41.06" speed="10.00"/>
                <vehicle id="6" pos="57.06" speed="10.00"/>
                <vehicle id="5" pos="73.06" speed="10.00"/>
                <vehicle id="4" pos="89.06" speed="10.00"/>
            </lane>
        </edge>
        <edge id="6to7">
            <lane id="6to7_0">
                <vehicle id="3" pos="8.88" speed="10.00"/>
                <vehicle id="2" pos="24.88" speed="10.00"/>
                <vehicle id="1" pos="40.88" speed="10.00"/>
                <vehicle id="0" pos="56.88" speed="10.00"/>
            </lane>
        </edge>
    </timestep>
    <timestep time="62.10">
        <edge id=":4_2">
            <lane id=":4_2_0">
                <vehicle id="9" pos="1.44" speed="10.00"/>
            </lane>
        </edge>
        <edge id="3to4">
            <lane id="3to4_0">
                <vehicle id="11" pos="76.44" speed="10.00"/>
                <vehicle id="10" pos="86.94" speed="10.00"/>
            </lane>
        </edge>
        <edge id="4to5">
            <lane id="4to5_0">
                <vehicle id="8" pos="6.24" speed="10.00"/>
            </lane>
        </edge>
        <edge id="5to6">
            <lane id="5to6_0">
                <vehicle id="7" pos="42.06" speed="10.00"/>
                <vehicle id="6" pos="58.06" speed="10.00"/>
                <vehicle id="5" pos="74.06" speed="10.00"/>
                <vehicle id="4" pos="90.06" speed="10.00"/>
            </lane>
        </edge>
        <edge id="6to7">
            <lane id="6to7_0">
                <vehicle id="3" pos="9.88" speed="10.00"/>
                <vehicle id="2" pos="25.88" speed="10.00"/>
                <vehicle id="1" pos="41.88" speed="10.00"/>
                <vehicle id="0" pos="57.88" speed="10.00"/>
            </lane>
        </edge>
    </timestep>
    <timestep time="62.20">
        <edge id=":4_2">
            <lane id=":4_2_0">
                <vehicle id="9" pos="2.44" speed="10.00"/>
            </lane>
        </edge>
        <edge id="3to4">
            <lane id="3to4_0">
                <vehicle id="11" pos="77.44" speed="10.00"/>
                <vehicle id="10" pos="87.44" speed="5.00"/>
            </lane>
        </edge>
        <edge id="4to5">
            <lane id="4to5_0">
                <vehicle id="8" pos="7.24" speed="10.00"/>
            </lane>
        </edge>
        <edge id="5to6">
            <lane id="5to6_0">
                <vehicle id="7" pos="43.06" speed="10.00"/>
                <vehicle id="6" pos="59.06" speed="10.00"/>
                <vehicle id="5" pos="75.06" speed="10.00"/>
                <vehicle id="4" pos="91.06" speed="10.00"/>
            </lane>
        </edge>
        <edge id="6to7">
            <lane id="6to7_0">
                <vehicle id="3" pos="10.88" speed="10.00"/>
                <vehicle id="2" pos="26.88" speed="10.00"/>
                <vehicle id="1" pos="42.88" speed="10.00"/>
                <vehicle id="0" pos="58.88" speed="10.00"/>
            </lane>
        </edge>
    </timestep>
    <timestep time="62.30">
        <edge id=":4_2">
            <lane id=":4_2_0">
                <vehicle id="9" pos="3.44" speed="10.00"/>
            </lane>
        </edge>
        <edge id="3to4">
            <lane id="3to4_0">
                <vehicle id="11" pos="77.94" speed="5.00"/>
                <vehicle id="10" pos="87.94" speed="5.00"/>
            </lane>
        </edge>
        <edge id="4to5">
            <lane id="4to5_0">
                <vehicle id="8" pos="8.24" speed="10.00"/>
            </lane>
        </edge>
        <edge id="5to6">
            <lane id="5to6_0">
                <vehicle id="7" pos="44.06" speed="10.00"/>
                <vehicle id="6" pos="60.06" speed="10.00"/>
                <vehicle id="5" pos="76.06" speed="10.00"/>
                <vehicle id="4" pos="92.06" speed="10.00"/>
            </lane>
        </edge>
        <edge id="6to7">
            <lane id="6to7_0">
                <vehicle id="3" pos="11.88" speed="10.00"/>
                <vehicle id="2" pos="27.88" speed="10.00"/>
                <vehicle id="1" pos="43.88" speed="10.00"/>
                <vehicle id="0" pos="59.88" speed="10.00"/>
            </lane>
        </edge>
    </timestep>
    <timestep time="62.40">
        <edge id=":4_2">
            <lane id=":4_2_0">
                <vehicle id="9" pos="4.44" speed="10.00"/>
            </lane>
        </edge>
        <edge id="3to4">
            <lane id="3to4_0">
                <vehicle id="11" pos="78.44" speed="5.00"/>
                <vehicle id="10" pos="88.44" speed="5.00"/>
            </lane>
        </edge>
        <edge id="4to5">
            <lane id="4to5_0">
                <vehicle id="8" pos="9.24" speed="10.00"/>
            </lane>
        </edge>
        <edge id="5to6">
            <lane id="5to6_0">
                <vehicle id="7" pos="45.06" speed="10.00"/>
                <vehicle id="6" pos="61.06" speed="10.00"/>
                <vehicle id="5" pos="77.06" speed="10.00"/>
                <vehicle id="4" pos="93.06" speed="10.00"/>
            </lane>
        </edge>
        <edge id="6to7">
            <lane id="6to7_0">
                <vehicle id="3" pos="12.88" speed="10.00"/>
                <vehicle id="2" pos="28.88" speed="10.00"/>
                <vehicle id="1" pos="44.88" speed="10.00"/>
                <vehicle id="0" pos="60.88" speed="10.00"/>
            </lane>
        </edge>
    </timestep>
    <timestep time="62.50">
        <edge id=":4_2">
            <lane id=":4_2_0">
                <vehicle id="9" pos="5.44" speed="10.00"/>
            </lane>
        </edge>
        <edge id=":6_0">
            <lane id=":6_0_0">
                <vehicle id="4" pos="0.46" speed="10.00"/>
            </lane>
        </edge>
        <edge id="3to4">
            <lane id="3to4_0">
                <vehicle id="11" pos="78.94" speed="5.00"/>
                <vehicle id="10" pos="88.94" speed="5.00"/>
            </lane>
        </edge>
        <edge id="4to5">
            <lane id="4to5_0">
                <vehicle id="8" pos="10.24" speed="10.00"/>
            </lane>
        </edge>
        <edge id="5to6">
            <lane id="5to6_0">
                <vehicle id="7" pos="46.06" speed="10.00"/>
                <vehicle id="6" pos="62.06" speed="10.00"/>
                <vehicle id="5" pos="78.06" speed="10.00"/>
            </lane>
        </edge>
        <edge id="6to7">
            <lane id="6to7_0">
                <vehicle id="3" pos="13.88" speed="10.00"/>
                <vehicle id="2" pos="29.88" speed="10.00"/>
                <vehicle id="1" pos="45.88" speed="10.00"/>
                <vehicle id="0" pos="61.88" speed="10.00"/>
            </lane>
        </edge>
    </timestep>
    <timestep time="62.60">
        <edge id=":4_2">
            <lane id=":4_2_0">
                <vehicle id="9" pos="6.44" speed="10.00"/>
            </lane>
        </edge>
        <edge id=":6_0">
            <lane id=":6_0_0">
                <vehicle id="4" pos="1.46" speed="10.00"/>
            </lane>
        </edge>
        <edge id="3to4">
            <lane id="3to4_0">
                <vehicle id="11" pos="79.44" speed="5.00"/>
                <vehicle id="10" pos="89.44" speed="5.00"/>
            </lane>
        </edge>
        <edge id="4to5">
            <lane id="4to5_0">
                <vehicle id="8" pos="11.24" speed="10.00"/>
            </lane>
        </edge>
        <edge id="5to6">
            <lane id="5to6_0">
                <vehicle id="7" pos="47.06" speed="10.00"/>
                <vehicle id="6" pos="63.06" speed="10.00"/>
                <vehicle id="5" pos="79.06" speed="10.00"/>
            </lane>
        </edge>
        <edge id="6to7">
            <lane id="6to7_0">
                <vehicle id="3" pos="14.88" speed="10.00"/>
                <vehicle id="2" pos="30.88" speed="10.00"/>
                <vehicle id="1" pos="46.88" speed="10.00"/>
                <vehicle id="0" pos="62.88" speed="10.00"/>
            </lane>
        </edge>
    </timestep>
    <timestep time="62.70">
        <edge id=":4_2">
            <lane id=":4_2_0">
                <vehicle id="9" pos="7.44" speed="10.00"/>
            </lane>
        </edge>
        <edge id=":6_0">
            <lane id=":6_0_0">
                <vehicle id="4" pos="2.46" speed="10.00"/>
            </lane>
        </edge>
        <edge id="3to4">
            <lane id="3to4_0">
                <vehicle id="11" pos="79.94" speed="5.00"/>
                <vehicle id="10" pos="89.94" speed="5.00"/>
            </lane>
        </edge>
        <edge id="4to5">
            <lane id="4to5_0">
                <vehicle id="8" pos="12.24" speed="10.00"/>
            </lane>
        </edge>
        <edge id="5to6">
            <lane id="5to6_0">
                <vehicle id="7" pos="48.06" speed="10.00"/>
                <vehicle id="6" pos="64.06" speed="10.00"/>
                <vehicle id="5" pos="80.06" speed="10.00"/>
            </lane>
        </edge>
        <edge id="6to7">
            <lane id="6to7_0">
                <vehicle id="3" pos="15.88" speed="10.00"/>
                <vehicle id="2" pos="31.88" speed="10.00"/>
                <vehicle id="1" pos="47.88" speed="10.00"/>
                <vehicle id="0" pos="63.88" speed="10.00"/>
            </lane>
        </edge>
    </timestep>
    <timestep time="62.80">
        <edge id=":4_2">
            <lane id=":4_2_0">
                <vehicle id="9" pos="8.44" speed="10.00"/>
            </lane>
        </edge>
        <edge id="3to4">
            <lane id="3to4_0">
                <vehicle id="11" pos="80.44" speed="5.00"/>
                <vehicle id="10" pos="90.44" speed="5.00"/>
            </lane>
        </edge>
        <edge id="4to5">
            <lane id="4to5_0">
                <vehicle id="8" pos="13.24" speed="10.00"/>
            </lane>
        </edge>
        <edge id="5to6">
            <lane id="5to6_0">
                <vehicle id="7" pos="49.06" speed="10.00"/>
                <vehicle id="6" pos="65.06" speed="10.00"/>
                <vehicle id="5" pos="81.06" speed="10.00"/>
            </lane>
        </edge>
        <edge id="6to7">
            <lane id="6to7_0">
                <vehicle id="4" pos="0.88" speed="10.00"/>
                <vehicle id="3" pos="16.88" speed="10.00"/>
                <vehicle id="2" pos="32.88" speed="10.00"/>
                <vehicle id="1" pos="48.88" speed="10.00"/>
                <vehicle id="0" pos="64.88" speed="10.00"/>
            </lane>
        </edge>
    </timestep>
    <timestep time="62.90">
        <edge id=":4_2">
            <lane id=":4_2_0">
                <vehicle id="9" pos="9.44" speed="10.00"/>
            </lane>
        </edge>
        <edge id="3to4">
            <lane id="3to4_0">
                <vehicle id="11" pos="80.94" speed="5.00"/>
                <vehicle id="10" pos="90.94" speed="5.00"/>
            </lane>
        </edge>
        <edge id="4to5">
            <lane id="4to5_0">
                <vehicle id="8" pos="14.24" speed="10.00"/>
            </lane>
        </edge>
        <edge id="5to6">
            <lane id="5to6_0">
                <vehicle id="7" pos="50.06" speed="10.00"/>
                <vehicle id="6" pos="66.06" speed="10.00"/>
                <vehicle id="5" pos="82.06" speed="10.00"/>
            </lane>
        </edge>
        <edge id="6to7">
            <lane id="6to7_0">
                <vehicle id="4" pos="1.88" speed="10.00"/>
                <vehicle id="3" pos="17.88" speed="10.00"/>
                <vehicle id="2" pos="33.88" speed="10.00"/>
                <vehicle id="1" pos="49.88" speed="10.00"/>
                <vehicle id="0" pos="65.88" speed="10.00"/>
            </lane>
        </edge>
    </timestep>
    <timestep time="63.00">
        <edge id=":4_2">
            <lane id=":4_2_0">
                <vehicle id="9" pos="10.44" speed="10.00"/>
            </lane>
        </edge>
        <edge id="3to4">
            <lane id="3to4_0">
                <vehicle id="11" pos="81.44" speed="5.00"/>
                <vehicle id="10" pos="91.44" speed="5.00"/>
            </lane>
        </edge>
        <edge id="4to5">
            <lane id="4to5_0">
                <vehicle id="8" pos="15.24" speed="10.00"/>
            </lane>
        </edge>
        <edge id="5to6">
            <lane id="5to6_0">
                <vehicle id="7" pos="51.06" speed="10.00"/>
                <vehicle id="6" pos="67.06" speed="10.00"/>
                <vehicle id="5" pos="83.06" speed="10.00"/>
            </lane>
        </edge>
        <edge id="6to7">
            <lane id="6to7_0">
                <vehicle id="4" pos="2.88" speed="10.00"/>
                <vehicle id="3" pos="18.88" speed="10.00"/>
                <vehicle id="2" pos="34.88" speed="10.00"/>
                <vehicle id="1" pos="50.88" speed="10.00"/>
                <vehicle id="0" pos="66.88" speed="10.00"/>
            </lane>
        </edge>
    </timestep>
    <timestep time="63.10">
        <edge id="3to4">
            <lane id="3to4_0">
                <vehicle id="11" pos="81.94" speed="5.00"/>
                <vehicle id="10" pos="91.94" speed="5.00"/>
            </lane>
        </edge>
        <edge id="4to5">
            <lane id="4to5_0">
                <vehicle id="9" pos="0.24" speed="10.00"/>
                <vehicle id="8" pos="16.24" speed="10.00"/>
            </lane>
        </edge>
        <edge id="5to6">
            <lane id="5to6_0">
                <vehicle id="7" pos="52.06" speed="10.00"/>
                <vehicle id="6" pos="68.06" speed="10.00"/>
                <vehicle id="5" pos="84.06" speed="10.00"/>
            </lane>
        </edge>
        <edge id="6to7">
            <lane id="6to7_0">
                <vehicle id="4" pos="3.88" speed="10.00"/>
                <vehicle id="3" pos="19.88" speed="10.00"/>
                <vehicle id="2" pos="35.88" speed="10.00"/>
                <vehicle id="1" pos="51.88" speed="10.00"/>
                <vehicle id="0" pos="67.88" speed="10.00"/>
            </lane>
        </edge>
    </timestep>
    <timestep time="63.20">
        <edge id="3to4">
            <lane id="3to4_0">
                <vehicle id="11" pos="82.44" speed="5.00"/>
                <vehicle id="10" pos="92.44" speed="5.00"/>
            </lane>
        </edge>
        <edge id="4to5">
            <lane id="4to5_0">
                <vehicle id="9" pos="1.24" speed="10.00"/>
                <vehicle id="8" pos="17.24" speed="10.00"/>
            </lane>
        </edge>
        <edge id="5to6">
            <lane id="5to6_0">
                <vehicle id="7" pos="53.06" speed="10.00"/>
                <vehicle id="6" pos="69.06" speed="10.00"/>
                <vehicle id="5" pos="85.06" speed="10.00"/>
            </lane>
        </edge>
        <edge id="6to7">
            <lane id="6to7_0">
                <vehicle id="4" pos="4.88" speed="10.00"/>
                <vehicle id="3" pos="20.88" speed="10.00"/>
                <vehicle id="2" pos="36.88" speed="10.00"/>
                <vehicle id="1" pos="52.88" speed="10.00"/>
                <vehicle id="0" pos="68.88" speed="10.00"/>
            </lane>
        </edge>
    </timestep>
    <timestep time="63.30">
        <edge id="3to4">
            <lane id="3to4_0">
                <vehicle id="11" pos="82.94" speed="5.00"/>
                <vehicle id="10" pos="93.44" speed="10.00"/>
            </lane>
        </edge>
        <edge id="4to5">
            <lane id="4to5_0">
                <vehicle id="9" pos="2.24" speed="10.00"/>
                <vehicle id="8" pos="18.24" speed="10.00"/>
            </lane>
        </edge>
        <edge id="5to6">
            <lane id="5to6_0">
                <vehicle id="7" pos="54.06" speed="10.00"/>
                <vehicle id="6" pos="70.06" speed="10.00"/>
                <vehicle id="5" pos="86.06" speed="10.00"/>
            </lane>
        </edge>
        <edge id="6to7">
            <lane id="6to7_0">
                <vehicle id="4" pos="5.88" speed="10.00"/>
                <vehicle id="3" pos="21.88" speed="10.00"/>
                <vehicle id="2" pos="37.88" speed="10.00"/>
                <vehicle id="1" pos="53.88" speed="10.00"/>
                <vehicle id="0" pos="69.88" speed="10.00"/>
            </lane>
        </edge>
    </timestep>
    <timestep time="63.40">
        <edge id="3to4">
            <lane id="3to4_0">
                <vehicle id="11" pos="83.94" speed="10.00"/>
                <vehicle id="10" pos="94.44" speed="10.00"/>
            </lane>
        </edge>
        <edge id="4to5">
            <lane id="4to5_0">
                <vehicle id="9" pos="3.24" speed="10.00"/>
                <vehicle id="8" pos="19.24" speed="10.00"/>
            </lane>
        </edge>
        <edge id="5to6">
            <lane id="5to6_0">
                <vehicle id="7" pos="55.06" speed="10.00"/>
                <vehicle id="6" pos="71.06" speed="10.00"/>
                <vehicle id="5" pos="87.06" speed="10.00"/>
            </lane>
        </edge>
        <edge id="6to7">
            <lane id="6to7_0">
                <vehicle id="4" pos="6.88" speed="10.00"/>
                <vehicle id="3" pos="22.88" speed="10.00"/>
                <vehicle id="2" pos="38.88" speed="10.00"/>
                <vehicle id="1" pos="54.88" speed="10.00"/>
                <vehicle id="0" pos="70.88" speed="10.00"/>
            </lane>
        </edge>
    </timestep>
    <timestep time="63.50">
        <edge id="3to4">
            <lane id="3to4_0">
                <vehicle id="11" pos="84.94" speed="10.00"/>
                <vehicle id="10" pos="95.44" speed="10.00"/>
            </lane>
        </edge>
        <edge id="4to5">
            <lane id="4to5_0">
                <vehicle id="9" pos="4.24" speed="10.00"/>
                <vehicle id="8" pos="20.24" speed="10.00"/>
            </lane>
        </edge>
        <edge id="5to6">
            <lane id="5to6_0">
                <vehicle id="7" pos="56.06" speed="10.00"/>
                <vehicle id="6" pos="72.06" speed="10.00"/>
                <vehicle id="5" pos="88.06" speed="10.00"/>
            </lane>
        </edge>
        <edge id="6to7">
            <lane id="6to7_0">
                <vehicle id="4" pos="7.88" speed="10.00"/>
                <vehicle id="3" pos="23.88" speed="10.00"/>
                <vehicle id="2" pos="39.88" speed="10.00"/>
                <vehicle id="1" pos="55.88" speed="10.00"/>
                <vehicle id="0" pos="71.88" speed="10.00"/>
            </lane>
        </edge>
    </timestep>
    <timestep time="63.60">
        <edge id=":4_2">
            <lane id=":4_2_0">
                <vehicle id="10" pos="0.44" speed="10.00"/>
            </lane>
        </edge>
        <edge id="3to4">
            <lane id="3to4_0">
                <vehicle id="11" pos="85.94" speed="10.00"/>
            </lane>
        </edge>
        <edge id="4to5">
            <lane id="4to5_0">
                <vehicle id="9" pos="5.24" speed="10.00"/>
                <vehicle id="8" pos="21.24" speed="10.00"/>
            </lane>
        </edge>
        <edge id="5to6">
            <lane id="5to6_0">
                <vehicle id="7" pos="57.06" speed="10.00"/>
                <vehicle id="6" pos="73.06" speed="10.00"/>
                <vehicle id="5" pos="89.06" speed="10.00"/>
            </lane>
        </edge>
        <edge id="6to7">
            <lane id="6to7_0">
                <vehicle id="4" pos="8.88" speed="10.00"/>
                <vehicle id="3" pos="24.88" speed="10.00"/>
                <vehicle id="2" pos="40.88" speed="10.00"/>
                <vehicle id="1" pos="56.88" speed="10.00"/>
                <vehicle id="0" pos="72.88" speed="10.00"/>
            </lane>
        </edge>
    </timestep>
    <timestep time="63.70">
        <edge id=":4_2">
            <lane id=":4_2_0">
                <vehicle id="10" pos="1.44" speed="10.00"/>
            </lane>
        </edge>
        <edge id="3to4">
            <lane id="3to4_0">
                <vehicle id="11" pos="86.94" speed="10.00"/>
            </lane>
        </edge>
        <edge id="4to5">
            <lane id="4to5_0">
                <vehicle id="9" pos="6.24" speed="10.00"/>
                <vehicle id="8" pos="22.24" speed="10.00"/>
            </lane>
        </edge>
        <edge id="5to6">
            <lane id="5to6_0">
                <vehicle id="7" pos="58.06" speed="10.00"/>
                <vehicle id="6" pos="74.06" speed="10.00"/>
                <vehicle id="5" pos="90.06" speed="10.00"/>
            </lane>
        </edge>
        <edge id="6to7">
            <lane id="6to7_0">
                <vehicle id="4" pos="9.88" speed="10.00"/>
                <vehicle id="3" pos="25.88" speed="10.00"/>
                <vehicle id="2" pos="41.88" speed="10.00"/>
                <vehicle id="1" pos="57.88" speed="10.00"/>
                <vehicle id="0" pos="73.88" speed="10.00"/>
            </lane>
        </edge>
    </timestep>
    <timestep time="63.80">
        <edge id=":4_2">
            <lane id=":4_2_0">
                <vehicle id="10" pos="2.44" speed="10.00"/>
            </lane>
        </edge>
        <edge id="3to4">
            <lane id="3to4_0">
                <vehicle id="11" pos="87.44" speed="5.00"/>
            </lane>
        </edge>
        <edge id="4to5">
            <lane id="4to5_0">
                <vehicle id="9" pos="7.24" speed="10.00"/>
                <vehicle id="8" pos="23.24" speed="10.00"/>
            </lane>
        </edge>
        <edge id="5to6">
            <lane id="5to6_0">
                <vehicle id="7" pos="59.06" speed="10.00"/>
                <vehicle id="6" pos="75.06" speed="10.00"/>
                <vehicle id="5" pos="91.06" speed="10.00"/>
            </lane>
        </edge>
        <edge id="6to7">
            <lane id="6to7_0">
                <vehicle id="4" pos="10.88" speed="10.00"/>
                <vehicle id="3" pos="26.88" speed="10.00"/>
                <vehicle id="2" pos="42.88" speed="10.00"/>
                <vehicle id="1" pos="58.88" speed="10.00"/>
                <vehicle id="0" pos="74.88" speed="10.00"/>
            </lane>
        </edge>
    </timestep>
    <timestep time="63.90">
        <edge id=":4_2">
            <lane id=":4_2_0">
                <vehicle id="10" pos="3.44" speed="10.00"/>
            </lane>
        </edge>
        <edge id="3to4">
            <lane id="3to4_0">
                <vehicle id="11" pos="87.94" speed="5.00"/>
            </lane>
        </edge>
        <edge id="4to5">
            <lane id="4to5_0">
                <vehicle id="9" pos="8.24" speed="10.00"/>
                <vehicle id="8" pos="24.24" speed="10.00"/>
            </lane>
        </edge>
        <edge id="5to6">
            <lane id="5to6_0">
                <vehicle id="7" pos="60.06" speed="10.00"/>
                <vehicle id="6" pos="76.06" speed="10.00"/>
                <vehicle id="5" pos="92.06" speed="10.00"/>
            </lane>
        </edge>
        <edge id="6to7">
            <lane id="6to7_0">
                <vehicle id="4" pos="11.88" speed="10.00"/>
                <vehicle id="3" pos="27.88" speed="10.00"/>
                <vehicle id="2" pos="43.88" speed="10.00"/>
                <vehicle id="1" pos="59.88" speed="10.00"/>
                <vehicle id="0" pos="75.88" speed="10.00"/>
            </lane>
        </edge>
    </timestep>
    <timestep time="64.00">
        <edge id=":4_2">
            <lane id=":4_2_0">
                <vehicle id="10" pos="4.44" speed="10.00"/>
            </lane>
        </edge>
        <edge id="3to4">
            <lane id="3to4_0">
                <vehicle id="11" pos="88.44" speed="5.00"/>
            </lane>
        </edge>
        <edge id="4to5">
            <lane id="4to5_0">
                <vehicle id="9" pos="9.24" speed="10.00"/>
                <vehicle id="8" pos="25.24" speed="10.00"/>
            </lane>
        </edge>
        <edge id="5to6">
            <lane id="5to6_0">
                <vehicle id="7" pos="61.06" speed="10.00"/>
                <vehicle id="6" pos="77.06" speed="10.00"/>
                <vehicle id="5" pos="93.06" speed="10.00"/>
            </lane>
        </edge>
        <edge id="6to7">
            <lane id="6to7_0">
                <vehicle id="4" pos="12.88" speed="10.00"/>
                <vehicle id="3" pos="28.88" speed="10.00"/>
                <vehicle id="2" pos="44.88" speed="10.00"/>
                <vehicle id="1" pos="60.88" speed="10.00"/>
                <vehicle id="0" pos="76.88" speed="10.00"/>
            </lane>
        </edge>
    </timestep>
    <timestep time="64.10">
        <edge id=":4_2">
            <lane id=":4_2_0">
                <vehicle id="10" pos="5.44" speed="10.00"/>
            </lane>
        </edge>
        <edge id=":6_0">
            <lane id=":6_0_0">
                <vehicle id="5" pos="0.46" speed="10.00"/>
            </lane>
        </edge>
        <edge id="3to4">
            <lane id="3to4_0">
                <vehicle id="11" pos="88.94" speed="5.00"/>
            </lane>
        </edge>
        <edge id="4to5">
            <lane id="4to5_0">
                <vehicle id="9" pos="10.24" speed="10.00"/>
                <vehicle id="8" pos="26.24" speed="10.00"/>
            </lane>
        </edge>
        <edge id="5to6">
            <lane id="5to6_0">
                <vehicle id="7" pos="62.06" speed="10.00"/>
                <vehicle id="6" pos="78.06" speed="10.00"/>
            </lane>
        </edge>
        <edge id="6to7">
            <lane id="6to7_0">
                <vehicle id="4" pos="13.88" speed="10.00"/>
                <vehicle id="3" pos="29.88" speed="10.00"/>
                <vehicle id="2" pos="45.88" speed="10.00"/>
                <vehicle id="1" pos="61.88" speed="10.00"/>
                <vehicle id="0" pos="77.88" speed="10.00"/>
            </lane>
        </edge>
    </timestep>
    <timestep time="64.20">
        <edge id=":4_2">
            <lane id=":4_2_0">
                <vehicle id="10" pos="6.44" speed="10.00"/>
            </lane>
        </edge>
        <edge id=":6_0">
            <lane id=":6_0_0">
                <vehicle id="5" pos="1.46" speed="10.00"/>
            </lane>
        </edge>
        <edge id="3to4">
            <lane id="3to4_0">
                <vehicle id="11" pos="89.44" speed="5.00"/>
            </lane>
        </edge>
        <edge id="4to5">
            <lane id="4to5_0">
                <vehicle id="9" pos="11.24" speed="10.00"/>
                <vehicle id="8" pos="27.24" speed="10.00"/>
            </lane>
        </edge>
        <edge id="5to6">
            <lane id="5to6_0">
                <vehicle id="7" pos="63.06" speed="10.00"/>
                <vehicle id="6" pos="79.06" speed="10.00"/>
            </lane>
        </edge>
        <edge id="6to7">
            <lane id="6to7_0">
                <vehicle id="4" pos="14.88" speed="10.00"/>
                <vehicle id="3" pos="30.88" speed="10.00"/>
                <vehicle id="2" pos="46.88" speed="10.00"/>
                <vehicle id="1" pos="62.88" speed="10.00"/>
                <vehicle id="0" pos="78.88" speed="10.00"/>
            </lane>
        </edge>
    </timestep>
    <timestep time="64.30">
        <edge id=":4_2">
            <lane id=":4_2_0">
                <vehicle id="10" pos="7.44" speed="10.00"/>
            </lane>
        </edge>
        <edge id=":6_0">
            <lane id=":6_0_0">
                <vehicle id="5" pos="2.46" speed="10.00"/>
            </lane>
        </edge>
        <edge id="3to4">
            <lane id="3to4_0">
                <vehicle id="11" pos="89.94" speed="5.00"/>
            </lane>
        </edge>
        <edge id="4to5">
            <lane id="4to5_0">
                <vehicle id="9" pos="12.24" speed="10.00"/>
                <vehicle id="8" pos="28.24" speed="10.00"/>
            </lane>
        </edge>
        <edge id="5to6">
            <lane id="5to6_0">
                <vehicle id="7" pos="64.06" speed="10.00"/>
                <vehicle id="6" pos="80.06" speed="10.00"/>
            </lane>
        </edge>
        <edge id="6to7">
            <lane id="6to7_0">
                <vehicle id="4" pos="15.88" speed="10.00"/>
                <vehicle id="3" pos="31.88" speed="10.00"/>
                <vehicle id="2" pos="47.88" speed="10.00"/>
                <vehicle id="1" pos="63.88" speed="10.00"/>
                <vehicle id="0" pos="79.88" speed="10.00"/>
            </lane>
        </edge>
    </timestep>
    <timestep time="64.40">
        <edge id=":4_2">
            <lane id=":4_2_0">
                <vehicle id="10" pos="8.44" speed="10.00"/>
            </lane>
        </edge>
        <edge id="3to4">
            <lane id="3to4_0">
                <vehicle id="11" pos="90.44" speed="5.00"/>
            </lane>
        </edge>
        <edge id="4to5">
            <lane id="4to5_0">
                <vehicle id="9" pos="13.24" speed="10.00"/>
                <vehicle id="8" pos="29.24" speed="10.00"/>
            </lane>
        </edge>
        <edge id="5to6">
            <lane id="5to6_0">
                <vehicle id="7" pos="65.06" speed="10.00"/>
                <vehicle id="6" pos="81.06" speed="10.00"/>
            </lane>
        </edge>
        <edge id="6to7">
            <lane id="6to7_0">
                <vehicle id="5" pos="0.88" speed="10.00"/>
                <vehicle id="4" pos="16.88" speed="10.00"/>
                <vehicle id="3" pos="32.88" speed="10.00"/>
                <vehicle id="2" pos="48.88" speed="10.00"/>
                <vehicle id="1" pos="64.88" speed="10.00"/>
                <vehicle id="0" pos="80.88" speed="10.00"/>
            </lane>
        </edge>
    </timestep>
    <timestep time="64.50">
        <edge id=":4_2">
            <lane id=":4_2_0">
                <vehicle id="10" pos="9.44" speed="10.00"/>
            </lane>
        </edge>
        <edge id="3to4">
            <lane id="3to4_0">
                <vehicle id="11" pos="90.94" speed="5.00"/>
            </lane>
        </edge>
        <edge id="4to5">
            <lane id="4to5_0">
                <vehicle id="9" pos="14.24" speed="10.00"/>
                <vehicle id="8" pos="30.24" speed="10.00"/>
            </lane>
        </edge>
        <edge id="5to6">
            <lane id="5to6_0">
                <vehicle id="7" pos="66.06" speed="10.00"/>
                <vehicle id="6" pos="82.06" speed="10.00"/>
            </lane>
        </edge>
        <edge id="6to7">
            <lane id="6to7_0">
                <vehicle id="5" pos="1.88" speed="10.00"/>
                <vehicle id="4" pos="17.88" speed="10.00"/>
                <vehicle id="3" pos="33.88" speed="10.00"/>
                <vehicle id="2" pos="49.88" speed="10.00"/>
                <vehicle id="1" pos="65.88" speed="10.00"/>
                <vehicle id="0" pos="81.88" speed="10.00"/>
            </lane>
        </edge>
    </timestep>
    <timestep time="64.60">
        <edge id=":4_2">
            <lane id=":4_2_0">
                <vehicle id="10" pos="10.44" speed="10.00"/>
            </lane>
        </edge>
        <edge id="3to4">
            <lane id="3to4_0">
                <vehicle id="11" pos="91.44" speed="5.00"/>
            </lane>
        </edge>
        <edge id="4to5">
            <lane id="4to5_0">
                <vehicle id="9" pos="15.24" speed="10.00"/>
                <vehicle id="8" pos="31.24" speed="10.00"/>
            </lane>
        </edge>
        <edge id="5to6">
            <lane id="5to6_0">
                <vehicle id="7" pos="67.06" speed="10.00"/>
                <vehicle id="6" pos="83.06" speed="10.00"/>
            </lane>
        </edge>
        <edge id="6to7">
            <lane id="6to7_0">
                <vehicle id="5" pos="2.88" speed="10.00"/>
                <vehicle id="4" pos="18.88" speed="10.00"/>
                <vehicle id="3" pos="34.88" speed="10.00"/>
                <vehicle id="2" pos="50.88" speed="10.00"/>
                <vehicle id="1" pos="66.88" speed="10.00"/>
                <vehicle id="0" pos="82.88" speed="10.00"/>
            </lane>
        </edge>
    </timestep>
    <timestep time="64.70">
        <edge id="3to4">
            <lane id="3to4_0">
                <vehicle id="11" pos="91.94" speed="5.00"/>
            </lane>
        </edge>
        <edge id="4to5">
            <lane id="4to5_0">
                <vehicle id="10" pos="0.24" speed="10.00"/>
                <vehicle id="9" pos="16.24" speed="10.00"/>
                <vehicle id="8" pos="32.24" speed="10.00"/>
            </lane>
        </edge>
        <edge id="5to6">
            <lane id="5to6_0">
                <vehicle id="7" pos="68.06" speed="10.00"/>
                <vehicle id="6" pos="84.06" speed="10.00"/>
            </lane>
        </edge>
        <edge id="6to7">
            <lane id="6to7_0">
                <vehicle id="5" pos="3.88" speed="10.00"/>
                <vehicle id="4" pos="19.88" speed="10.00"/>
                <vehicle id="3" pos="35.88" speed="10.00"/>
                <vehicle id="2" pos="51.88" speed="10.00"/>
                <vehicle id="1" pos="67.88" speed="10.00"/>
                <vehicle id="0" pos="83.88" speed="10.00"/>
            </lane>
        </edge>
    </timestep>
    <timestep time="64.80">
        <edge id="3to4">
            <lane id="3to4_0">
                <vehicle id="11" pos="92.44" speed="5.00"/>
            </lane>
        </edge>
        <edge id="4to5">
            <lane id="4to5_0">
                <vehicle id="10" pos="1.24" speed="10.00"/>
                <vehicle id="9" pos="17.24" speed="10.00"/>
                <vehicle id="8" pos="33.24" speed="10.00"/>
            </lane>
        </edge>
        <edge id="5to6">
            <lane id="5to6_0">
                <vehicle id="7" pos="69.06" speed="10.00"/>
                <vehicle id="6" pos="85.06" speed="10.00"/>
            </lane>
        </edge>
        <edge id="6to7">
            <lane id="6to7_0">
                <vehicle id="5" pos="4.88" speed="10.00"/>
                <vehicle id="4" pos="20.88" speed="10.00"/>
                <vehicle id="3" pos="36.88" speed="10.00"/>
                <vehicle id="2" pos="52.88" speed="10.00"/>
                <vehicle id="1" pos="68.88" speed="10.00"/>
                <vehicle id="0" pos="84.88" speed="10.00"/>
            </lane>
        </edge>
    </timestep>
    <timestep time="64.90">
        <edge id="3to4">
            <lane id="3to4_0">
                <vehicle id="11" pos="93.44" speed="10.00"/>
            </lane>
        </edge>
        <edge id="4to5">
            <lane id="4to5_0">
                <vehicle id="10" pos="2.24" speed="10.00"/>
                <vehicle id="9" pos="18.24" speed="10.00"/>
                <vehicle id="8" pos="34.24" speed="10.00"/>
            </lane>
        </edge>
        <edge id="5to6">
            <lane id="5to6_0">
                <vehicle id="7" pos="70.06" speed="10.00"/>
                <vehicle id="6" pos="86.06" speed="10.00"/>
            </lane>
        </edge>
        <edge id="6to7">
            <lane id="6to7_0">
                <vehicle id="5" pos="5.88" speed="10.00"/>
                <vehicle id="4" pos="21.88" speed="10.00"/>
                <vehicle id="3" pos="37.88" speed="10.00"/>
                <vehicle id="2" pos="53.88" speed="10.00"/>
                <vehicle id="1" pos="69.88" speed="10.00"/>
                <vehicle id="0" pos="85.88" speed="10.00"/>
            </lane>
        </edge>
    </timestep>
    <timestep time="65.00">
        <edge id="3to4">
            <lane id="3to4_0">
                <vehicle id="11" pos="94.44" speed="10.00"/>
            </lane>
        </edge>
        <edge id="4to5">
            <lane id="4to5_0">
                <vehicle id="10" pos="3.24" speed="10.00"/>
                <vehicle id="9" pos="19.24" speed="10.00"/>
                <vehicle id="8" pos="35.24" speed="10.00"/>
            </lane>
        </edge>
        <edge id="5to6">
            <lane id="5to6_0">
                <vehicle id="7" pos="71.06" speed="10.00"/>
                <vehicle id="6" pos="87.06" speed="10.00"/>
            </lane>
        </edge>
        <edge id="6to7">
            <lane id="6to7_0">
                <vehicle id="5" pos="6.88" speed="10.00"/>
                <vehicle id="4" pos="22.88" speed="10.00"/>
                <vehicle id="3" pos="38.88" speed="10.00"/>
                <vehicle id="2" pos="54.88" speed="10.00"/>
                <vehicle id="1" pos="70.88" speed="10.00"/>
                <vehicle id="0" pos="86.88" speed="10.00"/>
            </lane>
        </edge>
    </timestep>
    <timestep time="65.10">
        <edge id="3to4">
            <lane id="3to4_0">
                <vehicle id="11" pos="95.44" speed="10.00"/>
            </lane>
        </edge>
        <edge id="4to5">
            <lane id="4to5_0">
                <vehicle id="10" pos="4.24" speed="10.00"/>
                <vehicle id="9" pos="20.24" speed="10.00"/>
                <vehicle id="8" pos="36.24" speed="10.00"/>
            </lane>
        </edge>
        <edge id="5to6">
            <lane id="5to6_0">
                <vehicle id="7" pos="72.06" speed="10.00"/>
                <vehicle id="6" pos="88.06" speed="10.00"/>
            </lane>
        </edge>
        <edge id="6to7">
            <lane id="6to7_0">
                <vehicle id="5" pos="7.88" speed="10.00"/>
                <vehicle id="4" pos="23.88" speed="10.00"/>
                <vehicle id="3" pos="39.88" speed="10.00"/>
                <vehicle id="2" pos="55.88" speed="10.00"/>
                <vehicle id="1" pos="71.88" speed="10.00"/>
                <vehicle id="0" pos="87.88" speed="10.00"/>
            </lane>
        </edge>
    </timestep>
    <timestep time="65.20">
        <edge id=":4_2">
            <lane id=":4_2_0">
                <vehicle id="11" pos="0.44" speed="10.00"/>
            </lane>
        </edge>
        <edge id="4to5">
            <lane id="4to5_0">
                <vehicle id="10" pos="5.24" speed="10.00"/>
                <vehicle id="9" pos="21.24" speed="10.00"/>
                <vehicle id="8" pos="37.24" speed="10.00"/>
            </lane>
        </edge>
        <edge id="5to6">
            <lane id="5to6_0">
                <vehicle id="7" pos="73.06" speed="10.00"/>
                <vehicle id="6" pos="89.06" speed="10.00"/>
            </lane>
        </edge>
        <edge id="6to7">
            <lane id="6to7_0">
                <vehicle id="5" pos="8.88" speed="10.00"/>
                <vehicle id="4" pos="24.88" speed="10.00"/>
                <vehicle id="3" pos="40.88" speed="10.00"/>
                <vehicle id="2" pos="56.88" speed="10.00"/>
                <vehicle id="1" pos="72.88" speed="10.00"/>
                <vehicle id="0" pos="88.88" speed="10.00"/>
            </lane>
        </edge>
    </timestep>
    <timestep time="65.30">
        <edge id=":4_2">
            <lane id=":4_2_0">
                <vehicle id="11" pos="1.44" speed="10.00"/>
            </lane>
        </edge>
        <edge id="4to5">
            <lane id="4to5_0">
                <vehicle id="10" pos="6.24" speed="10.00"/>
                <vehicle id="9" pos="22.24" speed="10.00"/>
                <vehicle id="8" pos="38.24" speed="10.00"/>
            </lane>
        </edge>
        <edge id="5to6">
            <lane id="5to6_0">
                <vehicle id="7" pos="74.06" speed="10.00"/>
                <vehicle id="6" pos="90.06" speed="10.00"/>
            </lane>
        </edge>
        <edge id="6to7">
            <lane id="6to7_0">
                <vehicle id="5" pos="9.88" speed="10.00"/>
                <vehicle id="4" pos="25.88" speed="10.00"/>
                <vehicle id="3" pos="41.88" speed="10.00"/>
                <vehicle id="2" pos="57.88" speed="10.00"/>
                <vehicle id="1" pos="73.88" speed="10.00"/>
                <vehicle id="0" pos="89.88" speed="10.00"/>
            </lane>
        </edge>
    </timestep>
    <timestep time="65.40">
        <edge id=":4_2">
            <lane id=":4_2_0">
                <vehicle id="11" pos="2.44" speed="10.00"/>
            </lane>
        </edge>
        <edge id="4to5">
            <lane id="4to5_0">
                <vehicle id="10" pos="7.24" speed="10.00"/>
                <vehicle id="9" pos="23.24" speed="10.00"/>
                <vehicle id="8" pos="39.24" speed="10.00"/>
            </lane>
        </edge>
        <edge id="5to6">
            <lane id="5to6_0">
                <vehicle id="7" pos="75.06" speed="10.00"/>
                <vehicle id="6" pos="91.06" speed="10.00"/>
            </lane>
        </edge>
        <edge id="6to7">
            <lane id="6to7_0">
                <vehicle id="5" pos="10.88" speed="10.00"/>
                <vehicle id="4" pos="26.88" speed="10.00"/>
                <vehicle id="3" pos="42.88" speed="10.00"/>
                <vehicle id="2" pos="58.88" speed="10.00"/>
                <vehicle id="1" pos="74.88" speed="10.00"/>
                <vehicle id="0" pos="90.88" speed="10.00"/>
            </lane>
        </edge>
    </timestep>
    <timestep time="65.50">
        <edge id=":4_2">
            <lane id=":4_2_0">
                <vehicle id="11" pos="3.44" speed="10.00"/>
            </lane>
        </edge>
        <edge id="4to5">
            <lane id="4to5_0">
                <vehicle id="10" pos="8.24" speed="10.00"/>
                <vehicle id="9" pos="24.24" speed="10.00"/>
                <vehicle id="8" pos="40.24" speed="10.00"/>
            </lane>
        </edge>
        <edge id="5to6">
            <lane id="5to6_0">
                <vehicle id="7" pos="76.06" speed="10.00"/>
                <vehicle id="6" pos="92.06" speed="10.00"/>
            </lane>
        </edge>
        <edge id="6to7">
            <lane id="6to7_0">
                <vehicle id="5" pos="11.88" speed="10.00"/>
                <vehicle id="4" pos="27.88" speed="10.00"/>
                <vehicle id="3" pos="43.88" speed="10.00"/>
                <vehicle id="2" pos="59.88" speed="10.00"/>
                <vehicle id="1" pos="75.88" speed="10.00"/>
                <vehicle id="0" pos="91.88" speed="10.00"/>
            </lane>
        </edge>
    </timestep>
    <timestep time="65.60">
        <edge id=":4_2">
            <lane id=":4_2_0">
                <vehicle id="11" pos="4.44" speed="10.00"/>
            </lane>
        </edge>
        <edge id="4to5">
            <lane id="4to5_0">
                <vehicle id="10" pos="9.24" speed="10.00"/>
                <vehicle id="9" pos="25.24" speed="10.00"/>
                <vehicle id="8" pos="41.24" speed="10.00"/>
            </lane>
        </edge>
        <edge id="5to6">
            <lane id="5to6_0">
                <vehicle id="7" pos="77.06" speed="10.00"/>
                <vehicle id="6" pos="93.06" speed="10.00"/>
            </lane>
        </edge>
        <edge id="6to7">
            <lane id="6to7_0">
                <vehicle id="5" pos="12.88" speed="10.00"/>
                <vehicle id="4" pos="28.88" speed="10.00"/>
                <vehicle id="3" pos="44.88" speed="10.00"/>
                <vehicle id="2" pos="60.88" speed="10.00"/>
                <vehicle id="1" pos="76.88" speed="10.00"/>
                <vehicle id="0" pos="92.88" speed="10.00"/>
            </lane>
        </edge>
    </timestep>
    <timestep time="65.70">
        <edge id=":4_2">
            <lane id=":4_2_0">
                <vehicle id="11" pos="5.44" speed="10.00"/>
            </lane>
        </edge>
        <edge id=":6_0">
            <lane id=":6_0_0">
                <vehicle id="6" pos="0.46" speed="10.00"/>
            </lane>
        </edge>
        <edge id=":7_0">
            <lane id=":7_0_0">
                <vehicle id="0" pos="0.28" speed="10.00"/>
            </lane>
        </edge>
        <edge id="4to5">
            <lane id="4to5_0">
                <vehicle id="10" pos="10.24" speed="10.00"/>
                <vehicle id="9" pos="26.24" speed="10.00"/>
                <vehicle id="8" pos="42.24" speed="10.00"/>
            </lane>
        </edge>
        <edge id="5to6">
            <lane id="5to6_0">
                <vehicle id="7" pos="78.06" speed="10.00"/>
            </lane>
        </edge>
        <edge id="6to7">
            <lane id="6to7_0">
                <vehicle id="5" pos="13.88" speed="10.00"/>
                <vehicle id="4" pos="29.88" speed="10.00"/>
                <vehicle id="3" pos="45.88" speed="10.00"/>
                <vehicle id="2" pos="61.88" speed="10.00"/>
                <vehicle id="1" pos="77.88" speed="10.00"/>
            </lane>
        </edge>
    </timestep>
    <timestep time="65.80">
        <edge id=":4_2">
            <lane id=":4_2_0">
                <vehicle id="11" pos="6.44" speed="10.00"/>
            </lane>
        </edge>
        <edge id=":6_0">
            <lane id=":6_0_0">
                <vehicle id="6" pos="1.46" speed="10.00"/>
            </lane>
        </edge>
        <edge id=":7_0">
            <lane id=":7_0_0">
                <vehicle id="0" pos="1.28" speed="10.00"/>
            </lane>
        </edge>
        <edge id="4to5">
            <lane id="4to5_0">
                <vehicle id="10" pos="11.24" speed="10.00"/>
                <vehicle id="9" pos="27.24" speed="10.00"/>
                <vehicle id="8" pos="43.24" speed="10.00"/>
            </lane>
        </edge>
        <edge id="5to6">
            <lane id="5to6_0">
                <vehicle id="7" pos="79.06" speed="10.00"/>
            </lane>
        </edge>
        <edge id="6to7">
            <lane id="6to7_0">
                <vehicle id="5" pos="14.88" speed="10.00"/>
                <vehicle id="4" pos="30.88" speed="10.00"/>
                <vehicle id="3" pos="46.88" speed="10.00"/>
                <vehicle id="2" pos="62.88" speed="10.00"/>
                <vehicle id="1" pos="78.88" speed="10.00"/>
            </lane>
        </edge>
    </timestep>
    <timestep time="65.90">
        <edge id=":4_2">
            <lane id=":4_2_0">
                <vehicle id="11" pos="7.44" speed="10.00"/>
            </lane>
        </edge>
        <edge id=":6_0">
            <lane id=":6_0_0">
                <vehicle id="6" pos="2.46" speed="10.00"/>
            </lane>
        </edge>
        <edge id=":7_0">
            <lane id=":7_0_0">
                <vehicle id="0" pos="2.28" speed="10.00"/>
            </lane>
        </edge>
        <edge id="4to5">
            <lane id="4to5_0">
                <vehicle id="10" pos="12.24" speed="10.00"/>
                <vehicle id="9" pos="28.24" speed="10.00"/>
                <vehicle id="8" pos="44.24" speed="10.00"/>
            </lane>
        </edge>
        <edge id="5to6">
            <lane id="5to6_0">
                <vehicle id="7" pos="80.06" speed="10.00"/>
            </lane>
        </edge>
        <edge id="6to7">
            <lane id="6to7_0">
                <vehicle id="5" pos="15.88" speed="10.00"/>
                <vehicle id="4" pos="31.88" speed="10.00"/>
                <vehicle id="3" pos="47.88" speed="10.00"/>
                <vehicle id="2" pos="63.88" speed="10.00"/>
                <vehicle id="1" pos="79.88" speed="10.00"/>
            </lane>
        </edge>
    </timestep>
    <timestep time="66.00">
        <edge id=":4_2">
            <lane id=":4_2_0">
                <vehicle id="11" pos="8.44" speed="10.00"/>
            </lane>
        </edge>
        <edge id="4to5">
            <lane id="4to5_0">
                <vehicle id="10" pos="13.24" speed="10.00"/>
                <vehicle id="9" pos="29.24" speed="10.00"/>
                <vehicle id="8" pos="45.24" speed="10.00"/>
            </lane>
        </edge>
        <edge id="5to6">
            <lane id="5to6_0">
                <vehicle id="7" pos="81.06" speed="10.00"/>
            </lane>
        </edge>
        <edge id="6to7">
            <lane id="6to7_0">
                <vehicle id="6" pos="0.88" speed="10.00"/>
                <vehicle id="5" pos="16.88" speed="10.00"/>
                <vehicle id="4" pos="32.88" speed="10.00"/>
                <vehicle id="3" pos="48.88" speed="10.00"/>
                <vehicle id="2" pos="64.88" speed="10.00"/>
                <vehicle id="1" pos="80.88" speed="10.00"/>
            </lane>
        </edge>
        <edge id="7to4">
            <lane id="7to4_0">
                <vehicle id="0" pos="0.70" speed="10.00"/>
            </lane>
        </edge>
    </timestep>
    <timestep time="66.10">
        <edge id=":4_2">
            <lane id=":4_2_0">
                <vehicle id="11" pos="9.44" speed="10.00"/>
            </lane>
        </edge>
        <edge id="4to5">
            <lane id="4to5_0">
                <vehicle id="10" pos="14.24" speed="10.00"/>
                <vehicle id="9" pos="30.24" speed="10.00"/>
                <vehicle id="8" pos="46.24" speed="10.00"/>
            </lane>
        </edge>
        <edge id="5to6">
            <lane id="5to6_0">
                <vehicle id="7" pos="82.06" speed="10.00"/>
            </lane>
        </edge>
        <edge id="6to7">
            <lane id="6to7_0">
                <vehicle id="6" pos="1.88" speed="10.00"/>
                <vehicle id="5" pos="17.88" speed="10.00"/>
                <vehicle id="4" pos="33.88" speed="10.00"/>
                <vehicle id="3" pos="49.88" speed="10.00"/>
                <vehicle id="2" pos="65.88" speed="10.00"/>
                <vehicle id="1" pos="81.88" speed="10.00"/>
            </lane>
        </edge>
        <edge id="7to4">
            <lane id="7to4_0">
                <vehicle id="0" pos="1.70" speed="10.00"/>
            </lane>
        </edge>
    </timestep>
    <timestep time="66.20">
        <edge id=":4_2">
            <lane id=":4_2_0">
                <vehicle id="11" pos="10.44" speed="10.00"/>
            </lane>
        </edge>
        <edge id="4to5">
            <lane id="4to5_0">
                <vehicle id="10" pos="15.24" speed="10.00"/>
                <vehicle id="9" pos="31.24" speed="10.00"/>
                <vehicle id="8" pos="47.24" speed="10.00"/>
            </lane>
        </edge>
        <edge id="5to6">
            <lane id="5to6_0">
                <vehicle id="7" pos="83.06" speed="10.00"/>
            </lane>
        </edge>
        <edge id="6to7">
            <lane id="6to7_0">
                <vehicle id="6" pos="2.88" speed="10.00"/>
                <vehicle id="5" pos="18.88" speed="10.00"/>
                <vehicle id="4" pos="34.88" speed="10.00"/>
                <vehicle id="3" pos="50.88" speed="10.00"/>
                <vehicle id="2" pos="66.88" speed="10.00"/>
                <vehicle id="1" pos="82.88" speed="10.00"/>
            </lane>
        </edge>
        <edge id="7to4">
            <lane id="7to4_0">
                <vehicle id="0" pos="2.70" speed="10.00"/>
            </lane>
        </edge>
    </timestep>
    <timestep time="66.30">
        <edge id="4to5">
            <lane id="4to5_0">
                <vehicle id="11" pos="0.24" speed="10.00"/>
                <vehicle id="10" pos="16.24" speed="10.00"/>
                <vehicle id="9" pos="32.24" speed="10.00"/>
                <vehicle id="8" pos="48.24" speed="10.00"/>
            </lane>
        </edge>
        <edge id="5to6">
            <lane id="5to6_0">
                <vehicle id="7" pos="84.06" speed="10.00"/>
            </lane>
        </edge>
        <edge id="6to7">
            <lane id="6to7_0">
                <vehicle id="6" pos="3.88" speed="10.00"/>
                <vehicle id="5" pos="19.88" speed="10.00"/>
                <vehicle id="4" pos="35.88" speed="10.00"/>
                <vehicle id="3" pos="51.88" speed="10.00"/>
                <vehicle id="2" pos="67.88" speed="10.00"/>
                <vehicle id="1" pos="83.88" speed="10.00"/>
            </lane>
        </edge>
        <edge id="7to4">
            <lane id="7to4_0">
                <vehicle id="0" pos="3.70" speed="10.00"/>
            </lane>
        </edge>
    </timestep>
    <timestep time="66.40">
        <edge id="4to5">
            <lane id="4to5_0">
                <vehicle id="11" pos="1.24" speed="10.00"/>
                <vehicle id="10" pos="17.24" speed="10.00"/>
                <vehicle id="9" pos="33.24" speed="10.00"/>
                <vehicle id="8" pos="49.24" speed="10.00"/>
            </lane>
        </edge>
        <edge id="5to6">
            <lane id="5to6_0">
                <vehicle id="7" pos="85.06" speed="10.00"/>
            </lane>
        </edge>
        <edge id="6to7">
            <lane id="6to7_0">
                <vehicle id="6" pos="4.88" speed="10.00"/>
                <vehicle id="5" pos="20.88" speed="10.00"/>
                <vehicle id="4" pos="36.88" speed="10.00"/>
                <vehicle id="3" pos="52.88" speed="10.00"/>
                <vehicle id="2" pos="68.88" speed="10.00"/>
                <vehicle id="1" pos="84.88" speed="10.00"/>
            </lane>
        </edge>
        <edge id="7to4">
            <lane id="7to4_0">
                <vehicle id="0" pos="4.70" speed="10.00"/>
            </lane>
        </edge>
    </timestep>
    <timestep time="66.50">
        <edge id="4to5">
            <lane id="4to5_0">
                <vehicle id="11" pos="2.24" speed="10.00"/>
                <vehicle id="10" pos="18.24" speed="10.00"/>
                <vehicle id="9" pos="34.24" speed="10.00"/>
                <vehicle id="8" pos="50.24" speed="10.00"/>
            </lane>
        </edge>
        <edge id="5to6">
            <lane id="5to6_0">
                <vehicle id="7" pos="86.06" speed="10.00"/>
            </lane>
        </edge>
        <edge id="6to7">
            <lane id="6to7_0">
                <vehicle id="6" pos="5.88" speed="10.00"/>
                <vehicle id="5" pos="21.88" speed="10.00"/>
                <vehicle id="4" pos="37.88" speed="10.00"/>
                <vehicle id="3" pos="53.88" speed="10.00"/>
                <vehicle id="2" pos="69.88" speed="10.00"/>
                <vehicle id="1" pos="85.88" speed="10.00"/>
            </lane>
        </edge>
        <edge id="7to4">
            <lane id="7to4_0">
                <vehicle id="0" pos="5.70" speed="10.00"/>
            </lane>
        </edge>
    </timestep>
    <timestep time="66.60">
        <edge id="4to5">
            <lane id="4to5_0">
                <vehicle id="11" pos="3.24" speed="10.00"/>
                <vehicle id="10" pos="19.24" speed="10.00"/>
                <vehicle id="9" pos="35.24" speed="10.00"/>
                <vehicle id="8" pos="51.24" speed="10.00"/>
            </lane>
        </edge>
        <edge id="5to6">
            <lane id="5to6_0">
                <vehicle id="7" pos="87.06" speed="10.00"/>
            </lane>
        </edge>
        <edge id="6to7">
            <lane id="6to7_0">
                <vehicle id="6" pos="6.88" speed="10.00"/>
                <vehicle id="5" pos="22.88" speed="10.00"/>
                <vehicle id="4" pos="38.88" speed="10.00"/>
                <vehicle id="3" pos="54.88" speed="10.00"/>
                <vehicle id="2" pos="70.88" speed="10.00"/>
                <vehicle id="1" pos="86.88" speed="10.00"/>
            </lane>
        </edge>
        <edge id="7to4">
            <lane id="7to4_0">
                <vehicle id="0" pos="6.70" speed="10.00"/>
            </lane>
        </edge>
    </timestep>
    <timestep time="66.70">
        <edge id="4to5">
            <lane id="4to5_0">
                <vehicle id="11" pos="4.24" speed="10.00"/>
                <vehicle id="10" pos="20.24" speed="10.00"/>
                <vehicle id="9" pos="36.24" speed="10.00"/>
                <vehicle id="8" pos="52.24" speed="10.00"/>
            </lane>
        </edge>
        <edge id="5to6">
            <lane id="5to6_0">
                <vehicle id="7" pos="88.06" speed="10.00"/>
            </lane>
        </edge>
        <edge id="6to7">
            <lane id="6to7_0">
                <vehicle id="6" pos="7.88" speed="10.00"/>
                <vehicle id="5" pos="23.88" speed="10.00"/>
                <vehicle id="4" pos="39.88" speed="10.00"/>
                <vehicle id="3" pos="55.88" speed="10.00"/>
                <vehicle id="2" pos="71.88" speed="10.00"/>
                <vehicle id="1" pos="87.88" speed="10.00"/>
            </lane>
        </edge>
        <edge id="7to4">
            <lane id="7to4_0">
                <vehicle id="0" pos="7.70" speed="10.00"/>
            </lane>
        </edge>
    </timestep>
    <timestep time="66.80">
        <edge id="4to5">
            <lane id="4to5_0">
                <vehicle id="11" pos="5.24" speed="10.00"/>
                <vehicle id="10" pos="21.24" speed="10.00"/>
                <vehicle id="9" pos="37.24" speed="10.00"/>
                <vehicle id="8" pos="53.24" speed="10.00"/>
            </lane>
        </edge>
        <edge id="5to6">
            <lane id="5to6_0">
                <vehicle id="7" pos="89.06" speed="10.00"/>
            </lane>
        </edge>
        <edge id="6to7">
            <lane id="6to7_0">
                <vehicle id="6" pos="8.88" speed="10.00"/>
                <vehicle id="5" pos="24.88" speed="10.00"/>
                <vehicle id="4" pos="40.88" speed="10.00"/>
                <vehicle id="3" pos="56.88" speed="10.00"/>
                <vehicle id="2" pos="72.88" speed="10.00"/>
                <vehicle id="1" pos="88.88" speed="10.00"/>
            </lane>
        </edge>
        <edge id="7to4">
            <lane id="7to4_0">
                <vehicle id="0" pos="8.70" speed="10.00"/>
            </lane>
        </edge>
    </timestep>
    <timestep time="66.90">
        <edge id="4to5">
            <lane id="4to5_0">
                <vehicle id="11" pos="6.24" speed="10.00"/>
                <vehicle id="10" pos="22.24" speed="10.00"/>
                <vehicle id="9" pos="38.24" speed="10.00"/>
                <vehicle id="8" pos="54.24" speed="10.00"/>
            </lane>
        </edge>
        <edge id="5to6">
            <lane id="5to6_0">
                <vehicle id="7" pos="90.06" speed="10.00"/>
            </lane>
        </edge>
        <edge id="6to7">
            <lane id="6to7_0">
                <vehicle id="6" pos="9.88" speed="10.00"/>
                <vehicle id="5" pos="25.88" speed="10.00"/>
                <vehicle id="4" pos="41.88" speed="10.00"/>
                <vehicle id="3" pos="57.88" speed="10.00"/>
                <vehicle id="2" pos="73.88" speed="10.00"/>
                <vehicle id="1" pos="89.88" speed="10.00"/>
            </lane>
        </edge>
        <edge id="7to4">
            <lane id="7to4_0">
                <vehicle id="0" pos="9.70" speed="10.00"/>
            </lane>
        </edge>
    </timestep>
    <timestep time="67.00">
        <edge id="4to5">
            <lane id="4to5_0">
                <vehicle id="11" pos="7.24" speed="10.00"/>
                <vehicle id="10" pos="23.24" speed="10.00"/>
                <vehicle id="9" pos="39.24" speed="10.00"/>
                <vehicle id="8" pos="55.24" speed="10.00"/>
            </lane>
        </edge>
        <edge id="5to6">
            <lane id="5to6_0">
                <vehicle id="7" pos="91.06" speed="10.00"/>
            </lane>
        </edge>
        <edge id="6to7">
            <lane id="6to7_0">
                <vehicle id="6" pos="10.88" speed="10.00"/>
                <vehicle id="5" pos="26.88" speed="10.00"/>
                <vehicle id="4" pos="42.88" speed="10.00"/>
                <vehicle id="3" pos="58.88" speed="10.00"/>
                <vehicle id="2" pos="74.88" speed="10.00"/>
                <vehicle id="1" pos="90.88" speed="10.00"/>
            </lane>
        </edge>
        <edge id="7to4">
            <lane id="7to4_0">
                <vehicle id="0" pos="10.70" speed="10.00"/>
            </lane>
        </edge>
    </timestep>
    <timestep time="67.10">
        <edge id="4to5">
            <lane id="4to5_0">
                <vehicle id="11" pos="8.24" speed="10.00"/>
                <vehicle id="10" pos="24.24" speed="10.00"/>
                <vehicle id="9" pos="40.24" speed="10.00"/>
                <vehicle id="8" pos="56.24" speed="10.00"/>
            </lane>
        </edge>
        <edge id="5to6">
            <lane id="5to6_0">
                <vehicle id="7" pos="92.06" speed="10.00"/>
            </lane>
        </edge>
        <edge id="6to7">
            <lane id="6to7_0">
                <vehicle id="6" pos="11.88" speed="10.00"/>
                <vehicle id="5" pos="27.88" speed="10.00"/>
                <vehicle id="4" pos="43.88" speed="10.00"/>
                <vehicle id="3" pos="59.88" speed="10.00"/>
                <vehicle id="2" pos="75.88" speed="10.00"/>
                <vehicle id="1" pos="91.88" speed="10.00"/>
            </lane>
        </edge>
        <edge id="7to4">
            <lane id="7to4_0">
                <vehicle id="0" pos="11.70" speed="10.00"/>
            </lane>
        </edge>
    </timestep>
    <timestep time="67.20">
        <edge id="4to5">
            <lane id="4to5_0">
                <vehicle id="11" pos="9.24" speed="10.00"/>
                <vehicle id="10" pos="25.24" speed="10.00"/>
                <vehicle id="9" pos="41.24" speed="10.00"/>
                <vehicle id="8" pos="57.24" speed="10.00"/>
            </lane>
        </edge>
        <edge id="5to6">
            <lane id="5to6_0">
                <vehicle id="7" pos="93.06" speed="10.00"/>
            </lane>
        </edge>
        <edge id="6to7">
            <lane id="6to7_0">
                <vehicle id="6" pos="12.88" speed="10.00"/>
                <vehicle id="5" pos="28.88" speed="10.00"/>
                <vehicle id="4" pos="44.88" speed="10.00"/>
                <vehicle id="3" pos="60.88" speed="10.00"/>
                <vehicle id="2" pos="76.88" speed="10.00"/>
                <vehicle id="1" pos="92.88" speed="10.00"/>
            </lane>
        </edge>
        <edge id="7to4">
            <lane id="7to4_0">
                <vehicle id="0" pos="12.70" speed="10.00"/>
            </lane>
        </edge>
    </timestep>
    <timestep time="67.30">
        <edge id=":6_0">
            <lane id=":6_0_0">
                <vehicle id="7" pos="0.46" speed="10.00"/>
            </lane>
        </edge>
        <edge id=":7_0">
            <lane id=":7_0_0">
                <vehicle id="1" pos="0.28" speed="10.00"/>
            </lane>
        </edge>
        <edge id="4to5">
            <lane id="4to5_0">
                <vehicle id="11" pos="10.24" speed="10.00"/>
                <vehicle id="10" pos="26.24" speed="10.00"/>
                <vehicle id="9" pos="42.24" speed="10.00"/>
                <vehicle id="8" pos="58.24" speed="10.00"/>
            </lane>
        </edge>
        <edge id="6to7">
            <lane id="6to7_0">
                <vehicle id="6" pos="13.88" speed="10.00"/>
                <vehicle id="5" pos="29.88" speed="10.00"/>
                <vehicle id="4" pos="45.88" speed="10.00"/>
                <vehicle id="3" pos="61.88" speed="10.00"/>
                <vehicle id="2" pos="77.88" speed="10.00"/>
            </lane>
        </edge>
        <edge id="7to4">
            <lane id="7to4_0">
                <vehicle id="0" pos="13.70" speed="10.00"/>
            </lane>
        </edge>
    </timestep>
    <timestep time="67.40">
        <edge id=":6_0">
            <lane id=":6_0_0">
                <vehicle id="7" pos="1.46" speed="10.00"/>
            </lane>
        </edge>
        <edge id=":7_0">
            <lane id=":7_0_0">
                <vehicle id="1" pos="1.28" speed="10.00"/>
            </lane>
        </edge>
        <edge id="4to5">
            <lane id="4to5_0">
                <vehicle id="11" pos="11.24" speed="10.00"/>
                <vehicle id="10" pos="27.24" speed="10.00"/>
                <vehicle id="9" pos="43.24" speed="10.00"/>
                <vehicle id="8" pos="59.24" speed="10.00"/>
            </lane>
        </edge>
        <edge id="6to7">
            <lane id="6to7_0">
                <vehicle id="6" pos="14.88" speed="10.00"/>
                <vehicle id="5" pos="30.88" speed="10.00"/>
                <vehicle id="4" pos="46.88" speed="10.00"/>
                <vehicle id="3" pos="62.88" speed="10.00"/>
                <vehicle id="2" pos="78.88" speed="10.00"/>
            </lane>
        </edge>
        <edge id="7to4">
            <lane id="7to4_0">
                <vehicle id="0" pos="14.70" speed="10.00"/>
            </lane>
        </edge>
    </timestep>
    <timestep time="67.50">
        <edge id=":6_0">
            <lane id=":6_0_0">
                <vehicle id="7" pos="2.46" speed="10.00"/>
            </lane>
        </edge>
        <edge id=":7_0">
            <lane id=":7_0_0">
                <vehicle id="1" pos="2.28" speed="10.00"/>
            </lane>
        </edge>
        <edge id="4to5">
            <lane id="4to5_0">
                <vehicle id="11" pos="12.24" speed="10.00"/>
                <vehicle id="10" pos="28.24" speed="10.00"/>
                <vehicle id="9" pos="44.24" speed="10.00"/>
                <vehicle id="8" pos="60.24" speed="10.00"/>
            </lane>
        </edge>
        <edge id="6to7">
            <lane id="6to7_0">
                <vehicle id="6" pos="15.88" speed="10.00"/>
                <vehicle id="5" pos="31.88" speed="10.00"/>
                <vehicle id="4" pos="47.88" speed="10.00"/>
                <vehicle id="3" pos="63.88" speed="10.00"/>
                <vehicle id="2" pos="79.88" speed="10.00"/>
            </lane>
        </edge>
        <edge id="7to4">
            <lane id="7to4_0">
                <vehicle id="0" pos="15.70" speed="10.00"/>
            </lane>
        </edge>
    </timestep>
    <timestep time="67.60">
        <edge id="4to5">
            <lane id="4to5_0">
                <vehicle id="11" pos="13.24" speed="10.00"/>
                <vehicle id="10" pos="29.24" speed="10.00"/>
                <vehicle id="9" pos="45.24" speed="10.00"/>
                <vehicle id="8" pos="61.24" speed="10.00"/>
            </lane>
        </edge>
        <edge id="6to7">
            <lane id="6to7_0">
                <vehicle id="7" pos="0.88" speed="10.00"/>
                <vehicle id="6" pos="16.88" speed="10.00"/>
                <vehicle id="5" pos="32.88" speed="10.00"/>
                <vehicle id="4" pos="48.88" speed="10.00"/>
                <vehicle id="3" pos="64.88" speed="10.00"/>
                <vehicle id="2" pos="80.88" speed="10.00"/>
            </lane>
        </edge>
        <edge id="7to4">
            <lane id="7to4_0">
                <vehicle id="1" pos="0.70" speed="10.00"/>
                <vehicle id="0" pos="16.70" speed="10.00"/>
            </lane>
        </edge>
    </timestep>
    <timestep time="67.70">
        <edge id="4to5">
            <lane id="4to5_0">
                <vehicle id="11" pos="14.24" speed="10.00"/>
                <vehicle id="10" pos="30.24" speed="10.00"/>
                <vehicle id="9" pos="46.24" speed="10.00"/>
                <vehicle id="8" pos="62.24" speed="10.00"/>
            </lane>
        </edge>
        <edge id="6to7">
            <lane id="6to7_0">
                <vehicle id="7" pos="1.88" speed="10.00"/>
                <vehicle id="6" pos="17.88" speed="10.00"/>
                <vehicle id="5" pos="33.88" speed="10.00"/>
                <vehicle id="4" pos="49.88" speed="10.00"/>
                <vehicle id="3" pos="65.88" speed="10.00"/>
                <vehicle id="2" pos="81.88" speed="10.00"/>
            </lane>
        </edge>
        <edge id="7to4">
            <lane id="7to4_0">
                <vehicle id="1" pos="1.70" speed="10.00"/>
                <vehicle id="0" pos="17.70" speed="10.00"/>
            </lane>
        </edge>
    </timestep>
    <timestep time="67.80">
        <edge id="4to5">
            <lane id="4to5_0">
                <vehicle id="11" pos="15.24" speed="10.00"/>
                <vehicle id="10" pos="31.24" speed="10.00"/>
                <vehicle id="9" pos="47.24" speed="10.00"/>
                <vehicle id="8" pos="63.24" speed="10.00"/>
            </lane>
        </edge>
        <edge id="6to7">
            <lane id="6to7_0">
                <vehicle id="7" pos="2.88" speed="10.00"/>
                <vehicle id="6" pos="18.88" speed="10.00"/>
                <vehicle id="5" pos="34.88" speed="10.00"/>
                <vehicle id="4" pos="50.88" speed="10.00"/>
                <vehicle id="3" pos="66.88" speed="10.00"/>
                <vehicle id="2" pos="82.88" speed="10.00"/>
            </lane>
        </edge>
        <edge id="7to4">
            <lane id="7to4_0">
                <vehicle id="1" pos="2.70" speed="10.00"/>
                <vehicle id="0" pos="18.70" speed="10.00"/>
            </lane>
        </edge>
    </timestep>
    <timestep time="67.90">
        <edge id="4to5">
            <lane id="4to5_0">
                <vehicle id="11" pos="16.24" speed="10.00"/>
                <vehicle id="10" pos="32.24" speed="10.00"/>
                <vehicle id="9" pos="48.24" speed="10.00"/>
                <vehicle id="8" pos="64.24" speed="10.00"/>
            </lane>
        </edge>
        <edge id="6to7">
            <lane id="6to7_0">
                <vehicle id="7" pos="3.88" speed="10.00"/>
                <vehicle id="6" pos="19.88" speed="10.00"/>
                <vehicle id="5" pos="35.88" speed="10.00"/>
                <vehicle id="4" pos="51.88" speed="10.00"/>
                <vehicle id="3" pos="67.88" speed="10.00"/>
                <vehicle id="2" pos="83.88" speed="10.00"/>
            </lane>
        </edge>
        <edge id="7to4">
            <lane id="7to4_0">
                <vehicle id="1" pos="3.70" speed="10.00"/>
                <vehicle id="0" pos="19.70" speed="10.00"/>
            </lane>
        </edge>
    </timestep>
    <timestep time="68.00">
        <edge id="4to5">
            <lane id="4to5_0">
                <vehicle id="11" pos="17.24" speed="10.00"/>
                <vehicle id="10" pos="33.24" speed="10.00"/>
                <vehicle id="9" pos="49.24" speed="10.00"/>
                <vehicle id="8" pos="65.24" speed="10.00"/>
            </lane>
        </edge>
        <edge id="6to7">
            <lane id="6to7_0">
                <vehicle id="7" pos="4.88" speed="10.00"/>
                <vehicle id="6" pos="20.88" speed="10.00"/>
                <vehicle id="5" pos="36.88" speed="10.00"/>
                <vehicle id="4" pos="52.88" speed="10.00"/>
                <vehicle id="3" pos="68.88" speed="10.00"/>
                <vehicle id="2" pos="84.88" speed="10.00"/>
            </lane>
        </edge>
        <edge id="7to4">
            <lane id="7to4_0">
                <vehicle id="1" pos="4.70" speed="10.00"/>
                <vehicle id="0" pos="20.70" speed="10.00"/>
            </lane>
        </edge>
    </timestep>
    <timestep time="68.10">
        <edge id="4to5">
            <lane id="4to5_0">
                <vehicle id="11" pos="18.24" speed="10.00"/>
                <vehicle id="10" pos="34.24" speed="10.00"/>
                <vehicle id="9" pos="50.24" speed="10.00"/>
                <vehicle id="8" pos="66.24" speed="10.00"/>
            </lane>
        </edge>
        <edge id="6to7">
            <lane id="6to7_0">
                <vehicle id="7" pos="5.88" speed="10.00"/>
                <vehicle id="6" pos="21.88" speed="10.00"/>
                <vehicle id="5" pos="37.88" speed="10.00"/>
                <vehicle id="4" pos="53.88" speed="10.00"/>
                <vehicle id="3" pos="69.88" speed="10.00"/>
                <vehicle id="2" pos="85.88" speed="10.00"/>
            </lane>
        </edge>
        <edge id="7to4">
            <lane id="7to4_0">
                <vehicle id="1" pos="5.70" speed="10.00"/>
                <vehicle id="0" pos="21.70" speed="10.00"/>
            </lane>
        </edge>
    </timestep>
    <timestep time="68.20">
        <edge id="4to5">
            <lane id="4to5_0">
                <vehicle id="11" pos="19.24" speed="10.00"/>
                <vehicle id="10" pos="35.24" speed="10.00"/>
                <vehicle id="9" pos="51.24" speed="10.00"/>
                <vehicle id="8" pos="67.24" speed="10.00"/>
            </lane>
        </edge>
        <edge id="6to7">
            <lane id="6to7_0">
                <vehicle id="7" pos="6.88" speed="10.00"/>
                <vehicle id="6" pos="22.88" speed="10.00"/>
                <vehicle id="5" pos="38.88" speed="10.00"/>
                <vehicle id="4" pos="54.88" speed="10.00"/>
                <vehicle id="3" pos="70.88" speed="10.00"/>
                <vehicle id="2" pos="86.88" speed="10.00"/>
            </lane>
        </edge>
        <edge id="7to4">
            <lane id="7to4_0">
                <vehicle id="1" pos="6.70" speed="10.00"/>
                <vehicle id="0" pos="22.70" speed="10.00"/>
            </lane>
        </edge>
    </timestep>
    <timestep time="68.30">
        <edge id="4to5">
            <lane id="4to5_0">
                <vehicle id="11" pos="20.24" speed="10.00"/>
                <vehicle id="10" pos="36.24" speed="10.00"/>
                <vehicle id="9" pos="52.24" speed="10.00"/>
                <vehicle id="8" pos="68.24" speed="10.00"/>
            </lane>
        </edge>
        <edge id="6to7">
            <lane id="6to7_0">
                <vehicle id="7" pos="7.88" speed="10.00"/>
                <vehicle id="6" pos="23.88" speed="10.00"/>
                <vehicle id="5" pos="39.88" speed="10.00"/>
                <vehicle id="4" pos="55.88" speed="10.00"/>
                <vehicle id="3" pos="71.88" speed="10.00"/>
                <vehicle id="2" pos="87.88" speed="10.00"/>
            </lane>
        </edge>
        <edge id="7to4">
            <lane id="7to4_0">
                <vehicle id="1" pos="7.70" speed="10.00"/>
                <vehicle id="0" pos="23.70" speed="10.00"/>
            </lane>
        </edge>
    </timestep>
    <timestep time="68.40">
        <edge id="4to5">
            <lane id="4to5_0">
                <vehicle id="11" pos="21.24" speed="10.00"/>
                <vehicle id="10" pos="37.24" speed="10.00"/>
                <vehicle id="9" pos="53.24" speed="10.00"/>
                <vehicle id="8" pos="69.24" speed="10.00"/>
            </lane>
        </edge>
        <edge id="6to7">
            <lane id="6to7_0">
                <vehicle id="7" pos="8.88" speed="10.00"/>
                <vehicle id="6" pos="24.88" speed="10.00"/>
                <vehicle id="5" pos="40.88" speed="10.00"/>
                <vehicle id="4" pos="56.88" speed="10.00"/>
                <vehicle id="3" pos="72.88" speed="10.00"/>
                <vehicle id="2" pos="88.88" speed="10.00"/>
            </lane>
        </edge>
        <edge id="7to4">
            <lane id="7to4_0">
                <vehicle id="1" pos="8.70" speed="10.00"/>
                <vehicle id="0" pos="24.70" speed="10.00"/>
            </lane>
        </edge>
    </timestep>
    <timestep time="68.50">
        <edge id="4to5">
            <lane id="4to5_0">
                <vehicle id="11" pos="22.24" speed="10.00"/>
                <vehicle id="10" pos="38.24" speed="10.00"/>
                <vehicle id="9" pos="54.24" speed="10.00"/>
                <vehicle id="8" pos="70.24" speed="10.00"/>
            </lane>
        </edge>
        <edge id="6to7">
            <lane id="6to7_0">
                <vehicle id="7" pos="9.88" speed="10.00"/>
                <vehicle id="6" pos="25.88" speed="10.00"/>
                <vehicle id="5" pos="41.88" speed="10.00"/>
                <vehicle id="4" pos="57.88" speed="10.00"/>
                <vehicle id="3" pos="73.88" speed="10.00"/>
                <vehicle id="2" pos="89.88" speed="10.00"/>
            </lane>
        </edge>
        <edge id="7to4">
            <lane id="7to4_0">
                <vehicle id="1" pos="9.70" speed="10.00"/>
                <vehicle id="0" pos="25.70" speed="10.00"/>
            </lane>
        </edge>
    </timestep>
    <timestep time="68.60">
        <edge id="4to5">
            <lane id="4to5_0">
                <vehicle id="11" pos="23.24" speed="10.00"/>
                <vehicle id="10" pos="39.24" speed="10.00"/>
                <vehicle id="9" pos="55.24" speed="10.00"/>
                <vehicle id="8" pos="71.24" speed="10.00"/>
            </lane>
        </edge>
        <edge id="6to7">
            <lane id="6to7_0">
                <vehicle id="7" pos="10.88" speed="10.00"/>
                <vehicle id="6" pos="26.88" speed="10.00"/>
                <vehicle id="5" pos="42.88" speed="10.00"/>
                <vehicle id="4" pos="58.88" speed="10.00"/>
                <vehicle id="3" pos="74.88" speed="10.00"/>
                <vehicle id="2" pos="90.88" speed="10.00"/>
            </lane>
        </edge>
        <edge id="7to4">
            <lane id="7to4_0">
                <vehicle id="1" pos="10.70" speed="10.00"/>
                <vehicle id="0" pos="26.70" speed="10.00"/>
            </lane>
        </edge>
    </timestep>
    <timestep time="68.70">
        <edge id="4to5">
            <lane id="4to5_0">
                <vehicle id="11" pos="24.24" speed="10.00"/>
                <vehicle id="10" pos="40.24" speed="10.00"/>
                <vehicle id="9" pos="56.24" speed="10.00"/>
                <vehicle id="8" pos="72.24" speed="10.00"/>
            </lane>
        </edge>
        <edge id="6to7">
            <lane id="6to7_0">
                <vehicle id="7" pos="11.88" speed="10.00"/>
                <vehicle id="6" pos="27.88" speed="10.00"/>
                <vehicle id="5" pos="43.88" speed="10.00"/>
                <vehicle id="4" pos="59.88" speed="10.00"/>
                <vehicle id="3" pos="75.88" speed="10.00"/>
                <vehicle id="2" pos="91.88" speed="10.00"/>
            </lane>
        </edge>
        <edge id="7to4">
            <lane id="7to4_0">
                <vehicle id="1" pos="11.70" speed="10.00"/>
                <vehicle id="0" pos="27.70" speed="10.00"/>
            </lane>
        </edge>
    </timestep>
    <timestep time="68.80">
        <edge id="4to5">
            <lane id="4to5_0">
                <vehicle id="11" pos="25.24" speed="10.00"/>
                <vehicle id="10" pos="41.24" speed="10.00"/>
                <vehicle id="9" pos="57.24" speed="10.00"/>
                <vehicle id="8" pos="73.24" speed="10.00"/>
            </lane>
        </edge>
        <edge id="6to7">
            <lane id="6to7_0">
                <vehicle id="7" pos="12.88" speed="10.00"/>
                <vehicle id="6" pos="28.88" speed="10.00"/>
                <vehicle id="5" pos="44.88" speed="10.00"/>
                <vehicle id="4" pos="60.88" speed="10.00"/>
                <vehicle id="3" pos="76.88" speed="10.00"/>
                <vehicle id="2" pos="92.88" speed="10.00"/>
            </lane>
        </edge>
        <edge id="7to4">
            <lane id="7to4_0">
                <vehicle id="1" pos="12.70" speed="10.00"/>
                <vehicle id="0" pos="28.70" speed="10.00"/>
            </lane>
        </edge>
    </timestep>
    <timestep time="68.90">
        <edge id=":7_0">
            <lane id=":7_0_0">
                <vehicle id="2" pos="0.28" speed="10.00"/>
            </lane>
        </edge>
        <edge id="4to5">
            <lane id="4to5_0">
                <vehicle id="11" pos="26.24" speed="10.00"/>
                <vehicle id="10" pos="42.24" speed="10.00"/>
                <vehicle id="9" pos="58.24" speed="10.00"/>
                <vehicle id="8" pos="74.24" speed="10.00"/>
            </lane>
        </edge>
        <edge id="6to7">
            <lane id="6to7_0">
                <vehicle id="7" pos="13.88" speed="10.00"/>
                <vehicle id="6" pos="29.88" speed="10.00"/>
                <vehicle id="5" pos="45.88" speed="10.00"/>
                <vehicle id="4" pos="61.88" speed="10.00"/>
                <vehicle id="3" pos="77.88" speed="10.00"/>
            </lane>
        </edge>
        <edge id="7to4">
            <lane id="7to4_0">
                <vehicle id="1" pos="13.70" speed="10.00"/>
                <vehicle id="0" pos="29.70" speed="10.00"/>
            </lane>
        </edge>
    </timestep>
    <timestep time="69.00">
        <edge id=":7_0">
            <lane id=":7_0_0">
                <vehicle id="2" pos="1.28" speed="10.00"/>
            </lane>
        </edge>
        <edge id="4to5">
            <lane id="4to5_0">
                <vehicle id="11" pos="27.24" speed="10.00"/>
                <vehicle id="10" pos="43.24" speed="10.00"/>
                <vehicle id="9" pos="59.24" speed="10.00"/>
                <vehicle id="8" pos="75.24" speed="10.00"/>
            </lane>
        </edge>
        <edge id="6to7">
            <lane id="6to7_0">
                <vehicle id="7" pos="14.88" speed="10.00"/>
                <vehicle id="6" pos="30.88" speed="10.00"/>
                <vehicle id="5" pos="46.88" speed="10.00"/>
                <vehicle id="4" pos="62.88" speed="10.00"/>
                <vehicle id="3" pos="78.88" speed="10.00"/>
            </lane>
        </edge>
        <edge id="7to4">
            <lane id="7to4_0">
                <vehicle id="1" pos="14.70" speed="10.00"/>
                <vehicle id="0" pos="30.70" speed="10.00"/>
            </lane>
        </edge>
    </timestep>
    <timestep time="69.10">
        <edge id=":7_0">
            <lane id=":7_0_0">
                <vehicle id="2" pos="2.28" speed="10.00"/>
            </lane>
        </edge>
        <edge id="4to5">
            <lane id="4to5_0">
                <vehicle id="11" pos="28.24" speed="10.00"/>
                <vehicle id="10" pos="44.24" speed="10.00"/>
                <vehicle id="9" pos="60.24" speed="10.00"/>
                <vehicle id="8" pos="76.24" speed="10.00"/>
            </lane>
        </edge>
        <edge id="6to7">
            <lane id="6to7_0">
                <vehicle id="7" pos="15.88" speed="10.00"/>
                <vehicle id="6" pos="31.88" speed="10.00"/>
                <vehicle id="5" pos="47.88" speed="10.00"/>
                <vehicle id="4" pos="63.88" speed="10.00"/>
                <vehicle id="3" pos="79.88" speed="10.00"/>
            </lane>
        </edge>
        <edge id="7to4">
            <lane id="7to4_0">
                <vehicle id="1" pos="15.70" speed="10.00"/>
                <vehicle id="0" pos="31.70" speed="10.00"/>
            </lane>
        </edge>
    </timestep>
    <timestep time="69.20">
        <edge id="4to5">
            <lane id="4to5_0">
                <vehicle id="11" pos="29.24" speed="10.00"/>
                <vehicle id="10" pos="45.24" speed="10.00"/>
                <vehicle id="9" pos="61.24" speed="10.00"/>
                <vehicle id="8" pos="77.24" speed="10.00"/>
            </lane>
        </edge>
        <edge id="6to7">
            <lane id="6to7_0">
                <vehicle id="7" pos="16.88" speed="10.00"/>
                <vehicle id="6" pos="32.88" speed="10.00"/>
                <vehicle id="5" pos="48.88" speed="10.00"/>
                <vehicle id="4" pos="64.88" speed="10.00"/>
                <vehicle id="3" pos="80.88" speed="10.00"/>
            </lane>
        </edge>
        <edge id="7to4">
            <lane id="7to4_0">
                <vehicle id="2" pos="0.70" speed="10.00"/>
                <vehicle id="1" pos="16.70" speed="10.00"/>
                <vehicle id="0" pos="32.70" speed="10.00"/>
            </lane>
        </edge>
    </timestep>
    <timestep time="69.30">
        <edge id="4to5">
            <lane id="4to5_0">
                <vehicle id="11" pos="30.24" speed="10.00"/>
                <vehicle id="10" pos="46.24" speed="10.00"/>
                <vehicle id="9" pos="62.24" speed="10.00"/>
                <vehicle id="8" pos="78.24" speed="10.00"/>
            </lane>
        </edge>
        <edge id="6to7">
            <lane id="6to7_0">
                <vehicle id="7" pos="17.88" speed="10.00"/>
                <vehicle id="6" pos="33.88" speed="10.00"/>
                <vehicle id="5" pos="49.88" speed="10.00"/>
                <vehicle id="4" pos="65.88" speed="10.00"/>
                <vehicle id="3" pos="81.88" speed="10.00"/>
            </lane>
        </edge>
        <edge id="7to4">
            <lane id="7to4_0">
                <vehicle id="2" pos="1.70" speed="10.00"/>
                <vehicle id="1" pos="17.70" speed="10.00"/>
                <vehicle id="0" pos="33.70" speed="10.00"/>
            </lane>
        </edge>
    </timestep>
    <timestep time="69.40">
        <edge id="4to5">
            <lane id="4to5_0">
                <vehicle id="11" pos="31.24" speed="10.00"/>
                <vehicle id="10" pos="47.24" speed="10.00"/>
                <vehicle id="9" pos="63.24" speed="10.00"/>
                <vehicle id="8" pos="79.24" speed="10.00"/>
            </lane>
        </edge>
        <edge id="6to7">
            <lane id="6to7_0">
                <vehicle id="7" pos="18.88" speed="10.00"/>
                <vehicle id="6" pos="34.88" speed="10.00"/>
                <vehicle id="5" pos="50.88" speed="10.00"/>
                <vehicle id="4" pos="66.88" speed="10.00"/>
                <vehicle id="3" pos="82.88" speed="10.00"/>
            </lane>
        </edge>
        <edge id="7to4">
            <lane id="7to4_0">
                <vehicle id="2" pos="2.70" speed="10.00"/>
                <vehicle id="1" pos="18.70" speed="10.00"/>
                <vehicle id="0" pos="34.70" speed="10.00"/>
            </lane>
        </edge>
    </timestep>
    <timestep time="69.50">
        <edge id="4to5">
            <lane id="4to5_0">
                <vehicle id="11" pos="32.24" speed="10.00"/>
                <vehicle id="10" pos="48.24" speed="10.00"/>
                <vehicle id="9" pos="64.24" speed="10.00"/>
                <vehicle id="8" pos="80.24" speed="10.00"/>
            </lane>
        </edge>
        <edge id="6to7">
            <lane id="6to7_0">
                <vehicle id="7" pos="19.88" speed="10.00"/>
                <vehicle id="6" pos="35.88" speed="10.00"/>
                <vehicle id="5" pos="51.88" speed="10.00"/>
                <vehicle id="4" pos="67.88" speed="10.00"/>
                <vehicle id="3" pos="83.88" speed="10.00"/>
            </lane>
        </edge>
        <edge id="7to4">
            <lane id="7to4_0">
                <vehicle id="2" pos="3.70" speed="10.00"/>
                <vehicle id="1" pos="19.70" speed="10.00"/>
                <vehicle id="0" pos="35.70" speed="10.00"/>
            </lane>
        </edge>
    </timestep>
    <timestep time="69.60">
        <edge id="4to5">
            <lane id="4to5_0">
                <vehicle id="11" pos="33.24" speed="10.00"/>
                <vehicle id="10" pos="49.24" speed="10.00"/>
                <vehicle id="9" pos="65.24" speed="10.00"/>
                <vehicle id="8" pos="81.24" speed="10.00"/>
            </lane>
        </edge>
        <edge id="6to7">
            <lane id="6to7_0">
                <vehicle id="7" pos="20.88" speed="10.00"/>
                <vehicle id="6" pos="36.88" speed="10.00"/>
                <vehicle id="5" pos="52.88" speed="10.00"/>
                <vehicle id="4" pos="68.88" speed="10.00"/>
                <vehicle id="3" pos="84.88" speed="10.00"/>
            </lane>
        </edge>
        <edge id="7to4">
            <lane id="7to4_0">
                <vehicle id="2" pos="4.70" speed="10.00"/>
                <vehicle id="1" pos="20.70" speed="10.00"/>
                <vehicle id="0" pos="36.70" speed="10.00"/>
            </lane>
        </edge>
    </timestep>
    <timestep time="69.70">
        <edge id="4to5">
            <lane id="4to5_0">
                <vehicle id="11" pos="34.24" speed="10.00"/>
                <vehicle id="10" pos="50.24" speed="10.00"/>
                <vehicle id="9" pos="66.24" speed="10.00"/>
                <vehicle id="8" pos="82.24" speed="10.00"/>
            </lane>
        </edge>
        <edge id="6to7">
            <lane id="6to7_0">
                <vehicle id="7" pos="21.88" speed="10.00"/>
                <vehicle id="6" pos="37.88" speed="10.00"/>
                <vehicle id="5" pos="53.88" speed="10.00"/>
                <vehicle id="4" pos="69.88" speed="10.00"/>
                <vehicle id="3" pos="85.88" speed="10.00"/>
            </lane>
        </edge>
        <edge id="7to4">
            <lane id="7to4_0">
                <vehicle id="2" pos="5.70" speed="10.00"/>
                <vehicle id="1" pos="21.70" speed="10.00"/>
                <vehicle id="0" pos="37.70" speed="10.00"/>
            </lane>
        </edge>
    </timestep>
    <timestep time="69.80">
        <edge id="4to5">
            <lane id="4to5_0">
                <vehicle id="11" pos="35.24" speed="10.00"/>
                <vehicle id="10" pos="51.24" speed="10.00"/>
                <vehicle id="9" pos="67.24" speed="10.00"/>
                <vehicle id="8" pos="83.24" speed="10.00"/>
            </lane>
        </edge>
        <edge id="6to7">
            <lane id="6to7_0">
                <vehicle id="7" pos="22.88" speed="10.00"/>
                <vehicle id="6" pos="38.88" speed="10.00"/>
                <vehicle id="5" pos="54.88" speed="10.00"/>
                <vehicle id="4" pos="70.88" speed="10.00"/>
                <vehicle id="3" pos="86.88" speed="10.00"/>
            </lane>
        </edge>
        <edge id="7to4">
            <lane id="7to4_0">
                <vehicle id="2" pos="6.70" speed="10.00"/>
                <vehicle id="1" pos="22.70" speed="10.00"/>
                <vehicle id="0" pos="38.70" speed="10.00"/>
            </lane>
        </edge>
    </timestep>
    <timestep time="69.90">
        <edge id="4to5">
            <lane id="4to5_0">
                <vehicle id="11" pos="36.24" speed="10.00"/>
                <vehicle id="10" pos="52.24" speed="10.00"/>
                <vehicle id="9" pos="68.24" speed="10.00"/>
                <vehicle id="8" pos="84.24" speed="10.00"/>
            </lane>
        </edge>
        <edge id="6to7">
            <lane id="6to7_0">
                <vehicle id="7" pos="23.88" speed="10.00"/>
                <vehicle id="6" pos="39.88" speed="10.00"/>
                <vehicle id="5" pos="55.88" speed="10.00"/>
                <vehicle id="4" pos="71.88" speed="10.00"/>
                <vehicle id="3" pos="87.88" speed="10.00"/>
            </lane>
        </edge>
        <edge id="7to4">
            <lane id="7to4_0">
                <vehicle id="2" pos="7.70" speed="10.00"/>
                <vehicle id="1" pos="23.70" speed="10.00"/>
                <vehicle id="0" pos="39.70" speed="10.00"/>
            </lane>
        </edge>
    </timestep>
    <timestep time="70.00">
        <edge id="4to5">
            <lane id="4to5_0">
                <vehicle id="11" pos="37.24" speed="10.00"/>
                <vehicle id="10" pos="53.24" speed="10.00"/>
                <vehicle id="9" pos="69.24" speed="10.00"/>
                <vehicle id="8" pos="85.24" speed="10.00"/>
            </lane>
        </edge>
        <edge id="6to7">
            <lane id="6to7_0">
                <vehicle id="7" pos="24.88" speed="10.00"/>
                <vehicle id="6" pos="40.88" speed="10.00"/>
                <vehicle id="5" pos="56.88" speed="10.00"/>
                <vehicle id="4" pos="72.88" speed="10.00"/>
                <vehicle id="3" pos="88.88" speed="10.00"/>
            </lane>
        </edge>
        <edge id="7to4">
            <lane id="7to4_0">
                <vehicle id="2" pos="8.70" speed="10.00"/>
                <vehicle id="1" pos="24.70" speed="10.00"/>
                <vehicle id="0" pos="40.70" speed="10.00"/>
            </lane>
        </edge>
    </timestep>
    <timestep time="70.10">
        <edge id="4to5">
            <lane id="4to5_0">
                <vehicle id="11" pos="38.24" speed="10.00"/>
                <vehicle id="10" pos="54.24" speed="10.00"/>
                <vehicle id="9" pos="70.24" speed="10.00"/>
                <vehicle id="8" pos="86.24" speed="10.00"/>
            </lane>
        </edge>
        <edge id="6to7">
            <lane id="6to7_0">
                <vehicle id="7" pos="25.88" speed="10.00"/>
                <vehicle id="6" pos="41.88" speed="10.00"/>
                <vehicle id="5" pos="57.88" speed="10.00"/>
                <vehicle id="4" pos="73.88" speed="10.00"/>
                <vehicle id="3" pos="89.88" speed="10.00"/>
            </lane>
        </edge>
        <edge id="7to4">
            <lane id="7to4_0">
                <vehicle id="2" pos="9.70" speed="10.00"/>
                <vehicle id="1" pos="25.70" speed="10.00"/>
                <vehicle id="0" pos="41.70" speed="10.00"/>
            </lane>
        </edge>
    </timestep>
    <timestep time="70.20">
        <edge id="4to5">
            <lane id="4to5_0">
                <vehicle id="11" pos="39.24" speed="10.00"/>
                <vehicle id="10" pos="55.24" speed="10.00"/>
                <vehicle id="9" pos="71.24" speed="10.00"/>
                <vehicle id="8" pos="87.24" speed="10.00"/>
            </lane>
        </edge>
        <edge id="6to7">
            <lane id="6to7_0">
                <vehicle id="7" pos="26.88" speed="10.00"/>
                <vehicle id="6" pos="42.88" speed="10.00"/>
                <vehicle id="5" pos="58.88" speed="10.00"/>
                <vehicle id="4" pos="74.88" speed="10.00"/>
                <vehicle id="3" pos="90.88" speed="10.00"/>
            </lane>
        </edge>
        <edge id="7to4">
            <lane id="7to4_0">
                <vehicle id="2" pos="10.70" speed="10.00"/>
                <vehicle id="1" pos="26.70" speed="10.00"/>
                <vehicle id="0" pos="42.70" speed="10.00"/>
            </lane>
        </edge>
    </timestep>
    <timestep time="70.30">
        <edge id="4to5">
            <lane id="4to5_0">
                <vehicle id="11" pos="40.24" speed="10.00"/>
                <vehicle id="10" pos="56.24" speed="10.00"/>
                <vehicle id="9" pos="72.24" speed="10.00"/>
                <vehicle id="8" pos="88.24" speed="10.00"/>
            </lane>
        </edge>
        <edge id="6to7">
            <lane id="6to7_0">
                <vehicle id="7" pos="27.88" speed="10.00"/>
                <vehicle id="6" pos="43.88" speed="10.00"/>
                <vehicle id="5" pos="59.88" speed="10.00"/>
                <vehicle id="4" pos="75.88" speed="10.00"/>
                <vehicle id="3" pos="91.88" speed="10.00"/>
            </lane>
        </edge>
        <edge id="7to4">
            <lane id="7to4_0">
                <vehicle id="2" pos="11.70" speed="10.00"/>
                <vehicle id="1" pos="27.70" speed="10.00"/>
                <vehicle id="0" pos="43.70" speed="10.00"/>
            </lane>
        </edge>
    </timestep>
    <timestep time="70.40">
        <edge id="4to5">
            <lane id="4to5_0">
                <vehicle id="11" pos="41.24" speed="10.00"/>
                <vehicle id="10" pos="57.24" speed="10.00"/>
                <vehicle id="9" pos="73.24" speed="10.00"/>
                <vehicle id="8" pos="89.24" speed="10.00"/>
            </lane>
        </edge>
        <edge id="6to7">
            <lane id="6to7_0">
                <vehicle id="7" pos="28.88" speed="10.00"/>
                <vehicle id="6" pos="44.88" speed="10.00"/>
                <vehicle id="5" pos="60.88" speed="10.00"/>
                <vehicle id="4" pos="76.88" speed="10.00"/>
                <vehicle id="3" pos="92.88" speed="10.00"/>
            </lane>
        </edge>
        <edge id="7to4">
            <lane id="7to4_0">
                <vehicle id="2" pos="12.70" speed="10.00"/>
                <vehicle id="1" pos="28.70" speed="10.00"/>
                <vehicle id="0" pos="44.70" speed="10.00"/>
            </lane>
        </edge>
    </timestep>
    <timestep time="70.50">
        <edge id=":5_0">
            <lane id=":5_0_0">
                <vehicle id="8" pos="0.64" speed="10.00"/>
            </lane>
        </edge>
        <edge id=":7_0">
            <lane id=":7_0_0">
                <vehicle id="3" pos="0.28" speed="10.00"/>
            </lane>
        </edge>
        <edge id="4to5">
            <lane id="4to5_0">
                <vehicle id="11" pos="42.24" speed="10.00"/>
                <vehicle id="10" pos="58.24" speed="10.00"/>
                <vehicle id="9" pos="74.24" speed="10.00"/>
            </lane>
        </edge>
        <edge id="6to7">
            <lane id="6to7_0">
                <vehicle id="7" pos="29.88" speed="10.00"/>
                <vehicle id="6" pos="45.88" speed="10.00"/>
                <vehicle id="5" pos="61.88" speed="10.00"/>
                <vehicle id="4" pos="77.88" speed="10.00"/>
            </lane>
        </edge>
        <edge id="7to4">
            <lane id="7to4_0">
                <vehicle id="2" pos="13.70" speed="10.00"/>
                <vehicle id="1" pos="29.70" speed="10.00"/>
                <vehicle id="0" pos="45.70" speed="10.00"/>
            </lane>
        </edge>
    </timestep>
    <timestep time="70.60">
        <edge id=":5_0">
            <lane id=":5_0_0">
                <vehicle id="8" pos="1.64" speed="10.00"/>
            </lane>
        </edge>
        <edge id=":7_0">
            <lane id=":7_0_0">
                <vehicle id="3" pos="1.28" speed="10.00"/>
            </lane>
        </edge>
        <edge id="4to5">
            <lane id="4to5_0">
                <vehicle id="11" pos="43.24" speed="10.00"/>
                <vehicle id="10" pos="59.24" speed="10.00"/>
                <vehicle id="9" pos="75.24" speed="10.00"/>
            </lane>
        </edge>
        <edge id="6to7">
            <lane id="6to7_0">
                <vehicle id="7" pos="30.88" speed="10.00"/>
                <vehicle id="6" pos="46.88" speed="10.00"/>
                <vehicle id="5" pos="62.88" speed="10.00"/>
                <vehicle id="4" pos="78.88" speed="10.00"/>
            </lane>
        </edge>
        <edge id="7to4">
            <lane id="7to4_0">
                <vehicle id="2" pos="14.70" speed="10.00"/>
                <vehicle id="1" pos="30.70" speed="10.00"/>
                <vehicle id="0" pos="46.70" speed="10.00"/>
            </lane>
        </edge>
    </timestep>
    <timestep time="70.70">
        <edge id=":7_0">
            <lane id=":7_0_0">
                <vehicle id="3" pos="2.28" speed="10.00"/>
            </lane>
        </edge>
        <edge id="4to5">
            <lane id="4to5_0">
                <vehicle id="11" pos="44.24" speed="10.00"/>
                <vehicle id="10" pos="60.24" speed="10.00"/>
                <vehicle id="9" pos="76.24" speed="10.00"/>
            </lane>
        </edge>
        <edge id="5to6">
            <lane id="5to6_0">
                <vehicle id="8" pos="0.06" speed="10.00"/>
            </lane>
        </edge>
        <edge id="6to7">
            <lane id="6to7_0">
                <vehicle id="7" pos="31.88" speed="10.00"/>
                <vehicle id="6" pos="47.88" speed="10.00"/>
                <vehicle id="5" pos="63.88" speed="10.00"/>
                <vehicle id="4" pos="79.88" speed="10.00"/>
            </lane>
        </edge>
        <edge id="7to4">
            <lane id="7to4_0">
                <vehicle id="2" pos="15.70" speed="10.00"/>
                <vehicle id="1" pos="31.70" speed="10.00"/>
                <vehicle id="0" pos="47.70" speed="10.00"/>
            </lane>
        </edge>
    </timestep>
    <timestep time="70.80">
        <edge id="4to5">
            <lane id="4to5_0">
                <vehicle id="11" pos="45.24" speed="10.00"/>
                <vehicle id="10" pos="61.24" speed="10.00"/>
                <vehicle id="9" pos="77.24" speed="10.00"/>
            </lane>
        </edge>
        <edge id="5to6">
            <lane id="5to6_0">
                <vehicle id="8" pos="1.06" speed="10.00"/>
            </lane>
        </edge>
        <edge id="6to7">
            <lane id="6to7_0">
                <vehicle id="7" pos="32.88" speed="10.00"/>
                <vehicle id="6" pos="48.88" speed="10.00"/>
                <vehicle id="5" pos="64.88" speed="10.00"/>
                <vehicle id="4" pos="80.88" speed="10.00"/>
            </lane>
        </edge>
        <edge id="7to4">
            <lane id="7to4_0">
                <vehicle id="3" pos="0.70" speed="10.00"/>
                <vehicle id="2" pos="16.70" speed="10.00"/>
                <vehicle id="1" pos="32.70" speed="10.00"/>
                <vehicle id="0" pos="48.70" speed="10.00"/>
            </lane>
        </edge>
    </timestep>
    <timestep time="70.90">
        <edge id="4to5">
            <lane id="4to5_0">
                <vehicle id="11" pos="46.24" speed="10.00"/>
                <vehicle id="10" pos="62.24" speed="10.00"/>
                <vehicle id="9" pos="78.24" speed="10.00"/>
            </lane>
        </edge>
        <edge id="5to6">
            <lane id="5to6_0">
                <vehicle id="8" pos="2.06" speed="10.00"/>
            </lane>
        </edge>
        <edge id="6to7">
            <lane id="6to7_0">
                <vehicle id="7" pos="33.88" speed="10.00"/>
                <vehicle id="6" pos="49.88" speed="10.00"/>
                <vehicle id="5" pos="65.88" speed="10.00"/>
                <vehicle id="4" pos="81.88" speed="10.00"/>
            </lane>
        </edge>
        <edge id="7to4">
            <lane id="7to4_0">
                <vehicle id="3" pos="1.70" speed="10.00"/>
                <vehicle id="2" pos="17.70" speed="10.00"/>
                <vehicle id="1" pos="33.70" speed="10.00"/>
                <vehicle id="0" pos="49.70" speed="10.00"/>
            </lane>
        </edge>
    </timestep>
    <timestep time="71.00">
        <edge id="4to5">
            <lane id="4to5_0">
                <vehicle id="11" pos="47.24" speed="10.00"/>
                <vehicle id="10" pos="63.24" speed="10.00"/>
                <vehicle id="9" pos="79.24" speed="10.00"/>
            </lane>
        </edge>
        <edge id="5to6">
            <lane id="5to6_0">
                <vehicle id="8" pos="3.06" speed="10.00"/>
            </lane>
        </edge>
        <edge id="6to7">
            <lane id="6to7_0">
                <vehicle id="7" pos="34.88" speed="10.00"/>
                <vehicle id="6" pos="50.88" speed="10.00"/>
                <vehicle id="5" pos="66.88" speed="10.00"/>
                <vehicle id="4" pos="82.88" speed="10.00"/>
            </lane>
        </edge>
        <edge id="7to4">
            <lane id="7to4_0">
                <vehicle id="3" pos="2.70" speed="10.00"/>
                <vehicle id="2" pos="18.70" speed="10.00"/>
                <vehicle id="1" pos="34.70" speed="10.00"/>
                <vehicle id="0" pos="50.70" speed="10.00"/>
            </lane>
        </edge>
    </timestep>
    <timestep time="71.10">
        <edge id="4to5">
            <lane id="4to5_0">
                <vehicle id="11" pos="48.24" speed="10.00"/>
                <vehicle id="10" pos="64.24" speed="10.00"/>
                <vehicle id="9" pos="80.24" speed="10.00"/>
            </lane>
        </edge>
        <edge id="5to6">
            <lane id="5to6_0">
                <vehicle id="8" pos="4.06" speed="10.00"/>
            </lane>
        </edge>
        <edge id="6to7">
            <lane id="6to7_0">
                <vehicle id="7" pos="35.88" speed="10.00"/>
                <vehicle id="6" pos="51.88" speed="10.00"/>
                <vehicle id="5" pos="67.88" speed="10.00"/>
                <vehicle id="4" pos="83.88" speed="10.00"/>
            </lane>
        </edge>
        <edge id="7to4">
            <lane id="7to4_0">
                <vehicle id="3" pos="3.70" speed="10.00"/>
                <vehicle id="2" pos="19.70" speed="10.00"/>
                <vehicle id="1" pos="35.70" speed="10.00"/>
                <vehicle id="0" pos="51.70" speed="10.00"/>
            </lane>
        </edge>
    </timestep>
    <timestep time="71.20">
        <edge id="4to5">
            <lane id="4to5_0">
                <vehicle id="11" pos="49.24" speed="10.00"/>
                <vehicle id="10" pos="65.24" speed="10.00"/>
                <vehicle id="9" pos="81.24" speed="10.00"/>
            </lane>
        </edge>
        <edge id="5to6">
            <lane id="5to6_0">
                <vehicle id="8" pos="5.06" speed="10.00"/>
            </lane>
        </edge>
        <edge id="6to7">
            <lane id="6to7_0">
                <vehicle id="7" pos="36.88" speed="10.00"/>
                <vehicle id="6" pos="52.88" speed="10.00"/>
                <vehicle id="5" pos="68.88" speed="10.00"/>
                <vehicle id="4" pos="84.88" speed="10.00"/>
            </lane>
        </edge>
        <edge id="7to4">
            <lane id="7to4_0">
                <vehicle id="3" pos="4.70" speed="10.00"/>
                <vehicle id="2" pos="20.70" speed="10.00"/>
                <vehicle id="1" pos="36.70" speed="10.00"/>
                <vehicle id="0" pos="52.70" speed="10.00"/>
            </lane>
        </edge>
    </timestep>
    <timestep time="71.30">
        <edge id="4to5">
            <lane id="4to5_0">
                <vehicle id="11" pos="50.24" speed="10.00"/>
                <vehicle id="10" pos="66.24" speed="10.00"/>
                <vehicle id="9" pos="82.24" speed="10.00"/>
            </lane>
        </edge>
        <edge id="5to6">
            <lane id="5to6_0">
                <vehicle id="8" pos="6.06" speed="10.00"/>
            </lane>
        </edge>
        <edge id="6to7">
            <lane id="6to7_0">
                <vehicle id="7" pos="37.88" speed="10.00"/>
                <vehicle id="6" pos="53.88" speed="10.00"/>
                <vehicle id="5" pos="69.88" speed="10.00"/>
                <vehicle id="4" pos="85.88" speed="10.00"/>
            </lane>
        </edge>
        <edge id="7to4">
            <lane id="7to4_0">
                <vehicle id="3" pos="5.70" speed="10.00"/>
                <vehicle id="2" pos="21.70" speed="10.00"/>
                <vehicle id="1" pos="37.70" speed="10.00"/>
                <vehicle id="0" pos="53.70" speed="10.00"/>
            </lane>
        </edge>
    </timestep>
    <timestep time="71.40">
        <edge id="4to5">
            <lane id="4to5_0">
                <vehicle id="11" pos="51.24" speed="10.00"/>
                <vehicle id="10" pos="67.24" speed="10.00"/>
                <vehicle id="9" pos="83.24" speed="10.00"/>
            </lane>
        </edge>
        <edge id="5to6">
            <lane id="5to6_0">
                <vehicle id="8" pos="7.06" speed="10.00"/>
            </lane>
        </edge>
        <edge id="6to7">
            <lane id="6to7_0">
                <vehicle id="7" pos="38.88" speed="10.00"/>
                <vehicle id="6" pos="54.88" speed="10.00"/>
                <vehicle id="5" pos="70.88" speed="10.00"/>
                <vehicle id="4" pos="86.88" speed="10.00"/>
            </lane>
        </edge>
        <edge id="7to4">
            <lane id="7to4_0">
                <vehicle id="3" pos="6.70" speed="10.00"/>
                <vehicle id="2" pos="22.70" speed="10.00"/>
                <vehicle id="1" pos="38.70" speed="10.00"/>
                <vehicle id="0" pos="54.70" speed="10.00"/>
            </lane>
        </edge>
    </timestep>
    <timestep time="71.50">
        <edge id="4to5">
            <lane id="4to5_0">
                <vehicle id="11" pos="52.24" speed="10.00"/>
                <vehicle id="10" pos="68.24" speed="10.00"/>
                <vehicle id="9" pos="84.24" speed="10.00"/>
            </lane>
        </edge>
        <edge id="5to6">
            <lane id="5to6_0">
                <vehicle id="8" pos="8.06" speed="10.00"/>
            </lane>
        </edge>
        <edge id="6to7">
            <lane id="6to7_0">
                <vehicle id="7" pos="39.88" speed="10.00"/>
                <vehicle id="6" pos="55.88" speed="10.00"/>
                <vehicle id="5" pos="71.88" speed="10.00"/>
                <vehicle id="4" pos="87.88" speed="10.00"/>
            </lane>
        </edge>
        <edge id="7to4">
            <lane id="7to4_0">
                <vehicle id="3" pos="7.70" speed="10.00"/>
                <vehicle id="2" pos="23.70" speed="10.00"/>
                <vehicle id="1" pos="39.70" speed="10.00"/>
                <vehicle id="0" pos="55.70" speed="10.00"/>
            </lane>
        </edge>
    </timestep>
    <timestep time="71.60">
        <edge id="4to5">
            <lane id="4to5_0">
                <vehicle id="11" pos="53.24" speed="10.00"/>
                <vehicle id="10" pos="69.24" speed="10.00"/>
                <vehicle id="9" pos="85.24" speed="10.00"/>
            </lane>
        </edge>
        <edge id="5to6">
            <lane id="5to6_0">
                <vehicle id="8" pos="9.06" speed="10.00"/>
            </lane>
        </edge>
        <edge id="6to7">
            <lane id="6to7_0">
                <vehicle id="7" pos="40.88" speed="10.00"/>
                <vehicle id="6" pos="56.88" speed="10.00"/>
                <vehicle id="5" pos="72.88" speed="10.00"/>
                <vehicle id="4" pos="88.88" speed="10.00"/>
            </lane>
        </edge>
        <edge id="7to4">
            <lane id="7to4_0">
                <vehicle id="3" pos="8.70" speed="10.00"/>
                <vehicle id="2" pos="24.70" speed="10.00"/>
                <vehicle id="1" pos="40.70" speed="10.00"/>
                <vehicle id="0" pos="56.70" speed="10.00"/>
            </lane>
        </edge>
    </timestep>
    <timestep time="71.70">
        <edge id="4to5">
            <lane id="4to5_0">
                <vehicle id="11" pos="54.24" speed="10.00"/>
                <vehicle id="10" pos="70.24" speed="10.00"/>
                <vehicle id="9" pos="86.24" speed="10.00"/>
            </lane>
        </edge>
        <edge id="5to6">
            <lane id="5to6_0">
                <vehicle id="8" pos="10.06" speed="10.00"/>
            </lane>
        </edge>
        <edge id="6to7">
            <lane id="6to7_0">
                <vehicle id="7" pos="41.88" speed="10.00"/>
                <vehicle id="6" pos="57.88" speed="10.00"/>
                <vehicle id="5" pos="73.88" speed="10.00"/>
                <vehicle id="4" pos="89.88" speed="10.00"/>
            </lane>
        </edge>
        <edge id="7to4">
            <lane id="7to4_0">
                <vehicle id="3" pos="9.70" speed="10.00"/>
                <vehicle id="2" pos="25.70" speed="10.00"/>
                <vehicle id="1" pos="41.70" speed="10.00"/>
                <vehicle id="0" pos="57.70" speed="10.00"/>
            </lane>
        </edge>
    </timestep>
    <timestep time="71.80">
        <edge id="4to5">
            <lane id="4to5_0">
                <vehicle id="11" pos="55.24" speed="10.00"/>
                <vehicle id="10" pos="71.24" speed="10.00"/>
                <vehicle id="9" pos="87.24" speed="10.00"/>
            </lane>
        </edge>
        <edge id="5to6">
            <lane id="5to6_0">
                <vehicle id="8" pos="11.06" speed="10.00"/>
            </lane>
        </edge>
        <edge id="6to7">
            <lane id="6to7_0">
                <vehicle id="7" pos="42.88" speed="10.00"/>
                <vehicle id="6" pos="58.88" speed="10.00"/>
                <vehicle id="5" pos="74.88" speed="10.00"/>
                <vehicle id="4" pos="90.88" speed="10.00"/>
            </lane>
        </edge>
        <edge id="7to4">
            <lane id="7to4_0">
                <vehicle id="3" pos="10.70" speed="10.00"/>
                <vehicle id="2" pos="26.70" speed="10.00"/>
                <vehicle id="1" pos="42.70" speed="10.00"/>
                <vehicle id="0" pos="58.70" speed="10.00"/>
            </lane>
        </edge>
    </timestep>
    <timestep time="71.90">
        <edge id="4to5">
            <lane id="4to5_0">
                <vehicle id="11" pos="56.24" speed="10.00"/>
                <vehicle id="10" pos="72.24" speed="10.00"/>
                <vehicle id="9" pos="88.24" speed="10.00"/>
            </lane>
        </edge>
        <edge id="5to6">
            <lane id="5to6_0">
                <vehicle id="8" pos="12.06" speed="10.00"/>
            </lane>
        </edge>
        <edge id="6to7">
            <lane id="6to7_0">
                <vehicle id="7" pos="43.88" speed="10.00"/>
                <vehicle id="6" pos="59.88" speed="10.00"/>
                <vehicle id="5" pos="75.88" speed="10.00"/>
                <vehicle id="4" pos="91.88" speed="10.00"/>
            </lane>
        </edge>
        <edge id="7to4">
            <lane id="7to4_0">
                <vehicle id="3" pos="11.70" speed="10.00"/>
                <vehicle id="2" pos="27.70" speed="10.00"/>
                <vehicle id="1" pos="43.70" speed="10.00"/>
                <vehicle id="0" pos="59.70" speed="10.00"/>
            </lane>
        </edge>
    </timestep>
    <timestep time="72.00">
        <edge id="4to5">
            <lane id="4to5_0">
                <vehicle id="11" pos="57.24" speed="10.00"/>
                <vehicle id="10" pos="73.24" speed="10.00"/>
                <vehicle id="9" pos="89.24" speed="10.00"/>
            </lane>
        </edge>
        <edge id="5to6">
            <lane id="5to6_0">
                <vehicle id="8" pos="13.06" speed="10.00"/>
            </lane>
        </edge>
        <edge id="6to7">
            <lane id="6to7_0">
                <vehicle id="7" pos="44.88" speed="10.00"/>
                <vehicle id="6" pos="60.88" speed="10.00"/>
                <vehicle id="5" pos="76.88" speed="10.00"/>
                <vehicle id="4" pos="92.88" speed="10.00"/>
            </lane>
        </edge>
        <edge id="7to4">
            <lane id="7to4_0">
                <vehicle id="3" pos="12.70" speed="10.00"/>
                <vehicle id="2" pos="28.70" speed="10.00"/>
                <vehicle id="1" pos="44.70" speed="10.00"/>
                <vehicle id="0" pos="60.70" speed="10.00"/>
            </lane>
        </edge>
    </timestep>
    <timestep time="72.10">
        <edge id=":5_0">
            <lane id=":5_0_0">
                <vehicle id="9" pos="0.64" speed="10.00"/>
            </lane>
        </edge>
        <edge id=":7_0">
            <lane id=":7_0_0">
                <vehicle id="4" pos="0.28" speed="10.00"/>
            </lane>
        </edge>
        <edge id="4to5">
            <lane id="4to5_0">
                <vehicle id="11" pos="58.24" speed="10.00"/>
                <vehicle id="10" pos="74.24" speed="10.00"/>
            </lane>
        </edge>
        <edge id="5to6">
            <lane id="5to6_0">
                <vehicle id="8" pos="14.06" speed="10.00"/>
            </lane>
        </edge>
        <edge id="6to7">
            <lane id="6to7_0">
                <vehicle id="7" pos="45.88" speed="10.00"/>
                <vehicle id="6" pos="61.88" speed="10.00"/>
                <vehicle id="5" pos="77.88" speed="10.00"/>
            </lane>
        </edge>
        <edge id="7to4">
            <lane id="7to4_0">
                <vehicle id="3" pos="13.70" speed="10.00"/>
                <vehicle id="2" pos="29.70" speed="10.00"/>
                <vehicle id="1" pos="45.70" speed="10.00"/>
                <vehicle id="0" pos="61.70" speed="10.00"/>
            </lane>
        </edge>
    </timestep>
    <timestep time="72.20">
        <edge id=":5_0">
            <lane id=":5_0_0">
                <vehicle id="9" pos="1.64" speed="10.00"/>
            </lane>
        </edge>
        <edge id=":7_0">
            <lane id=":7_0_0">
                <vehicle id="4" pos="1.28" speed="10.00"/>
            </lane>
        </edge>
        <edge id="4to5">
            <lane id="4to5_0">
                <vehicle id="11" pos="59.24" speed="10.00"/>
                <vehicle id="10" pos="75.24" speed="10.00"/>
            </lane>
        </edge>
        <edge id="5to6">
            <lane id="5to6_0">
                <vehicle id="8" pos="15.06" speed="10.00"/>
            </lane>
        </edge>
        <edge id="6to7">
            <lane id="6to7_0">
                <vehicle id="7" pos="46.88" speed="10.00"/>
                <vehicle id="6" pos="62.88" speed="10.00"/>
                <vehicle id="5" pos="78.88" speed="10.00"/>
            </lane>
        </edge>
        <edge id="7to4">
            <lane id="7to4_0">
                <vehicle id="3" pos="14.70" speed="10.00"/>
                <vehicle id="2" pos="30.70" speed="10.00"/>
                <vehicle id="1" pos="46.70" speed="10.00"/>
                <vehicle id="0" pos="62.70" speed="10.00"/>
            </lane>
        </edge>
    </timestep>
    <timestep time="72.30">
        <edge id=":7_0">
            <lane id=":7_0_0">
                <vehicle id="4" pos="2.28" speed="10.00"/>
            </lane>
        </edge>
        <edge id="4to5">
            <lane id="4to5_0">
                <vehicle id="11" pos="60.24" speed="10.00"/>
                <vehicle id="10" pos="76.24" speed="10.00"/>
            </lane>
        </edge>
        <edge id="5to6">
            <lane id="5to6_0">
                <vehicle id="9" pos="0.06" speed="10.00"/>
                <vehicle id="8" pos="16.06" speed="10.00"/>
            </lane>
        </edge>
        <edge id="6to7">
            <lane id="6to7_0">
                <vehicle id="7" pos="47.88" speed="10.00"/>
                <vehicle id="6" pos="63.88" speed="10.00"/>
                <vehicle id="5" pos="79.88" speed="10.00"/>
            </lane>
        </edge>
        <edge id="7to4">
            <lane id="7to4_0">
                <vehicle id="3" pos="15.70" speed="10.00"/>
                <vehicle id="2" pos="31.70" speed="10.00"/>
                <vehicle id="1" pos="47.70" speed="10.00"/>
                <vehicle id="0" pos="63.70" speed="10.00"/>
            </lane>
        </edge>
    </timestep>
    <timestep time="72.40">
        <edge id="4to5">
            <lane id="4to5_0">
                <vehicle id="11" pos="61.24" speed="10.00"/>
                <vehicle id="10" pos="77.24" speed="10.00"/>
            </lane>
        </edge>
        <edge id="5to6">
            <lane id="5to6_0">
                <vehicle id="9" pos="1.06" speed="10.00"/>
                <vehicle id="8" pos="17.06" speed="10.00"/>
            </lane>
        </edge>
        <edge id="6to7">
            <lane id="6to7_0">
                <vehicle id="7" pos="48.88" speed="10.00"/>
                <vehicle id="6" pos="64.88" speed="10.00"/>
                <vehicle id="5" pos="80.88" speed="10.00"/>
            </lane>
        </edge>
        <edge id="7to4">
            <lane id="7to4_0">
                <vehicle id="4" pos="0.70" speed="10.00"/>
                <vehicle id="3" pos="16.70" speed="10.00"/>
                <vehicle id="2" pos="32.70" speed="10.00"/>
                <vehicle id="1" pos="48.70" speed="10.00"/>
                <vehicle id="0" pos="64.70" speed="10.00"/>
            </lane>
        </edge>
    </timestep>
    <timestep time="72.50">
        <edge id="4to5">
            <lane id="4to5_0">
                <vehicle id="11" pos="62.24" speed="10.00"/>
                <vehicle id="10" pos="78.24" speed="10.00"/>
            </lane>
        </edge>
        <edge id="5to6">
            <lane id="5to6_0">
                <vehicle id="9" pos="2.06" speed="10.00"/>
                <vehicle id="8" pos="18.06" speed="10.00"/>
            </lane>
        </edge>
        <edge id="6to7">
            <lane id="6to7_0">
                <vehicle id="7" pos="49.88" speed="10.00"/>
                <vehicle id="6" pos="65.88" speed="10.00"/>
                <vehicle id="5" pos="81.88" speed="10.00"/>
            </lane>
        </edge>
        <edge id="7to4">
            <lane id="7to4_0">
                <vehicle id="4" pos="1.70" speed="10.00"/>
                <vehicle id="3" pos="17.70" speed="10.00"/>
                <vehicle id="2" pos="33.70" speed="10.00"/>
                <vehicle id="1" pos="49.70" speed="10.00"/>
                <vehicle id="0" pos="65.70" speed="10.00"/>
            </lane>
        </edge>
    </timestep>
    <timestep time="72.60">
        <edge id="4to5">
            <lane id="4to5_0">
                <vehicle id="11" pos="63.24" speed="10.00"/>
                <vehicle id="10" pos="79.24" speed="10.00"/>
            </lane>
        </edge>
        <edge id="5to6">
            <lane id="5to6_0">
                <vehicle id="9" pos="3.06" speed="10.00"/>
                <vehicle id="8" pos="19.06" speed="10.00"/>
            </lane>
        </edge>
        <edge id="6to7">
            <lane id="6to7_0">
                <vehicle id="7" pos="50.88" speed="10.00"/>
                <vehicle id="6" pos="66.88" speed="10.00"/>
                <vehicle id="5" pos="82.88" speed="10.00"/>
            </lane>
        </edge>
        <edge id="7to4">
            <lane id="7to4_0">
                <vehicle id="4" pos="2.70" speed="10.00"/>
                <vehicle id="3" pos="18.70" speed="10.00"/>
                <vehicle id="2" pos="34.70" speed="10.00"/>
                <vehicle id="1" pos="50.70" speed="10.00"/>
                <vehicle id="0" pos="66.70" speed="10.00"/>
            </lane>
        </edge>
    </timestep>
    <timestep time="72.70">
        <edge id="4to5">
            <lane id="4to5_0">
                <vehicle id="11" pos="64.24" speed="10.00"/>
                <vehicle id="10" pos="80.24" speed="10.00"/>
            </lane>
        </edge>
        <edge id="5to6">
            <lane id="5to6_0">
                <vehicle id="9" pos="4.06" speed="10.00"/>
                <vehicle id="8" pos="20.06" speed="10.00"/>
            </lane>
        </edge>
        <edge id="6to7">
            <lane id="6to7_0">
                <vehicle id="7" pos="51.88" speed="10.00"/>
                <vehicle id="6" pos="67.88" speed="10.00"/>
                <vehicle id="5" pos="83.88" speed="10.00"/>
            </lane>
        </edge>
        <edge id="7to4">
            <lane id="7to4_0">
                <vehicle id="4" pos="3.70" speed="10.00"/>
                <vehicle id="3" pos="19.70" speed="10.00"/>
                <vehicle id="2" pos="35.70" speed="10.00"/>
                <vehicle id="1" pos="51.70" speed="10.00"/>
                <vehicle id="0" pos="67.70" speed="10.00"/>
            </lane>
        </edge>
    </timestep>
    <timestep time="72.80">
        <edge id="4to5">
            <lane id="4to5_0">
                <vehicle id="11" pos="65.24" speed="10.00"/>
                <vehicle id="10" pos="81.24" speed="10.00"/>
            </lane>
        </edge>
        <edge id="5to6">
            <lane id="5to6_0">
                <vehicle id="9" pos="5.06" speed="10.00"/>
                <vehicle id="8" pos="21.06" speed="10.00"/>
            </lane>
        </edge>
        <edge id="6to7">
            <lane id="6to7_0">
                <vehicle id="7" pos="52.88" speed="10.00"/>
                <vehicle id="6" pos="68.88" speed="10.00"/>
                <vehicle id="5" pos="84.88" speed="10.00"/>
            </lane>
        </edge>
        <edge id="7to4">
            <lane id="7to4_0">
                <vehicle id="4" pos="4.70" speed="10.00"/>
                <vehicle id="3" pos="20.70" speed="10.00"/>
                <vehicle id="2" pos="36.70" speed="10.00"/>
                <vehicle id="1" pos="52.70" speed="10.00"/>
                <vehicle id="0" pos="68.70" speed="10.00"/>
            </lane>
        </edge>
    </timestep>
    <timestep time="72.90">
        <edge id="4to5">
            <lane id="4to5_0">
                <vehicle id="11" pos="66.24" speed="10.00"/>
                <vehicle id="10" pos="82.24" speed="10.00"/>
            </lane>
        </edge>
        <edge id="5to6">
            <lane id="5to6_0">
                <vehicle id="9" pos="6.06" speed="10.00"/>
                <vehicle id="8" pos="22.06" speed="10.00"/>
            </lane>
        </edge>
        <edge id="6to7">
            <lane id="6to7_0">
                <vehicle id="7" pos="53.88" speed="10.00"/>
                <vehicle id="6" pos="69.88" speed="10.00"/>
                <vehicle id="5" pos="85.88" speed="10.00"/>
            </lane>
        </edge>
        <edge id="7to4">
            <lane id="7to4_0">
                <vehicle id="4" pos="5.70" speed="10.00"/>
                <vehicle id="3" pos="21.70" speed="10.00"/>
                <vehicle id="2" pos="37.70" speed="10.00"/>
                <vehicle id="1" pos="53.70" speed="10.00"/>
                <vehicle id="0" pos="69.70" speed="10.00"/>
            </lane>
        </edge>
    </timestep>
    <timestep time="73.00">
        <edge id="4to5">
            <lane id="4to5_0">
                <vehicle id="11" pos="67.24" speed="10.00"/>
                <vehicle id="10" pos="83.24" speed="10.00"/>
            </lane>
        </edge>
        <edge id="5to6">
            <lane id="5to6_0">
                <vehicle id="9" pos="7.06" speed="10.00"/>
                <vehicle id="8" pos="23.06" speed="10.00"/>
            </lane>
        </edge>
        <edge id="6to7">
            <lane id="6to7_0">
                <vehicle id="7" pos="54.88" speed="10.00"/>
                <vehicle id="6" pos="70.88" speed="10.00"/>
                <vehicle id="5" pos="86.88" speed="10.00"/>
            </lane>
        </edge>
        <edge id="7to4">
            <lane id="7to4_0">
                <vehicle id="4" pos="6.70" speed="10.00"/>
                <vehicle id="3" pos="22.70" speed="10.00"/>
                <vehicle id="2" pos="38.70" speed="10.00"/>
                <vehicle id="1" pos="54.70" speed="10.00"/>
                <vehicle id="0" pos="70.70" speed="10.00"/>
            </lane>
        </edge>
    </timestep>
    <timestep time="73.10">
        <edge id="4to5">
            <lane id="4to5_0">
                <vehicle id="11" pos="68.24" speed="10.00"/>
                <vehicle id="10" pos="84.24" speed="10.00"/>
            </lane>
        </edge>
        <edge id="5to6">
            <lane id="5to6_0">
                <vehicle id="9" pos="8.06" speed="10.00"/>
                <vehicle id="8" pos="24.06" speed="10.00"/>
            </lane>
        </edge>
        <edge id="6to7">
            <lane id="6to7_0">
                <vehicle id="7" pos="55.88" speed="10.00"/>
                <vehicle id="6" pos="71.88" speed="10.00"/>
                <vehicle id="5" pos="87.88" speed="10.00"/>
            </lane>
        </edge>
        <edge id="7to4">
            <lane id="7to4_0">
                <vehicle id="4" pos="7.70" speed="10.00"/>
                <vehicle id="3" pos="23.70" speed="10.00"/>
                <vehicle id="2" pos="39.70" speed="10.00"/>
                <vehicle id="1" pos="55.70" speed="10.00"/>
                <vehicle id="0" pos="71.70" speed="10.00"/>
            </lane>
        </edge>
    </timestep>
    <timestep time="73.20">
        <edge id="4to5">
            <lane id="4to5_0">
                <vehicle id="11" pos="69.24" speed="10.00"/>
                <vehicle id="10" pos="85.24" speed="10.00"/>
            </lane>
        </edge>
        <edge id="5to6">
            <lane id="5to6_0">
                <vehicle id="9" pos="9.06" speed="10.00"/>
                <vehicle id="8" pos="25.06" speed="10.00"/>
            </lane>
        </edge>
        <edge id="6to7">
            <lane id="6to7_0">
                <vehicle id="7" pos="56.88" speed="10.00"/>
                <vehicle id="6" pos="72.88" speed="10.00"/>
                <vehicle id="5" pos="88.88" speed="10.00"/>
            </lane>
        </edge>
        <edge id="7to4">
            <lane id="7to4_0">
                <vehicle id="4" pos="8.70" speed="10.00"/>
                <vehicle id="3" pos="24.70" speed="10.00"/>
                <vehicle id="2" pos="40.70" speed="10.00"/>
                <vehicle id="1" pos="56.70" speed="10.00"/>
                <vehicle id="0" pos="72.70" speed="10.00"/>
            </lane>
        </edge>
    </timestep>
    <timestep time="73.30">
        <edge id="4to5">
            <lane id="4to5_0">
                <vehicle id="11" pos="70.24" speed="10.00"/>
                <vehicle id="10" pos="86.24" speed="10.00"/>
            </lane>
        </edge>
        <edge id="5to6">
            <lane id="5to6_0">
                <vehicle id="9" pos="10.06" speed="10.00"/>
                <vehicle id="8" pos="26.06" speed="10.00"/>
            </lane>
        </edge>
        <edge id="6to7">
            <lane id="6to7_0">
                <vehicle id="7" pos="57.88" speed="10.00"/>
                <vehicle id="6" pos="73.88" speed="10.00"/>
                <vehicle id="5" pos="89.88" speed="10.00"/>
            </lane>
        </edge>
        <edge id="7to4">
            <lane id="7to4_0">
                <vehicle id="4" pos="9.70" speed="10.00"/>
                <vehicle id="3" pos="25.70" speed="10.00"/>
                <vehicle id="2" pos="41.70" speed="10.00"/>
                <vehicle id="1" pos="57.70" speed="10.00"/>
                <vehicle id="0" pos="73.70" speed="10.00"/>
            </lane>
        </edge>
    </timestep>
    <timestep time="73.40">
        <edge id="4to5">
            <lane id="4to5_0">
                <vehicle id="11" pos="71.24" speed="10.00"/>
                <vehicle id="10" pos="87.24" speed="10.00"/>
            </lane>
        </edge>
        <edge id="5to6">
            <lane id="5to6_0">
                <vehicle id="9" pos="11.06" speed="10.00"/>
                <vehicle id="8" pos="27.06" speed="10.00"/>
            </lane>
        </edge>
        <edge id="6to7">
            <lane id="6to7_0">
                <vehicle id="7" pos="58.88" speed="10.00"/>
                <vehicle id="6" pos="74.88" speed="10.00"/>
                <vehicle id="5" pos="90.88" speed="10.00"/>
            </lane>
        </edge>
        <edge id="7to4">
            <lane id="7to4_0">
                <vehicle id="4" pos="10.70" speed="10.00"/>
                <vehicle id="3" pos="26.70" speed="10.00"/>
                <vehicle id="2" pos="42.70" speed="10.00"/>
                <vehicle id="1" pos="58.70" speed="10.00"/>
                <vehicle id="0" pos="74.70" speed="10.00"/>
            </lane>
        </edge>
    </timestep>
    <timestep time="73.50">
        <edge id="4to5">
            <lane id="4to5_0">
                <vehicle id="11" pos="72.24" speed="10.00"/>
                <vehicle id="10" pos="88.24" speed="10.00"/>
            </lane>
        </edge>
        <edge id="5to6">
            <lane id="5to6_0">
                <vehicle id="9" pos="12.06" speed="10.00"/>
                <vehicle id="8" pos="28.06" speed="10.00"/>
            </lane>
        </edge>
        <edge id="6to7">
            <lane id="6to7_0">
                <vehicle id="7" pos="59.88" speed="10.00"/>
                <vehicle id="6" pos="75.88" speed="10.00"/>
                <vehicle id="5" pos="91.88" speed="10.00"/>
            </lane>
        </edge>
        <edge id="7to4">
            <lane id="7to4_0">
                <vehicle id="4" pos="11.70" speed="10.00"/>
                <vehicle id="3" pos="27.70" speed="10.00"/>
                <vehicle id="2" pos="43.70" speed="10.00"/>
                <vehicle id="1" pos="59.70" speed="10.00"/>
                <vehicle id="0" pos="75.70" speed="10.00"/>
            </lane>
        </edge>
    </timestep>
    <timestep time="73.60">
        <edge id="4to5">
            <lane id="4to5_0">
                <vehicle id="11" pos="73.24" speed="10.00"/>
                <vehicle id="10" pos="89.24" speed="10.00"/>
            </lane>
        </edge>
        <edge id="5to6">
            <lane id="5to6_0">
                <vehicle id="9" pos="13.06" speed="10.00"/>
                <vehicle id="8" pos="29.06" speed="10.00"/>
            </lane>
        </edge>
        <edge id="6to7">
            <lane id="6to7_0">
                <vehicle id="7" pos="60.88" speed="10.00"/>
                <vehicle id="6" pos="76.88" speed="10.00"/>
                <vehicle id="5" pos="92.88" speed="10.00"/>
            </lane>
        </edge>
        <edge id="7to4">
            <lane id="7to4_0">
                <vehicle id="4" pos="12.70" speed="10.00"/>
                <vehicle id="3" pos="28.70" speed="10.00"/>
                <vehicle id="2" pos="44.70" speed="10.00"/>
                <vehicle id="1" pos="60.70" speed="10.00"/>
                <vehicle id="0" pos="76.70" speed="10.00"/>
            </lane>
        </edge>
    </timestep>
    <timestep time="73.70">
        <edge id=":5_0">
            <lane id=":5_0_0">
                <vehicle id="10" pos="0.64" speed="10.00"/>
            </lane>
        </edge>
        <edge id=":7_0">
            <lane id=":7_0_0">
                <vehicle id="5" pos="0.28" speed="10.00"/>
            </lane>
        </edge>
        <edge id="4to5">
            <lane id="4to5_0">
                <vehicle id="11" pos="74.24" speed="10.00"/>
            </lane>
        </edge>
        <edge id="5to6">
            <lane id="5to6_0">
                <vehicle id="9" pos="14.06" speed="10.00"/>
                <vehicle id="8" pos="30.06" speed="10.00"/>
            </lane>
        </edge>
        <edge id="6to7">
            <lane id="6to7_0">
                <vehicle id="7" pos="61.88" speed="10.00"/>
                <vehicle id="6" pos="77.88" speed="10.00"/>
            </lane>
        </edge>
        <edge id="7to4">
            <lane id="7to4_0">
                <vehicle id="4" pos="13.70" speed="10.00"/>
                <vehicle id="3" pos="29.70" speed="10.00"/>
                <vehicle id="2" pos="45.70" speed="10.00"/>
                <vehicle id="1" pos="61.70" speed="10.00"/>
                <vehicle id="0" pos="77.70" speed="10.00"/>
            </lane>
        </edge>
    </timestep>
    <timestep time="73.80">
        <edge id=":5_0">
            <lane id=":5_0_0">
                <vehicle id="10" pos="1.64" speed="10.00"/>
            </lane>
        </edge>
        <edge id=":7_0">
            <lane id=":7_0_0">
                <vehicle id="5" pos="1.28" speed="10.00"/>
            </lane>
        </edge>
        <edge id="4to5">
            <lane id="4to5_0">
                <vehicle id="11" pos="75.24" speed="10.00"/>
            </lane>
        </edge>
        <edge id="5to6">
            <lane id="5to6_0">
                <vehicle id="9" pos="15.06" speed="10.00"/>
                <vehicle id="8" pos="31.06" speed="10.00"/>
            </lane>
        </edge>
        <edge id="6to7">
            <lane id="6to7_0">
                <vehicle id="7" pos="62.88" speed="10.00"/>
                <vehicle id="6" pos="78.88" speed="10.00"/>
            </lane>
        </edge>
        <edge id="7to4">
            <lane id="7to4_0">
                <vehicle id="4" pos="14.70" speed="10.00"/>
                <vehicle id="3" pos="30.70" speed="10.00"/>
                <vehicle id="2" pos="46.70" speed="10.00"/>
                <vehicle id="1" pos="62.70" speed="10.00"/>
                <vehicle id="0" pos="78.70" speed="10.00"/>
            </lane>
        </edge>
    </timestep>
    <timestep time="73.90">
        <edge id=":7_0">
            <lane id=":7_0_0">
                <vehicle id="5" pos="2.28" speed="10.00"/>
            </lane>
        </edge>
        <edge id="4to5">
            <lane id="4to5_0">
                <vehicle id="11" pos="76.24" speed="10.00"/>
            </lane>
        </edge>
        <edge id="5to6">
            <lane id="5to6_0">
                <vehicle id="10" pos="0.06" speed="10.00"/>
                <vehicle id="9" pos="16.06" speed="10.00"/>
                <vehicle id="8" pos="32.06" speed="10.00"/>
            </lane>
        </edge>
        <edge id="6to7">
            <lane id="6to7_0">
                <vehicle id="7" pos="63.88" speed="10.00"/>
                <vehicle id="6" pos="79.88" speed="10.00"/>
            </lane>
        </edge>
        <edge id="7to4">
            <lane id="7to4_0">
                <vehicle id="4" pos="15.70" speed="10.00"/>
                <vehicle id="3" pos="31.70" speed="10.00"/>
                <vehicle id="2" pos="47.70" speed="10.00"/>
                <vehicle id="1" pos="63.70" speed="10.00"/>
                <vehicle id="0" pos="79.70" speed="10.00"/>
            </lane>
        </edge>
    </timestep>
    <timestep time="74.00">
        <edge id="4to5">
            <lane id="4to5_0">
                <vehicle id="11" pos="77.24" speed="10.00"/>
            </lane>
        </edge>
        <edge id="5to6">
            <lane id="5to6_0">
                <vehicle id="10" pos="1.06" speed="10.00"/>
                <vehicle id="9" pos="17.06" speed="10.00"/>
                <vehicle id="8" pos="33.06" speed="10.00"/>
            </lane>
        </edge>
        <edge id="6to7">
            <lane id="6to7_0">
                <vehicle id="7" pos="64.88" speed="10.00"/>
                <vehicle id="6" pos="80.88" speed="10.00"/>
            </lane>
        </edge>
        <edge id="7to4">
            <lane id="7to4_0">
                <vehicle id="5" pos="0.70" speed="10.00"/>
                <vehicle id="4" pos="16.70" speed="10.00"/>
                <vehicle id="3" pos="32.70" speed="10.00"/>
                <vehicle id="2" pos="48.70" speed="10.00"/>
                <vehicle id="1" pos="64.70" speed="10.00"/>
                <vehicle id="0" pos="80.20" speed="5.00"/>
            </lane>
        </edge>
    </timestep>
    <timestep time="74.10">
        <edge id="4to5">
            <lane id="4to5_0">
                <vehicle id="11" pos="78.24" speed="10.00"/>
            </lane>
        </edge>
        <edge id="5to6">
            <lane id="5to6_0">
                <vehicle id="10" pos="2.06" speed="10.00"/>
                <vehicle id="9" pos="18.06" speed="10.00"/>
                <vehicle id="8" pos="34.06" speed="10.00"/>
            </lane>
        </edge>
        <edge id="6to7">
            <lane id="6to7_0">
                <vehicle id="7" pos="65.88" speed="10.00"/>
                <vehicle id="6" pos="81.88" speed="10.00"/>
            </lane>
        </edge>
        <edge id="7to4">
            <lane id="7to4_0">
                <vehicle id="5" pos="1.70" speed="10.00"/>
                <vehicle id="4" pos="17.70" speed="10.00"/>
                <vehicle id="3" pos="33.70" speed="10.00"/>
                <vehicle id="2" pos="49.70" speed="10.00"/>
                <vehicle id="1" pos="65.70" speed="10.00"/>
                <vehicle id="0" pos="80.70" speed="5.00"/>
            </lane>
        </edge>
    </timestep>
    <timestep time="74.20">
        <edge id="4to5">
            <lane id="4to5_0">
                <vehicle id="11" pos="79.24" speed="10.00"/>
            </lane>
        </edge>
        <edge id="5to6">
            <lane id="5to6_0">
                <vehicle id="10" pos="3.06" speed="10.00"/>
                <vehicle id="9" pos="19.06" speed="10.00"/>
                <vehicle id="8" pos="35.06" speed="10.00"/>
            </lane>
        </edge>
        <edge id="6to7">
            <lane id="6to7_0">
                <vehicle id="7" pos="66.88" speed="10.00"/>
                <vehicle id="6" pos="82.88" speed="10.00"/>
            </lane>
        </edge>
        <edge id="7to4">
            <lane id="7to4_0">
                <vehicle id="5" pos="2.70" speed="10.00"/>
                <vehicle id="4" pos="18.70" speed="10.00"/>
                <vehicle id="3" pos="34.70" speed="10.00"/>
                <vehicle id="2" pos="50.70" speed="10.00"/>
                <vehicle id="1" pos="66.70" speed="10.00"/>
                <vehicle id="0" pos="81.20" speed="5.00"/>
            </lane>
        </edge>
    </timestep>
    <timestep time="74.30">
        <edge id="4to5">
            <lane id="4to5_0">
                <vehicle id="11" pos="80.24" speed="10.00"/>
            </lane>
        </edge>
        <edge id="5to6">
            <lane id="5to6_0">
                <vehicle id="10" pos="4.06" speed="10.00"/>
                <vehicle id="9" pos="20.06" speed="10.00"/>
                <vehicle id="8" pos="36.06" speed="10.00"/>
            </lane>
        </edge>
        <edge id="6to7">
            <lane id="6to7_0">
                <vehicle id="7" pos="67.88" speed="10.00"/>
                <vehicle id="6" pos="83.88" speed="10.00"/>
            </lane>
        </edge>
        <edge id="7to4">
            <lane id="7to4_0">
                <vehicle id="5" pos="3.70" speed="10.00"/>
                <vehicle id="4" pos="19.70" speed="10.00"/>
                <vehicle id="3" pos="35.70" speed="10.00"/>
                <vehicle id="2" pos="51.70" speed="10.00"/>
                <vehicle id="1" pos="67.70" speed="10.00"/>
                <vehicle id="0" pos="81.70" speed="5.00"/>
            </lane>
        </edge>
    </timestep>
    <timestep time="74.40">
        <edge id="4to5">
            <lane id="4to5_0">
                <vehicle id="11" pos="81.24" speed="10.00"/>
            </lane>
        </edge>
        <edge id="5to6">
            <lane id="5to6_0">
                <vehicle id="10" pos="5.06" speed="10.00"/>
                <vehicle id="9" pos="21.06" speed="10.00"/>
                <vehicle id="8" pos="37.06" speed="10.00"/>
            </lane>
        </edge>
        <edge id="6to7">
            <lane id="6to7_0">
                <vehicle id="7" pos="68.88" speed="10.00"/>
                <vehicle id="6" pos="84.88" speed="10.00"/>
            </lane>
        </edge>
        <edge id="7to4">
            <lane id="7to4_0">
                <vehicle id="5" pos="4.70" speed="10.00"/>
                <vehicle id="4" pos="20.70" speed="10.00"/>
                <vehicle id="3" pos="36.70" speed="10.00"/>
                <vehicle id="2" pos="52.70" speed="10.00"/>
                <vehicle id="1" pos="68.70" speed="10.00"/>
                <vehicle id="0" pos="82.20" speed="5.00"/>
            </lane>
        </edge>
    </timestep>
    <timestep time="74.50">
        <edge id="4to5">
            <lane id="4to5_0">
                <vehicle id="11" pos="82.24" speed="10.00"/>
            </lane>
        </edge>
        <edge id="5to6">
            <lane id="5to6_0">
                <vehicle id="10" pos="6.06" speed="10.00"/>
                <vehicle id="9" pos="22.06" speed="10.00"/>
                <vehicle id="8" pos="38.06" speed="10.00"/>
            </lane>
        </edge>
        <edge id="6to7">
            <lane id="6to7_0">
                <vehicle id="7" pos="69.88" speed="10.00"/>
                <vehicle id="6" pos="85.88" speed="10.00"/>
            </lane>
        </edge>
        <edge id="7to4">
            <lane id="7to4_0">
                <vehicle id="5" pos="5.70" speed="10.00"/>
                <vehicle id="4" pos="21.70" speed="10.00"/>
                <vehicle id="3" pos="37.70" speed="10.00"/>
                <vehicle id="2" pos="53.70" speed="10.00"/>
                <vehicle id="1" pos="69.70" speed="10.00"/>
                <vehicle id="0" pos="82.70" speed="5.00"/>
            </lane>
        </edge>
    </timestep>
    <timestep time="74.60">
        <edge id="4to5">
            <lane id="4to5_0">
                <vehicle id="11" pos="83.24" speed="10.00"/>
            </lane>
        </edge>
        <edge id="5to6">
            <lane id="5to6_0">
                <vehicle id="10" pos="7.06" speed="10.00"/>
                <vehicle id="9" pos="23.06" speed="10.00"/>
                <vehicle id="8" pos="39.06" speed="10.00"/>
            </lane>
        </edge>
        <edge id="6to7">
            <lane id="6to7_0">
                <vehicle id="7" pos="70.88" speed="10.00"/>
                <vehicle id="6" pos="86.88" speed="10.00"/>
            </lane>
        </edge>
        <edge id="7to4">
            <lane id="7to4_0">
                <vehicle id="5" pos="6.70" speed="10.00"/>
                <vehicle id="4" pos="22.70" speed="10.00"/>
                <vehicle id="3" pos="38.70" speed="10.00"/>
                <vehicle id="2" pos="54.70" speed="10.00"/>
                <vehicle id="1" pos="70.70" speed="10.00"/>
                <vehicle id="0" pos="83.20" speed="5.00"/>
            </lane>
        </edge>
    </timestep>
    <timestep time="74.70">
        <edge id="4to5">
            <lane id="4to5_0">
                <vehicle id="11" pos="84.24" speed="10.00"/>
            </lane>
        </edge>
        <edge id="5to6">
            <lane id="5to6_0">
                <vehicle id="10" pos="8.06" speed="10.00"/>
                <vehicle id="9" pos="24.06" speed="10.00"/>
                <vehicle id="8" pos="40.06" speed="10.00"/>
            </lane>
        </edge>
        <edge id="6to7">
            <lane id="6to7_0">
                <vehicle id="7" pos="71.88" speed="10.00"/>
                <vehicle id="6" pos="87.88" speed="10.00"/>
            </lane>
        </edge>
        <edge id="7to4">
            <lane id="7to4_0">
                <vehicle id="5" pos="7.70" speed="10.00"/>
                <vehicle id="4" pos="23.70" speed="10.00"/>
                <vehicle id="3" pos="39.70" speed="10.00"/>
                <vehicle id="2" pos="55.70" speed="10.00"/>
                <vehicle id="1" pos="71.70" speed="10.00"/>
                <vehicle id="0" pos="83.70" speed="5.00"/>
            </lane>
        </edge>
    </timestep>
    <timestep time="74.80">
        <edge id="4to5">
            <lane id="4to5_0">
                <vehicle id="11" pos="85.24" speed="10.00"/>
            </lane>
        </edge>
        <edge id="5to6">
            <lane id="5to6_0">
                <vehicle id="10" pos="9.06" speed="10.00"/>
                <vehicle id="9" pos="25.06" speed="10.00"/>
                <vehicle id="8" pos="41.06" speed="10.00"/>
            </lane>
        </edge>
        <edge id="6to7">
            <lane id="6to7_0">
                <vehicle id="7" pos="72.88" speed="10.00"/>
                <vehicle id="6" pos="88.88" speed="10.00"/>
            </lane>
        </edge>
        <edge id="7to4">
            <lane id="7to4_0">
                <vehicle id="5" pos="8.70" speed="10.00"/>
                <vehicle id="4" pos="24.70" speed="10.00"/>
                <vehicle id="3" pos="40.70" speed="10.00"/>
                <vehicle id="2" pos="56.70" speed="10.00"/>
                <vehicle id="1" pos="72.70" speed="10.00"/>
                <vehicle id="0" pos="84.20" speed="5.00"/>
            </lane>
        </edge>
    </timestep>
    <timestep time="74.90">
        <edge id="4to5">
            <lane id="4to5_0">
                <vehicle id="11" pos="86.24" speed="10.00"/>
            </lane>
        </edge>
        <edge id="5to6">
            <lane id="5to6_0">
                <vehicle id="10" pos="10.06" speed="10.00"/>
                <vehicle id="9" pos="26.06" speed="10.00"/>
                <vehicle id="8" pos="42.06" speed="10.00"/>
            </lane>
        </edge>
        <edge id="6to7">
            <lane id="6to7_0">
                <vehicle id="7" pos="73.88" speed="10.00"/>
                <vehicle id="6" pos="89.88" speed="10.00"/>
            </lane>
        </edge>
        <edge id="7to4">
            <lane id="7to4_0">
                <vehicle id="5" pos="9.70" speed="10.00"/>
                <vehicle id="4" pos="25.70" speed="10.00"/>
                <vehicle id="3" pos="41.70" speed="10.00"/>
                <vehicle id="2" pos="57.70" speed="10.00"/>
                <vehicle id="1" pos="73.70" speed="10.00"/>
                <vehicle id="0" pos="84.70" speed="5.00"/>
            </lane>
        </edge>
    </timestep>
    <timestep time="75.00">
        <edge id="4to5">
            <lane id="4to5_0">
                <vehicle id="11" pos="87.24" speed="10.00"/>
            </lane>
        </edge>
        <edge id="5to6">
            <lane id="5to6_0">
                <vehicle id="10" pos="11.06" speed="10.00"/>
                <vehicle id="9" pos="27.06" speed="10.00"/>
                <vehicle id="8" pos="43.06" speed="10.00"/>
            </lane>
        </edge>
        <edge id="6to7">
            <lane id="6to7_0">
                <vehicle id="7" pos="74.88" speed="10.00"/>
                <vehicle id="6" pos="90.88" speed="10.00"/>
            </lane>
        </edge>
        <edge id="7to4">
            <lane id="7to4_0">
                <vehicle id="5" pos="10.70" speed="10.00"/>
                <vehicle id="4" pos="26.70" speed="10.00"/>
                <vehicle id="3" pos="42.70" speed="10.00"/>
                <vehicle id="2" pos="58.70" speed="10.00"/>
                <vehicle id="1" pos="74.70" speed="10.00"/>
                <vehicle id="0" pos="85.20" speed="5.00"/>
            </lane>
        </edge>
    </timestep>
    <timestep time="75.10">
        <edge id="4to5">
            <lane id="4to5_0">
                <vehicle id="11" pos="88.24" speed="10.00"/>
            </lane>
        </edge>
        <edge id="5to6">
            <lane id="5to6_0">
                <vehicle id="10" pos="12.06" speed="10.00"/>
                <vehicle id="9" pos="28.06" speed="10.00"/>
                <vehicle id="8" pos="44.06" speed="10.00"/>
            </lane>
        </edge>
        <edge id="6to7">
            <lane id="6to7_0">
                <vehicle id="7" pos="75.88" speed="10.00"/>
                <vehicle id="6" pos="91.88" speed="10.00"/>
            </lane>
        </edge>
        <edge id="7to4">
            <lane id="7to4_0">
                <vehicle id="5" pos="11.70" speed="10.00"/>
                <vehicle id="4" pos="27.70" speed="10.00"/>
                <vehicle id="3" pos="43.70" speed="10.00"/>
                <vehicle id="2" pos="59.70" speed="10.00"/>
                <vehicle id="1" pos="75.70" speed="10.00"/>
                <vehicle id="0" pos="85.70" speed="5.00"/>
            </lane>
        </edge>
    </timestep>
    <timestep time="75.20">
        <edge id="4to5">
            <lane id="4to5_0">
                <vehicle id="11" pos="89.24" speed="10.00"/>
            </lane>
        </edge>
        <edge id="5to6">
            <lane id="5to6_0">
                <vehicle id="10" pos="13.06" speed="10.00"/>
                <vehicle id="9" pos="29.06" speed="10.00"/>
                <vehicle id="8" pos="45.06" speed="10.00"/>
            </lane>
        </edge>
        <edge id="6to7">
            <lane id="6to7_0">
                <vehicle id="7" pos="76.88" speed="10.00"/>
                <vehicle id="6" pos="92.88" speed="10.00"/>
            </lane>
        </edge>
        <edge id="7to4">
            <lane id="7to4_0">
                <vehicle id="5" pos="12.70" speed="10.00"/>
                <vehicle id="4" pos="28.70" speed="10.00"/>
                <vehicle id="3" pos="44.70" speed="10.00"/>
                <vehicle id="2" pos="60.70" speed="10.00"/>
                <vehicle id="1" pos="76.20" speed="5.00"/>
                <vehicle id="0" pos="86.70" speed="10.00"/>
            </lane>
        </edge>
    </timestep>
    <timestep time="75.30">
        <edge id=":5_0">
            <lane id=":5_0_0">
                <vehicle id="11" pos="0.64" speed="10.00"/>
            </lane>
        </edge>
        <edge id=":7_0">
            <lane id=":7_0_0">
                <vehicle id="6" pos="0.28" speed="10.00"/>
            </lane>
        </edge>
        <edge id="5to6">
            <lane id="5to6_0">
                <vehicle id="10" pos="14.06" speed="10.00"/>
                <vehicle id="9" pos="30.06" speed="10.00"/>
                <vehicle id="8" pos="46.06" speed="10.00"/>
            </lane>
        </edge>
        <edge id="6to7">
            <lane id="6to7_0">
                <vehicle id="7" pos="77.88" speed="10.00"/>
            </lane>
        </edge>
        <edge id="7to4">
            <lane id="7to4_0">
                <vehicle id="5" pos="13.70" speed="10.00"/>
                <vehicle id="4" pos="29.70" speed="10.00"/>
                <vehicle id="3" pos="45.70" speed="10.00"/>
                <vehicle id="2" pos="61.70" speed="10.00"/>
                <vehicle id="1" pos="77.20" speed="10.00"/>
                <vehicle id="0" pos="87.70" speed="10.00"/>
            </lane>
        </edge>
    </timestep>
    <timestep time="75.40">
        <edge id=":5_0">
            <lane id=":5_0_0">
                <vehicle id="11" pos="1.64" speed="10.00"/>
            </lane>
        </edge>
        <edge id=":7_0">
            <lane id=":7_0_0">
                <vehicle id="6" pos="1.28" speed="10.00"/>
            </lane>
        </edge>
        <edge id="5to6">
            <lane id="5to6_0">
                <vehicle id="10" pos="15.06" speed="10.00"/>
                <vehicle id="9" pos="31.06" speed="10.00"/>
                <vehicle id="8" pos="47.06" speed="10.00"/>
            </lane>
        </edge>
        <edge id="6to7">
            <lane id="6to7_0">
                <vehicle id="7" pos="78.88" speed="10.00"/>
            </lane>
        </edge>
        <edge id="7to4">
            <lane id="7to4_0">
                <vehicle id="5" pos="14.70" speed="10.00"/>
                <vehicle id="4" pos="30.70" speed="10.00"/>
                <vehicle id="3" pos="46.70" speed="10.00"/>
                <vehicle id="2" pos="62.70" speed="10.00"/>
                <vehicle id="1" pos="78.20" speed="10.00"/>
                <vehicle id="0" pos="88.70" speed="10.00"/>
            </lane>
        </edge>
    </timestep>
    <timestep time="75.50">
        <edge id=":4_1">
            <lane id=":4_1_0">
                <vehicle id="0" pos="0.10" speed="10.00"/>
            </lane>
        </edge>
        <edge id=":7_0">
            <lane id=":7_0_0">
                <vehicle id="6" pos="2.28" speed="10.00"/>
            </lane>
        </edge>
        <edge id="5to6">
            <lane id="5to6_0">
                <vehicle id="11" pos="0.06" speed="10.00"/>
                <vehicle id="10" pos="16.06" speed="10.00"/>
                <vehicle id="9" pos="32.06" speed="10.00"/>
                <vehicle id="8" pos="48.06" speed="10.00"/>
            </lane>
        </edge>
        <edge id="6to7">
            <lane id="6to7_0">
                <vehicle id="7" pos="79.88" speed="10.00"/>
            </lane>
        </edge>
        <edge id="7to4">
            <lane id="7to4_0">
                <vehicle id="5" pos="15.70" speed="10.00"/>
                <vehicle id="4" pos="31.70" speed="10.00"/>
                <vehicle id="3" pos="47.70" speed="10.00"/>
                <vehicle id="2" pos="63.70" speed="10.00"/>
                <vehicle id="1" pos="79.20" speed="10.00"/>
            </lane>
        </edge>
    </timestep>
    <timestep time="75.60">
        <edge id=":4_1">
            <lane id=":4_1_0">
                <vehicle id="0" pos="1.10" speed="10.00"/>
            </lane>
        </edge>
        <edge id="5to6">
            <lane id="5to6_0">
                <vehicle id="11" pos="1.06" speed="10.00"/>
                <vehicle id="10" pos="17.06" speed="10.00"/>
                <vehicle id="9" pos="33.06" speed="10.00"/>
                <vehicle id="8" pos="49.06" speed="10.00"/>
            </lane>
        </edge>
        <edge id="6to7">
            <lane id="6to7_0">
                <vehicle id="7" pos="80.88" speed="10.00"/>
            </lane>
        </edge>
        <edge id="7to4">
            <lane id="7to4_0">
                <vehicle id="6" pos="0.70" speed="10.00"/>
                <vehicle id="5" pos="16.70" speed="10.00"/>
                <vehicle id="4" pos="32.70" speed="10.00"/>
                <vehicle id="3" pos="48.70" speed="10.00"/>
                <vehicle id="2" pos="64.70" speed="10.00"/>
                <vehicle id="1" pos="80.20" speed="10.00"/>
            </lane>
        </edge>
    </timestep>
    <timestep time="75.70">
        <edge id=":4_1">
            <lane id=":4_1_0">
                <vehicle id="0" pos="2.10" speed="10.00"/>
            </lane>
        </edge>
        <edge id="5to6">
            <lane id="5to6_0">
                <vehicle id="11" pos="2.06" speed="10.00"/>
                <vehicle id="10" pos="18.06" speed="10.00"/>
                <vehicle id="9" pos="34.06" speed="10.00"/>
                <vehicle id="8" pos="50.06" speed="10.00"/>
            </lane>
        </edge>
        <edge id="6to7">
            <lane id="6to7_0">
                <vehicle id="7" pos="81.88" speed="10.00"/>
            </lane>
        </edge>
        <edge id="7to4">
            <lane id="7to4_0">
                <vehicle id="6" pos="1.70" speed="10.00"/>
                <vehicle id="5" pos="17.70" speed="10.00"/>
                <vehicle id="4" pos="33.70" speed="10.00"/>
                <vehicle id="3" pos="49.70" speed="10.00"/>
                <vehicle id="2" pos="65.70" speed="10.00"/>
                <vehicle id="1" pos="80.70" speed="5.00"/>
            </lane>
        </edge>
    </timestep>
    <timestep time="75.80">
        <edge id=":4_1">
            <lane id=":4_1_0">
                <vehicle id="0" pos="3.10" speed="10.00"/>
            </lane>
        </edge>
        <edge id="5to6">
            <lane id="5to6_0">
                <vehicle id="11" pos="3.06" speed="10.00"/>
                <vehicle id="10" pos="19.06" speed="10.00"/>
                <vehicle id="9" pos="35.06" speed="10.00"/>
                <vehicle id="8" pos="51.06" speed="10.00"/>
            </lane>
        </edge>
        <edge id="6to7">
            <lane id="6to7_0">
                <vehicle id="7" pos="82.88" speed="10.00"/>
            </lane>
        </edge>
        <edge id="7to4">
            <lane id="7to4_0">
                <vehicle id="6" pos="2.70" speed="10.00"/>
                <vehicle id="5" pos="18.70" speed="10.00"/>
                <vehicle id="4" pos="34.70" speed="10.00"/>
                <vehicle id="3" pos="50.70" speed="10.00"/>
                <vehicle id="2" pos="66.70" speed="10.00"/>
                <vehicle id="1" pos="81.20" speed="5.00"/>
            </lane>
        </edge>
    </timestep>
    <timestep time="75.90">
        <edge id=":4_1">
            <lane id=":4_1_0">
                <vehicle id="0" pos="4.10" speed="10.00"/>
            </lane>
        </edge>
        <edge id="5to6">
            <lane id="5to6_0">
                <vehicle id="11" pos="4.06" speed="10.00"/>
                <vehicle id="10" pos="20.06" speed="10.00"/>
                <vehicle id="9" pos="36.06" speed="10.00"/>
                <vehicle id="8" pos="52.06" speed="10.00"/>
            </lane>
        </edge>
        <edge id="6to7">
            <lane id="6to7_0">
                <vehicle id="7" pos="83.88" speed="10.00"/>
            </lane>
        </edge>
        <edge id="7to4">
            <lane id="7to4_0">
                <vehicle id="6" pos="3.70" speed="10.00"/>
                <vehicle id="5" pos="19.70" speed="10.00"/>
                <vehicle id="4" pos="35.70" speed="10.00"/>
                <vehicle id="3" pos="51.70" speed="10.00"/>
                <vehicle id="2" pos="67.70" speed="10.00"/>
                <vehicle id="1" pos="81.70" speed="5.00"/>
            </lane>
        </edge>
    </timestep>
    <timestep time="76.00">
        <edge id=":4_1">
            <lane id=":4_1_0">
                <vehicle id="0" pos="5.10" speed="10.00"/>
            </lane>
        </edge>
        <edge id="5to6">
            <lane id="5to6_0">
                <vehicle id="11" pos="5.06" speed="10.00"/>
                <vehicle id="10" pos="21.06" speed="10.00"/>
                <vehicle id="9" pos="37.06" speed="10.00"/>
                <vehicle id="8" pos="53.06" speed="10.00"/>
            </lane>
        </edge>
        <edge id="6to7">
            <lane id="6to7_0">
                <vehicle id="7" pos="84.88" speed="10.00"/>
            </lane>
        </edge>
        <edge id="7to4">
            <lane id="7to4_0">
                <vehicle id="6" pos="4.70" speed="10.00"/>
                <vehicle id="5" pos="20.70" speed="10.00"/>
                <vehicle id="4" pos="36.70" speed="10.00"/>
                <vehicle id="3" pos="52.70" speed="10.00"/>
                <vehicle id="2" pos="68.70" speed="10.00"/>
                <vehicle id="1" pos="82.20" speed="5.00"/>
            </lane>
        </edge>
    </timestep>
    <timestep time="76.10">
        <edge id=":4_1">
            <lane id=":4_1_0">
                <vehicle id="0" pos="6.10" speed="10.00"/>
            </lane>
        </edge>
        <edge id="5to6">
            <lane id="5to6_0">
                <vehicle id="11" pos="6.06" speed="10.00"/>
                <vehicle id="10" pos="22.06" speed="10.00"/>
                <vehicle id="9" pos="38.06" speed="10.00"/>
                <vehicle id="8" pos="54.06" speed="10.00"/>
            </lane>
        </edge>
        <edge id="6to7">
            <lane id="6to7_0">
                <vehicle id="7" pos="85.88" speed="10.00"/>
            </lane>
        </edge>
        <edge id="7to4">
            <lane id="7to4_0">
                <vehicle id="6" pos="5.70" speed="10.00"/>
                <vehicle id="5" pos="21.70" speed="10.00"/>
                <vehicle id="4" pos="37.70" speed="10.00"/>
                <vehicle id="3" pos="53.70" speed="10.00"/>
                <vehicle id="2" pos="69.70" speed="10.00"/>
                <vehicle id="1" pos="82.70" speed="5.00"/>
            </lane>
        </edge>
    </timestep>
    <timestep time="76.20">
        <edge id=":4_1">
            <lane id=":4_1_0">
                <vehicle id="0" pos="7.10" speed="10.00"/>
            </lane>
        </edge>
        <edge id="5to6">
            <lane id="5to6_0">
                <vehicle id="11" pos="7.06" speed="10.00"/>
                <vehicle id="10" pos="23.06" speed="10.00"/>
                <vehicle id="9" pos="39.06" speed="10.00"/>
                <vehicle id="8" pos="55.06" speed="10.00"/>
            </lane>
        </edge>
        <edge id="6to7">
            <lane id="6to7_0">
                <vehicle id="7" pos="86.88" speed="10.00"/>
            </lane>
        </edge>
        <edge id="7to4">
            <lane id="7to4_0">
                <vehicle id="6" pos="6.70" speed="10.00"/>
                <vehicle id="5" pos="22.70" speed="10.00"/>
                <vehicle id="4" pos="38.70" speed="10.00"/>
                <vehicle id="3" pos="54.70" speed="10.00"/>
                <vehicle id="2" pos="70.70" speed="10.00"/>
                <vehicle id="1" pos="83.20" speed="5.00"/>
            </lane>
        </edge>
    </timestep>
    <timestep time="76.30">
        <edge id=":4_1">
            <lane id=":4_1_0">
                <vehicle id="0" pos="8.10" speed="10.00"/>
            </lane>
        </edge>
        <edge id="5to6">
            <lane id="5to6_0">
                <vehicle id="11" pos="8.06" speed="10.00"/>
                <vehicle id="10" pos="24.06" speed="10.00"/>
                <vehicle id="9" pos="40.06" speed="10.00"/>
                <vehicle id="8" pos="56.06" speed="10.00"/>
            </lane>
        </edge>
        <edge id="6to7">
            <lane id="6to7_0">
                <vehicle id="7" pos="87.88" speed="10.00"/>
            </lane>
        </edge>
        <edge id="7to4">
            <lane id="7to4_0">
                <vehicle id="6" pos="7.70" speed="10.00"/>
                <vehicle id="5" pos="23.70" speed="10.00"/>
                <vehicle id="4" pos="39.70" speed="10.00"/>
                <vehicle id="3" pos="55.70" speed="10.00"/>
                <vehicle id="2" pos="71.70" speed="10.00"/>
                <vehicle id="1" pos="83.70" speed="5.00"/>
            </lane>
        </edge>
    </timestep>
    <timestep time="76.40">
        <edge id=":4_1">
            <lane id=":4_1_0">
                <vehicle id="0" pos="9.10" speed="10.00"/>
            </lane>
        </edge>
        <edge id="5to6">
            <lane id="5to6_0">
                <vehicle id="11" pos="9.06" speed="10.00"/>
                <vehicle id="10" pos="25.06" speed="10.00"/>
                <vehicle id="9" pos="41.06" speed="10.00"/>
                <vehicle id="8" pos="57.06" speed="10.00"/>
            </lane>
        </edge>
        <edge id="6to7">
            <lane id="6to7_0">
                <vehicle id="7" pos="88.88" speed="10.00"/>
            </lane>
        </edge>
        <edge id="7to4">
            <lane id="7to4_0">
                <vehicle id="6" pos="8.70" speed="10.00"/>
                <vehicle id="5" pos="24.70" speed="10.00"/>
                <vehicle id="4" pos="40.70" speed="10.00"/>
                <vehicle id="3" pos="56.70" speed="10.00"/>
                <vehicle id="2" pos="72.70" speed="10.00"/>
                <vehicle id="1" pos="84.20" speed="5.00"/>
            </lane>
        </edge>
    </timestep>
    <timestep time="76.50">
        <edge id=":4_1">
            <lane id=":4_1_0">
                <vehicle id="0" pos="10.10" speed="10.00"/>
            </lane>
        </edge>
        <edge id="5to6">
            <lane id="5to6_0">
                <vehicle id="11" pos="10.06" speed="10.00"/>
                <vehicle id="10" pos="26.06" speed="10.00"/>
                <vehicle id="9" pos="42.06" speed="10.00"/>
                <vehicle id="8" pos="58.06" speed="10.00"/>
            </lane>
        </edge>
        <edge id="6to7">
            <lane id="6to7_0">
                <vehicle id="7" pos="89.88" speed="10.00"/>
            </lane>
        </edge>
        <edge id="7to4">
            <lane id="7to4_0">
                <vehicle id="6" pos="9.70" speed="10.00"/>
                <vehicle id="5" pos="25.70" speed="10.00"/>
                <vehicle id="4" pos="41.70" speed="10.00"/>
                <vehicle id="3" pos="57.70" speed="10.00"/>
                <vehicle id="2" pos="73.70" speed="10.00"/>
                <vehicle id="1" pos="84.70" speed="5.00"/>
            </lane>
        </edge>
    </timestep>
    <timestep time="76.60">
        <edge id=":4_1">
            <lane id=":4_1_0">
                <vehicle id="0" pos="11.10" speed="10.00"/>
            </lane>
        </edge>
        <edge id="5to6">
            <lane id="5to6_0">
                <vehicle id="11" pos="11.06" speed="10.00"/>
                <vehicle id="10" pos="27.06" speed="10.00"/>
                <vehicle id="9" pos="43.06" speed="10.00"/>
                <vehicle id="8" pos="59.06" speed="10.00"/>
            </lane>
        </edge>
        <edge id="6to7">
            <lane id="6to7_0">
                <vehicle id="7" pos="90.88" speed="10.00"/>
            </lane>
        </edge>
        <edge id="7to4">
            <lane id="7to4_0">
                <vehicle id="6" pos="10.70" speed="10.00"/>
                <vehicle id="5" pos="26.70" speed="10.00"/>
                <vehicle id="4" pos="42.70" speed="10.00"/>
                <vehicle id="3" pos="58.70" speed="10.00"/>
                <vehicle id="2" pos="74.70" speed="10.00"/>
                <vehicle id="1" pos="85.20" speed="5.00"/>
            </lane>
        </edge>
    </timestep>
    <timestep time="76.70">
        <edge id="4to1">
            <lane id="4to1_0">
                <vehicle id="0" pos="0.90" speed="10.00"/>
            </lane>
        </edge>
        <edge id="5to6">
            <lane id="5to6_0">
                <vehicle id="11" pos="12.06" speed="10.00"/>
                <vehicle id="10" pos="28.06" speed="10.00"/>
                <vehicle id="9" pos="44.06" speed="10.00"/>
                <vehicle id="8" pos="60.06" speed="10.00"/>
            </lane>
        </edge>
        <edge id="6to7">
            <lane id="6to7_0">
                <vehicle id="7" pos="91.88" speed="10.00"/>
            </lane>
        </edge>
        <edge id="7to4">
            <lane id="7to4_0">
                <vehicle id="6" pos="11.70" speed="10.00"/>
                <vehicle id="5" pos="27.70" speed="10.00"/>
                <vehicle id="4" pos="43.70" speed="10.00"/>
                <vehicle id="3" pos="59.70" speed="10.00"/>
                <vehicle id="2" pos="75.70" speed="10.00"/>
                <vehicle id="1" pos="85.70" speed="5.00"/>
            </lane>
        </edge>
    </timestep>
    <timestep time="76.80">
        <edge id="4to1">
            <lane id="4to1_0">
                <vehicle id="0" pos="1.90" speed="10.00"/>
            </lane>
        </edge>
        <edge id="5to6">
            <lane id="5to6_0">
                <vehicle id="11" pos="13.06" speed="10.00"/>
                <vehicle id="10" pos="29.06" speed="10.00"/>
                <vehicle id="9" pos="45.06" speed="10.00"/>
                <vehicle id="8" pos="61.06" speed="10.00"/>
            </lane>
        </edge>
        <edge id="6to7">
            <lane id="6to7_0">
                <vehicle id="7" pos="92.88" speed="10.00"/>
            </lane>
        </edge>
        <edge id="7to4">
            <lane id="7to4_0">
                <vehicle id="6" pos="12.70" speed="10.00"/>
                <vehicle id="5" pos="28.70" speed="10.00"/>
                <vehicle id="4" pos="44.70" speed="10.00"/>
                <vehicle id="3" pos="60.70" speed="10.00"/>
                <vehicle id="2" pos="76.20" speed="5.00"/>
                <vehicle id="1" pos="86.70" speed="10.00"/>
            </lane>
        </edge>
    </timestep>
    <timestep time="76.90">
        <edge id=":7_0">
            <lane id=":7_0_0">
                <vehicle id="7" pos="0.28" speed="10.00"/>
            </lane>
        </edge>
        <edge id="4to1">
            <lane id="4to1_0">
                <vehicle id="0" pos="2.90" speed="10.00"/>
            </lane>
        </edge>
        <edge id="5to6">
            <lane id="5to6_0">
                <vehicle id="11" pos="14.06" speed="10.00"/>
                <vehicle id="10" pos="30.06" speed="10.00"/>
                <vehicle id="9" pos="46.06" speed="10.00"/>
                <vehicle id="8" pos="62.06" speed="10.00"/>
            </lane>
        </edge>
        <edge id="7to4">
            <lane id="7to4_0">
                <vehicle id="6" pos="13.70" speed="10.00"/>
                <vehicle id="5" pos="29.70" speed="10.00"/>
                <vehicle id="4" pos="45.70" speed="10.00"/>
                <vehicle id="3" pos="61.70" speed="10.00"/>
                <vehicle id="2" pos="77.20" speed="10.00"/>
                <vehicle id="1" pos="87.70" speed="10.00"/>
            </lane>
        </edge>
    </timestep>
    <timestep time="77.00">
        <edge id=":7_0">
            <lane id=":7_0_0">
                <vehicle id="7" pos="1.28" speed="10.00"/>
            </lane>
        </edge>
        <edge id="4to1">
            <lane id="4to1_0">
                <vehicle id="0" pos="3.90" speed="10.00"/>
            </lane>
        </edge>
        <edge id="5to6">
            <lane id="5to6_0">
                <vehicle id="11" pos="15.06" speed="10.00"/>
                <vehicle id="10" pos="31.06" speed="10.00"/>
                <vehicle id="9" pos="47.06" speed="10.00"/>
                <vehicle id="8" pos="63.06" speed="10.00"/>
            </lane>
        </edge>
        <edge id="7to4">
            <lane id="7to4_0">
                <vehicle id="6" pos="14.70" speed="10.00"/>
                <vehicle id="5" pos="30.70" speed="10.00"/>
                <vehicle id="4" pos="46.70" speed="10.00"/>
                <vehicle id="3" pos="62.70" speed="10.00"/>
                <vehicle id="2" pos="78.20" speed="10.00"/>
                <vehicle id="1" pos="88.70" speed="10.00"/>
            </lane>
        </edge>
    </timestep>
    <timestep time="77.10">
        <edge id=":4_1">
            <lane id=":4_1_0">
                <vehicle id="1" pos="0.10" speed="10.00"/>
            </lane>
        </edge>
        <edge id=":7_0">
            <lane id=":7_0_0">
                <vehicle id="7" pos="2.28" speed="10.00"/>
            </lane>
        </edge>
        <edge id="4to1">
            <lane id="4to1_0">
                <vehicle id="0" pos="4.90" speed="10.00"/>
            </lane>
        </edge>
        <edge id="5to6">
            <lane id="5to6_0">
                <vehicle id="11" pos="16.06" speed="10.00"/>
                <vehicle id="10" pos="32.06" speed="10.00"/>
                <vehicle id="9" pos="48.06" speed="10.00"/>
                <vehicle id="8" pos="64.06" speed="10.00"/>
            </lane>
        </edge>
        <edge id="7to4">
            <lane id="7to4_0">
                <vehicle id="6" pos="15.70" speed="10.00"/>
                <vehicle id="5" pos="31.70" speed="10.00"/>
                <vehicle id="4" pos="47.70" speed="10.00"/>
                <vehicle id="3" pos="63.70" speed="10.00"/>
                <vehicle id="2" pos="79.20" speed="10.00"/>
            </lane>
        </edge>
    </timestep>
    <timestep time="77.20">
        <edge id=":4_1">
            <lane id=":4_1_0">
                <vehicle id="1" pos="1.10" speed="10.00"/>
            </lane>
        </edge>
        <edge id="4to1">
            <lane id="4to1_0">
                <vehicle id="0" pos="5.90" speed="10.00"/>
            </lane>
        </edge>
        <edge id="5to6">
            <lane id="5to6_0">
                <vehicle id="11" pos="17.06" speed="10.00"/>
                <vehicle id="10" pos="33.06" speed="10.00"/>
                <vehicle id="9" pos="49.06" speed="10.00"/>
                <vehicle id="8" pos="65.06" speed="10.00"/>
            </lane>
        </edge>
        <edge id="7to4">
            <lane id="7to4_0">
                <vehicle id="7" pos="0.70" speed="10.00"/>
                <vehicle id="6" pos="16.70" speed="10.00"/>
                <vehicle id="5" pos="32.70" speed="10.00"/>
                <vehicle id="4" pos="48.70" speed="10.00"/>
                <vehicle id="3" pos="64.70" speed="10.00"/>
                <vehicle id="2" pos="80.20" speed="10.00"/>
            </lane>
        </edge>
    </timestep>
    <timestep time="77.30">
        <edge id=":4_1">
            <lane id=":4_1_0">
                <vehicle id="1" pos="2.10" speed="10.00"/>
            </lane>
        </edge>
        <edge id="4to1">
            <lane id="4to1_0">
                <vehicle id="0" pos="6.90" speed="10.00"/>
            </lane>
        </edge>
        <edge id="5to6">
            <lane id="5to6_0">
                <vehicle id="11" pos="18.06" speed="10.00"/>
                <vehicle id="10" pos="34.06" speed="10.00"/>
                <vehicle id="9" pos="50.06" speed="10.00"/>
                <vehicle id="8" pos="66.06" speed="10.00"/>
            </lane>
        </edge>
        <edge id="7to4">
            <lane id="7to4_0">
                <vehicle id="7" pos="1.70" speed="10.00"/>
                <vehicle id="6" pos="17.70" speed="10.00"/>
                <vehicle id="5" pos="33.70" speed="10.00"/>
                <vehicle id="4" pos="49.70" speed="10.00"/>
                <vehicle id="3" pos="65.70" speed="10.00"/>
                <vehicle id="2" pos="80.70" speed="5.00"/>
            </lane>
        </edge>
    </timestep>
    <timestep time="77.40">
        <edge id=":4_1">
            <lane id=":4_1_0">
                <vehicle id="1" pos="3.10" speed="10.00"/>
            </lane>
        </edge>
        <edge id="4to1">
            <lane id="4to1_0">
                <vehicle id="0" pos="7.90" speed="10.00"/>
            </lane>
        </edge>
        <edge id="5to6">
            <lane id="5to6_0">
                <vehicle id="11" pos="19.06" speed="10.00"/>
                <vehicle id="10" pos="35.06" speed="10.00"/>
                <vehicle id="9" pos="51.06" speed="10.00"/>
                <vehicle id="8" pos="67.06" speed="10.00"/>
            </lane>
        </edge>
        <edge id="7to4">
            <lane id="7to4_0">
                <vehicle id="7" pos="2.70" speed="10.00"/>
                <vehicle id="6" pos="18.70" speed="10.00"/>
                <vehicle id="5" pos="34.70" speed="10.00"/>
                <vehicle id="4" pos="50.70" speed="10.00"/>
                <vehicle id="3" pos="66.70" speed="10.00"/>
                <vehicle id="2" pos="81.20" speed="5.00"/>
            </lane>
        </edge>
    </timestep>
    <timestep time="77.50">
        <edge id=":4_1">
            <lane id=":4_1_0">
                <vehicle id="1" pos="4.10" speed="10.00"/>
            </lane>
        </edge>
        <edge id="4to1">
            <lane id="4to1_0">
                <vehicle id="0" pos="8.90" speed="10.00"/>
            </lane>
        </edge>
        <edge id="5to6">
            <lane id="5to6_0">
                <vehicle id="11" pos="20.06" speed="10.00"/>
                <vehicle id="10" pos="36.06" speed="10.00"/>
                <vehicle id="9" pos="52.06" speed="10.00"/>
                <vehicle id="8" pos="68.06" speed="10.00"/>
            </lane>
        </edge>
        <edge id="7to4">
            <lane id="7to4_0">
                <vehicle id="7" pos="3.70" speed="10.00"/>
                <vehicle id="6" pos="19.70" speed="10.00"/>
                <vehicle id="5" pos="35.70" speed="10.00"/>
                <vehicle id="4" pos="51.70" speed="10.00"/>
                <vehicle id="3" pos="67.70" speed="10.00"/>
                <vehicle id="2" pos="81.70" speed="5.00"/>
            </lane>
        </edge>
    </timestep>
    <timestep time="77.60">
        <edge id=":4_1">
            <lane id=":4_1_0">
                <vehicle id="1" pos="5.10" speed="10.00"/>
            </lane>
        </edge>
        <edge id="4to1">
            <lane id="4to1_0">
                <vehicle id="0" pos="9.90" speed="10.00"/>
            </lane>
        </edge>
        <edge id="5to6">
            <lane id="5to6_0">
                <vehicle id="11" pos="21.06" speed="10.00"/>
                <vehicle id="10" pos="37.06" speed="10.00"/>
                <vehicle id="9" pos="53.06" speed="10.00"/>
                <vehicle id="8" pos="69.06" speed="10.00"/>
            </lane>
        </edge>
        <edge id="7to4">
            <lane id="7to4_0">
                <vehicle id="7" pos="4.70" speed="10.00"/>
                <vehicle id="6" pos="20.70" speed="10.00"/>
                <vehicle id="5" pos="36.70" speed="10.00"/>
                <vehicle id="4" pos="52.70" speed="10.00"/>
                <vehicle id="3" pos="68.70" speed="10.00"/>
                <vehicle id="2" pos="82.20" speed="5.00"/>
            </lane>
        </edge>
    </timestep>
    <timestep time="77.70">
        <edge id=":4_1">
            <lane id=":4_1_0">
                <vehicle id="1" pos="6.10" speed="10.00"/>
            </lane>
        </edge>
        <edge id="4to1">
            <lane id="4to1_0">
                <vehicle id="0" pos="10.90" speed="10.00"/>
            </lane>
        </edge>
        <edge id="5to6">
            <lane id="5to6_0">
                <vehicle id="11" pos="22.06" speed="10.00"/>
                <vehicle id="10" pos="38.06" speed="10.00"/>
                <vehicle id="9" pos="54.06" speed="10.00"/>
                <vehicle id="8" pos="70.06" speed="10.00"/>
            </lane>
        </edge>
        <edge id="7to4">
            <lane id="7to4_0">
                <vehicle id="7" pos="5.70" speed="10.00"/>
                <vehicle id="6" pos="21.70" speed="10.00"/>
                <vehicle id="5" pos="37.70" speed="10.00"/>
                <vehicle id="4" pos="53.70" speed="10.00"/>
                <vehicle id="3" pos="69.70" speed="10.00"/>
                <vehicle id="2" pos="82.70" speed="5.00"/>
            </lane>
        </edge>
    </timestep>
    <timestep time="77.80">
        <edge id=":4_1">
            <lane id=":4_1_0">
                <vehicle id="1" pos="7.10" speed="10.00"/>
            </lane>
        </edge>
        <edge id="4to1">
            <lane id="4to1_0">
                <vehicle id="0" pos="11.90" speed="10.00"/>
            </lane>
        </edge>
        <edge id="5to6">
            <lane id="5to6_0">
                <vehicle id="11" pos="23.06" speed="10.00"/>
                <vehicle id="10" pos="39.06" speed="10.00"/>
                <vehicle id="9" pos="55.06" speed="10.00"/>
                <vehicle id="8" pos="71.06" speed="10.00"/>
            </lane>
        </edge>
        <edge id="7to4">
            <lane id="7to4_0">
                <vehicle id="7" pos="6.70" speed="10.00"/>
                <vehicle id="6" pos="22.70" speed="10.00"/>
                <vehicle id="5" pos="38.70" speed="10.00"/>
                <vehicle id="4" pos="54.70" speed="10.00"/>
                <vehicle id="3" pos="70.70" speed="10.00"/>
                <vehicle id="2" pos="83.20" speed="5.00"/>
            </lane>
        </edge>
    </timestep>
    <timestep time="77.90">
        <edge id=":4_1">
            <lane id=":4_1_0">
                <vehicle id="1" pos="8.10" speed="10.00"/>
            </lane>
        </edge>
        <edge id="4to1">
            <lane id="4to1_0">
                <vehicle id="0" pos="12.90" speed="10.00"/>
            </lane>
        </edge>
        <edge id="5to6">
            <lane id="5to6_0">
                <vehicle id="11" pos="24.06" speed="10.00"/>
                <vehicle id="10" pos="40.06" speed="10.00"/>
                <vehicle id="9" pos="56.06" speed="10.00"/>
                <vehicle id="8" pos="72.06" speed="10.00"/>
            </lane>
        </edge>
        <edge id="7to4">
            <lane id="7to4_0">
                <vehicle id="7" pos="7.70" speed="10.00"/>
                <vehicle id="6" pos="23.70" speed="10.00"/>
                <vehicle id="5" pos="39.70" speed="10.00"/>
                <vehicle id="4" pos="55.70" speed="10.00"/>
                <vehicle id="3" pos="71.70" speed="10.00"/>
                <vehicle id="2" pos="83.70" speed="5.00"/>
            </lane>
        </edge>
    </timestep>
    <timestep time="78.00">
        <edge id=":4_1">
            <lane id=":4_1_0">
                <vehicle id="1" pos="9.10" speed="10.00"/>
            </lane>
        </edge>
        <edge id="4to1">
            <lane id="4to1_0">
                <vehicle id="0" pos="13.90" speed="10.00"/>
            </lane>
        </edge>
        <edge id="5to6">
            <lane id="5to6_0">
                <vehicle id="11" pos="25.06" speed="10.00"/>
                <vehicle id="10" pos="41.06" speed="10.00"/>
                <vehicle id="9" pos="57.06" speed="10.00"/>
                <vehicle id="8" pos="73.06" speed="10.00"/>
            </lane>
        </edge>
        <edge id="7to4">
            <lane id="7to4_0">
                <vehicle id="7" pos="8.70" speed="10.00"/>
                <vehicle id="6" pos="24.70" speed="10.00"/>
                <vehicle id="5" pos="40.70" speed="10.00"/>
                <vehicle id="4" pos="56.70" speed="10.00"/>
                <vehicle id="3" pos="72.70" speed="10.00"/>
                <vehicle id="2" pos="84.20" speed="5.00"/>
            </lane>
        </edge>
    </timestep>
    <timestep time="78.10">
        <edge id=":4_1">
            <lane id=":4_1_0">
                <vehicle id="1" pos="10.10" speed="10.00"/>
            </lane>
        </edge>
        <edge id="4to1">
            <lane id="4to1_0">
                <vehicle id="0" pos="14.90" speed="10.00"/>
            </lane>
        </edge>
        <edge id="5to6">
            <lane id="5to6_0">
                <vehicle id="11" pos="26.06" speed="10.00"/>
                <vehicle id="10" pos="42.06" speed="10.00"/>
                <vehicle id="9" pos="58.06" speed="10.00"/>
                <vehicle id="8" pos="74.06" speed="10.00"/>
            </lane>
        </edge>
        <edge id="7to4">
            <lane id="7to4_0">
                <vehicle id="7" pos="9.70" speed="10.00"/>
                <vehicle id="6" pos="25.70" speed="10.00"/>
                <vehicle id="5" pos="41.70" speed="10.00"/>
                <vehicle id="4" pos="57.70" speed="10.00"/>
                <vehicle id="3" pos="73.70" speed="10.00"/>
                <vehicle id="2" pos="84.70" speed="5.00"/>
            </lane>
        </edge>
    </timestep>
    <timestep time="78.20">
        <edge id=":4_1">
            <lane id=":4_1_0">
                <vehicle id="1" pos="11.10" speed="10.00"/>
            </lane>
        </edge>
        <edge id="4to1">
            <lane id="4to1_0">
                <vehicle id="0" pos="15.90" speed="10.00"/>
            </lane>
        </edge>
        <edge id="5to6">
            <lane id="5to6_0">
                <vehicle id="11" pos="27.06" speed="10.00"/>
                <vehicle id="10" pos="43.06" speed="10.00"/>
                <vehicle id="9" pos="59.06" speed="10.00"/>
                <vehicle id="8" pos="75.06" speed="10.00"/>
            </lane>
        </edge>
        <edge id="7to4">
            <lane id="7to4_0">
                <vehicle id="7" pos="10.70" speed="10.00"/>
                <vehicle id="6" pos="26.70" speed="10.00"/>
                <vehicle id="5" pos="42.70" speed="10.00"/>
                <vehicle id="4" pos="58.70" speed="10.00"/>
                <vehicle id="3" pos="74.70" speed="10.00"/>
                <vehicle id="2" pos="85.20" speed="5.00"/>
            </lane>
        </edge>
    </timestep>
    <timestep time="78.30">
        <edge id="4to1">
            <lane id="4to1_0">
                <vehicle id="1" pos="0.90" speed="10.00"/>
                <vehicle id="0" pos="16.90" speed="10.00"/>
            </lane>
        </edge>
        <edge id="5to6">
            <lane id="5to6_0">
                <vehicle id="11" pos="28.06" speed="10.00"/>
                <vehicle id="10" pos="44.06" speed="10.00"/>
                <vehicle id="9" pos="60.06" speed="10.00"/>
                <vehicle id="8" pos="76.06" speed="10.00"/>
            </lane>
        </edge>
        <edge id="7to4">
            <lane id="7to4_0">
                <vehicle id="7" pos="11.70" speed="10.00"/>
                <vehicle id="6" pos="27.70" speed="10.00"/>
                <vehicle id="5" pos="43.70" speed="10.00"/>
                <vehicle id="4" pos="59.70" speed="10.00"/>
                <vehicle id="3" pos="75.70" speed="10.00"/>
                <vehicle id="2" pos="85.70" speed="5.00"/>
            </lane>
        </edge>
    </timestep>
    <timestep time="78.40">
        <edge id="4to1">
            <lane id="4to1_0">
                <vehicle id="1" pos="1.90" speed="10.00"/>
                <vehicle id="0" pos="17.90" speed="10.00"/>
            </lane>
        </edge>
        <edge id="5to6">
            <lane id="5to6_0">
                <vehicle id="11" pos="29.06" speed="10.00"/>
                <vehicle id="10" pos="45.06" speed="10.00"/>
                <vehicle id="9" pos="61.06" speed="10.00"/>
                <vehicle id="8" pos="77.06" speed="10.00"/>
            </lane>
        </edge>
        <edge id="7to4">
            <lane id="7to4_0">
                <vehicle id="7" pos="12.70" speed="10.00"/>
                <vehicle id="6" pos="28.70" speed="10.00"/>
                <vehicle id="5" pos="44.70" speed="10.00"/>
                <vehicle id="4" pos="60.70" speed="10.00"/>
                <vehicle id="3" pos="76.20" speed="5.00"/>
                <vehicle id="2" pos="86.70" speed="10.00"/>
            </lane>
        </edge>
    </timestep>
    <timestep time="78.50">
        <edge id="4to1">
            <lane id="4to1_0">
                <vehicle id="1" pos="2.90" speed="10.00"/>
                <vehicle id="0" pos="18.90" speed="10.00"/>
            </lane>
        </edge>
        <edge id="5to6">
            <lane id="5to6_0">
                <vehicle id="11" pos="30.06" speed="10.00"/>
                <vehicle id="10" pos="46.06" speed="10.00"/>
                <vehicle id="9" pos="62.06" speed="10.00"/>
                <vehicle id="8" pos="78.06" speed="10.00"/>
            </lane>
        </edge>
        <edge id="7to4">
            <lane id="7to4_0">
                <vehicle id="7" pos="13.70" speed="10.00"/>
                <vehicle id="6" pos="29.70" speed="10.00"/>
                <vehicle id="5" pos="45.70" speed="10.00"/>
                <vehicle id="4" pos="61.70" speed="10.00"/>
                <vehicle id="3" pos="77.20" speed="10.00"/>
                <vehicle id="2" pos="87.70" speed="10.00"/>
            </lane>
        </edge>
    </timestep>
    <timestep time="78.60">
        <edge id="4to1">
            <lane id="4to1_0">
                <vehicle id="1" pos="3.90" speed="10.00"/>
                <vehicle id="0" pos="19.90" speed="10.00"/>
            </lane>
        </edge>
        <edge id="5to6">
            <lane id="5to6_0">
                <vehicle id="11" pos="31.06" speed="10.00"/>
                <vehicle id="10" pos="47.06" speed="10.00"/>
                <vehicle id="9" pos="63.06" speed="10.00"/>
                <vehicle id="8" pos="79.06" speed="10.00"/>
            </lane>
        </edge>
        <edge id="7to4">
            <lane id="7to4_0">
                <vehicle id="7" pos="14.70" speed="10.00"/>
                <vehicle id="6" pos="30.70" speed="10.00"/>
                <vehicle id="5" pos="46.70" speed="10.00"/>
                <vehicle id="4" pos="62.70" speed="10.00"/>
                <vehicle id="3" pos="78.20" speed="10.00"/>
                <vehicle id="2" pos="88.70" speed="10.00"/>
            </lane>
        </edge>
    </timestep>
    <timestep time="78.70">
        <edge id=":4_1">
            <lane id=":4_1_0">
                <vehicle id="2" pos="0.10" speed="10.00"/>
            </lane>
        </edge>
        <edge id="4to1">
            <lane id="4to1_0">
                <vehicle id="1" pos="4.90" speed="10.00"/>
                <vehicle id="0" pos="20.90" speed="10.00"/>
            </lane>
        </edge>
        <edge id="5to6">
            <lane id="5to6_0">
                <vehicle id="11" pos="32.06" speed="10.00"/>
                <vehicle id="10" pos="48.06" speed="10.00"/>
                <vehicle id="9" pos="64.06" speed="10.00"/>
                <vehicle id="8" pos="80.06" speed="10.00"/>
            </lane>
        </edge>
        <edge id="7to4">
            <lane id="7to4_0">
                <vehicle id="7" pos="15.70" speed="10.00"/>
                <vehicle id="6" pos="31.70" speed="10.00"/>
                <vehicle id="5" pos="47.70" speed="10.00"/>
                <vehicle id="4" pos="63.70" speed="10.00"/>
                <vehicle id="3" pos="79.20" speed="10.00"/>
            </lane>
        </edge>
    </timestep>
    <timestep time="78.80">
        <edge id=":4_1">
            <lane id=":4_1_0">
                <vehicle id="2" pos="1.10" speed="10.00"/>
            </lane>
        </edge>
        <edge id="4to1">
            <lane id="4to1_0">
                <vehicle id="1" pos="5.90" speed="10.00"/>
                <vehicle id="0" pos="21.90" speed="10.00"/>
            </lane>
        </edge>
        <edge id="5to6">
            <lane id="5to6_0">
                <vehicle id="11" pos="33.06" speed="10.00"/>
                <vehicle id="10" pos="49.06" speed="10.00"/>
                <vehicle id="9" pos="65.06" speed="10.00"/>
                <vehicle id="8" pos="81.06" speed="10.00"/>
            </lane>
        </edge>
        <edge id="7to4">
            <lane id="7to4_0">
                <vehicle id="7" pos="16.70" speed="10.00"/>
                <vehicle id="6" pos="32.70" speed="10.00"/>
                <vehicle id="5" pos="48.70" speed="10.00"/>
                <vehicle id="4" pos="64.70" speed="10.00"/>
                <vehicle id="3" pos="80.20" speed="10.00"/>
            </lane>
        </edge>
    </timestep>
    <timestep time="78.90">
        <edge id=":4_1">
            <lane id=":4_1_0">
                <vehicle id="2" pos="2.10" speed="10.00"/>
            </lane>
        </edge>
        <edge id="4to1">
            <lane id="4to1_0">
                <vehicle id="1" pos="6.90" speed="10.00"/>
                <vehicle id="0" pos="22.90" speed="10.00"/>
            </lane>
        </edge>
        <edge id="5to6">
            <lane id="5to6_0">
                <vehicle id="11" pos="34.06" speed="10.00"/>
                <vehicle id="10" pos="50.06" speed="10.00"/>
                <vehicle id="9" pos="66.06" speed="10.00"/>
                <vehicle id="8" pos="82.06" speed="10.00"/>
            </lane>
        </edge>
        <edge id="7to4">
            <lane id="7to4_0">
                <vehicle id="7" pos="17.70" speed="10.00"/>
                <vehicle id="6" pos="33.70" speed="10.00"/>
                <vehicle id="5" pos="49.70" speed="10.00"/>
                <vehicle id="4" pos="65.70" speed="10.00"/>
                <vehicle id="3" pos="80.70" speed="5.00"/>
            </lane>
        </edge>
    </timestep>
    <timestep time="79.00">
        <edge id=":4_1">
            <lane id=":4_1_0">
                <vehicle id="2" pos="3.10" speed="10.00"/>
            </lane>
        </edge>
        <edge id="4to1">
            <lane id="4to1_0">
                <vehicle id="1" pos="7.90" speed="10.00"/>
                <vehicle id="0" pos="23.90" speed="10.00"/>
            </lane>
        </edge>
        <edge id="5to6">
            <lane id="5to6_0">
                <vehicle id="11" pos="35.06" speed="10.00"/>
                <vehicle id="10" pos="51.06" speed="10.00"/>
                <vehicle id="9" pos="67.06" speed="10.00"/>
                <vehicle id="8" pos="83.06" speed="10.00"/>
            </lane>
        </edge>
        <edge id="7to4">
            <lane id="7to4_0">
                <vehicle id="7" pos="18.70" speed="10.00"/>
                <vehicle id="6" pos="34.70" speed="10.00"/>
                <vehicle id="5" pos="50.70" speed="10.00"/>
                <vehicle id="4" pos="66.70" speed="10.00"/>
                <vehicle id="3" pos="81.20" speed="5.00"/>
            </lane>
        </edge>
    </timestep>
    <timestep time="79.10">
        <edge id=":4_1">
            <lane id=":4_1_0">
                <vehicle id="2" pos="4.10" speed="10.00"/>
            </lane>
        </edge>
        <edge id="4to1">
            <lane id="4to1_0">
                <vehicle id="1" pos="8.90" speed="10.00"/>
                <vehicle id="0" pos="24.90" speed="10.00"/>
            </lane>
        </edge>
        <edge id="5to6">
            <lane id="5to6_0">
                <vehicle id="11" pos="36.06" speed="10.00"/>
                <vehicle id="10" pos="52.06" speed="10.00"/>
                <vehicle id="9" pos="68.06" speed="10.00"/>
                <vehicle id="8" pos="84.06" speed="10.00"/>
            </lane>
        </edge>
        <edge id="7to4">
            <lane id="7to4_0">
                <vehicle id="7" pos="19.70" speed="10.00"/>
                <vehicle id="6" pos="35.70" speed="10.00"/>
                <vehicle id="5" pos="51.70" speed="10.00"/>
                <vehicle id="4" pos="67.70" speed="10.00"/>
                <vehicle id="3" pos="81.70" speed="5.00"/>
            </lane>
        </edge>
    </timestep>
    <timestep time="79.20">
        <edge id=":4_1">
            <lane id=":4_1_0">
                <vehicle id="2" pos="5.10" speed="10.00"/>
            </lane>
        </edge>
        <edge id="4to1">
            <lane id="4to1_0">
                <vehicle id="1" pos="9.90" speed="10.00"/>
                <vehicle id="0" pos="25.90" speed="10.00"/>
            </lane>
        </edge>
        <edge id="5to6">
            <lane id="5to6_0">
                <vehicle id="11" pos="37.06" speed="10.00"/>
                <vehicle id="10" pos="53.06" speed="10.00"/>
                <vehicle id="9" pos="69.06" speed="10.00"/>
                <vehicle id="8" pos="85.06" speed="10.00"/>
            </lane>
        </edge>
        <edge id="7to4">
            <lane id="7to4_0">
                <vehicle id="7" pos="20.70" speed="10.00"/>
                <vehicle id="6" pos="36.70" speed="10.00"/>
                <vehicle id="5" pos="52.70" speed="10.00"/>
                <vehicle id="4" pos="68.70" speed="10.00"/>
                <vehicle id="3" pos="82.20" speed="5.00"/>
            </lane>
        </edge>
    </timestep>
    <timestep time="79.30">
        <edge id=":4_1">
            <lane id=":4_1_0">
                <vehicle id="2" pos="6.10" speed="10.00"/>
            </lane>
        </edge>
        <edge id="4to1">
            <lane id="4to1_0">
                <vehicle id="1" pos="10.90" speed="10.00"/>
                <vehicle id="0" pos="26.90" speed="10.00"/>
            </lane>
        </edge>
        <edge id="5to6">
            <lane id="5to6_0">
                <vehicle id="11" pos="38.06" speed="10.00"/>
                <vehicle id="10" pos="54.06" speed="10.00"/>
                <vehicle id="9" pos="70.06" speed="10.00"/>
                <vehicle id="8" pos="86.06" speed="10.00"/>
            </lane>
        </edge>
        <edge id="7to4">
            <lane id="7to4_0">
                <vehicle id="7" pos="21.70" speed="10.00"/>
                <vehicle id="6" pos="37.70" speed="10.00"/>
                <vehicle id="5" pos="53.70" speed="10.00"/>
                <vehicle id="4" pos="69.70" speed="10.00"/>
                <vehicle id="3" pos="82.70" speed="5.00"/>
            </lane>
        </edge>
    </timestep>
    <timestep time="79.40">
        <edge id=":4_1">
            <lane id=":4_1_0">
                <vehicle id="2" pos="7.10" speed="10.00"/>
            </lane>
        </edge>
        <edge id="4to1">
            <lane id="4to1_0">
                <vehicle id="1" pos="11.90" speed="10.00"/>
                <vehicle id="0" pos="27.90" speed="10.00"/>
            </lane>
        </edge>
        <edge id="5to6">
            <lane id="5to6_0">
                <vehicle id="11" pos="39.06" speed="10.00"/>
                <vehicle id="10" pos="55.06" speed="10.00"/>
                <vehicle id="9" pos="71.06" speed="10.00"/>
                <vehicle id="8" pos="87.06" speed="10.00"/>
            </lane>
        </edge>
        <edge id="7to4">
            <lane id="7to4_0">
                <vehicle id="7" pos="22.70" speed="10.00"/>
                <vehicle id="6" pos="38.70" speed="10.00"/>
                <vehicle id="5" pos="54.70" speed="10.00"/>
                <vehicle id="4" pos="70.70" speed="10.00"/>
                <vehicle id="3" pos="83.20" speed="5.00"/>
            </lane>
        </edge>
    </timestep>
    <timestep time="79.50">
        <edge id=":4_1">
            <lane id=":4_1_0">
                <vehicle id="2" pos="8.10" speed="10.00"/>
            </lane>
        </edge>
        <edge id="4to1">
            <lane id="4to1_0">
                <vehicle id="1" pos="12.90" speed="10.00"/>
                <vehicle id="0" pos="28.90" speed="10.00"/>
            </lane>
        </edge>
        <edge id="5to6">
            <lane id="5to6_0">
                <vehicle id="11" pos="40.06" speed="10.00"/>
                <vehicle id="10" pos="56.06" speed="10.00"/>
                <vehicle id="9" pos="72.06" speed="10.00"/>
                <vehicle id="8" pos="88.06" speed="10.00"/>
            </lane>
        </edge>
        <edge id="7to4">
            <lane id="7to4_0">
                <vehicle id="7" pos="23.70" speed="10.00"/>
                <vehicle id="6" pos="39.70" speed="10.00"/>
                <vehicle id="5" pos="55.70" speed="10.00"/>
                <vehicle id="4" pos="71.70" speed="10.00"/>
                <vehicle id="3" pos="83.70" speed="5.00"/>
            </lane>
        </edge>
    </timestep>
    <timestep time="79.60">
        <edge id=":4_1">
            <lane id=":4_1_0">
                <vehicle id="2" pos="9.10" speed="10.00"/>
            </lane>
        </edge>
        <edge id="4to1">
            <lane id="4to1_0">
                <vehicle id="1" pos="13.90" speed="10.00"/>
                <vehicle id="0" pos="29.90" speed="10.00"/>
            </lane>
        </edge>
        <edge id="5to6">
            <lane id="5to6_0">
                <vehicle id="11" pos="41.06" speed="10.00"/>
                <vehicle id="10" pos="57.06" speed="10.00"/>
                <vehicle id="9" pos="73.06" speed="10.00"/>
                <vehicle id="8" pos="89.06" speed="10.00"/>
            </lane>
        </edge>
        <edge id="7to4">
            <lane id="7to4_0">
                <vehicle id="7" pos="24.70" speed="10.00"/>
                <vehicle id="6" pos="40.70" speed="10.00"/>
                <vehicle id="5" pos="56.70" speed="10.00"/>
                <vehicle id="4" pos="72.70" speed="10.00"/>
                <vehicle id="3" pos="84.20" speed="5.00"/>
            </lane>
        </edge>
    </timestep>
    <timestep time="79.70">
        <edge id=":4_1">
            <lane id=":4_1_0">
                <vehicle id="2" pos="10.10" speed="10.00"/>
            </lane>
        </edge>
        <edge id="4to1">
            <lane id="4to1_0">
                <vehicle id="1" pos="14.90" speed="10.00"/>
                <vehicle id="0" pos="30.90" speed="10.00"/>
            </lane>
        </edge>
        <edge id="5to6">
            <lane id="5to6_0">
                <vehicle id="11" pos="42.06" speed="10.00"/>
                <vehicle id="10" pos="58.06" speed="10.00"/>
                <vehicle id="9" pos="74.06" speed="10.00"/>
                <vehicle id="8" pos="90.06" speed="10.00"/>
            </lane>
        </edge>
        <edge id="7to4">
            <lane id="7to4_0">
                <vehicle id="7" pos="25.70" speed="10.00"/>
                <vehicle id="6" pos="41.70" speed="10.00"/>
                <vehicle id="5" pos="57.70" speed="10.00"/>
                <vehicle id="4" pos="73.70" speed="10.00"/>
                <vehicle id="3" pos="84.70" speed="5.00"/>
            </lane>
        </edge>
    </timestep>
    <timestep time="79.80">
        <edge id=":4_1">
            <lane id=":4_1_0">
                <vehicle id="2" pos="11.10" speed="10.00"/>
            </lane>
        </edge>
        <edge id="4to1">
            <lane id="4to1_0">
                <vehicle id="1" pos="15.90" speed="10.00"/>
                <vehicle id="0" pos="31.90" speed="10.00"/>
            </lane>
        </edge>
        <edge id="5to6">
            <lane id="5to6_0">
                <vehicle id="11" pos="43.06" speed="10.00"/>
                <vehicle id="10" pos="59.06" speed="10.00"/>
                <vehicle id="9" pos="75.06" speed="10.00"/>
                <vehicle id="8" pos="91.06" speed="10.00"/>
            </lane>
        </edge>
        <edge id="7to4">
            <lane id="7to4_0">
                <vehicle id="7" pos="26.70" speed="10.00"/>
                <vehicle id="6" pos="42.70" speed="10.00"/>
                <vehicle id="5" pos="58.70" speed="10.00"/>
                <vehicle id="4" pos="74.70" speed="10.00"/>
                <vehicle id="3" pos="85.20" speed="5.00"/>
            </lane>
        </edge>
    </timestep>
    <timestep time="79.90">
        <edge id="4to1">
            <lane id="4to1_0">
                <vehicle id="2" pos="0.90" speed="10.00"/>
                <vehicle id="1" pos="16.90" speed="10.00"/>
                <vehicle id="0" pos="32.90" speed="10.00"/>
            </lane>
        </edge>
        <edge id="5to6">
            <lane id="5to6_0">
                <vehicle id="11" pos="44.06" speed="10.00"/>
                <vehicle id="10" pos="60.06" speed="10.00"/>
                <vehicle id="9" pos="76.06" speed="10.00"/>
                <vehicle id="8" pos="92.06" speed="10.00"/>
            </lane>
        </edge>
        <edge id="7to4">
            <lane id="7to4_0">
                <vehicle id="7" pos="27.70" speed="10.00"/>
                <vehicle id="6" pos="43.70" speed="10.00"/>
                <vehicle id="5" pos="59.70" speed="10.00"/>
                <vehicle id="4" pos="75.70" speed="10.00"/>
                <vehicle id="3" pos="85.70" speed="5.00"/>
            </lane>
        </edge>
    </timestep>
    <timestep time="80.00">
        <edge id="4to1">
            <lane id="4to1_0">
                <vehicle id="2" pos="1.90" speed="10.00"/>
                <vehicle id="1" pos="17.90" speed="10.00"/>
                <vehicle id="0" pos="33.90" speed="10.00"/>
            </lane>
        </edge>
        <edge id="5to6">
            <lane id="5to6_0">
                <vehicle id="11" pos="45.06" speed="10.00"/>
                <vehicle id="10" pos="61.06" speed="10.00"/>
                <vehicle id="9" pos="77.06" speed="10.00"/>
                <vehicle id="8" pos="93.06" speed="10.00"/>
            </lane>
        </edge>
        <edge id="7to4">
            <lane id="7to4_0">
                <vehicle id="7" pos="28.70" speed="10.00"/>
                <vehicle id="6" pos="44.70" speed="10.00"/>
                <vehicle id="5" pos="60.70" speed="10.00"/>
                <vehicle id="4" pos="76.20" speed="5.00"/>
                <vehicle id="3" pos="86.70" speed="10.00"/>
            </lane>
        </edge>
    </timestep>
    <timestep time="80.10">
        <edge id=":6_0">
            <lane id=":6_0_0">
                <vehicle id="8" pos="0.46" speed="10.00"/>
            </lane>
        </edge>
        <edge id="4to1">
            <lane id="4to1_0">
                <vehicle id="2" pos="2.90" speed="10.00"/>
                <vehicle id="1" pos="18.90" speed="10.00"/>
                <vehicle id="0" pos="34.90" speed="10.00"/>
            </lane>
        </edge>
        <edge id="5to6">
            <lane id="5to6_0">
                <vehicle id="11" pos="46.06" speed="10.00"/>
                <vehicle id="10" pos="62.06" speed="10.00"/>
                <vehicle id="9" pos="78.06" speed="10.00"/>
            </lane>
        </edge>
        <edge id="7to4">
            <lane id="7to4_0">
                <vehicle id="7" pos="29.70" speed="10.00"/>
                <vehicle id="6" pos="45.70" speed="10.00"/>
                <vehicle id="5" pos="61.70" speed="10.00"/>
                <vehicle id="4" pos="77.20" speed="10.00"/>
                <vehicle id="3" pos="87.70" speed="10.00"/>
            </lane>
        </edge>
    </timestep>
    <timestep time="80.20">
        <edge id=":6_0">
            <lane id=":6_0_0">
                <vehicle id="8" pos="1.46" speed="10.00"/>
            </lane>
        </edge>
        <edge id="4to1">
            <lane id="4to1_0">
                <vehicle id="2" pos="3.90" speed="10.00"/>
                <vehicle id="1" pos="19.90" speed="10.00"/>
                <vehicle id="0" pos="35.90" speed="10.00"/>
            </lane>
        </edge>
        <edge id="5to6">
            <lane id="5to6_0">
                <vehicle id="11" pos="47.06" speed="10.00"/>
                <vehicle id="10" pos="63.06" speed="10.00"/>
                <vehicle id="9" pos="79.06" speed="10.00"/>
            </lane>
        </edge>
        <edge id="7to4">
            <lane id="7to4_0">
                <vehicle id="7" pos="30.70" speed="10.00"/>
                <vehicle id="6" pos="46.70" speed="10.00"/>
                <vehicle id="5" pos="62.70" speed="10.00"/>
                <vehicle id="4" pos="78.20" speed="10.00"/>
                <vehicle id="3" pos="88.70" speed="10.00"/>
            </lane>
        </edge>
    </timestep>
    <timestep time="80.30">
        <edge id=":4_1">
            <lane id=":4_1_0">
                <vehicle id="3" pos="0.10" speed="10.00"/>
            </lane>
        </edge>
        <edge id=":6_0">
            <lane id=":6_0_0">
                <vehicle id="8" pos="2.46" speed="10.00"/>
            </lane>
        </edge>
        <edge id="4to1">
            <lane id="4to1_0">
                <vehicle id="2" pos="4.90" speed="10.00"/>
                <vehicle id="1" pos="20.90" speed="10.00"/>
                <vehicle id="0" pos="36.90" speed="10.00"/>
            </lane>
        </edge>
        <edge id="5to6">
            <lane id="5to6_0">
                <vehicle id="11" pos="48.06" speed="10.00"/>
                <vehicle id="10" pos="64.06" speed="10.00"/>
                <vehicle id="9" pos="80.06" speed="10.00"/>
            </lane>
        </edge>
        <edge id="7to4">
            <lane id="7to4_0">
                <vehicle id="7" pos="31.70" speed="10.00"/>
                <vehicle id="6" pos="47.70" speed="10.00"/>
                <vehicle id="5" pos="63.70" speed="10.00"/>
                <vehicle id="4" pos="79.20" speed="10.00"/>
            </lane>
        </edge>
    </timestep>
    <timestep time="80.40">
        <edge id=":4_1">
            <lane id=":4_1_0">
                <vehicle id="3" pos="1.10" speed="10.00"/>
            </lane>
        </edge>
        <edge id="4to1">
            <lane id="4to1_0">
                <vehicle id="2" pos="5.90" speed="10.00"/>
                <vehicle id="1" pos="21.90" speed="10.00"/>
                <vehicle id="0" pos="37.90" speed="10.00"/>
            </lane>
        </edge>
        <edge id="5to6">
            <lane id="5to6_0">
                <vehicle id="11" pos="49.06" speed="10.00"/>
                <vehicle id="10" pos="65.06" speed="10.00"/>
                <vehicle id="9" pos="81.06" speed="10.00"/>
            </lane>
        </edge>
        <edge id="6to7">
            <lane id="6to7_0">
                <vehicle id="8" pos="0.88" speed="10.00"/>
            </lane>
        </edge>
        <edge id="7to4">
            <lane id="7to4_0">
                <vehicle id="7" pos="32.70" speed="10.00"/>
                <vehicle id="6" pos="48.70" speed="10.00"/>
                <vehicle id="5" pos="64.70" speed="10.00"/>
                <vehicle id="4" pos="80.20" speed="10.00"/>
            </lane>
        </edge>
    </timestep>
    <timestep time="80.50">
        <edge id=":4_1">
            <lane id=":4_1_0">
                <vehicle id="3" pos="2.10" speed="10.00"/>
            </lane>
        </edge>
        <edge id="4to1">
            <lane id="4to1_0">
                <vehicle id="2" pos="6.90" speed="10.00"/>
                <vehicle id="1" pos="22.90" speed="10.00"/>
                <vehicle id="0" pos="38.90" speed="10.00"/>
            </lane>
        </edge>
        <edge id="5to6">
            <lane id="5to6_0">
                <vehicle id="11" pos="50.06" speed="10.00"/>
                <vehicle id="10" pos="66.06" speed="10.00"/>
                <vehicle id="9" pos="82.06" speed="10.00"/>
            </lane>
        </edge>
        <edge id="6to7">
            <lane id="6to7_0">
                <vehicle id="8" pos="1.88" speed="10.00"/>
            </lane>
        </edge>
        <edge id="7to4">
            <lane id="7to4_0">
                <vehicle id="7" pos="33.70" speed="10.00"/>
                <vehicle id="6" pos="49.70" speed="10.00"/>
                <vehicle id="5" pos="65.70" speed="10.00"/>
                <vehicle id="4" pos="80.70" speed="5.00"/>
            </lane>
        </edge>
    </timestep>
    <timestep time="80.60">
        <edge id=":4_1">
            <lane id=":4_1_0">
                <vehicle id="3" pos="3.10" speed="10.00"/>
            </lane>
        </edge>
        <edge id="4to1">
            <lane id="4to1_0">
                <vehicle id="2" pos="7.90" speed="10.00"/>
                <vehicle id="1" pos="23.90" speed="10.00"/>
                <vehicle id="0" pos="39.90" speed="10.00"/>
            </lane>
        </edge>
        <edge id="5to6">
            <lane id="5to6_0">
                <vehicle id="11" pos="51.06" speed="10.00"/>
                <vehicle id="10" pos="67.06" speed="10.00"/>
                <vehicle id="9" pos="83.06" speed="10.00"/>
            </lane>
        </edge>
        <edge id="6to7">
            <lane id="6to7_0">
                <vehicle id="8" pos="2.88" speed="10.00"/>
            </lane>
        </edge>
        <edge id="7to4">
            <lane id="7to4_0">
                <vehicle id="7" pos="34.70" speed="10.00"/>
                <vehicle id="6" pos="50.70" speed="10.00"/>
                <vehicle id="5" pos="66.70" speed="10.00"/>
                <vehicle id="4" pos="81.20" speed="5.00"/>
            </lane>
        </edge>
    </timestep>
    <timestep time="80.70">
        <edge id=":4_1">
            <lane id=":4_1_0">
                <vehicle id="3" pos="4.10" speed="10.00"/>
            </lane>
        </edge>
        <edge id="4to1">
            <lane id="4to1_0">
                <vehicle id="2" pos="8.90" speed="10.00"/>
                <vehicle id="1" pos="24.90" speed="10.00"/>
                <vehicle id="0" pos="40.90" speed="10.00"/>
            </lane>
        </edge>
        <edge id="5to6">
            <lane id="5to6_0">
                <vehicle id="11" pos="52.06" speed="10.00"/>
                <vehicle id="10" pos="68.06" speed="10.00"/>
                <vehicle id="9" pos="84.06" speed="10.00"/>
            </lane>
        </edge>
        <edge id="6to7">
            <lane id="6to7_0">
                <vehicle id="8" pos="3.88" speed="10.00"/>
            </lane>
        </edge>
        <edge id="7to4">
            <lane id="7to4_0">
                <vehicle id="7" pos="35.70" speed="10.00"/>
                <vehicle id="6" pos="51.70" speed="10.00"/>
                <vehicle id="5" pos="67.70" speed="10.00"/>
                <vehicle id="4" pos="81.70" speed="5.00"/>
            </lane>
        </edge>
    </timestep>
    <timestep time="80.80">
        <edge id=":4_1">
            <lane id=":4_1_0">
                <vehicle id="3" pos="5.10" speed="10.00"/>
            </lane>
        </edge>
        <edge id="4to1">
            <lane id="4to1_0">
                <vehicle id="2" pos="9.90" speed="10.00"/>
                <vehicle id="1" pos="25.90" speed="10.00"/>
                <vehicle id="0" pos="41.90" speed="10.00"/>
            </lane>
        </edge>
        <edge id="5to6">
            <lane id="5to6_0">
                <vehicle id="11" pos="53.06" speed="10.00"/>
                <vehicle id="10" pos="69.06" speed="10.00"/>
                <vehicle id="9" pos="85.06" speed="10.00"/>
            </lane>
        </edge>
        <edge id="6to7">
            <lane id="6to7_0">
                <vehicle id="8" pos="4.88" speed="10.00"/>
            </lane>
        </edge>
        <edge id="7to4">
            <lane id="7to4_0">
                <vehicle id="7" pos="36.70" speed="10.00"/>
                <vehicle id="6" pos="52.70" speed="10.00"/>
                <vehicle id="5" pos="68.70" speed="10.00"/>
                <vehicle id="4" pos="82.20" speed="5.00"/>
            </lane>
        </edge>
    </timestep>
    <timestep time="80.90">
        <edge id=":4_1">
            <lane id=":4_1_0">
                <vehicle id="3" pos="6.10" speed="10.00"/>
            </lane>
        </edge>
        <edge id="4to1">
            <lane id="4to1_0">
                <vehicle id="2" pos="10.90" speed="10.00"/>
                <vehicle id="1" pos="26.90" speed="10.00"/>
                <vehicle id="0" pos="42.90" speed="10.00"/>
            </lane>
        </edge>
        <edge id="5to6">
            <lane id="5to6_0">
                <vehicle id="11" pos="54.06" speed="10.00"/>
                <vehicle id="10" pos="70.06" speed="10.00"/>
                <vehicle id="9" pos="86.06" speed="10.00"/>
            </lane>
        </edge>
        <edge id="6to7">
            <lane id="6to7_0">
                <vehicle id="8" pos="5.88" speed="10.00"/>
            </lane>
        </edge>
        <edge id="7to4">
            <lane id="7to4_0">
                <vehicle id="7" pos="37.70" speed="10.00"/>
                <vehicle id="6" pos="53.70" speed="10.00"/>
                <vehicle id="5" pos="69.70" speed="10.00"/>
                <vehicle id="4" pos="82.70" speed="5.00"/>
            </lane>
        </edge>
    </timestep>
    <timestep time="81.00">
        <edge id=":4_1">
            <lane id=":4_1_0">
                <vehicle id="3" pos="7.10" speed="10.00"/>
            </lane>
        </edge>
        <edge id="4to1">
            <lane id="4to1_0">
                <vehicle id="2" pos="11.90" speed="10.00"/>
                <vehicle id="1" pos="27.90" speed="10.00"/>
                <vehicle id="0" pos="43.90" speed="10.00"/>
            </lane>
        </edge>
        <edge id="5to6">
            <lane id="5to6_0">
                <vehicle id="11" pos="55.06" speed="10.00"/>
                <vehicle id="10" pos="71.06" speed="10.00"/>
                <vehicle id="9" pos="87.06" speed="10.00"/>
            </lane>
        </edge>
        <edge id="6to7">
            <lane id="6to7_0">
                <vehicle id="8" pos="6.88" speed="10.00"/>
            </lane>
        </edge>
        <edge id="7to4">
            <lane id="7to4_0">
                <vehicle id="7" pos="38.70" speed="10.00"/>
                <vehicle id="6" pos="54.70" speed="10.00"/>
                <vehicle id="5" pos="70.70" speed="10.00"/>
                <vehicle id="4" pos="83.20" speed="5.00"/>
            </lane>
        </edge>
    </timestep>
    <timestep time="81.10">
        <edge id=":4_1">
            <lane id=":4_1_0">
                <vehicle id="3" pos="8.10" speed="10.00"/>
            </lane>
        </edge>
        <edge id="4to1">
            <lane id="4to1_0">
                <vehicle id="2" pos="12.90" speed="10.00"/>
                <vehicle id="1" pos="28.90" speed="10.00"/>
                <vehicle id="0" pos="44.90" speed="10.00"/>
            </lane>
        </edge>
        <edge id="5to6">
            <lane id="5to6_0">
                <vehicle id="11" pos="56.06" speed="10.00"/>
                <vehicle id="10" pos="72.06" speed="10.00"/>
                <vehicle id="9" pos="88.06" speed="10.00"/>
            </lane>
        </edge>
        <edge id="6to7">
            <lane id="6to7_0">
                <vehicle id="8" pos="7.88" speed="10.00"/>
            </lane>
        </edge>
        <edge id="7to4">
            <lane id="7to4_0">
                <vehicle id="7" pos="39.70" speed="10.00"/>
                <vehicle id="6" pos="55.70" speed="10.00"/>
                <vehicle id="5" pos="71.70" speed="10.00"/>
                <vehicle id="4" pos="83.70" speed="5.00"/>
            </lane>
        </edge>
    </timestep>
    <timestep time="81.20">
        <edge id=":4_1">
            <lane id=":4_1_0">
                <vehicle id="3" pos="9.10" speed="10.00"/>
            </lane>
        </edge>
        <edge id="4to1">
            <lane id="4to1_0">
                <vehicle id="2" pos="13.90" speed="10.00"/>
                <vehicle id="1" pos="29.90" speed="10.00"/>
                <vehicle id="0" pos="45.90" speed="10.00"/>
            </lane>
        </edge>
        <edge id="5to6">
            <lane id="5to6_0">
                <vehicle id="11" pos="57.06" speed="10.00"/>
                <vehicle id="10" pos="73.06" speed="10.00"/>
                <vehicle id="9" pos="89.06" speed="10.00"/>
            </lane>
        </edge>
        <edge id="6to7">
            <lane id="6to7_0">
                <vehicle id="8" pos="8.88" speed="10.00"/>
            </lane>
        </edge>
        <edge id="7to4">
            <lane id="7to4_0">
                <vehicle id="7" pos="40.70" speed="10.00"/>
                <vehicle id="6" pos="56.70" speed="10.00"/>
                <vehicle id="5" pos="72.70" speed="10.00"/>
                <vehicle id="4" pos="84.20" speed="5.00"/>
            </lane>
        </edge>
    </timestep>
    <timestep time="81.30">
        <edge id=":4_1">
            <lane id=":4_1_0">
                <vehicle id="3" pos="10.10" speed="10.00"/>
            </lane>
        </edge>
        <edge id="4to1">
            <lane id="4to1_0">
                <vehicle id="2" pos="14.90" speed="10.00"/>
                <vehicle id="1" pos="30.90" speed="10.00"/>
                <vehicle id="0" pos="46.90" speed="10.00"/>
            </lane>
        </edge>
        <edge id="5to6">
            <lane id="5to6_0">
                <vehicle id="11" pos="58.06" speed="10.00"/>
                <vehicle id="10" pos="74.06" speed="10.00"/>
                <vehicle id="9" pos="90.06" speed="10.00"/>
            </lane>
        </edge>
        <edge id="6to7">
            <lane id="6to7_0">
                <vehicle id="8" pos="9.88" speed="10.00"/>
            </lane>
        </edge>
        <edge id="7to4">
            <lane id="7to4_0">
                <vehicle id="7" pos="41.70" speed="10.00"/>
                <vehicle id="6" pos="57.70" speed="10.00"/>
                <vehicle id="5" pos="73.70" speed="10.00"/>
                <vehicle id="4" pos="84.70" speed="5.00"/>
            </lane>
        </edge>
    </timestep>
    <timestep time="81.40">
        <edge id=":4_1">
            <lane id=":4_1_0">
                <vehicle id="3" pos="11.10" speed="10.00"/>
            </lane>
        </edge>
        <edge id="4to1">
            <lane id="4to1_0">
                <vehicle id="2" pos="15.90" speed="10.00"/>
                <vehicle id="1" pos="31.90" speed="10.00"/>
                <vehicle id="0" pos="47.90" speed="10.00"/>
            </lane>
        </edge>
        <edge id="5to6">
            <lane id="5to6_0">
                <vehicle id="11" pos="59.06" speed="10.00"/>
                <vehicle id="10" pos="75.06" speed="10.00"/>
                <vehicle id="9" pos="91.06" speed="10.00"/>
            </lane>
        </edge>
        <edge id="6to7">
            <lane id="6to7_0">
                <vehicle id="8" pos="10.88" speed="10.00"/>
            </lane>
        </edge>
        <edge id="7to4">
            <lane id="7to4_0">
                <vehicle id="7" pos="42.70" speed="10.00"/>
                <vehicle id="6" pos="58.70" speed="10.00"/>
                <vehicle id="5" pos="74.70" speed="10.00"/>
                <vehicle id="4" pos="85.20" speed="5.00"/>
            </lane>
        </edge>
    </timestep>
    <timestep time="81.50">
        <edge id="4to1">
            <lane id="4to1_0">
                <vehicle id="3" pos="0.90" speed="10.00"/>
                <vehicle id="2" pos="16.90" speed="10.00"/>
                <vehicle id="1" pos="32.90" speed="10.00"/>
                <vehicle id="0" pos="48.90" speed="10.00"/>
            </lane>
        </edge>
        <edge id="5to6">
            <lane id="5to6_0">
                <vehicle id="11" pos="60.06" speed="10.00"/>
                <vehicle id="10" pos="76.06" speed="10.00"/>
                <vehicle id="9" pos="92.06" speed="10.00"/>
            </lane>
        </edge>
        <edge id="6to7">
            <lane id="6to7_0">
                <vehicle id="8" pos="11.88" speed="10.00"/>
            </lane>
        </edge>
        <edge id="7to4">
            <lane id="7to4_0">
                <vehicle id="7" pos="43.70" speed="10.00"/>
                <vehicle id="6" pos="59.70" speed="10.00"/>
                <vehicle id="5" pos="75.70" speed="10.00"/>
                <vehicle id="4" pos="85.70" speed="5.00"/>
            </lane>
        </edge>
    </timestep>
    <timestep time="81.60">
        <edge id="4to1">
            <lane id="4to1_0">
                <vehicle id="3" pos="1.90" speed="10.00"/>
                <vehicle id="2" pos="17.90" speed="10.00"/>
                <vehicle id="1" pos="33.90" speed="10.00"/>
                <vehicle id="0" pos="49.90" speed="10.00"/>
            </lane>
        </edge>
        <edge id="5to6">
            <lane id="5to6_0">
                <vehicle id="11" pos="61.06" speed="10.00"/>
                <vehicle id="10" pos="77.06" speed="10.00"/>
                <vehicle id="9" pos="93.06" speed="10.00"/>
            </lane>
        </edge>
        <edge id="6to7">
            <lane id="6to7_0">
                <vehicle id="8" pos="12.88" speed="10.00"/>
            </lane>
        </edge>
        <edge id="7to4">
            <lane id="7to4_0">
                <vehicle id="7" pos="44.70" speed="10.00"/>
                <vehicle id="6" pos="60.70" speed="10.00"/>
                <vehicle id="5" pos="76.20" speed="5.00"/>
                <vehicle id="4" pos="86.70" speed="10.00"/>
            </lane>
        </edge>
    </timestep>
    <timestep time="81.70">
        <edge id=":6_0">
            <lane id=":6_0_0">
                <vehicle id="9" pos="0.46" speed="10.00"/>
            </lane>
        </edge>
        <edge id="4to1">
            <lane id="4to1_0">
                <vehicle id="3" pos="2.90" speed="10.00"/>
                <vehicle id="2" pos="18.90" speed="10.00"/>
                <vehicle id="1" pos="34.90" speed="10.00"/>
                <vehicle id="0" pos="50.90" speed="10.00"/>
            </lane>
        </edge>
        <edge id="5to6">
            <lane id="5to6_0">
                <vehicle id="11" pos="62.06" speed="10.00"/>
                <vehicle id="10" pos="78.06" speed="10.00"/>
            </lane>
        </edge>
        <edge id="6to7">
            <lane id="6to7_0">
                <vehicle id="8" pos="13.88" speed="10.00"/>
            </lane>
        </edge>
        <edge id="7to4">
            <lane id="7to4_0">
                <vehicle id="7" pos="45.70" speed="10.00"/>
                <vehicle id="6" pos="61.70" speed="10.00"/>
                <vehicle id="5" pos="77.20" speed="10.00"/>
                <vehicle id="4" pos="87.70" speed="10.00"/>
            </lane>
        </edge>
    </timestep>
    <timestep time="81.80">
        <edge id=":6_0">
            <lane id=":6_0_0">
                <vehicle id="9" pos="1.46" speed="10.00"/>
            </lane>
        </edge>
        <edge id="4to1">
            <lane id="4to1_0">
                <vehicle id="3" pos="3.90" speed="10.00"/>
                <vehicle id="2" pos="19.90" speed="10.00"/>
                <vehicle id="1" pos="35.90" speed="10.00"/>
                <vehicle id="0" pos="51.90" speed="10.00"/>
            </lane>
        </edge>
        <edge id="5to6">
            <lane id="5to6_0">
                <vehicle id="11" pos="63.06" speed="10.00"/>
                <vehicle id="10" pos="79.06" speed="10.00"/>
            </lane>
        </edge>
        <edge id="6to7">
            <lane id="6to7_0">
                <vehicle id="8" pos="14.88" speed="10.00"/>
            </lane>
        </edge>
        <edge id="7to4">
            <lane id="7to4_0">
                <vehicle id="7" pos="46.70" speed="10.00"/>
                <vehicle id="6" pos="62.70" speed="10.00"/>
                <vehicle id="5" pos="78.20" speed="10.00"/>
                <vehicle id="4" pos="88.70" speed="10.00"/>
            </lane>
        </edge>
    </timestep>
    <timestep time="81.90">
        <edge id=":4_1">
            <lane id=":4_1_0">
                <vehicle id="4" pos="0.10" speed="10.00"/>
            </lane>
        </edge>
        <edge id=":6_0">
            <lane id=":6_0_0">
                <vehicle id="9" pos="2.46" speed="10.00"/>
            </lane>
        </edge>
        <edge id="4to1">
            <lane id="4to1_0">
                <vehicle id="3" pos="4.90" speed="10.00"/>
                <vehicle id="2" pos="20.90" speed="10.00"/>
                <vehicle id="1" pos="36.90" speed="10.00"/>
                <vehicle id="0" pos="52.90" speed="10.00"/>
            </lane>
        </edge>
        <edge id="5to6">
            <lane id="5to6_0">
                <vehicle id="11" pos="64.06" speed="10.00"/>
                <vehicle id="10" pos="80.06" speed="10.00"/>
            </lane>
        </edge>
        <edge id="6to7">
            <lane id="6to7_0">
                <vehicle id="8" pos="15.88" speed="10.00"/>
            </lane>
        </edge>
        <edge id="7to4">
            <lane id="7to4_0">
                <vehicle id="7" pos="47.70" speed="10.00"/>
                <vehicle id="6" pos="63.70" speed="10.00"/>
                <vehicle id="5" pos="79.20" speed="10.00"/>
            </lane>
        </edge>
    </timestep>
    <timestep time="82.00">
        <edge id=":4_1">
            <lane id=":4_1_0">
                <vehicle id="4" pos="1.10" speed="10.00"/>
            </lane>
        </edge>
        <edge id="4to1">
            <lane id="4to1_0">
                <vehicle id="3" pos="5.90" speed="10.00"/>
                <vehicle id="2" pos="21.90" speed="10.00"/>
                <vehicle id="1" pos="37.90" speed="10.00"/>
                <vehicle id="0" pos="53.90" speed="10.00"/>
            </lane>
        </edge>
        <edge id="5to6">
            <lane id="5to6_0">
                <vehicle id="11" pos="65.06" speed="10.00"/>
                <vehicle id="10" pos="81.06" speed="10.00"/>
            </lane>
        </edge>
        <edge id="6to7">
            <lane id="6to7_0">
                <vehicle id="9" pos="0.88" speed="10.00"/>
                <vehicle id="8" pos="16.88" speed="10.00"/>
            </lane>
        </edge>
        <edge id="7to4">
            <lane id="7to4_0">
                <vehicle id="7" pos="48.70" speed="10.00"/>
                <vehicle id="6" pos="64.70" speed="10.00"/>
                <vehicle id="5" pos="80.20" speed="10.00"/>
            </lane>
        </edge>
    </timestep>
    <timestep time="82.10">
        <edge id=":4_1">
            <lane id=":4_1_0">
                <vehicle id="4" pos="2.10" speed="10.00"/>
            </lane>
        </edge>
        <edge id="4to1">
            <lane id="4to1_0">
                <vehicle id="3" pos="6.90" speed="10.00"/>
                <vehicle id="2" pos="22.90" speed="10.00"/>
                <vehicle id="1" pos="38.90" speed="10.00"/>
                <vehicle id="0" pos="54.90" speed="10.00"/>
            </lane>
        </edge>
        <edge id="5to6">
            <lane id="5to6_0">
                <vehicle id="11" pos="66.06" speed="10.00"/>
                <vehicle id="10" pos="82.06" speed="10.00"/>
            </lane>
        </edge>
        <edge id="6to7">
            <lane id="6to7_0">
                <vehicle id="9" pos="1.88" speed="10.00"/>
                <vehicle id="8" pos="17.88" speed="10.00"/>
            </lane>
        </edge>
        <edge id="7to4">
            <lane id="7to4_0">
                <vehicle id="7" pos="49.70" speed="10.00"/>
                <vehicle id="6" pos="65.70" speed="10.00"/>
                <vehicle id="5" pos="80.70" speed="5.00"/>
            </lane>
        </edge>
    </timestep>
    <timestep time="82.20">
        <edge id=":4_1">
            <lane id=":4_1_0">
                <vehicle id="4" pos="3.10" speed="10.00"/>
            </lane>
        </edge>
        <edge id="4to1">
            <lane id="4to1_0">
                <vehicle id="3" pos="7.90" speed="10.00"/>
                <vehicle id="2" pos="23.90" speed="10.00"/>
                <vehicle id="1" pos="39.90" speed="10.00"/>
                <vehicle id="0" pos="55.90" speed="10.00"/>
            </lane>
        </edge>
        <edge id="5to6">
            <lane id="5to6_0">
                <vehicle id="11" pos="67.06" speed="10.00"/>
                <vehicle id="10" pos="83.06" speed="10.00"/>
            </lane>
        </edge>
        <edge id="6to7">
            <lane id="6to7_0">
                <vehicle id="9" pos="2.88" speed="10.00"/>
                <vehicle id="8" pos="18.88" speed="10.00"/>
            </lane>
        </edge>
        <edge id="7to4">
            <lane id="7to4_0">
                <vehicle id="7" pos="50.70" speed="10.00"/>
                <vehicle id="6" pos="66.70" speed="10.00"/>
                <vehicle id="5" pos="81.20" speed="5.00"/>
            </lane>
        </edge>
    </timestep>
    <timestep time="82.30">
        <edge id=":4_1">
            <lane id=":4_1_0">
                <vehicle id="4" pos="4.10" speed="10.00"/>
            </lane>
        </edge>
        <edge id="4to1">
            <lane id="4to1_0">
                <vehicle id="3" pos="8.90" speed="10.00"/>
                <vehicle id="2" pos="24.90" speed="10.00"/>
                <vehicle id="1" pos="40.90" speed="10.00"/>
                <vehicle id="0" pos="56.90" speed="10.00"/>
            </lane>
        </edge>
        <edge id="5to6">
            <lane id="5to6_0">
                <vehicle id="11" pos="68.06" speed="10.00"/>
                <vehicle id="10" pos="84.06" speed="10.00"/>
            </lane>
        </edge>
        <edge id="6to7">
            <lane id="6to7_0">
                <vehicle id="9" pos="3.88" speed="10.00"/>
                <vehicle id="8" pos="19.88" speed="10.00"/>
            </lane>
        </edge>
        <edge id="7to4">
            <lane id="7to4_0">
                <vehicle id="7" pos="51.70" speed="10.00"/>
                <vehicle id="6" pos="67.70" speed="10.00"/>
                <vehicle id="5" pos="81.70" speed="5.00"/>
            </lane>
        </edge>
    </timestep>
    <timestep time="82.40">
        <edge id=":4_1">
            <lane id=":4_1_0">
                <vehicle id="4" pos="5.10" speed="10.00"/>
            </lane>
        </edge>
        <edge id="4to1">
            <lane id="4to1_0">
                <vehicle id="3" pos="9.90" speed="10.00"/>
                <vehicle id="2" pos="25.90" speed="10.00"/>
                <vehicle id="1" pos="41.90" speed="10.00"/>
                <vehicle id="0" pos="57.90" speed="10.00"/>
            </lane>
        </edge>
        <edge id="5to6">
            <lane id="5to6_0">
                <vehicle id="11" pos="69.06" speed="10.00"/>
                <vehicle id="10" pos="85.06" speed="10.00"/>
            </lane>
        </edge>
        <edge id="6to7">
            <lane id="6to7_0">
                <vehicle id="9" pos="4.88" speed="10.00"/>
                <vehicle id="8" pos="20.88" speed="10.00"/>
            </lane>
        </edge>
        <edge id="7to4">
            <lane id="7to4_0">
                <vehicle id="7" pos="52.70" speed="10.00"/>
                <vehicle id="6" pos="68.70" speed="10.00"/>
                <vehicle id="5" pos="82.20" speed="5.00"/>
            </lane>
        </edge>
    </timestep>
    <timestep time="82.50">
        <edge id=":4_1">
            <lane id=":4_1_0">
                <vehicle id="4" pos="6.10" speed="10.00"/>
            </lane>
        </edge>
        <edge id="4to1">
            <lane id="4to1_0">
                <vehicle id="3" pos="10.90" speed="10.00"/>
                <vehicle id="2" pos="26.90" speed="10.00"/>
                <vehicle id="1" pos="42.90" speed="10.00"/>
                <vehicle id="0" pos="58.90" speed="10.00"/>
            </lane>
        </edge>
        <edge id="5to6">
            <lane id="5to6_0">
                <vehicle id="11" pos="70.06" speed="10.00"/>
                <vehicle id="10" pos="86.06" speed="10.00"/>
            </lane>
        </edge>
        <edge id="6to7">
            <lane id="6to7_0">
                <vehicle id="9" pos="5.88" speed="10.00"/>
                <vehicle id="8" pos="21.88" speed="10.00"/>
            </lane>
        </edge>
        <edge id="7to4">
            <lane id="7to4_0">
                <vehicle id="7" pos="53.70" speed="10.00"/>
                <vehicle id="6" pos="69.70" speed="10.00"/>
                <vehicle id="5" pos="82.70" speed="5.00"/>
            </lane>
        </edge>
    </timestep>
    <timestep time="82.60">
        <edge id=":4_1">
            <lane id=":4_1_0">
                <vehicle id="4" pos="7.10" speed="10.00"/>
            </lane>
        </edge>
        <edge id="4to1">
            <lane id="4to1_0">
                <vehicle id="3" pos="11.90" speed="10.00"/>
                <vehicle id="2" pos="27.90" speed="10.00"/>
                <vehicle id="1" pos="43.90" speed="10.00"/>
                <vehicle id="0" pos="59.90" speed="10.00"/>
            </lane>
        </edge>
        <edge id="5to6">
            <lane id="5to6_0">
                <vehicle id="11" pos="71.06" speed="10.00"/>
                <vehicle id="10" pos="87.06" speed="10.00"/>
            </lane>
        </edge>
        <edge id="6to7">
            <lane id="6to7_0">
                <vehicle id="9" pos="6.88" speed="10.00"/>
                <vehicle id="8" pos="22.88" speed="10.00"/>
            </lane>
        </edge>
        <edge id="7to4">
            <lane id="7to4_0">
                <vehicle id="7" pos="54.70" speed="10.00"/>
                <vehicle id="6" pos="70.70" speed="10.00"/>
                <vehicle id="5" pos="83.20" speed="5.00"/>
            </lane>
        </edge>
    </timestep>
    <timestep time="82.70">
        <edge id=":4_1">
            <lane id=":4_1_0">
                <vehicle id="4" pos="8.10" speed="10.00"/>
            </lane>
        </edge>
        <edge id="4to1">
            <lane id="4to1_0">
                <vehicle id="3" pos="12.90" speed="10.00"/>
                <vehicle id="2" pos="28.90" speed="10.00"/>
                <vehicle id="1" pos="44.90" speed="10.00"/>
                <vehicle id="0" pos="60.90" speed="10.00"/>
            </lane>
        </edge>
        <edge id="5to6">
            <lane id="5to6_0">
                <vehicle id="11" pos="72.06" speed="10.00"/>
                <vehicle id="10" pos="88.06" speed="10.00"/>
            </lane>
        </edge>
        <edge id="6to7">
            <lane id="6to7_0">
                <vehicle id="9" pos="7.88" speed="10.00"/>
                <vehicle id="8" pos="23.88" speed="10.00"/>
            </lane>
        </edge>
        <edge id="7to4">
            <lane id="7to4_0">
                <vehicle id="7" pos="55.70" speed="10.00"/>
                <vehicle id="6" pos="71.70" speed="10.00"/>
                <vehicle id="5" pos="83.70" speed="5.00"/>
            </lane>
        </edge>
    </timestep>
    <timestep time="82.80">
        <edge id=":4_1">
            <lane id=":4_1_0">
                <vehicle id="4" pos="9.10" speed="10.00"/>
            </lane>
        </edge>
        <edge id="4to1">
            <lane id="4to1_0">
                <vehicle id="3" pos="13.90" speed="10.00"/>
                <vehicle id="2" pos="29.90" speed="10.00"/>
                <vehicle id="1" pos="45.90" speed="10.00"/>
                <vehicle id="0" pos="61.90" speed="10.00"/>
            </lane>
        </edge>
        <edge id="5to6">
            <lane id="5to6_0">
                <vehicle id="11" pos="73.06" speed="10.00"/>
                <vehicle id="10" pos="89.06" speed="10.00"/>
            </lane>
        </edge>
        <edge id="6to7">
            <lane id="6to7_0">
                <vehicle id="9" pos="8.88" speed="10.00"/>
                <vehicle id="8" pos="24.88" speed="10.00"/>
            </lane>
        </edge>
        <edge id="7to4">
            <lane id="7to4_0">
                <vehicle id="7" pos="56.70" speed="10.00"/>
                <vehicle id="6" pos="72.70" speed="10.00"/>
                <vehicle id="5" pos="84.20" speed="5.00"/>
            </lane>
        </edge>
    </timestep>
    <timestep time="82.90">
        <edge id=":4_1">
            <lane id=":4_1_0">
                <vehicle id="4" pos="10.10" speed="10.00"/>
            </lane>
        </edge>
        <edge id="4to1">
            <lane id="4to1_0">
                <vehicle id="3" pos="14.90" speed="10.00"/>
                <vehicle id="2" pos="30.90" speed="10.00"/>
                <vehicle id="1" pos="46.90" speed="10.00"/>
                <vehicle id="0" pos="62.90" speed="10.00"/>
            </lane>
        </edge>
        <edge id="5to6">
            <lane id="5to6_0">
                <vehicle id="11" pos="74.06" speed="10.00"/>
                <vehicle id="10" pos="90.06" speed="10.00"/>
            </lane>
        </edge>
        <edge id="6to7">
            <lane id="6to7_0">
                <vehicle id="9" pos="9.88" speed="10.00"/>
                <vehicle id="8" pos="25.88" speed="10.00"/>
            </lane>
        </edge>
        <edge id="7to4">
            <lane id="7to4_0">
                <vehicle id="7" pos="57.70" speed="10.00"/>
                <vehicle id="6" pos="73.70" speed="10.00"/>
                <vehicle id="5" pos="84.70" speed="5.00"/>
            </lane>
        </edge>
    </timestep>
    <timestep time="83.00">
        <edge id=":4_1">
            <lane id=":4_1_0">
                <vehicle id="4" pos="11.10" speed="10.00"/>
            </lane>
        </edge>
        <edge id="4to1">
            <lane id="4to1_0">
                <vehicle id="3" pos="15.90" speed="10.00"/>
                <vehicle id="2" pos="31.90" speed="10.00"/>
                <vehicle id="1" pos="47.90" speed="10.00"/>
                <vehicle id="0" pos="63.90" speed="10.00"/>
            </lane>
        </edge>
        <edge id="5to6">
            <lane id="5to6_0">
                <vehicle id="11" pos="75.06" speed="10.00"/>
                <vehicle id="10" pos="91.06" speed="10.00"/>
            </lane>
        </edge>
        <edge id="6to7">
            <lane id="6to7_0">
                <vehicle id="9" pos="10.88" speed="10.00"/>
                <vehicle id="8" pos="26.88" speed="10.00"/>
            </lane>
        </edge>
        <edge id="7to4">
            <lane id="7to4_0">
                <vehicle id="7" pos="58.70" speed="10.00"/>
                <vehicle id="6" pos="74.70" speed="10.00"/>
                <vehicle id="5" pos="85.20" speed="5.00"/>
            </lane>
        </edge>
    </timestep>
    <timestep time="83.10">
        <edge id="4to1">
            <lane id="4to1_0">
                <vehicle id="4" pos="0.90" speed="10.00"/>
                <vehicle id="3" pos="16.90" speed="10.00"/>
                <vehicle id="2" pos="32.90" speed="10.00"/>
                <vehicle id="1" pos="48.90" speed="10.00"/>
                <vehicle id="0" pos="64.90" speed="10.00"/>
            </lane>
        </edge>
        <edge id="5to6">
            <lane id="5to6_0">
                <vehicle id="11" pos="76.06" speed="10.00"/>
                <vehicle id="10" pos="92.06" speed="10.00"/>
            </lane>
        </edge>
        <edge id="6to7">
            <lane id="6to7_0">
                <vehicle id="9" pos="11.88" speed="10.00"/>
                <vehicle id="8" pos="27.88" speed="10.00"/>
            </lane>
        </edge>
        <edge id="7to4">
            <lane id="7to4_0">
                <vehicle id="7" pos="59.70" speed="10.00"/>
                <vehicle id="6" pos="75.70" speed="10.00"/>
                <vehicle id="5" pos="85.70" speed="5.00"/>
            </lane>
        </edge>
    </timestep>
    <timestep time="83.20">
        <edge id="4to1">
            <lane id="4to1_0">
                <vehicle id="4" pos="1.90" speed="10.00"/>
                <vehicle id="3" pos="17.90" speed="10.00"/>
                <vehicle id="2" pos="33.90" speed="10.00"/>
                <vehicle id="1" pos="49.90" speed="10.00"/>
                <vehicle id="0" pos="65.90" speed="10.00"/>
            </lane>
        </edge>
        <edge id="5to6">
            <lane id="5to6_0">
                <vehicle id="11" pos="77.06" speed="10.00"/>
                <vehicle id="10" pos="93.06" speed="10.00"/>
            </lane>
        </edge>
        <edge id="6to7">
            <lane id="6to7_0">
                <vehicle id="9" pos="12.88" speed="10.00"/>
                <vehicle id="8" pos="28.88" speed="10.00"/>
            </lane>
        </edge>
        <edge id="7to4">
            <lane id="7to4_0">
                <vehicle id="7" pos="60.70" speed="10.00"/>
                <vehicle id="6" pos="76.20" speed="5.00"/>
                <vehicle id="5" pos="86.70" speed="10.00"/>
            </lane>
        </edge>
    </timestep>
    <timestep time="83.30">
        <edge id=":6_0">
            <lane id=":6_0_0">
                <vehicle id="10" pos="0.46" speed="10.00"/>
            </lane>
        </edge>
        <edge id="4to1">
            <lane id="4to1_0">
                <vehicle id="4" pos="2.90" speed="10.00"/>
                <vehicle id="3" pos="18.90" speed="10.00"/>
                <vehicle id="2" pos="34.90" speed="10.00"/>
                <vehicle id="1" pos="50.90" speed="10.00"/>
                <vehicle id="0" pos="66.90" speed="10.00"/>
            </lane>
        </edge>
        <edge id="5to6">
            <lane id="5to6_0">
                <vehicle id="11" pos="78.06" speed="10.00"/>
            </lane>
        </edge>
        <edge id="6to7">
            <lane id="6to7_0">
                <vehicle id="9" pos="13.88" speed="10.00"/>
                <vehicle id="8" pos="29.88" speed="10.00"/>
            </lane>
        </edge>
        <edge id="7to4">
            <lane id="7to4_0">
                <vehicle id="7" pos="61.70" speed="10.00"/>
                <vehicle id="6" pos="77.20" speed="10.00"/>
                <vehicle id="5" pos="87.70" speed="10.00"/>
            </lane>
        </edge>
    </timestep>
    <timestep time="83.40">
        <edge id=":6_0">
            <lane id=":6_0_0">
                <vehicle id="10" pos="1.46" speed="10.00"/>
            </lane>
        </edge>
        <edge id="4to1">
            <lane id="4to1_0">
                <vehicle id="4" pos="3.90" speed="10.00"/>
                <vehicle id="3" pos="19.90" speed="10.00"/>
                <vehicle id="2" pos="35.90" speed="10.00"/>
                <vehicle id="1" pos="51.90" speed="10.00"/>
                <vehicle id="0" pos="67.90" speed="10.00"/>
            </lane>
        </edge>
        <edge id="5to6">
            <lane id="5to6_0">
                <vehicle id="11" pos="79.06" speed="10.00"/>
            </lane>
        </edge>
        <edge id="6to7">
            <lane id="6to7_0">
                <vehicle id="9" pos="14.88" speed="10.00"/>
                <vehicle id="8" pos="30.88" speed="10.00"/>
            </lane>
        </edge>
        <edge id="7to4">
            <lane id="7to4_0">
                <vehicle id="7" pos="62.70" speed="10.00"/>
                <vehicle id="6" pos="78.20" speed="10.00"/>
                <vehicle id="5" pos="88.70" speed="10.00"/>
            </lane>
        </edge>
    </timestep>
    <timestep time="83.50">
        <edge id=":4_1">
            <lane id=":4_1_0">
                <vehicle id="5" pos="0.10" speed="10.00"/>
            </lane>
        </edge>
        <edge id=":6_0">
            <lane id=":6_0_0">
                <vehicle id="10" pos="2.46" speed="10.00"/>
            </lane>
        </edge>
        <edge id="4to1">
            <lane id="4to1_0">
                <vehicle id="4" pos="4.90" speed="10.00"/>
                <vehicle id="3" pos="20.90" speed="10.00"/>
                <vehicle id="2" pos="36.90" speed="10.00"/>
                <vehicle id="1" pos="52.90" speed="10.00"/>
                <vehicle id="0" pos="68.90" speed="10.00"/>
            </lane>
        </edge>
        <edge id="5to6">
            <lane id="5to6_0">
                <vehicle id="11" pos="80.06" speed="10.00"/>
            </lane>
        </edge>
        <edge id="6to7">
            <lane id="6to7_0">
                <vehicle id="9" pos="15.88" speed="10.00"/>
                <vehicle id="8" pos="31.88" speed="10.00"/>
            </lane>
        </edge>
        <edge id="7to4">
            <lane id="7to4_0">
                <vehicle id="7" pos="63.70" speed="10.00"/>
                <vehicle id="6" pos="79.20" speed="10.00"/>
            </lane>
        </edge>
    </timestep>
    <timestep time="83.60">
        <edge id=":4_1">
            <lane id=":4_1_0">
                <vehicle id="5" pos="1.10" speed="10.00"/>
            </lane>
        </edge>
        <edge id="4to1">
            <lane id="4to1_0">
                <vehicle id="4" pos="5.90" speed="10.00"/>
                <vehicle id="3" pos="21.90" speed="10.00"/>
                <vehicle id="2" pos="37.90" speed="10.00"/>
                <vehicle id="1" pos="53.90" speed="10.00"/>
                <vehicle id="0" pos="69.90" speed="10.00"/>
            </lane>
        </edge>
        <edge id="5to6">
            <lane id="5to6_0">
                <vehicle id="11" pos="81.06" speed="10.00"/>
            </lane>
        </edge>
        <edge id="6to7">
            <lane id="6to7_0">
                <vehicle id="10" pos="0.88" speed="10.00"/>
                <vehicle id="9" pos="16.88" speed="10.00"/>
                <vehicle id="8" pos="32.88" speed="10.00"/>
            </lane>
        </edge>
        <edge id="7to4">
            <lane id="7to4_0">
                <vehicle id="7" pos="64.70" speed="10.00"/>
                <vehicle id="6" pos="80.20" speed="10.00"/>
            </lane>
        </edge>
    </timestep>
    <timestep time="83.70">
        <edge id=":4_1">
            <lane id=":4_1_0">
                <vehicle id="5" pos="2.10" speed="10.00"/>
            </lane>
        </edge>
        <edge id="4to1">
            <lane id="4to1_0">
                <vehicle id="4" pos="6.90" speed="10.00"/>
                <vehicle id="3" pos="22.90" speed="10.00"/>
                <vehicle id="2" pos="38.90" speed="10.00"/>
                <vehicle id="1" pos="54.90" speed="10.00"/>
                <vehicle id="0" pos="70.90" speed="10.00"/>
            </lane>
        </edge>
        <edge id="5to6">
            <lane id="5to6_0">
                <vehicle id="11" pos="82.06" speed="10.00"/>
            </lane>
        </edge>
        <edge id="6to7">
            <lane id="6to7_0">
                <vehicle id="10" pos="1.88" speed="10.00"/>
                <vehicle id="9" pos="17.88" speed="10.00"/>
                <vehicle id="8" pos="33.88" speed="10.00"/>
            </lane>
        </edge>
        <edge id="7to4">
            <lane id="7to4_0">
                <vehicle id="7" pos="65.70" speed="10.00"/>
                <vehicle id="6" pos="80.70" speed="5.00"/>
            </lane>
        </edge>
    </timestep>
    <timestep time="83.80">
        <edge id=":4_1">
            <lane id=":4_1_0">
                <vehicle id="5" pos="3.10" speed="10.00"/>
            </lane>
        </edge>
        <edge id="4to1">
            <lane id="4to1_0">
                <vehicle id="4" pos="7.90" speed="10.00"/>
                <vehicle id="3" pos="23.90" speed="10.00"/>
                <vehicle id="2" pos="39.90" speed="10.00"/>
                <vehicle id="1" pos="55.90" speed="10.00"/>
                <vehicle id="0" pos="71.90" speed="10.00"/>
            </lane>
        </edge>
        <edge id="5to6">
            <lane id="5to6_0">
                <vehicle id="11" pos="83.06" speed="10.00"/>
            </lane>
        </edge>
        <edge id="6to7">
            <lane id="6to7_0">
                <vehicle id="10" pos="2.88" speed="10.00"/>
                <vehicle id="9" pos="18.88" speed="10.00"/>
                <vehicle id="8" pos="34.88" speed="10.00"/>
            </lane>
        </edge>
        <edge id="7to4">
            <lane id="7to4_0">
                <vehicle id="7" pos="66.70" speed="10.00"/>
                <vehicle id="6" pos="81.20" speed="5.00"/>
            </lane>
        </edge>
    </timestep>
    <timestep time="83.90">
        <edge id=":4_1">
            <lane id=":4_1_0">
                <vehicle id="5" pos="4.10" speed="10.00"/>
            </lane>
        </edge>
        <edge id="4to1">
            <lane id="4to1_0">
                <vehicle id="4" pos="8.90" speed="10.00"/>
                <vehicle id="3" pos="24.90" speed="10.00"/>
                <vehicle id="2" pos="40.90" speed="10.00"/>
                <vehicle id="1" pos="56.90" speed="10.00"/>
                <vehicle id="0" pos="72.90" speed="10.00"/>
            </lane>
        </edge>
        <edge id="5to6">
            <lane id="5to6_0">
                <vehicle id="11" pos="84.06" speed="10.00"/>
            </lane>
        </edge>
        <edge id="6to7">
            <lane id="6to7_0">
                <vehicle id="10" pos="3.88" speed="10.00"/>
                <vehicle id="9" pos="19.88" speed="10.00"/>
                <vehicle id="8" pos="35.88" speed="10.00"/>
            </lane>
        </edge>
        <edge id="7to4">
            <lane id="7to4_0">
                <vehicle id="7" pos="67.70" speed="10.00"/>
                <vehicle id="6" pos="81.70" speed="5.00"/>
            </lane>
        </edge>
    </timestep>
    <timestep time="84.00">
        <edge id=":4_1">
            <lane id=":4_1_0">
                <vehicle id="5" pos="5.10" speed="10.00"/>
            </lane>
        </edge>
        <edge id="4to1">
            <lane id="4to1_0">
                <vehicle id="4" pos="9.90" speed="10.00"/>
                <vehicle id="3" pos="25.90" speed="10.00"/>
                <vehicle id="2" pos="41.90" speed="10.00"/>
                <vehicle id="1" pos="57.90" speed="10.00"/>
                <vehicle id="0" pos="73.90" speed="10.00"/>
            </lane>
        </edge>
        <edge id="5to6">
            <lane id="5to6_0">
                <vehicle id="11" pos="85.06" speed="10.00"/>
            </lane>
        </edge>
        <edge id="6to7">
            <lane id="6to7_0">
                <vehicle id="10" pos="4.88" speed="10.00"/>
                <vehicle id="9" pos="20.88" speed="10.00"/>
                <vehicle id="8" pos="36.88" speed="10.00"/>
            </lane>
        </edge>
        <edge id="7to4">
            <lane id="7to4_0">
                <vehicle id="7" pos="68.70" speed="10.00"/>
                <vehicle id="6" pos="82.20" speed="5.00"/>
            </lane>
        </edge>
    </timestep>
    <timestep time="84.10">
        <edge id=":4_1">
            <lane id=":4_1_0">
                <vehicle id="5" pos="6.10" speed="10.00"/>
            </lane>
        </edge>
        <edge id="4to1">
            <lane id="4to1_0">
                <vehicle id="4" pos="10.90" speed="10.00"/>
                <vehicle id="3" pos="26.90" speed="10.00"/>
                <vehicle id="2" pos="42.90" speed="10.00"/>
                <vehicle id="1" pos="58.90" speed="10.00"/>
                <vehicle id="0" pos="74.90" speed="10.00"/>
            </lane>
        </edge>
        <edge id="5to6">
            <lane id="5to6_0">
                <vehicle id="11" pos="86.06" speed="10.00"/>
            </lane>
        </edge>
        <edge id="6to7">
            <lane id="6to7_0">
                <vehicle id="10" pos="5.88" speed="10.00"/>
                <vehicle id="9" pos="21.88" speed="10.00"/>
                <vehicle id="8" pos="37.88" speed="10.00"/>
            </lane>
        </edge>
        <edge id="7to4">
            <lane id="7to4_0">
                <vehicle id="7" pos="69.70" speed="10.00"/>
                <vehicle id="6" pos="82.70" speed="5.00"/>
            </lane>
        </edge>
    </timestep>
    <timestep time="84.20">
        <edge id=":4_1">
            <lane id=":4_1_0">
                <vehicle id="5" pos="7.10" speed="10.00"/>
            </lane>
        </edge>
        <edge id="4to1">
            <lane id="4to1_0">
                <vehicle id="4" pos="11.90" speed="10.00"/>
                <vehicle id="3" pos="27.90" speed="10.00"/>
                <vehicle id="2" pos="43.90" speed="10.00"/>
                <vehicle id="1" pos="59.90" speed="10.00"/>
                <vehicle id="0" pos="75.90" speed="10.00"/>
            </lane>
        </edge>
        <edge id="5to6">
            <lane id="5to6_0">
                <vehicle id="11" pos="87.06" speed="10.00"/>
            </lane>
        </edge>
        <edge id="6to7">
            <lane id="6to7_0">
                <vehicle id="10" pos="6.88" speed="10.00"/>
                <vehicle id="9" pos="22.88" speed="10.00"/>
                <vehicle id="8" pos="38.88" speed="10.00"/>
            </lane>
        </edge>
        <edge id="7to4">
            <lane id="7to4_0">
                <vehicle id="7" pos="70.70" speed="10.00"/>
                <vehicle id="6" pos="83.20" speed="5.00"/>
            </lane>
        </edge>
    </timestep>
    <timestep time="84.30">
        <edge id=":4_1">
            <lane id=":4_1_0">
                <vehicle id="5" pos="8.10" speed="10.00"/>
            </lane>
        </edge>
        <edge id="4to1">
            <lane id="4to1_0">
                <vehicle id="4" pos="12.90" speed="10.00"/>
                <vehicle id="3" pos="28.90" speed="10.00"/>
                <vehicle id="2" pos="44.90" speed="10.00"/>
                <vehicle id="1" pos="60.90" speed="10.00"/>
                <vehicle id="0" pos="76.90" speed="10.00"/>
            </lane>
        </edge>
        <edge id="5to6">
            <lane id="5to6_0">
                <vehicle id="11" pos="88.06" speed="10.00"/>
            </lane>
        </edge>
        <edge id="6to7">
            <lane id="6to7_0">
                <vehicle id="10" pos="7.88" speed="10.00"/>
                <vehicle id="9" pos="23.88" speed="10.00"/>
                <vehicle id="8" pos="39.88" speed="10.00"/>
            </lane>
        </edge>
        <edge id="7to4">
            <lane id="7to4_0">
                <vehicle id="7" pos="71.70" speed="10.00"/>
                <vehicle id="6" pos="83.70" speed="5.00"/>
            </lane>
        </edge>
    </timestep>
    <timestep time="84.40">
        <edge id=":4_1">
            <lane id=":4_1_0">
                <vehicle id="5" pos="9.10" speed="10.00"/>
            </lane>
        </edge>
        <edge id="4to1">
            <lane id="4to1_0">
                <vehicle id="4" pos="13.90" speed="10.00"/>
                <vehicle id="3" pos="29.90" speed="10.00"/>
                <vehicle id="2" pos="45.90" speed="10.00"/>
                <vehicle id="1" pos="61.90" speed="10.00"/>
                <vehicle id="0" pos="77.90" speed="10.00"/>
            </lane>
        </edge>
        <edge id="5to6">
            <lane id="5to6_0">
                <vehicle id="11" pos="89.06" speed="10.00"/>
            </lane>
        </edge>
        <edge id="6to7">
            <lane id="6to7_0">
                <vehicle id="10" pos="8.88" speed="10.00"/>
                <vehicle id="9" pos="24.88" speed="10.00"/>
                <vehicle id="8" pos="40.88" speed="10.00"/>
            </lane>
        </edge>
        <edge id="7to4">
            <lane id="7to4_0">
                <vehicle id="7" pos="72.70" speed="10.00"/>
                <vehicle id="6" pos="84.20" speed="5.00"/>
            </lane>
        </edge>
    </timestep>
    <timestep time="84.50">
        <edge id=":4_1">
            <lane id=":4_1_0">
                <vehicle id="5" pos="10.10" speed="10.00"/>
            </lane>
        </edge>
        <edge id="4to1">
            <lane id="4to1_0">
                <vehicle id="4" pos="14.90" speed="10.00"/>
                <vehicle id="3" pos="30.90" speed="10.00"/>
                <vehicle id="2" pos="46.90" speed="10.00"/>
                <vehicle id="1" pos="62.90" speed="10.00"/>
                <vehicle id="0" pos="78.90" speed="10.00"/>
            </lane>
        </edge>
        <edge id="5to6">
            <lane id="5to6_0">
                <vehicle id="11" pos="90.06" speed="10.00"/>
            </lane>
        </edge>
        <edge id="6to7">
            <lane id="6to7_0">
                <vehicle id="10" pos="9.88" speed="10.00"/>
                <vehicle id="9" pos="25.88" speed="10.00"/>
                <vehicle id="8" pos="41.88" speed="10.00"/>
            </lane>
        </edge>
        <edge id="7to4">
            <lane id="7to4_0">
                <vehicle id="7" pos="73.70" speed="10.00"/>
                <vehicle id="6" pos="84.70" speed="5.00"/>
            </lane>
        </edge>
    </timestep>
    <timestep time="84.60">
        <edge id=":4_1">
            <lane id=":4_1_0">
                <vehicle id="5" pos="11.10" speed="10.00"/>
            </lane>
        </edge>
        <edge id="4to1">
            <lane id="4to1_0">
                <vehicle id="4" pos="15.90" speed="10.00"/>
                <vehicle id="3" pos="31.90" speed="10.00"/>
                <vehicle id="2" pos="47.90" speed="10.00"/>
                <vehicle id="1" pos="63.90" speed="10.00"/>
                <vehicle id="0" pos="79.90" speed="10.00"/>
            </lane>
        </edge>
        <edge id="5to6">
            <lane id="5to6_0">
                <vehicle id="11" pos="91.06" speed="10.00"/>
            </lane>
        </edge>
        <edge id="6to7">
            <lane id="6to7_0">
                <vehicle id="10" pos="10.88" speed="10.00"/>
                <vehicle id="9" pos="26.88" speed="10.00"/>
                <vehicle id="8" pos="42.88" speed="10.00"/>
            </lane>
        </edge>
        <edge id="7to4">
            <lane id="7to4_0">
                <vehicle id="7" pos="74.70" speed="10.00"/>
                <vehicle id="6" pos="85.20" speed="5.00"/>
            </lane>
        </edge>
    </timestep>
    <timestep time="84.70">
        <edge id="4to1">
            <lane id="4to1_0">
                <vehicle id="5" pos="0.90" speed="10.00"/>
                <vehicle id="4" pos="16.90" speed="10.00"/>
                <vehicle id="3" pos="32.90" speed="10.00"/>
                <vehicle id="2" pos="48.90" speed="10.00"/>
                <vehicle id="1" pos="64.90" speed="10.00"/>
                <vehicle id="0" pos="80.90" speed="10.00"/>
            </lane>
        </edge>
        <edge id="5to6">
            <lane id="5to6_0">
                <vehicle id="11" pos="92.06" speed="10.00"/>
            </lane>
        </edge>
        <edge id="6to7">
            <lane id="6to7_0">
                <vehicle id="10" pos="11.88" speed="10.00"/>
                <vehicle id="9" pos="27.88" speed="10.00"/>
                <vehicle id="8" pos="43.88" speed="10.00"/>
            </lane>
        </edge>
        <edge id="7to4">
            <lane id="7to4_0">
                <vehicle id="7" pos="75.70" speed="10.00"/>
                <vehicle id="6" pos="85.70" speed="5.00"/>
            </lane>
        </edge>
    </timestep>
    <timestep time="84.80">
        <edge id="4to1">
            <lane id="4to1_0">
                <vehicle id="5" pos="1.90" speed="10.00"/>
                <vehicle id="4" pos="17.90" speed="10.00"/>
                <vehicle id="3" pos="33.90" speed="10.00"/>
                <vehicle id="2" pos="49.90" speed="10.00"/>
                <vehicle id="1" pos="65.90" speed="10.00"/>
                <vehicle id="0" pos="81.90" speed="10.00"/>
            </lane>
        </edge>
        <edge id="5to6">
            <lane id="5to6_0">
                <vehicle id="11" pos="93.06" speed="10.00"/>
            </lane>
        </edge>
        <edge id="6to7">
            <lane id="6to7_0">
                <vehicle id="10" pos="12.88" speed="10.00"/>
                <vehicle id="9" pos="28.88" speed="10.00"/>
                <vehicle id="8" pos="44.88" speed="10.00"/>
            </lane>
        </edge>
        <edge id="7to4">
            <lane id="7to4_0">
                <vehicle id="7" pos="76.20" speed="5.00"/>
                <vehicle id="6" pos="85.70" speed="0.00"/>
            </lane>
        </edge>
    </timestep>
    <timestep time="84.90">
        <edge id=":6_0">
            <lane id=":6_0_0">
                <vehicle id="11" pos="0.46" speed="10.00"/>
            </lane>
        </edge>
        <edge id="4to1">
            <lane id="4to1_0">
                <vehicle id="5" pos="2.90" speed="10.00"/>
                <vehicle id="4" pos="18.90" speed="10.00"/>
                <vehicle id="3" pos="34.90" speed="10.00"/>
                <vehicle id="2" pos="50.90" speed="10.00"/>
                <vehicle id="1" pos="66.90" speed="10.00"/>
                <vehicle id="0" pos="82.90" speed="10.00"/>
            </lane>
        </edge>
        <edge id="6to7">
            <lane id="6to7_0">
                <vehicle id="10" pos="13.88" speed="10.00"/>
                <vehicle id="9" pos="29.88" speed="10.00"/>
                <vehicle id="8" pos="45.88" speed="10.00"/>
            </lane>
        </edge>
        <edge id="7to4">
            <lane id="7to4_0">
                <vehicle id="7" pos="76.20" speed="0.00"/>
                <vehicle id="6" pos="85.70" speed="0.00"/>
            </lane>
        </edge>
    </timestep>
    <timestep time="85.00">
        <edge id=":6_0">
            <lane id=":6_0_0">
                <vehicle id="11" pos="1.46" speed="10.00"/>
            </lane>
        </edge>
        <edge id="4to1">
            <lane id="4to1_0">
                <vehicle id="5" pos="3.90" speed="10.00"/>
                <vehicle id="4" pos="19.90" speed="10.00"/>
                <vehicle id="3" pos="35.90" speed="10.00"/>
                <vehicle id="2" pos="51.90" speed="10.00"/>
                <vehicle id="1" pos="67.90" speed="10.00"/>
                <vehicle id="0" pos="83.90" speed="10.00"/>
            </lane>
        </edge>
        <edge id="6to7">
            <lane id="6to7_0">
                <vehicle id="10" pos="14.88" speed="10.00"/>
                <vehicle id="9" pos="30.88" speed="10.00"/>
                <vehicle id="8" pos="46.88" speed="10.00"/>
            </lane>
        </edge>
        <edge id="7to4">
            <lane id="7to4_0">
                <vehicle id="7" pos="76.20" speed="0.00"/>
                <vehicle id="6" pos="85.70" speed="0.00"/>
            </lane>
        </edge>
    </timestep>
    <timestep time="85.10">
        <edge id=":6_0">
            <lane id=":6_0_0">
                <vehicle id="11" pos="2.46" speed="10.00"/>
            </lane>
        </edge>
        <edge id="4to1">
            <lane id="4to1_0">
                <vehicle id="5" pos="4.90" speed="10.00"/>
                <vehicle id="4" pos="20.90" speed="10.00"/>
                <vehicle id="3" pos="36.90" speed="10.00"/>
                <vehicle id="2" pos="52.90" speed="10.00"/>
                <vehicle id="1" pos="68.90" speed="10.00"/>
                <vehicle id="0" pos="84.90" speed="10.00"/>
            </lane>
        </edge>
        <edge id="6to7">
            <lane id="6to7_0">
                <vehicle id="10" pos="15.88" speed="10.00"/>
                <vehicle id="9" pos="31.88" speed="10.00"/>
                <vehicle id="8" pos="47.88" speed="10.00"/>
            </lane>
        </edge>
        <edge id="7to4">
            <lane id="7to4_0">
                <vehicle id="7" pos="76.20" speed="0.00"/>
                <vehicle id="6" pos="85.70" speed="0.00"/>
            </lane>
        </edge>
    </timestep>
    <timestep time="85.20">
        <edge id="4to1">
            <lane id="4to1_0">
                <vehicle id="5" pos="5.90" speed="10.00"/>
                <vehicle id="4" pos="21.90" speed="10.00"/>
                <vehicle id="3" pos="37.90" speed="10.00"/>
                <vehicle id="2" pos="53.90" speed="10.00"/>
                <vehicle id="1" pos="69.90" speed="10.00"/>
                <vehicle id="0" pos="85.90" speed="10.00"/>
            </lane>
        </edge>
        <edge id="6to7">
            <lane id="6to7_0">
                <vehicle id="11" pos="0.88" speed="10.00"/>
                <vehicle id="10" pos="16.88" speed="10.00"/>
                <vehicle id="9" pos="32.88" speed="10.00"/>
                <vehicle id="8" pos="48.88" speed="10.00"/>
            </lane>
        </edge>
        <edge id="7to4">
            <lane id="7to4_0">
                <vehicle id="7" pos="76.20" speed="0.00"/>
                <vehicle id="6" pos="85.70" speed="0.00"/>
            </lane>
        </edge>
    </timestep>
    <timestep time="85.30">
        <edge id="4to1">
            <lane id="4to1_0">
                <vehicle id="5" pos="6.90" speed="10.00"/>
                <vehicle id="4" pos="22.90" speed="10.00"/>
                <vehicle id="3" pos="38.90" speed="10.00"/>
                <vehicle id="2" pos="54.90" speed="10.00"/>
                <vehicle id="1" pos="70.90" speed="10.00"/>
                <vehicle id="0" pos="86.90" speed="10.00"/>
            </lane>
        </edge>
        <edge id="6to7">
            <lane id="6to7_0">
                <vehicle id="11" pos="1.88" speed="10.00"/>
                <vehicle id="10" pos="17.88" speed="10.00"/>
                <vehicle id="9" pos="33.88" speed="10.00"/>
                <vehicle id="8" pos="49.88" speed="10.00"/>
            </lane>
        </edge>
        <edge id="7to4">
            <lane id="7to4_0">
                <vehicle id="7" pos="76.20" speed="0.00"/>
                <vehicle id="6" pos="85.70" speed="0.00"/>
            </lane>
        </edge>
    </timestep>
    <timestep time="85.40">
        <edge id="4to1">
            <lane id="4to1_0">
                <vehicle id="5" pos="7.90" speed="10.00"/>
                <vehicle id="4" pos="23.90" speed="10.00"/>
                <vehicle id="3" pos="39.90" speed="10.00"/>
                <vehicle id="2" pos="55.90" speed="10.00"/>
                <vehicle id="1" pos="71.90" speed="10.00"/>
                <vehicle id="0" pos="87.90" speed="10.00"/>
            </lane>
        </edge>
        <edge id="6to7">
            <lane id="6to7_0">
                <vehicle id="11" pos="2.88" speed="10.00"/>
                <vehicle id="10" pos="18.88" speed="10.00"/>
                <vehicle id="9" pos="34.88" speed="10.00"/>
                <vehicle id="8" pos="50.88" speed="10.00"/>
            </lane>
        </edge>
        <edge id="7to4">
            <lane id="7to4_0">
                <vehicle id="7" pos="76.20" speed="0.00"/>
                <vehicle id="6" pos="85.70" speed="0.00"/>
            </lane>
        </edge>
    </timestep>
    <timestep time="85.50">
        <edge id="4to1">
            <lane id="4to1_0">
                <vehicle id="5" pos="8.90" speed="10.00"/>
                <vehicle id="4" pos="24.90" speed="10.00"/>
                <vehicle id="3" pos="40.90" speed="10.00"/>
                <vehicle id="2" pos="56.90" speed="10.00"/>
                <vehicle id="1" pos="72.90" speed="10.00"/>
                <vehicle id="0" pos="88.90" speed="10.00"/>
            </lane>
        </edge>
        <edge id="6to7">
            <lane id="6to7_0">
                <vehicle id="11" pos="3.88" speed="10.00"/>
                <vehicle id="10" pos="19.88" speed="10.00"/>
                <vehicle id="9" pos="35.88" speed="10.00"/>
                <vehicle id="8" pos="51.88" speed="10.00"/>
            </lane>
        </edge>
        <edge id="7to4">
            <lane id="7to4_0">
                <vehicle id="7" pos="76.20" speed="0.00"/>
                <vehicle id="6" pos="85.70" speed="0.00"/>
            </lane>
        </edge>
    </timestep>
    <timestep time="85.60">
        <edge id="4to1">
            <lane id="4to1_0">
                <vehicle id="5" pos="9.90" speed="10.00"/>
                <vehicle id="4" pos="25.90" speed="10.00"/>
                <vehicle id="3" pos="41.90" speed="10.00"/>
                <vehicle id="2" pos="57.90" speed="10.00"/>
                <vehicle id="1" pos="73.90" speed="10.00"/>
                <vehicle id="0" pos="89.90" speed="10.00"/>
            </lane>
        </edge>
        <edge id="6to7">
            <lane id="6to7_0">
                <vehicle id="11" pos="4.88" speed="10.00"/>
                <vehicle id="10" pos="20.88" speed="10.00"/>
                <vehicle id="9" pos="36.88" speed="10.00"/>
                <vehicle id="8" pos="52.88" speed="10.00"/>
            </lane>
        </edge>
        <edge id="7to4">
            <lane id="7to4_0">
                <vehicle id="7" pos="76.20" speed="0.00"/>
                <vehicle id="6" pos="85.70" speed="0.00"/>
            </lane>
        </edge>
    </timestep>
    <timestep time="85.70">
        <edge id="4to1">
            <lane id="4to1_0">
                <vehicle id="5" pos="10.90" speed="10.00"/>
                <vehicle id="4" pos="26.90" speed="10.00"/>
                <vehicle id="3" pos="42.90" speed="10.00"/>
                <vehicle id="2" pos="58.90" speed="10.00"/>
                <vehicle id="1" pos="74.90" speed="10.00"/>
                <vehicle id="0" pos="90.90" speed="10.00"/>
            </lane>
        </edge>
        <edge id="6to7">
            <lane id="6to7_0">
                <vehicle id="11" pos="5.88" speed="10.00"/>
                <vehicle id="10" pos="21.88" speed="10.00"/>
                <vehicle id="9" pos="37.88" speed="10.00"/>
                <vehicle id="8" pos="53.88" speed="10.00"/>
            </lane>
        </edge>
        <edge id="7to4">
            <lane id="7to4_0">
                <vehicle id="7" pos="76.20" speed="0.00"/>
                <vehicle id="6" pos="85.70" speed="0.00"/>
            </lane>
        </edge>
    </timestep>
    <timestep time="85.80">
        <edge id="4to1">
            <lane id="4to1_0">
                <vehicle id="5" pos="11.90" speed="10.00"/>
                <vehicle id="4" pos="27.90" speed="10.00"/>
                <vehicle id="3" pos="43.90" speed="10.00"/>
                <vehicle id="2" pos="59.90" speed="10.00"/>
                <vehicle id="1" pos="75.90" speed="10.00"/>
                <vehicle id="0" pos="91.90" speed="10.00"/>
            </lane>
        </edge>
        <edge id="6to7">
            <lane id="6to7_0">
                <vehicle id="11" pos="6.88" speed="10.00"/>
                <vehicle id="10" pos="22.88" speed="10.00"/>
                <vehicle id="9" pos="38.88" speed="10.00"/>
                <vehicle id="8" pos="54.88" speed="10.00"/>
            </lane>
        </edge>
        <edge id="7to4">
            <lane id="7to4_0">
                <vehicle id="7" pos="76.20" speed="0.00"/>
                <vehicle id="6" pos="85.70" speed="0.00"/>
            </lane>
        </edge>
    </timestep>
    <timestep time="85.90">
        <edge id="4to1">
            <lane id="4to1_0">
                <vehicle id="5" pos="12.90" speed="10.00"/>
                <vehicle id="4" pos="28.90" speed="10.00"/>
                <vehicle id="3" pos="44.90" speed="10.00"/>
                <vehicle id="2" pos="60.90" speed="10.00"/>
                <vehicle id="1" pos="76.90" speed="10.00"/>
                <vehicle id="0" pos="92.90" speed="10.00"/>
            </lane>
        </edge>
        <edge id="6to7">
            <lane id="6to7_0">
                <vehicle id="11" pos="7.88" speed="10.00"/>
                <vehicle id="10" pos="23.88" speed="10.00"/>
                <vehicle id="9" pos="39.88" speed="10.00"/>
                <vehicle id="8" pos="55.88" speed="10.00"/>
            </lane>
        </edge>
        <edge id="7to4">
            <lane id="7to4_0">
                <vehicle id="7" pos="76.20" speed="0.00"/>
                <vehicle id="6" pos="85.70" speed="0.00"/>
            </lane>
        </edge>
    </timestep>
    <timestep time="86.00">
        <edge id="4to1">
            <lane id="4to1_0">
                <vehicle id="5" pos="13.90" speed="10.00"/>
                <vehicle id="4" pos="29.90" speed="10.00"/>
                <vehicle id="3" pos="45.90" speed="10.00"/>
                <vehicle id="2" pos="61.90" speed="10.00"/>
                <vehicle id="1" pos="77.90" speed="10.00"/>
                <vehicle id="0" pos="93.90" speed="10.00"/>
            </lane>
        </edge>
        <edge id="6to7">
            <lane id="6to7_0">
                <vehicle id="11" pos="8.88" speed="10.00"/>
                <vehicle id="10" pos="24.88" speed="10.00"/>
                <vehicle id="9" pos="40.88" speed="10.00"/>
                <vehicle id="8" pos="56.88" speed="10.00"/>
            </lane>
        </edge>
        <edge id="7to4">
            <lane id="7to4_0">
                <vehicle id="7" pos="76.20" speed="0.00"/>
                <vehicle id="6" pos="85.70" speed="0.00"/>
            </lane>
        </edge>
    </timestep>
    <timestep time="86.10">
        <edge id="4to1">
            <lane id="4to1_0">
                <vehicle id="5" pos="14.90" speed="10.00"/>
                <vehicle id="4" pos="30.90" speed="10.00"/>
                <vehicle id="3" pos="46.90" speed="10.00"/>
                <vehicle id="2" pos="62.90" speed="10.00"/>
                <vehicle id="1" pos="78.90" speed="10.00"/>
                <vehicle id="0" pos="94.90" speed="10.00"/>
            </lane>
        </edge>
        <edge id="6to7">
            <lane id="6to7_0">
                <vehicle id="11" pos="9.88" speed="10.00"/>
                <vehicle id="10" pos="25.88" speed="10.00"/>
                <vehicle id="9" pos="41.88" speed="10.00"/>
                <vehicle id="8" pos="57.88" speed="10.00"/>
            </lane>
        </edge>
        <edge id="7to4">
            <lane id="7to4_0">
                <vehicle id="7" pos="76.20" speed="0.00"/>
                <vehicle id="6" pos="85.70" speed="0.00"/>
            </lane>
        </edge>
    </timestep>
    <timestep time="86.20">
        <edge id="4to1">
            <lane id="4to1_0">
                <vehicle id="5" pos="15.90" speed="10.00"/>
                <vehicle id="4" pos="31.90" speed="10.00"/>
                <vehicle id="3" pos="47.90" speed="10.00"/>
                <vehicle id="2" pos="63.90" speed="10.00"/>
                <vehicle id="1" pos="79.90" speed="10.00"/>
                <vehicle id="0" pos="95.90" speed="10.00"/>
            </lane>
        </edge>
        <edge id="6to7">
            <lane id="6to7_0">
                <vehicle id="11" pos="10.88" speed="10.00"/>
                <vehicle id="10" pos="26.88" speed="10.00"/>
                <vehicle id="9" pos="42.88" speed="10.00"/>
                <vehicle id="8" pos="58.88" speed="10.00"/>
            </lane>
        </edge>
        <edge id="7to4">
            <lane id="7to4_0">
                <vehicle id="7" pos="76.20" speed="0.00"/>
                <vehicle id="6" pos="85.70" speed="0.00"/>
            </lane>
        </edge>
    </timestep>
    <timestep time="86.30">
        <edge id=":1_0">
            <lane id=":1_0_0">
                <vehicle id="0" pos="0.90" speed="10.00"/>
            </lane>
        </edge>
        <edge id="4to1">
            <lane id="4to1_0">
                <vehicle id="5" pos="16.90" speed="10.00"/>
                <vehicle id="4" pos="32.90" speed="10.00"/>
                <vehicle id="3" pos="48.90" speed="10.00"/>
                <vehicle id="2" pos="64.90" speed="10.00"/>
                <vehicle id="1" pos="80.90" speed="10.00"/>
            </lane>
        </edge>
        <edge id="6to7">
            <lane id="6to7_0">
                <vehicle id="11" pos="11.88" speed="10.00"/>
                <vehicle id="10" pos="27.88" speed="10.00"/>
                <vehicle id="9" pos="43.88" speed="10.00"/>
                <vehicle id="8" pos="59.88" speed="10.00"/>
            </lane>
        </edge>
        <edge id="7to4">
            <lane id="7to4_0">
                <vehicle id="7" pos="76.20" speed="0.00"/>
                <vehicle id="6" pos="85.70" speed="0.00"/>
            </lane>
        </edge>
    </timestep>
    <timestep time="86.40">
        <edge id=":1_0">
            <lane id=":1_0_0">
                <vehicle id="0" pos="1.90" speed="10.00"/>
            </lane>
        </edge>
        <edge id="4to1">
            <lane id="4to1_0">
                <vehicle id="5" pos="17.90" speed="10.00"/>
                <vehicle id="4" pos="33.90" speed="10.00"/>
                <vehicle id="3" pos="49.90" speed="10.00"/>
                <vehicle id="2" pos="65.90" speed="10.00"/>
                <vehicle id="1" pos="81.90" speed="10.00"/>
            </lane>
        </edge>
        <edge id="6to7">
            <lane id="6to7_0">
                <vehicle id="11" pos="12.88" speed="10.00"/>
                <vehicle id="10" pos="28.88" speed="10.00"/>
                <vehicle id="9" pos="44.88" speed="10.00"/>
                <vehicle id="8" pos="60.88" speed="10.00"/>
            </lane>
        </edge>
        <edge id="7to4">
            <lane id="7to4_0">
                <vehicle id="7" pos="76.20" speed="0.00"/>
                <vehicle id="6" pos="85.70" speed="0.00"/>
            </lane>
        </edge>
    </timestep>
    <timestep time="86.50">
        <edge id="1to2">
            <lane id="1to2_0">
                <vehicle id="0" pos="0.32" speed="10.00"/>
            </lane>
        </edge>
        <edge id="4to1">
            <lane id="4to1_0">
                <vehicle id="5" pos="18.90" speed="10.00"/>
                <vehicle id="4" pos="34.90" speed="10.00"/>
                <vehicle id="3" pos="50.90" speed="10.00"/>
                <vehicle id="2" pos="66.90" speed="10.00"/>
                <vehicle id="1" pos="82.90" speed="10.00"/>
            </lane>
        </edge>
        <edge id="6to7">
            <lane id="6to7_0">
                <vehicle id="11" pos="13.88" speed="10.00"/>
                <vehicle id="10" pos="29.88" speed="10.00"/>
                <vehicle id="9" pos="45.88" speed="10.00"/>
                <vehicle id="8" pos="61.88" speed="10.00"/>
            </lane>
        </edge>
        <edge id="7to4">
            <lane id="7to4_0">
                <vehicle id="7" pos="76.20" speed="0.00"/>
                <vehicle id="6" pos="85.70" speed="0.00"/>
            </lane>
        </edge>
    </timestep>
    <timestep time="86.60">
        <edge id="1to2">
            <lane id="1to2_0">
                <vehicle id="0" pos="1.32" speed="10.00"/>
            </lane>
        </edge>
        <edge id="4to1">
            <lane id="4to1_0">
                <vehicle id="5" pos="19.90" speed="10.00"/>
                <vehicle id="4" pos="35.90" speed="10.00"/>
                <vehicle id="3" pos="51.90" speed="10.00"/>
                <vehicle id="2" pos="67.90" speed="10.00"/>
                <vehicle id="1" pos="83.90" speed="10.00"/>
            </lane>
        </edge>
        <edge id="6to7">
            <lane id="6to7_0">
                <vehicle id="11" pos="14.88" speed="10.00"/>
                <vehicle id="10" pos="30.88" speed="10.00"/>
                <vehicle id="9" pos="46.88" speed="10.00"/>
                <vehicle id="8" pos="62.88" speed="10.00"/>
            </lane>
        </edge>
        <edge id="7to4">
            <lane id="7to4_0">
                <vehicle id="7" pos="76.20" speed="0.00"/>
                <vehicle id="6" pos="85.70" speed="0.00"/>
            </lane>
        </edge>
    </timestep>
    <timestep time="86.70">
        <edge id="1to2">
            <lane id="1to2_0">
                <vehicle id="0" pos="2.32" speed="10.00"/>
            </lane>
        </edge>
        <edge id="4to1">
            <lane id="4to1_0">
                <vehicle id="5" pos="20.90" speed="10.00"/>
                <vehicle id="4" pos="36.90" speed="10.00"/>
                <vehicle id="3" pos="52.90" speed="10.00"/>
                <vehicle id="2" pos="68.90" speed="10.00"/>
                <vehicle id="1" pos="84.90" speed="10.00"/>
            </lane>
        </edge>
        <edge id="6to7">
            <lane id="6to7_0">
                <vehicle id="11" pos="15.88" speed="10.00"/>
                <vehicle id="10" pos="31.88" speed="10.00"/>
                <vehicle id="9" pos="47.88" speed="10.00"/>
                <vehicle id="8" pos="63.88" speed="10.00"/>
            </lane>
        </edge>
        <edge id="7to4">
            <lane id="7to4_0">
                <vehicle id="7" pos="76.20" speed="0.00"/>
                <vehicle id="6" pos="85.70" speed="0.00"/>
            </lane>
        </edge>
    </timestep>
    <timestep time="86.80">
        <edge id="1to2">
            <lane id="1to2_0">
                <vehicle id="0" pos="3.32" speed="10.00"/>
            </lane>
        </edge>
        <edge id="4to1">
            <lane id="4to1_0">
                <vehicle id="5" pos="21.90" speed="10.00"/>
                <vehicle id="4" pos="37.90" speed="10.00"/>
                <vehicle id="3" pos="53.90" speed="10.00"/>
                <vehicle id="2" pos="69.90" speed="10.00"/>
                <vehicle id="1" pos="85.90" speed="10.00"/>
            </lane>
        </edge>
        <edge id="6to7">
            <lane id="6to7_0">
                <vehicle id="11" pos="16.88" speed="10.00"/>
                <vehicle id="10" pos="32.88" speed="10.00"/>
                <vehicle id="9" pos="48.88" speed="10.00"/>
                <vehicle id="8" pos="64.88" speed="10.00"/>
            </lane>
        </edge>
        <edge id="7to4">
            <lane id="7to4_0">
                <vehicle id="7" pos="76.20" speed="0.00"/>
                <vehicle id="6" pos="85.70" speed="0.00"/>
            </lane>
        </edge>
    </timestep>
    <timestep time="86.90">
        <edge id="1to2">
            <lane id="1to2_0">
                <vehicle id="0" pos="4.32" speed="10.00"/>
            </lane>
        </edge>
        <edge id="4to1">
            <lane id="4to1_0">
                <vehicle id="5" pos="22.90" speed="10.00"/>
                <vehicle id="4" pos="38.90" speed="10.00"/>
                <vehicle id="3" pos="54.90" speed="10.00"/>
                <vehicle id="2" pos="70.90" speed="10.00"/>
                <vehicle id="1" pos="86.90" speed="10.00"/>
            </lane>
        </edge>
        <edge id="6to7">
            <lane id="6to7_0">
                <vehicle id="11" pos="17.88" speed="10.00"/>
                <vehicle id="10" pos="33.88" speed="10.00"/>
                <vehicle id="9" pos="49.88" speed="10.00"/>
                <vehicle id="8" pos="65.88" speed="10.00"/>
            </lane>
        </edge>
        <edge id="7to4">
            <lane id="7to4_0">
                <vehicle id="7" pos="76.20" speed="0.00"/>
                <vehicle id="6" pos="85.70" speed="0.00"/>
            </lane>
        </edge>
    </timestep>
    <timestep time="87.00">
        <edge id="1to2">
            <lane id="1to2_0">
                <vehicle id="0" pos="5.32" speed="10.00"/>
            </lane>
        </edge>
        <edge id="4to1">
            <lane id="4to1_0">
                <vehicle id="5" pos="23.90" speed="10.00"/>
                <vehicle id="4" pos="39.90" speed="10.00"/>
                <vehicle id="3" pos="55.90" speed="10.00"/>
                <vehicle id="2" pos="71.90" speed="10.00"/>
                <vehicle id="1" pos="87.90" speed="10.00"/>
            </lane>
        </edge>
        <edge id="6to7">
            <lane id="6to7_0">
                <vehicle id="11" pos="18.88" speed="10.00"/>
                <vehicle id="10" pos="34.88" speed="10.00"/>
                <vehicle id="9" pos="50.88" speed="10.00"/>
                <vehicle id="8" pos="66.88" speed="10.00"/>
            </lane>
        </edge>
        <edge id="7to4">
            <lane id="7to4_0">
                <vehicle id="7" pos="76.20" speed="0.00"/>
                <vehicle id="6" pos="85.70" speed="0.00"/>
            </lane>
        </edge>
    </timestep>
    <timestep time="87.10">
        <edge id="1to2">
            <lane id="1to2_0">
                <vehicle id="0" pos="6.32" speed="10.00"/>
            </lane>
        </edge>
        <edge id="4to1">
            <lane id="4to1_0">
                <vehicle id="5" pos="24.90" speed="10.00"/>
                <vehicle id="4" pos="40.90" speed="10.00"/>
                <vehicle id="3" pos="56.90" speed="10.00"/>
                <vehicle id="2" pos="72.90" speed="10.00"/>
                <vehicle id="1" pos="88.90" speed="10.00"/>
            </lane>
        </edge>
        <edge id="6to7">
            <lane id="6to7_0">
                <vehicle id="11" pos="19.88" speed="10.00"/>
                <vehicle id="10" pos="35.88" speed="10.00"/>
                <vehicle id="9" pos="51.88" speed="10.00"/>
                <vehicle id="8" pos="67.88" speed="10.00"/>
            </lane>
        </edge>
        <edge id="7to4">
            <lane id="7to4_0">
                <vehicle id="7" pos="76.20" speed="0.00"/>
                <vehicle id="6" pos="85.70" speed="0.00"/>
            </lane>
        </edge>
    </timestep>
    <timestep time="87.20">
        <edge id="1to2">
            <lane id="1to2_0">
                <vehicle id="0" pos="7.32" speed="10.00"/>
            </lane>
        </edge>
        <edge id="4to1">
            <lane id="4to1_0">
                <vehicle id="5" pos="25.90" speed="10.00"/>
                <vehicle id="4" pos="41.90" speed="10.00"/>
                <vehicle id="3" pos="57.90" speed="10.00"/>
                <vehicle id="2" pos="73.90" speed="10.00"/>
                <vehicle id="1" pos="89.90" speed="10.00"/>
            </lane>
        </edge>
        <edge id="6to7">
            <lane id="6to7_0">
                <vehicle id="11" pos="20.88" speed="10.00"/>
                <vehicle id="10" pos="36.88" speed="10.00"/>
                <vehicle id="9" pos="52.88" speed="10.00"/>
                <vehicle id="8" pos="68.88" speed="10.00"/>
            </lane>
        </edge>
        <edge id="7to4">
            <lane id="7to4_0">
                <vehicle id="7" pos="76.20" speed="0.00"/>
                <vehicle id="6" pos="85.70" speed="0.00"/>
            </lane>
        </edge>
    </timestep>
    <timestep time="87.30">
        <edge id="1to2">
            <lane id="1to2_0">
                <vehicle id="0" pos="8.32" speed="10.00"/>
            </lane>
        </edge>
        <edge id="4to1">
            <lane id="4to1_0">
                <vehicle id="5" pos="26.90" speed="10.00"/>
                <vehicle id="4" pos="42.90" speed="10.00"/>
                <vehicle id="3" pos="58.90" speed="10.00"/>
                <vehicle id="2" pos="74.90" speed="10.00"/>
                <vehicle id="1" pos="90.90" speed="10.00"/>
            </lane>
        </edge>
        <edge id="6to7">
            <lane id="6to7_0">
                <vehicle id="11" pos="21.88" speed="10.00"/>
                <vehicle id="10" pos="37.88" speed="10.00"/>
                <vehicle id="9" pos="53.88" speed="10.00"/>
                <vehicle id="8" pos="69.88" speed="10.00"/>
            </lane>
        </edge>
        <edge id="7to4">
            <lane id="7to4_0">
                <vehicle id="7" pos="76.20" speed="0.00"/>
                <vehicle id="6" pos="85.70" speed="0.00"/>
            </lane>
        </edge>
    </timestep>
    <timestep time="87.40">
        <edge id="1to2">
            <lane id="1to2_0">
                <vehicle id="0" pos="9.32" speed="10.00"/>
            </lane>
        </edge>
        <edge id="4to1">
            <lane id="4to1_0">
                <vehicle id="5" pos="27.90" speed="10.00"/>
                <vehicle id="4" pos="43.90" speed="10.00"/>
                <vehicle id="3" pos="59.90" speed="10.00"/>
                <vehicle id="2" pos="75.90" speed="10.00"/>
                <vehicle id="1" pos="91.90" speed="10.00"/>
            </lane>
        </edge>
        <edge id="6to7">
            <lane id="6to7_0">
                <vehicle id="11" pos="22.88" speed="10.00"/>
                <vehicle id="10" pos="38.88" speed="10.00"/>
                <vehicle id="9" pos="54.88" speed="10.00"/>
                <vehicle id="8" pos="70.88" speed="10.00"/>
            </lane>
        </edge>
        <edge id="7to4">
            <lane id="7to4_0">
                <vehicle id="7" pos="76.20" speed="0.00"/>
                <vehicle id="6" pos="85.70" speed="0.00"/>
            </lane>
        </edge>
    </timestep>
    <timestep time="87.50">
        <edge id="1to2">
            <lane id="1to2_0">
                <vehicle id="0" pos="10.32" speed="10.00"/>
            </lane>
        </edge>
        <edge id="4to1">
            <lane id="4to1_0">
                <vehicle id="5" pos="28.90" speed="10.00"/>
                <vehicle id="4" pos="44.90" speed="10.00"/>
                <vehicle id="3" pos="60.90" speed="10.00"/>
                <vehicle id="2" pos="76.90" speed="10.00"/>
                <vehicle id="1" pos="92.90" speed="10.00"/>
            </lane>
        </edge>
        <edge id="6to7">
            <lane id="6to7_0">
                <vehicle id="11" pos="23.88" speed="10.00"/>
                <vehicle id="10" pos="39.88" speed="10.00"/>
                <vehicle id="9" pos="55.88" speed="10.00"/>
                <vehicle id="8" pos="71.88" speed="10.00"/>
            </lane>
        </edge>
        <edge id="7to4">
            <lane id="7to4_0">
                <vehicle id="7" pos="76.20" speed="0.00"/>
                <vehicle id="6" pos="85.70" speed="0.00"/>
            </lane>
        </edge>
    </timestep>
    <timestep time="87.60">
        <edge id="1to2">
            <lane id="1to2_0">
                <vehicle id="0" pos="11.32" speed="10.00"/>
            </lane>
        </edge>
        <edge id="4to1">
            <lane id="4to1_0">
                <vehicle id="5" pos="29.90" speed="10.00"/>
                <vehicle id="4" pos="45.90" speed="10.00"/>
                <vehicle id="3" pos="61.90" speed="10.00"/>
                <vehicle id="2" pos="77.90" speed="10.00"/>
                <vehicle id="1" pos="93.90" speed="10.00"/>
            </lane>
        </edge>
        <edge id="6to7">
            <lane id="6to7_0">
                <vehicle id="11" pos="24.88" speed="10.00"/>
                <vehicle id="10" pos="40.88" speed="10.00"/>
                <vehicle id="9" pos="56.88" speed="10.00"/>
                <vehicle id="8" pos="72.88" speed="10.00"/>
            </lane>
        </edge>
        <edge id="7to4">
            <lane id="7to4_0">
                <vehicle id="7" pos="76.20" speed="0.00"/>
                <vehicle id="6" pos="85.70" speed="0.00"/>
            </lane>
        </edge>
    </timestep>
    <timestep time="87.70">
        <edge id="1to2">
            <lane id="1to2_0">
                <vehicle id="0" pos="12.32" speed="10.00"/>
            </lane>
        </edge>
        <edge id="4to1">
            <lane id="4to1_0">
                <vehicle id="5" pos="30.90" speed="10.00"/>
                <vehicle id="4" pos="46.90" speed="10.00"/>
                <vehicle id="3" pos="62.90" speed="10.00"/>
                <vehicle id="2" pos="78.90" speed="10.00"/>
                <vehicle id="1" pos="94.90" speed="10.00"/>
            </lane>
        </edge>
        <edge id="6to7">
            <lane id="6to7_0">
                <vehicle id="11" pos="25.88" speed="10.00"/>
                <vehicle id="10" pos="41.88" speed="10.00"/>
                <vehicle id="9" pos="57.88" speed="10.00"/>
                <vehicle id="8" pos="73.88" speed="10.00"/>
            </lane>
        </edge>
        <edge id="7to4">
            <lane id="7to4_0">
                <vehicle id="7" pos="76.20" speed="0.00"/>
                <vehicle id="6" pos="85.70" speed="0.00"/>
            </lane>
        </edge>
    </timestep>
    <timestep time="87.80">
        <edge id="1to2">
            <lane id="1to2_0">
                <vehicle id="0" pos="13.32" speed="10.00"/>
            </lane>
        </edge>
        <edge id="4to1">
            <lane id="4to1_0">
                <vehicle id="5" pos="31.90" speed="10.00"/>
                <vehicle id="4" pos="47.90" speed="10.00"/>
                <vehicle id="3" pos="63.90" speed="10.00"/>
                <vehicle id="2" pos="79.90" speed="10.00"/>
                <vehicle id="1" pos="95.90" speed="10.00"/>
            </lane>
        </edge>
        <edge id="6to7">
            <lane id="6to7_0">
                <vehicle id="11" pos="26.88" speed="10.00"/>
                <vehicle id="10" pos="42.88" speed="10.00"/>
                <vehicle id="9" pos="58.88" speed="10.00"/>
                <vehicle id="8" pos="74.88" speed="10.00"/>
            </lane>
        </edge>
        <edge id="7to4">
            <lane id="7to4_0">
                <vehicle id="7" pos="76.20" speed="0.00"/>
                <vehicle id="6" pos="85.70" speed="0.00"/>
            </lane>
        </edge>
    </timestep>
    <timestep time="87.90">
        <edge id=":1_0">
            <lane id=":1_0_0">
                <vehicle id="1" pos="0.90" speed="10.00"/>
            </lane>
        </edge>
        <edge id="1to2">
            <lane id="1to2_0">
                <vehicle id="0" pos="14.32" speed="10.00"/>
            </lane>
        </edge>
        <edge id="4to1">
            <lane id="4to1_0">
                <vehicle id="5" pos="32.90" speed="10.00"/>
                <vehicle id="4" pos="48.90" speed="10.00"/>
                <vehicle id="3" pos="64.90" speed="10.00"/>
                <vehicle id="2" pos="80.90" speed="10.00"/>
            </lane>
        </edge>
        <edge id="6to7">
            <lane id="6to7_0">
                <vehicle id="11" pos="27.88" speed="10.00"/>
                <vehicle id="10" pos="43.88" speed="10.00"/>
                <vehicle id="9" pos="59.88" speed="10.00"/>
                <vehicle id="8" pos="75.88" speed="10.00"/>
            </lane>
        </edge>
        <edge id="7to4">
            <lane id="7to4_0">
                <vehicle id="7" pos="76.20" speed="0.00"/>
                <vehicle id="6" pos="85.70" speed="0.00"/>
            </lane>
        </edge>
    </timestep>
    <timestep time="88.00">
        <edge id=":1_0">
            <lane id=":1_0_0">
                <vehicle id="1" pos="1.90" speed="10.00"/>
            </lane>
        </edge>
        <edge id="1to2">
            <lane id="1to2_0">
                <vehicle id="0" pos="15.32" speed="10.00"/>
            </lane>
        </edge>
        <edge id="4to1">
            <lane id="4to1_0">
                <vehicle id="5" pos="33.90" speed="10.00"/>
                <vehicle id="4" pos="49.90" speed="10.00"/>
                <vehicle id="3" pos="65.90" speed="10.00"/>
                <vehicle id="2" pos="81.90" speed="10.00"/>
            </lane>
        </edge>
        <edge id="6to7">
            <lane id="6to7_0">
                <vehicle id="11" pos="28.88" speed="10.00"/>
                <vehicle id="10" pos="44.88" speed="10.00"/>
                <vehicle id="9" pos="60.88" speed="10.00"/>
                <vehicle id="8" pos="76.88" speed="10.00"/>
            </lane>
        </edge>
        <edge id="7to4">
            <lane id="7to4_0">
                <vehicle id="7" pos="76.20" speed="0.00"/>
                <vehicle id="6" pos="85.70" speed="0.00"/>
            </lane>
        </edge>
    </timestep>
    <timestep time="88.10">
        <edge id="1to2">
            <lane id="1to2_0">
                <vehicle id="1" pos="0.32" speed="10.00"/>
                <vehicle id="0" pos="16.32" speed="10.00"/>
            </lane>
        </edge>
        <edge id="4to1">
            <lane id="4to1_0">
                <vehicle id="5" pos="34.90" speed="10.00"/>
                <vehicle id="4" pos="50.90" speed="10.00"/>
                <vehicle id="3" pos="66.90" speed="10.00"/>
                <vehicle id="2" pos="82.90" speed="10.00"/>
            </lane>
        </edge>
        <edge id="6to7">
            <lane id="6to7_0">
                <vehicle id="11" pos="29.88" speed="10.00"/>
                <vehicle id="10" pos="45.88" speed="10.00"/>
                <vehicle id="9" pos="61.88" speed="10.00"/>
                <vehicle id="8" pos="77.88" speed="10.00"/>
            </lane>
        </edge>
        <edge id="7to4">
            <lane id="7to4_0">
                <vehicle id="7" pos="76.20" speed="0.00"/>
                <vehicle id="6" pos="85.70" speed="0.00"/>
            </lane>
        </edge>
    </timestep>
    <timestep time="88.20">
        <edge id="1to2">
            <lane id="1to2_0">
                <vehicle id="1" pos="1.32" speed="10.00"/>
                <vehicle id="0" pos="17.32" speed="10.00"/>
            </lane>
        </edge>
        <edge id="4to1">
            <lane id="4to1_0">
                <vehicle id="5" pos="35.90" speed="10.00"/>
                <vehicle id="4" pos="51.90" speed="10.00"/>
                <vehicle id="3" pos="67.90" speed="10.00"/>
                <vehicle id="2" pos="83.90" speed="10.00"/>
            </lane>
        </edge>
        <edge id="6to7">
            <lane id="6to7_0">
                <vehicle id="11" pos="30.88" speed="10.00"/>
                <vehicle id="10" pos="46.88" speed="10.00"/>
                <vehicle id="9" pos="62.88" speed="10.00"/>
                <vehicle id="8" pos="78.88" speed="10.00"/>
            </lane>
        </edge>
        <edge id="7to4">
            <lane id="7to4_0">
                <vehicle id="7" pos="76.20" speed="0.00"/>
                <vehicle id="6" pos="85.70" speed="0.00"/>
            </lane>
        </edge>
    </timestep>
    <timestep time="88.30">
        <edge id="1to2">
            <lane id="1to2_0">
                <vehicle id="1" pos="2.32" speed="10.00"/>
                <vehicle id="0" pos="18.32" speed="10.00"/>
            </lane>
        </edge>
        <edge id="4to1">
            <lane id="4to1_0">
                <vehicle id="5" pos="36.90" speed="10.00"/>
                <vehicle id="4" pos="52.90" speed="10.00"/>
                <vehicle id="3" pos="68.90" speed="10.00"/>
                <vehicle id="2" pos="84.90" speed="10.00"/>
            </lane>
        </edge>
        <edge id="6to7">
            <lane id="6to7_0">
                <vehicle id="11" pos="31.88" speed="10.00"/>
                <vehicle id="10" pos="47.88" speed="10.00"/>
                <vehicle id="9" pos="63.88" speed="10.00"/>
                <vehicle id="8" pos="79.88" speed="10.00"/>
            </lane>
        </edge>
        <edge id="7to4">
            <lane id="7to4_0">
                <vehicle id="7" pos="76.20" speed="0.00"/>
                <vehicle id="6" pos="85.70" speed="0.00"/>
            </lane>
        </edge>
    </timestep>
    <timestep time="88.40">
        <edge id="1to2">
            <lane id="1to2_0">
                <vehicle id="1" pos="3.32" speed="10.00"/>
                <vehicle id="0" pos="19.32" speed="10.00"/>
            </lane>
        </edge>
        <edge id="4to1">
            <lane id="4to1_0">
                <vehicle id="5" pos="37.90" speed="10.00"/>
                <vehicle id="4" pos="53.90" speed="10.00"/>
                <vehicle id="3" pos="69.90" speed="10.00"/>
                <vehicle id="2" pos="85.90" speed="10.00"/>
            </lane>
        </edge>
        <edge id="6to7">
            <lane id="6to7_0">
                <vehicle id="11" pos="32.88" speed="10.00"/>
                <vehicle id="10" pos="48.88" speed="10.00"/>
                <vehicle id="9" pos="64.88" speed="10.00"/>
                <vehicle id="8" pos="80.88" speed="10.00"/>
            </lane>
        </edge>
        <edge id="7to4">
            <lane id="7to4_0">
                <vehicle id="7" pos="76.20" speed="0.00"/>
                <vehicle id="6" pos="85.70" speed="0.00"/>
            </lane>
        </edge>
    </timestep>
    <timestep time="88.50">
        <edge id="1to2">
            <lane id="1to2_0">
                <vehicle id="1" pos="4.32" speed="10.00"/>
                <vehicle id="0" pos="20.32" speed="10.00"/>
            </lane>
        </edge>
        <edge id="4to1">
            <lane id="4to1_0">
                <vehicle id="5" pos="38.90" speed="10.00"/>
                <vehicle id="4" pos="54.90" speed="10.00"/>
                <vehicle id="3" pos="70.90" speed="10.00"/>
                <vehicle id="2" pos="86.90" speed="10.00"/>
            </lane>
        </edge>
        <edge id="6to7">
            <lane id="6to7_0">
                <vehicle id="11" pos="33.88" speed="10.00"/>
                <vehicle id="10" pos="49.88" speed="10.00"/>
                <vehicle id="9" pos="65.88" speed="10.00"/>
                <vehicle id="8" pos="81.88" speed="10.00"/>
            </lane>
        </edge>
        <edge id="7to4">
            <lane id="7to4_0">
                <vehicle id="7" pos="76.20" speed="0.00"/>
                <vehicle id="6" pos="85.70" speed="0.00"/>
            </lane>
        </edge>
    </timestep>
    <timestep time="88.60">
        <edge id="1to2">
            <lane id="1to2_0">
                <vehicle id="1" pos="5.32" speed="10.00"/>
                <vehicle id="0" pos="21.32" speed="10.00"/>
            </lane>
        </edge>
        <edge id="4to1">
            <lane id="4to1_0">
                <vehicle id="5" pos="39.90" speed="10.00"/>
                <vehicle id="4" pos="55.90" speed="10.00"/>
                <vehicle id="3" pos="71.90" speed="10.00"/>
                <vehicle id="2" pos="87.90" speed="10.00"/>
            </lane>
        </edge>
        <edge id="6to7">
            <lane id="6to7_0">
                <vehicle id="11" pos="34.88" speed="10.00"/>
                <vehicle id="10" pos="50.88" speed="10.00"/>
                <vehicle id="9" pos="66.88" speed="10.00"/>
                <vehicle id="8" pos="82.88" speed="10.00"/>
            </lane>
        </edge>
        <edge id="7to4">
            <lane id="7to4_0">
                <vehicle id="7" pos="76.20" speed="0.00"/>
                <vehicle id="6" pos="85.70" speed="0.00"/>
            </lane>
        </edge>
    </timestep>
    <timestep time="88.70">
        <edge id="1to2">
            <lane id="1to2_0">
                <vehicle id="1" pos="6.32" speed="10.00"/>
                <vehicle id="0" pos="22.32" speed="10.00"/>
            </lane>
        </edge>
        <edge id="4to1">
            <lane id="4to1_0">
                <vehicle id="5" pos="40.90" speed="10.00"/>
                <vehicle id="4" pos="56.90" speed="10.00"/>
                <vehicle id="3" pos="72.90" speed="10.00"/>
                <vehicle id="2" pos="88.90" speed="10.00"/>
            </lane>
        </edge>
        <edge id="6to7">
            <lane id="6to7_0">
                <vehicle id="11" pos="35.88" speed="10.00"/>
                <vehicle id="10" pos="51.88" speed="10.00"/>
                <vehicle id="9" pos="67.88" speed="10.00"/>
                <vehicle id="8" pos="83.88" speed="10.00"/>
            </lane>
        </edge>
        <edge id="7to4">
            <lane id="7to4_0">
                <vehicle id="7" pos="76.20" speed="0.00"/>
                <vehicle id="6" pos="85.70" speed="0.00"/>
            </lane>
        </edge>
    </timestep>
    <timestep time="88.80">
        <edge id="1to2">
            <lane id="1to2_0">
                <vehicle id="1" pos="7.32" speed="10.00"/>
                <vehicle id="0" pos="23.32" speed="10.00"/>
            </lane>
        </edge>
        <edge id="4to1">
            <lane id="4to1_0">
                <vehicle id="5" pos="41.90" speed="10.00"/>
                <vehicle id="4" pos="57.90" speed="10.00"/>
                <vehicle id="3" pos="73.90" speed="10.00"/>
                <vehicle id="2" pos="89.90" speed="10.00"/>
            </lane>
        </edge>
        <edge id="6to7">
            <lane id="6to7_0">
                <vehicle id="11" pos="36.88" speed="10.00"/>
                <vehicle id="10" pos="52.88" speed="10.00"/>
                <vehicle id="9" pos="68.88" speed="10.00"/>
                <vehicle id="8" pos="84.88" speed="10.00"/>
            </lane>
        </edge>
        <edge id="7to4">
            <lane id="7to4_0">
                <vehicle id="7" pos="76.20" speed="0.00"/>
                <vehicle id="6" pos="85.70" speed="0.00"/>
            </lane>
        </edge>
    </timestep>
    <timestep time="88.90">
        <edge id="1to2">
            <lane id="1to2_0">
                <vehicle id="1" pos="8.32" speed="10.00"/>
                <vehicle id="0" pos="24.32" speed="10.00"/>
            </lane>
        </edge>
        <edge id="4to1">
            <lane id="4to1_0">
                <vehicle id="5" pos="42.90" speed="10.00"/>
                <vehicle id="4" pos="58.90" speed="10.00"/>
                <vehicle id="3" pos="74.90" speed="10.00"/>
                <vehicle id="2" pos="90.90" speed="10.00"/>
            </lane>
        </edge>
        <edge id="6to7">
            <lane id="6to7_0">
                <vehicle id="11" pos="37.88" speed="10.00"/>
                <vehicle id="10" pos="53.88" speed="10.00"/>
                <vehicle id="9" pos="69.88" speed="10.00"/>
                <vehicle id="8" pos="85.88" speed="10.00"/>
            </lane>
        </edge>
        <edge id="7to4">
            <lane id="7to4_0">
                <vehicle id="7" pos="76.20" speed="0.00"/>
                <vehicle id="6" pos="85.70" speed="0.00"/>
            </lane>
        </edge>
    </timestep>
    <timestep time="89.00">
        <edge id="1to2">
            <lane id="1to2_0">
                <vehicle id="1" pos="9.32" speed="10.00"/>
                <vehicle id="0" pos="25.32" speed="10.00"/>
            </lane>
        </edge>
        <edge id="4to1">
            <lane id="4to1_0">
                <vehicle id="5" pos="43.90" speed="10.00"/>
                <vehicle id="4" pos="59.90" speed="10.00"/>
                <vehicle id="3" pos="75.90" speed="10.00"/>
                <vehicle id="2" pos="91.90" speed="10.00"/>
            </lane>
        </edge>
        <edge id="6to7">
            <lane id="6to7_0">
                <vehicle id="11" pos="38.88" speed="10.00"/>
                <vehicle id="10" pos="54.88" speed="10.00"/>
                <vehicle id="9" pos="70.88" speed="10.00"/>
                <vehicle id="8" pos="86.88" speed="10.00"/>
            </lane>
        </edge>
        <edge id="7to4">
            <lane id="7to4_0">
                <vehicle id="7" pos="76.20" speed="0.00"/>
                <vehicle id="6" pos="85.70" speed="0.00"/>
            </lane>
        </edge>
    </timestep>
    <timestep time="89.10">
        <edge id="1to2">
            <lane id="1to2_0">
                <vehicle id="1" pos="10.32" speed="10.00"/>
                <vehicle id="0" pos="26.32" speed="10.00"/>
            </lane>
        </edge>
        <edge id="4to1">
            <lane id="4to1_0">
                <vehicle id="5" pos="44.90" speed="10.00"/>
                <vehicle id="4" pos="60.90" speed="10.00"/>
                <vehicle id="3" pos="76.90" speed="10.00"/>
                <vehicle id="2" pos="92.90" speed="10.00"/>
            </lane>
        </edge>
        <edge id="6to7">
            <lane id="6to7_0">
                <vehicle id="11" pos="39.88" speed="10.00"/>
                <vehicle id="10" pos="55.88" speed="10.00"/>
                <vehicle id="9" pos="71.88" speed="10.00"/>
                <vehicle id="8" pos="87.88" speed="10.00"/>
            </lane>
        </edge>
        <edge id="7to4">
            <lane id="7to4_0">
                <vehicle id="7" pos="76.20" speed="0.00"/>
                <vehicle id="6" pos="85.70" speed="0.00"/>
            </lane>
        </edge>
    </timestep>
    <timestep time="89.20">
        <edge id="1to2">
            <lane id="1to2_0">
                <vehicle id="1" pos="11.32" speed="10.00"/>
                <vehicle id="0" pos="27.32" speed="10.00"/>
            </lane>
        </edge>
        <edge id="4to1">
            <lane id="4to1_0">
                <vehicle id="5" pos="45.90" speed="10.00"/>
                <vehicle id="4" pos="61.90" speed="10.00"/>
                <vehicle id="3" pos="77.90" speed="10.00"/>
                <vehicle id="2" pos="93.90" speed="10.00"/>
            </lane>
        </edge>
        <edge id="6to7">
            <lane id="6to7_0">
                <vehicle id="11" pos="40.88" speed="10.00"/>
                <vehicle id="10" pos="56.88" speed="10.00"/>
                <vehicle id="9" pos="72.88" speed="10.00"/>
                <vehicle id="8" pos="88.88" speed="10.00"/>
            </lane>
        </edge>
        <edge id="7to4">
            <lane id="7to4_0">
                <vehicle id="7" pos="76.20" speed="0.00"/>
                <vehicle id="6" pos="85.70" speed="0.00"/>
            </lane>
        </edge>
    </timestep>
    <timestep time="89.30">
        <edge id="1to2">
            <lane id="1to2_0">
                <vehicle id="1" pos="12.32" speed="10.00"/>
                <vehicle id="0" pos="28.32" speed="10.00"/>
            </lane>
        </edge>
        <edge id="4to1">
            <lane id="4to1_0">
                <vehicle id="5" pos="46.90" speed="10.00"/>
                <vehicle id="4" pos="62.90" speed="10.00"/>
                <vehicle id="3" pos="78.90" speed="10.00"/>
                <vehicle id="2" pos="94.90" speed="10.00"/>
            </lane>
        </edge>
        <edge id="6to7">
            <lane id="6to7_0">
                <vehicle id="11" pos="41.88" speed="10.00"/>
                <vehicle id="10" pos="57.88" speed="10.00"/>
                <vehicle id="9" pos="73.88" speed="10.00"/>
                <vehicle id="8" pos="89.88" speed="10.00"/>
            </lane>
        </edge>
        <edge id="7to4">
            <lane id="7to4_0">
                <vehicle id="7" pos="76.20" speed="0.00"/>
                <vehicle id="6" pos="85.70" speed="0.00"/>
            </lane>
        </edge>
    </timestep>
    <timestep time="89.40">
        <edge id="1to2">
            <lane id="1to2_0">
                <vehicle id="1" pos="13.32" speed="10.00"/>
                <vehicle id="0" pos="29.32" speed="10.00"/>
            </lane>
        </edge>
        <edge id="4to1">
            <lane id="4to1_0">
                <vehicle id="5" pos="47.90" speed="10.00"/>
                <vehicle id="4" pos="63.90" speed="10.00"/>
                <vehicle id="3" pos="79.90" speed="10.00"/>
                <vehicle id="2" pos="95.90" speed="10.00"/>
            </lane>
        </edge>
        <edge id="6to7">
            <lane id="6to7_0">
                <vehicle id="11" pos="42.88" speed="10.00"/>
                <vehicle id="10" pos="58.88" speed="10.00"/>
                <vehicle id="9" pos="74.88" speed="10.00"/>
                <vehicle id="8" pos="90.88" speed="10.00"/>
            </lane>
        </edge>
        <edge id="7to4">
            <lane id="7to4_0">
                <vehicle id="7" pos="76.20" speed="0.00"/>
                <vehicle id="6" pos="85.70" speed="0.00"/>
            </lane>
        </edge>
    </timestep>
    <timestep time="89.50">
        <edge id=":1_0">
            <lane id=":1_0_0">
                <vehicle id="2" pos="0.90" speed="10.00"/>
            </lane>
        </edge>
        <edge id="1to2">
            <lane id="1to2_0">
                <vehicle id="1" pos="14.32" speed="10.00"/>
                <vehicle id="0" pos="30.32" speed="10.00"/>
            </lane>
        </edge>
        <edge id="4to1">
            <lane id="4to1_0">
                <vehicle id="5" pos="48.90" speed="10.00"/>
                <vehicle id="4" pos="64.90" speed="10.00"/>
                <vehicle id="3" pos="80.90" speed="10.00"/>
            </lane>
        </edge>
        <edge id="6to7">
            <lane id="6to7_0">
                <vehicle id="11" pos="43.88" speed="10.00"/>
                <vehicle id="10" pos="59.88" speed="10.00"/>
                <vehicle id="9" pos="75.88" speed="10.00"/>
                <vehicle id="8" pos="91.88" speed="10.00"/>
            </lane>
        </edge>
        <edge id="7to4">
            <lane id="7to4_0">
                <vehicle id="7" pos="76.20" speed="0.00"/>
                <vehicle id="6" pos="85.70" speed="0.00"/>
            </lane>
        </edge>
    </timestep>
    <timestep time="89.60">
        <edge id=":1_0">
            <lane id=":1_0_0">
                <vehicle id="2" pos="1.90" speed="10.00"/>
            </lane>
        </edge>
        <edge id="1to2">
            <lane id="1to2_0">
                <vehicle id="1" pos="15.32" speed="10.00"/>
                <vehicle id="0" pos="31.32" speed="10.00"/>
            </lane>
        </edge>
        <edge id="4to1">
            <lane id="4to1_0">
                <vehicle id="5" pos="49.90" speed="10.00"/>
                <vehicle id="4" pos="65.90" speed="10.00"/>
                <vehicle id="3" pos="81.90" speed="10.00"/>
            </lane>
        </edge>
        <edge id="6to7">
            <lane id="6to7_0">
                <vehicle id="11" pos="44.88" speed="10.00"/>
                <vehicle id="10" pos="60.88" speed="10.00"/>
                <vehicle id="9" pos="76.88" speed="10.00"/>
                <vehicle id="8" pos="92.88" speed="10.00"/>
            </lane>
        </edge>
        <edge id="7to4">
            <lane id="7to4_0">
                <vehicle id="7" pos="76.20" speed="0.00"/>
                <vehicle id="6" pos="85.70" speed="0.00"/>
            </lane>
        </edge>
    </timestep>
    <timestep time="89.70">
        <edge id=":7_0">
            <lane id=":7_0_0">
                <vehicle id="8" pos="0.28" speed="10.00"/>
            </lane>
        </edge>
        <edge id="1to2">
            <lane id="1to2_0">
                <vehicle id="2" pos="0.32" speed="10.00"/>
                <vehicle id="1" pos="16.32" speed="10.00"/>
                <vehicle id="0" pos="32.32" speed="10.00"/>
            </lane>
        </edge>
        <edge id="4to1">
            <lane id="4to1_0">
                <vehicle id="5" pos="50.90" speed="10.00"/>
                <vehicle id="4" pos="66.90" speed="10.00"/>
                <vehicle id="3" pos="82.90" speed="10.00"/>
            </lane>
        </edge>
        <edge id="6to7">
            <lane id="6to7_0">
                <vehicle id="11" pos="45.88" speed="10.00"/>
                <vehicle id="10" pos="61.88" speed="10.00"/>
                <vehicle id="9" pos="77.88" speed="10.00"/>
            </lane>
        </edge>
        <edge id="7to4">
            <lane id="7to4_0">
                <vehicle id="7" pos="76.20" speed="0.00"/>
                <vehicle id="6" pos="85.70" speed="0.00"/>
            </lane>
        </edge>
    </timestep>
    <timestep time="89.80">
        <edge id=":7_0">
            <lane id=":7_0_0">
                <vehicle id="8" pos="1.28" speed="10.00"/>
            </lane>
        </edge>
        <edge id="1to2">
            <lane id="1to2_0">
                <vehicle id="2" pos="1.32" speed="10.00"/>
                <vehicle id="1" pos="17.32" speed="10.00"/>
                <vehicle id="0" pos="33.32" speed="10.00"/>
            </lane>
        </edge>
        <edge id="4to1">
            <lane id="4to1_0">
                <vehicle id="5" pos="51.90" speed="10.00"/>
                <vehicle id="4" pos="67.90" speed="10.00"/>
                <vehicle id="3" pos="83.90" speed="10.00"/>
            </lane>
        </edge>
        <edge id="6to7">
            <lane id="6to7_0">
                <vehicle id="11" pos="46.88" speed="10.00"/>
                <vehicle id="10" pos="62.88" speed="10.00"/>
                <vehicle id="9" pos="78.88" speed="10.00"/>
            </lane>
        </edge>
        <edge id="7to4">
            <lane id="7to4_0">
                <vehicle id="7" pos="76.20" speed="0.00"/>
                <vehicle id="6" pos="85.70" speed="0.00"/>
            </lane>
        </edge>
    </timestep>
    <timestep time="89.90">
        <edge id=":7_0">
            <lane id=":7_0_0">
                <vehicle id="8" pos="2.28" speed="10.00"/>
            </lane>
        </edge>
        <edge id="1to2">
            <lane id="1to2_0">
                <vehicle id="2" pos="2.32" speed="10.00"/>
                <vehicle id="1" pos="18.32" speed="10.00"/>
                <vehicle id="0" pos="34.32" speed="10.00"/>
            </lane>
        </edge>
        <edge id="4to1">
            <lane id="4to1_0">
                <vehicle id="5" pos="52.90" speed="10.00"/>
                <vehicle id="4" pos="68.90" speed="10.00"/>
                <vehicle id="3" pos="84.90" speed="10.00"/>
            </lane>
        </edge>
        <edge id="6to7">
            <lane id="6to7_0">
                <vehicle id="11" pos="47.88" speed="10.00"/>
                <vehicle id="10" pos="63.88" speed="10.00"/>
                <vehicle id="9" pos="79.88" speed="10.00"/>
            </lane>
        </edge>
        <edge id="7to4">
            <lane id="7to4_0">
                <vehicle id="7" pos="76.20" speed="0.00"/>
                <vehicle id="6" pos="85.70" speed="0.00"/>
            </lane>
        </edge>
    </timestep>
    <timestep time="90.00">
        <edge id="1to2">
            <lane id="1to2_0">
                <vehicle id="2" pos="3.32" speed="10.00"/>
                <vehicle id="1" pos="19.32" speed="10.00"/>
                <vehicle id="0" pos="35.32" speed="10.00"/>
            </lane>
        </edge>
        <edge id="4to1">
            <lane id="4to1_0">
                <vehicle id="5" pos="53.90" speed="10.00"/>
                <vehicle id="4" pos="69.90" speed="10.00"/>
                <vehicle id="3" pos="85.90" speed="10.00"/>
            </lane>
        </edge>
        <edge id="6to7">
            <lane id="6to7_0">
                <vehicle id="11" pos="48.88" speed="10.00"/>
                <vehicle id="10" pos="64.88" speed="10.00"/>
                <vehicle id="9" pos="80.88" speed="10.00"/>
            </lane>
        </edge>
        <edge id="7to4">
            <lane id="7to4_0">
                <vehicle id="8" pos="0.70" speed="10.00"/>
                <vehicle id="7" pos="76.20" speed="0.00"/>
                <vehicle id="6" pos="85.70" speed="0.00"/>
            </lane>
        </edge>
    </timestep>
    <timestep time="90.10">
        <edge id="1to2">
            <lane id="1to2_0">
                <vehicle id="2" pos="4.32" speed="10.00"/>
                <vehicle id="1" pos="20.32" speed="10.00"/>
                <vehicle id="0" pos="36.32" speed="10.00"/>
            </lane>
        </edge>
        <edge id="4to1">
            <lane id="4to1_0">
                <vehicle id="5" pos="54.90" speed="10.00"/>
                <vehicle id="4" pos="70.90" speed="10.00"/>
                <vehicle id="3" pos="86.90" speed="10.00"/>
            </lane>
        </edge>
        <edge id="6to7">
            <lane id="6to7_0">
                <vehicle id="11" pos="49.88" speed="10.00"/>
                <vehicle id="10" pos="65.88" speed="10.00"/>
                <vehicle id="9" pos="81.88" speed="10.00"/>
            </lane>
        </edge>
        <edge id="7to4">
            <lane id="7to4_0">
                <vehicle id="8" pos="1.70" speed="10.00"/>
                <vehicle id="7" pos="76.20" speed="0.00"/>
                <vehicle id="6" pos="85.70" speed="0.00"/>
            </lane>
        </edge>
    </timestep>
    <timestep time="90.20">
        <edge id="1to2">
            <lane id="1to2_0">
                <vehicle id="2" pos="5.32" speed="10.00"/>
                <vehicle id="1" pos="21.32" speed="10.00"/>
                <vehicle id="0" pos="37.32" speed="10.00"/>
            </lane>
        </edge>
        <edge id="4to1">
            <lane id="4to1_0">
                <vehicle id="5" pos="55.90" speed="10.00"/>
                <vehicle id="4" pos="71.90" speed="10.00"/>
                <vehicle id="3" pos="87.90" speed="10.00"/>
            </lane>
        </edge>
        <edge id="6to7">
            <lane id="6to7_0">
                <vehicle id="11" pos="50.88" speed="10.00"/>
                <vehicle id="10" pos="66.88" speed="10.00"/>
                <vehicle id="9" pos="82.88" speed="10.00"/>
            </lane>
        </edge>
        <edge id="7to4">
            <lane id="7to4_0">
                <vehicle id="8" pos="2.70" speed="10.00"/>
                <vehicle id="7" pos="76.20" speed="0.00"/>
                <vehicle id="6" pos="85.70" speed="0.00"/>
            </lane>
        </edge>
    </timestep>
    <timestep time="90.30">
        <edge id="1to2">
            <lane id="1to2_0">
                <vehicle id="2" pos="6.32" speed="10.00"/>
                <vehicle id="1" pos="22.32" speed="10.00"/>
                <vehicle id="0" pos="38.32" speed="10.00"/>
            </lane>
        </edge>
        <edge id="4to1">
            <lane id="4to1_0">
                <vehicle id="5" pos="56.90" speed="10.00"/>
                <vehicle id="4" pos="72.90" speed="10.00"/>
                <vehicle id="3" pos="88.90" speed="10.00"/>
            </lane>
        </edge>
        <edge id="6to7">
            <lane id="6to7_0">
                <vehicle id="11" pos="51.88" speed="10.00"/>
                <vehicle id="10" pos="67.88" speed="10.00"/>
                <vehicle id="9" pos="83.88" speed="10.00"/>
            </lane>
        </edge>
        <edge id="7to4">
            <lane id="7to4_0">
                <vehicle id="8" pos="3.70" speed="10.00"/>
                <vehicle id="7" pos="76.20" speed="0.00"/>
                <vehicle id="6" pos="85.70" speed="0.00"/>
            </lane>
        </edge>
    </timestep>
    <timestep time="90.40">
        <edge id="1to2">
            <lane id="1to2_0">
                <vehicle id="2" pos="7.32" speed="10.00"/>
                <vehicle id="1" pos="23.32" speed="10.00"/>
                <vehicle id="0" pos="39.32" speed="10.00"/>
            </lane>
        </edge>
        <edge id="4to1">
            <lane id="4to1_0">
                <vehicle id="5" pos="57.90" speed="10.00"/>
                <vehicle id="4" pos="73.90" speed="10.00"/>
                <vehicle id="3" pos="89.90" speed="10.00"/>
            </lane>
        </edge>
        <edge id="6to7">
            <lane id="6to7_0">
                <vehicle id="11" pos="52.88" speed="10.00"/>
                <vehicle id="10" pos="68.88" speed="10.00"/>
                <vehicle id="9" pos="84.88" speed="10.00"/>
            </lane>
        </edge>
        <edge id="7to4">
            <lane id="7to4_0">
                <vehicle id="8" pos="4.70" speed="10.00"/>
                <vehicle id="7" pos="76.20" speed="0.00"/>
                <vehicle id="6" pos="85.70" speed="0.00"/>
            </lane>
        </edge>
    </timestep>
    <timestep time="90.50">
        <edge id="1to2">
            <lane id="1to2_0">
                <vehicle id="2" pos="8.32" speed="10.00"/>
                <vehicle id="1" pos="24.32" speed="10.00"/>
                <vehicle id="0" pos="40.32" speed="10.00"/>
            </lane>
        </edge>
        <edge id="4to1">
            <lane id="4to1_0">
                <vehicle id="5" pos="58.90" speed="10.00"/>
                <vehicle id="4" pos="74.90" speed="10.00"/>
                <vehicle id="3" pos="90.90" speed="10.00"/>
            </lane>
        </edge>
        <edge id="6to7">
            <lane id="6to7_0">
                <vehicle id="11" pos="53.88" speed="10.00"/>
                <vehicle id="10" pos="69.88" speed="10.00"/>
                <vehicle id="9" pos="85.88" speed="10.00"/>
            </lane>
        </edge>
        <edge id="7to4">
            <lane id="7to4_0">
                <vehicle id="8" pos="5.70" speed="10.00"/>
                <vehicle id="7" pos="76.20" speed="0.00"/>
                <vehicle id="6" pos="85.70" speed="0.00"/>
            </lane>
        </edge>
    </timestep>
    <timestep time="90.60">
        <edge id="1to2">
            <lane id="1to2_0">
                <vehicle id="2" pos="9.32" speed="10.00"/>
                <vehicle id="1" pos="25.32" speed="10.00"/>
                <vehicle id="0" pos="41.32" speed="10.00"/>
            </lane>
        </edge>
        <edge id="4to1">
            <lane id="4to1_0">
                <vehicle id="5" pos="59.90" speed="10.00"/>
                <vehicle id="4" pos="75.90" speed="10.00"/>
                <vehicle id="3" pos="91.90" speed="10.00"/>
            </lane>
        </edge>
        <edge id="6to7">
            <lane id="6to7_0">
                <vehicle id="11" pos="54.88" speed="10.00"/>
                <vehicle id="10" pos="70.88" speed="10.00"/>
                <vehicle id="9" pos="86.88" speed="10.00"/>
            </lane>
        </edge>
        <edge id="7to4">
            <lane id="7to4_0">
                <vehicle id="8" pos="6.70" speed="10.00"/>
                <vehicle id="7" pos="76.20" speed="0.00"/>
                <vehicle id="6" pos="85.70" speed="0.00"/>
            </lane>
        </edge>
    </timestep>
    <timestep time="90.70">
        <edge id="1to2">
            <lane id="1to2_0">
                <vehicle id="2" pos="10.32" speed="10.00"/>
                <vehicle id="1" pos="26.32" speed="10.00"/>
                <vehicle id="0" pos="42.32" speed="10.00"/>
            </lane>
        </edge>
        <edge id="4to1">
            <lane id="4to1_0">
                <vehicle id="5" pos="60.90" speed="10.00"/>
                <vehicle id="4" pos="76.90" speed="10.00"/>
                <vehicle id="3" pos="92.90" speed="10.00"/>
            </lane>
        </edge>
        <edge id="6to7">
            <lane id="6to7_0">
                <vehicle id="11" pos="55.88" speed="10.00"/>
                <vehicle id="10" pos="71.88" speed="10.00"/>
                <vehicle id="9" pos="87.88" speed="10.00"/>
            </lane>
        </edge>
        <edge id="7to4">
            <lane id="7to4_0">
                <vehicle id="8" pos="7.70" speed="10.00"/>
                <vehicle id="7" pos="76.20" speed="0.00"/>
                <vehicle id="6" pos="85.70" speed="0.00"/>
            </lane>
        </edge>
    </timestep>
    <timestep time="90.80">
        <edge id="1to2">
            <lane id="1to2_0">
                <vehicle id="2" pos="11.32" speed="10.00"/>
                <vehicle id="1" pos="27.32" speed="10.00"/>
                <vehicle id="0" pos="43.32" speed="10.00"/>
            </lane>
        </edge>
        <edge id="4to1">
            <lane id="4to1_0">
                <vehicle id="5" pos="61.90" speed="10.00"/>
                <vehicle id="4" pos="77.90" speed="10.00"/>
                <vehicle id="3" pos="93.90" speed="10.00"/>
            </lane>
        </edge>
        <edge id="6to7">
            <lane id="6to7_0">
                <vehicle id="11" pos="56.88" speed="10.00"/>
                <vehicle id="10" pos="72.88" speed="10.00"/>
                <vehicle id="9" pos="88.88" speed="10.00"/>
            </lane>
        </edge>
        <edge id="7to4">
            <lane id="7to4_0">
                <vehicle id="8" pos="8.70" speed="10.00"/>
                <vehicle id="7" pos="76.20" speed="0.00"/>
                <vehicle id="6" pos="85.70" speed="0.00"/>
            </lane>
        </edge>
    </timestep>
    <timestep time="90.90">
        <edge id="1to2">
            <lane id="1to2_0">
                <vehicle id="2" pos="12.32" speed="10.00"/>
                <vehicle id="1" pos="28.32" speed="10.00"/>
                <vehicle id="0" pos="44.32" speed="10.00"/>
            </lane>
        </edge>
        <edge id="4to1">
            <lane id="4to1_0">
                <vehicle id="5" pos="62.90" speed="10.00"/>
                <vehicle id="4" pos="78.90" speed="10.00"/>
                <vehicle id="3" pos="94.90" speed="10.00"/>
            </lane>
        </edge>
        <edge id="6to7">
            <lane id="6to7_0">
                <vehicle id="11" pos="57.88" speed="10.00"/>
                <vehicle id="10" pos="73.88" speed="10.00"/>
                <vehicle id="9" pos="89.88" speed="10.00"/>
            </lane>
        </edge>
        <edge id="7to4">
            <lane id="7to4_0">
                <vehicle id="8" pos="9.70" speed="10.00"/>
                <vehicle id="7" pos="76.20" speed="0.00"/>
                <vehicle id="6" pos="85.70" speed="0.00"/>
            </lane>
        </edge>
    </timestep>
    <timestep time="91.00">
        <edge id="1to2">
            <lane id="1to2_0">
                <vehicle id="2" pos="13.32" speed="10.00"/>
                <vehicle id="1" pos="29.32" speed="10.00"/>
                <vehicle id="0" pos="45.32" speed="10.00"/>
            </lane>
        </edge>
        <edge id="4to1">
            <lane id="4to1_0">
                <vehicle id="5" pos="63.90" speed="10.00"/>
                <vehicle id="4" pos="79.90" speed="10.00"/>
                <vehicle id="3" pos="95.90" speed="10.00"/>
            </lane>
        </edge>
        <edge id="6to7">
            <lane id="6to7_0">
                <vehicle id="11" pos="58.88" speed="10.00"/>
                <vehicle id="10" pos="74.88" speed="10.00"/>
                <vehicle id="9" pos="90.88" speed="10.00"/>
            </lane>
        </edge>
        <edge id="7to4">
            <lane id="7to4_0">
                <vehicle id="8" pos="10.70" speed="10.00"/>
                <vehicle id="7" pos="76.20" speed="0.00"/>
                <vehicle id="6" pos="85.70" speed="0.00"/>
            </lane>
        </edge>
    </timestep>
    <timestep time="91.10">
        <edge id=":1_0">
            <lane id=":1_0_0">
                <vehicle id="3" pos="0.90" speed="10.00"/>
            </lane>
        </edge>
        <edge id="1to2">
            <lane id="1to2_0">
                <vehicle id="2" pos="14.32" speed="10.00"/>
                <vehicle id="1" pos="30.32" speed="10.00"/>
                <vehicle id="0" pos="46.32" speed="10.00"/>
            </lane>
        </edge>
        <edge id="4to1">
            <lane id="4to1_0">
                <vehicle id="5" pos="64.90" speed="10.00"/>
                <vehicle id="4" pos="80.90" speed="10.00"/>
            </lane>
        </edge>
        <edge id="6to7">
            <lane id="6to7_0">
                <vehicle id="11" pos="59.88" speed="10.00"/>
                <vehicle id="10" pos="75.88" speed="10.00"/>
                <vehicle id="9" pos="91.88" speed="10.00"/>
            </lane>
        </edge>
        <edge id="7to4">
            <lane id="7to4_0">
                <vehicle id="8" pos="11.70" speed="10.00"/>
                <vehicle id="7" pos="76.20" speed="0.00"/>
                <vehicle id="6" pos="85.70" speed="0.00"/>
            </lane>
        </edge>
    </timestep>
    <timestep time="91.20">
        <edge id=":1_0">
            <lane id=":1_0_0">
                <vehicle id="3" pos="1.90" speed="10.00"/>
            </lane>
        </edge>
        <edge id="1to2">
            <lane id="1to2_0">
                <vehicle id="2" pos="15.32" speed="10.00"/>
                <vehicle id="1" pos="31.32" speed="10.00"/>
                <vehicle id="0" pos="47.32" speed="10.00"/>
            </lane>
        </edge>
        <edge id="4to1">
            <lane id="4to1_0">
                <vehicle id="5" pos="65.90" speed="10.00"/>
                <vehicle id="4" pos="81.90" speed="10.00"/>
            </lane>
        </edge>
        <edge id="6to7">
            <lane id="6to7_0">
                <vehicle id="11" pos="60.88" speed="10.00"/>
                <vehicle id="10" pos="76.88" speed="10.00"/>
                <vehicle id="9" pos="92.88" speed="10.00"/>
            </lane>
        </edge>
        <edge id="7to4">
            <lane id="7to4_0">
                <vehicle id="8" pos="12.70" speed="10.00"/>
                <vehicle id="7" pos="76.20" speed="0.00"/>
                <vehicle id="6" pos="85.70" speed="0.00"/>
            </lane>
        </edge>
    </timestep>
    <timestep time="91.30">
        <edge id=":7_0">
            <lane id=":7_0_0">
                <vehicle id="9" pos="0.28" speed="10.00"/>
            </lane>
        </edge>
        <edge id="1to2">
            <lane id="1to2_0">
                <vehicle id="3" pos="0.32" speed="10.00"/>
                <vehicle id="2" pos="16.32" speed="10.00"/>
                <vehicle id="1" pos="32.32" speed="10.00"/>
                <vehicle id="0" pos="48.32" speed="10.00"/>
            </lane>
        </edge>
        <edge id="4to1">
            <lane id="4to1_0">
                <vehicle id="5" pos="66.90" speed="10.00"/>
                <vehicle id="4" pos="82.90" speed="10.00"/>
            </lane>
        </edge>
        <edge id="6to7">
            <lane id="6to7_0">
                <vehicle id="11" pos="61.88" speed="10.00"/>
                <vehicle id="10" pos="77.88" speed="10.00"/>
            </lane>
        </edge>
        <edge id="7to4">
            <lane id="7to4_0">
                <vehicle id="8" pos="13.70" speed="10.00"/>
                <vehicle id="7" pos="76.20" speed="0.00"/>
                <vehicle id="6" pos="85.70" speed="0.00"/>
            </lane>
        </edge>
    </timestep>
    <timestep time="91.40">
        <edge id=":7_0">
            <lane id=":7_0_0">
                <vehicle id="9" pos="1.28" speed="10.00"/>
            </lane>
        </edge>
        <edge id="1to2">
            <lane id="1to2_0">
                <vehicle id="3" pos="1.32" speed="10.00"/>
                <vehicle id="2" pos="17.32" speed="10.00"/>
                <vehicle id="1" pos="33.32" speed="10.00"/>
                <vehicle id="0" pos="49.32" speed="10.00"/>
            </lane>
        </edge>
        <edge id="4to1">
            <lane id="4to1_0">
                <vehicle id="5" pos="67.90" speed="10.00"/>
                <vehicle id="4" pos="83.90" speed="10.00"/>
            </lane>
        </edge>
        <edge id="6to7">
            <lane id="6to7_0">
                <vehicle id="11" pos="62.88" speed="10.00"/>
                <vehicle id="10" pos="78.88" speed="10.00"/>
            </lane>
        </edge>
        <edge id="7to4">
            <lane id="7to4_0">
                <vehicle id="8" pos="14.70" speed="10.00"/>
                <vehicle id="7" pos="76.20" speed="0.00"/>
                <vehicle id="6" pos="85.70" speed="0.00"/>
            </lane>
        </edge>
    </timestep>
    <timestep time="91.50">
        <edge id=":7_0">
            <lane id=":7_0_0">
                <vehicle id="9" pos="2.28" speed="10.00"/>
            </lane>
        </edge>
        <edge id="1to2">
            <lane id="1to2_0">
                <vehicle id="3" pos="2.32" speed="10.00"/>
                <vehicle id="2" pos="18.32" speed="10.00"/>
                <vehicle id="1" pos="34.32" speed="10.00"/>
                <vehicle id="0" pos="50.32" speed="10.00"/>
            </lane>
        </edge>
        <edge id="4to1">
            <lane id="4to1_0">
                <vehicle id="5" pos="68.90" speed="10.00"/>
                <vehicle id="4" pos="84.90" speed="10.00"/>
            </lane>
        </edge>
        <edge id="6to7">
            <lane id="6to7_0">
                <vehicle id="11" pos="63.88" speed="10.00"/>
                <vehicle id="10" pos="79.88" speed="10.00"/>
            </lane>
        </edge>
        <edge id="7to4">
            <lane id="7to4_0">
                <vehicle id="8" pos="15.70" speed="10.00"/>
                <vehicle id="7" pos="76.20" speed="0.00"/>
                <vehicle id="6" pos="85.70" speed="0.00"/>
            </lane>
        </edge>
    </timestep>
    <timestep time="91.60">
        <edge id="1to2">
            <lane id="1to2_0">
                <vehicle id="3" pos="3.32" speed="10.00"/>
                <vehicle id="2" pos="19.32" speed="10.00"/>
                <vehicle id="1" pos="35.32" speed="10.00"/>
                <vehicle id="0" pos="51.32" speed="10.00"/>
            </lane>
        </edge>
        <edge id="4to1">
            <lane id="4to1_0">
                <vehicle id="5" pos="69.90" speed="10.00"/>
                <vehicle id="4" pos="85.90" speed="10.00"/>
            </lane>
        </edge>
        <edge id="6to7">
            <lane id="6to7_0">
                <vehicle id="11" pos="64.88" speed="10.00"/>
                <vehicle id="10" pos="80.88" speed="10.00"/>
            </lane>
        </edge>
        <edge id="7to4">
            <lane id="7to4_0">
                <vehicle id="9" pos="0.70" speed="10.00"/>
                <vehicle id="8" pos="16.70" speed="10.00"/>
                <vehicle id="7" pos="76.20" speed="0.00"/>
                <vehicle id="6" pos="85.70" speed="0.00"/>
            </lane>
        </edge>
    </timestep>
    <timestep time="91.70">
        <edge id="1to2">
            <lane id="1to2_0">
                <vehicle id="3" pos="4.32" speed="10.00"/>
                <vehicle id="2" pos="20.32" speed="10.00"/>
                <vehicle id="1" pos="36.32" speed="10.00"/>
                <vehicle id="0" pos="52.32" speed="10.00"/>
            </lane>
        </edge>
        <edge id="4to1">
            <lane id="4to1_0">
                <vehicle id="5" pos="70.90" speed="10.00"/>
                <vehicle id="4" pos="86.90" speed="10.00"/>
            </lane>
        </edge>
        <edge id="6to7">
            <lane id="6to7_0">
                <vehicle id="11" pos="65.88" speed="10.00"/>
                <vehicle id="10" pos="81.88" speed="10.00"/>
            </lane>
        </edge>
        <edge id="7to4">
            <lane id="7to4_0">
                <vehicle id="9" pos="1.70" speed="10.00"/>
                <vehicle id="8" pos="17.70" speed="10.00"/>
                <vehicle id="7" pos="76.20" speed="0.00"/>
                <vehicle id="6" pos="85.70" speed="0.00"/>
            </lane>
        </edge>
    </timestep>
    <timestep time="91.80">
        <edge id="1to2">
            <lane id="1to2_0">
                <vehicle id="3" pos="5.32" speed="10.00"/>
                <vehicle id="2" pos="21.32" speed="10.00"/>
                <vehicle id="1" pos="37.32" speed="10.00"/>
                <vehicle id="0" pos="53.32" speed="10.00"/>
            </lane>
        </edge>
        <edge id="4to1">
            <lane id="4to1_0">
                <vehicle id="5" pos="71.90" speed="10.00"/>
                <vehicle id="4" pos="87.90" speed="10.00"/>
            </lane>
        </edge>
        <edge id="6to7">
            <lane id="6to7_0">
                <vehicle id="11" pos="66.88" speed="10.00"/>
                <vehicle id="10" pos="82.88" speed="10.00"/>
            </lane>
        </edge>
        <edge id="7to4">
            <lane id="7to4_0">
                <vehicle id="9" pos="2.70" speed="10.00"/>
                <vehicle id="8" pos="18.70" speed="10.00"/>
                <vehicle id="7" pos="76.20" speed="0.00"/>
                <vehicle id="6" pos="85.70" speed="0.00"/>
            </lane>
        </edge>
    </timestep>
    <timestep time="91.90">
        <edge id="1to2">
            <lane id="1to2_0">
                <vehicle id="3" pos="6.32" speed="10.00"/>
                <vehicle id="2" pos="22.32" speed="10.00"/>
                <vehicle id="1" pos="38.32" speed="10.00"/>
                <vehicle id="0" pos="54.32" speed="10.00"/>
            </lane>
        </edge>
        <edge id="4to1">
            <lane id="4to1_0">
                <vehicle id="5" pos="72.90" speed="10.00"/>
                <vehicle id="4" pos="88.90" speed="10.00"/>
            </lane>
        </edge>
        <edge id="6to7">
            <lane id="6to7_0">
                <vehicle id="11" pos="67.88" speed="10.00"/>
                <vehicle id="10" pos="83.88" speed="10.00"/>
            </lane>
        </edge>
        <edge id="7to4">
            <lane id="7to4_0">
                <vehicle id="9" pos="3.70" speed="10.00"/>
                <vehicle id="8" pos="19.70" speed="10.00"/>
                <vehicle id="7" pos="76.20" speed="0.00"/>
                <vehicle id="6" pos="85.70" speed="0.00"/>
            </lane>
        </edge>
    </timestep>
    <timestep time="92.00">
        <edge id="1to2">
            <lane id="1to2_0">
                <vehicle id="3" pos="7.32" speed="10.00"/>
                <vehicle id="2" pos="23.32" speed="10.00"/>
                <vehicle id="1" pos="39.32" speed="10.00"/>
                <vehicle id="0" pos="55.32" speed="10.00"/>
            </lane>
        </edge>
        <edge id="4to1">
            <lane id="4to1_0">
                <vehicle id="5" pos="73.90" speed="10.00"/>
                <vehicle id="4" pos="89.90" speed="10.00"/>
            </lane>
        </edge>
        <edge id="6to7">
            <lane id="6to7_0">
                <vehicle id="11" pos="68.88" speed="10.00"/>
                <vehicle id="10" pos="84.88" speed="10.00"/>
            </lane>
        </edge>
        <edge id="7to4">
            <lane id="7to4_0">
                <vehicle id="9" pos="4.70" speed="10.00"/>
                <vehicle id="8" pos="20.70" speed="10.00"/>
                <vehicle id="7" pos="76.20" speed="0.00"/>
                <vehicle id="6" pos="85.70" speed="0.00"/>
            </lane>
        </edge>
    </timestep>
    <timestep time="92.10">
        <edge id="1to2">
            <lane id="1to2_0">
                <vehicle id="3" pos="8.32" speed="10.00"/>
                <vehicle id="2" pos="24.32" speed="10.00"/>
                <vehicle id="1" pos="40.32" speed="10.00"/>
                <vehicle id="0" pos="56.32" speed="10.00"/>
            </lane>
        </edge>
        <edge id="4to1">
            <lane id="4to1_0">
                <vehicle id="5" pos="74.90" speed="10.00"/>
                <vehicle id="4" pos="90.90" speed="10.00"/>
            </lane>
        </edge>
        <edge id="6to7">
            <lane id="6to7_0">
                <vehicle id="11" pos="69.88" speed="10.00"/>
                <vehicle id="10" pos="85.88" speed="10.00"/>
            </lane>
        </edge>
        <edge id="7to4">
            <lane id="7to4_0">
                <vehicle id="9" pos="5.70" speed="10.00"/>
                <vehicle id="8" pos="21.70" speed="10.00"/>
                <vehicle id="7" pos="76.20" speed="0.00"/>
                <vehicle id="6" pos="85.70" speed="0.00"/>
            </lane>
        </edge>
    </timestep>
    <timestep time="92.20">
        <edge id="1to2">
            <lane id="1to2_0">
                <vehicle id="3" pos="9.32" speed="10.00"/>
                <vehicle id="2" pos="25.32" speed="10.00"/>
                <vehicle id="1" pos="41.32" speed="10.00"/>
                <vehicle id="0" pos="57.32" speed="10.00"/>
            </lane>
        </edge>
        <edge id="4to1">
            <lane id="4to1_0">
                <vehicle id="5" pos="75.90" speed="10.00"/>
                <vehicle id="4" pos="91.90" speed="10.00"/>
            </lane>
        </edge>
        <edge id="6to7">
            <lane id="6to7_0">
                <vehicle id="11" pos="70.88" speed="10.00"/>
                <vehicle id="10" pos="86.88" speed="10.00"/>
            </lane>
        </edge>
        <edge id="7to4">
            <lane id="7to4_0">
                <vehicle id="9" pos="6.70" speed="10.00"/>
                <vehicle id="8" pos="22.70" speed="10.00"/>
                <vehicle id="7" pos="76.20" speed="0.00"/>
                <vehicle id="6" pos="85.70" speed="0.00"/>
            </lane>
        </edge>
    </timestep>
    <timestep time="92.30">
        <edge id="1to2">
            <lane id="1to2_0">
                <vehicle id="3" pos="10.32" speed="10.00"/>
                <vehicle id="2" pos="26.32" speed="10.00"/>
                <vehicle id="1" pos="42.32" speed="10.00"/>
                <vehicle id="0" pos="58.32" speed="10.00"/>
            </lane>
        </edge>
        <edge id="4to1">
            <lane id="4to1_0">
                <vehicle id="5" pos="76.90" speed="10.00"/>
                <vehicle id="4" pos="92.90" speed="10.00"/>
            </lane>
        </edge>
        <edge id="6to7">
            <lane id="6to7_0">
                <vehicle id="11" pos="71.88" speed="10.00"/>
                <vehicle id="10" pos="87.88" speed="10.00"/>
            </lane>
        </edge>
        <edge id="7to4">
            <lane id="7to4_0">
                <vehicle id="9" pos="7.70" speed="10.00"/>
                <vehicle id="8" pos="23.70" speed="10.00"/>
                <vehicle id="7" pos="76.20" speed="0.00"/>
                <vehicle id="6" pos="85.70" speed="0.00"/>
            </lane>
        </edge>
    </timestep>
    <timestep time="92.40">
        <edge id="1to2">
            <lane id="1to2_0">
                <vehicle id="3" pos="11.32" speed="10.00"/>
                <vehicle id="2" pos="27.32" speed="10.00"/>
                <vehicle id="1" pos="43.32" speed="10.00"/>
                <vehicle id="0" pos="59.32" speed="10.00"/>
            </lane>
        </edge>
        <edge id="4to1">
            <lane id="4to1_0">
                <vehicle id="5" pos="77.90" speed="10.00"/>
                <vehicle id="4" pos="93.90" speed="10.00"/>
            </lane>
        </edge>
        <edge id="6to7">
            <lane id="6to7_0">
                <vehicle id="11" pos="72.88" speed="10.00"/>
                <vehicle id="10" pos="88.88" speed="10.00"/>
            </lane>
        </edge>
        <edge id="7to4">
            <lane id="7to4_0">
                <vehicle id="9" pos="8.70" speed="10.00"/>
                <vehicle id="8" pos="24.70" speed="10.00"/>
                <vehicle id="7" pos="76.20" speed="0.00"/>
                <vehicle id="6" pos="85.70" speed="0.00"/>
            </lane>
        </edge>
    </timestep>
    <timestep time="92.50">
        <edge id="1to2">
            <lane id="1to2_0">
                <vehicle id="3" pos="12.32" speed="10.00"/>
                <vehicle id="2" pos="28.32" speed="10.00"/>
                <vehicle id="1" pos="44.32" speed="10.00"/>
                <vehicle id="0" pos="60.32" speed="10.00"/>
            </lane>
        </edge>
        <edge id="4to1">
            <lane id="4to1_0">
                <vehicle id="5" pos="78.90" speed="10.00"/>
                <vehicle id="4" pos="94.90" speed="10.00"/>
            </lane>
        </edge>
        <edge id="6to7">
            <lane id="6to7_0">
                <vehicle id="11" pos="73.88" speed="10.00"/>
                <vehicle id="10" pos="89.88" speed="10.00"/>
            </lane>
        </edge>
        <edge id="7to4">
            <lane id="7to4_0">
                <vehicle id="9" pos="9.70" speed="10.00"/>
                <vehicle id="8" pos="25.70" speed="10.00"/>
                <vehicle id="7" pos="76.20" speed="0.00"/>
                <vehicle id="6" pos="85.70" speed="0.00"/>
            </lane>
        </edge>
    </timestep>
    <timestep time="92.60">
        <edge id="1to2">
            <lane id="1to2_0">
                <vehicle id="3" pos="13.32" speed="10.00"/>
                <vehicle id="2" pos="29.32" speed="10.00"/>
                <vehicle id="1" pos="45.32" speed="10.00"/>
                <vehicle id="0" pos="61.32" speed="10.00"/>
            </lane>
        </edge>
        <edge id="4to1">
            <lane id="4to1_0">
                <vehicle id="5" pos="79.90" speed="10.00"/>
                <vehicle id="4" pos="95.90" speed="10.00"/>
            </lane>
        </edge>
        <edge id="6to7">
            <lane id="6to7_0">
                <vehicle id="11" pos="74.88" speed="10.00"/>
                <vehicle id="10" pos="90.88" speed="10.00"/>
            </lane>
        </edge>
        <edge id="7to4">
            <lane id="7to4_0">
                <vehicle id="9" pos="10.70" speed="10.00"/>
                <vehicle id="8" pos="26.70" speed="10.00"/>
                <vehicle id="7" pos="76.20" speed="0.00"/>
                <vehicle id="6" pos="85.70" speed="0.00"/>
            </lane>
        </edge>
    </timestep>
    <timestep time="92.70">
        <edge id=":1_0">
            <lane id=":1_0_0">
                <vehicle id="4" pos="0.90" speed="10.00"/>
            </lane>
        </edge>
        <edge id="1to2">
            <lane id="1to2_0">
                <vehicle id="3" pos="14.32" speed="10.00"/>
                <vehicle id="2" pos="30.32" speed="10.00"/>
                <vehicle id="1" pos="46.32" speed="10.00"/>
                <vehicle id="0" pos="62.32" speed="10.00"/>
            </lane>
        </edge>
        <edge id="4to1">
            <lane id="4to1_0">
                <vehicle id="5" pos="80.90" speed="10.00"/>
            </lane>
        </edge>
        <edge id="6to7">
            <lane id="6to7_0">
                <vehicle id="11" pos="75.88" speed="10.00"/>
                <vehicle id="10" pos="91.88" speed="10.00"/>
            </lane>
        </edge>
        <edge id="7to4">
            <lane id="7to4_0">
                <vehicle id="9" pos="11.70" speed="10.00"/>
                <vehicle id="8" pos="27.70" speed="10.00"/>
                <vehicle id="7" pos="76.20" speed="0.00"/>
                <vehicle id="6" pos="85.70" speed="0.00"/>
            </lane>
        </edge>
    </timestep>
    <timestep time="92.80">
        <edge id=":1_0">
            <lane id=":1_0_0">
                <vehicle id="4" pos="1.90" speed="10.00"/>
            </lane>
        </edge>
        <edge id="1to2">
            <lane id="1to2_0">
                <vehicle id="3" pos="15.32" speed="10.00"/>
                <vehicle id="2" pos="31.32" speed="10.00"/>
                <vehicle id="1" pos="47.32" speed="10.00"/>
                <vehicle id="0" pos="63.32" speed="10.00"/>
            </lane>
        </edge>
        <edge id="4to1">
            <lane id="4to1_0">
                <vehicle id="5" pos="81.90" speed="10.00"/>
            </lane>
        </edge>
        <edge id="6to7">
            <lane id="6to7_0">
                <vehicle id="11" pos="76.88" speed="10.00"/>
                <vehicle id="10" pos="92.88" speed="10.00"/>
            </lane>
        </edge>
        <edge id="7to4">
            <lane id="7to4_0">
                <vehicle id="9" pos="12.70" speed="10.00"/>
                <vehicle id="8" pos="28.70" speed="10.00"/>
                <vehicle id="7" pos="76.20" speed="0.00"/>
                <vehicle id="6" pos="85.70" speed="0.00"/>
            </lane>
        </edge>
    </timestep>
    <timestep time="92.90">
        <edge id=":7_0">
            <lane id=":7_0_0">
                <vehicle id="10" pos="0.28" speed="10.00"/>
            </lane>
        </edge>
        <edge id="1to2">
            <lane id="1to2_0">
                <vehicle id="4" pos="0.32" speed="10.00"/>
                <vehicle id="3" pos="16.32" speed="10.00"/>
                <vehicle id="2" pos="32.32" speed="10.00"/>
                <vehicle id="1" pos="48.32" speed="10.00"/>
                <vehicle id="0" pos="64.32" speed="10.00"/>
            </lane>
        </edge>
        <edge id="4to1">
            <lane id="4to1_0">
                <vehicle id="5" pos="82.90" speed="10.00"/>
            </lane>
        </edge>
        <edge id="6to7">
            <lane id="6to7_0">
                <vehicle id="11" pos="77.88" speed="10.00"/>
            </lane>
        </edge>
        <edge id="7to4">
            <lane id="7to4_0">
                <vehicle id="9" pos="13.70" speed="10.00"/>
                <vehicle id="8" pos="29.70" speed="10.00"/>
                <vehicle id="7" pos="76.20" speed="0.00"/>
                <vehicle id="6" pos="85.70" speed="0.00"/>
            </lane>
        </edge>
    </timestep>
    <timestep time="93.00">
        <edge id=":7_0">
            <lane id=":7_0_0">
                <vehicle id="10" pos="1.28" speed="10.00"/>
            </lane>
        </edge>
        <edge id="1to2">
            <lane id="1to2_0">
                <vehicle id="4" pos="1.32" speed="10.00"/>
                <vehicle id="3" pos="17.32" speed="10.00"/>
                <vehicle id="2" pos="33.32" speed="10.00"/>
                <vehicle id="1" pos="49.32" speed="10.00"/>
                <vehicle id="0" pos="65.32" speed="10.00"/>
            </lane>
        </edge>
        <edge id="4to1">
            <lane id="4to1_0">
                <vehicle id="5" pos="83.90" speed="10.00"/>
            </lane>
        </edge>
        <edge id="6to7">
            <lane id="6to7_0">
                <vehicle id="11" pos="78.88" speed="10.00"/>
            </lane>
        </edge>
        <edge id="7to4">
            <lane id="7to4_0">
                <vehicle id="9" pos="14.70" speed="10.00"/>
                <vehicle id="8" pos="30.70" speed="10.00"/>
                <vehicle id="7" pos="76.20" speed="0.00"/>
                <vehicle id="6" pos="85.70" speed="0.00"/>
            </lane>
        </edge>
    </timestep>
    <timestep time="93.10">
        <edge id=":7_0">
            <lane id=":7_0_0">
                <vehicle id="10" pos="2.28" speed="10.00"/>
            </lane>
        </edge>
        <edge id="1to2">
            <lane id="1to2_0">
                <vehicle id="4" pos="2.32" speed="10.00"/>
                <vehicle id="3" pos="18.32" speed="10.00"/>
                <vehicle id="2" pos="34.32" speed="10.00"/>
                <vehicle id="1" pos="50.32" speed="10.00"/>
                <vehicle id="0" pos="66.32" speed="10.00"/>
            </lane>
        </edge>
        <edge id="4to1">
            <lane id="4to1_0">
                <vehicle id="5" pos="84.90" speed="10.00"/>
            </lane>
        </edge>
        <edge id="6to7">
            <lane id="6to7_0">
                <vehicle id="11" pos="79.88" speed="10.00"/>
            </lane>
        </edge>
        <edge id="7to4">
            <lane id="7to4_0">
                <vehicle id="9" pos="15.70" speed="10.00"/>
                <vehicle id="8" pos="31.70" speed="10.00"/>
                <vehicle id="7" pos="76.20" speed="0.00"/>
                <vehicle id="6" pos="85.70" speed="0.00"/>
            </lane>
        </edge>
    </timestep>
    <timestep time="93.20">
        <edge id="1to2">
            <lane id="1to2_0">
                <vehicle id="4" pos="3.32" speed="10.00"/>
                <vehicle id="3" pos="19.32" speed="10.00"/>
                <vehicle id="2" pos="35.32" speed="10.00"/>
                <vehicle id="1" pos="51.32" speed="10.00"/>
                <vehicle id="0" pos="67.32" speed="10.00"/>
            </lane>
        </edge>
        <edge id="4to1">
            <lane id="4to1_0">
                <vehicle id="5" pos="85.90" speed="10.00"/>
            </lane>
        </edge>
        <edge id="6to7">
            <lane id="6to7_0">
                <vehicle id="11" pos="80.88" speed="10.00"/>
            </lane>
        </edge>
        <edge id="7to4">
            <lane id="7to4_0">
                <vehicle id="10" pos="0.70" speed="10.00"/>
                <vehicle id="9" pos="16.70" speed="10.00"/>
                <vehicle id="8" pos="32.70" speed="10.00"/>
                <vehicle id="7" pos="76.20" speed="0.00"/>
                <vehicle id="6" pos="85.70" speed="0.00"/>
            </lane>
        </edge>
    </timestep>
    <timestep time="93.30">
        <edge id="1to2">
            <lane id="1to2_0">
                <vehicle id="4" pos="4.32" speed="10.00"/>
                <vehicle id="3" pos="20.32" speed="10.00"/>
                <vehicle id="2" pos="36.32" speed="10.00"/>
                <vehicle id="1" pos="52.32" speed="10.00"/>
                <vehicle id="0" pos="68.32" speed="10.00"/>
            </lane>
        </edge>
        <edge id="4to1">
            <lane id="4to1_0">
                <vehicle id="5" pos="86.90" speed="10.00"/>
            </lane>
        </edge>
        <edge id="6to7">
            <lane id="6to7_0">
                <vehicle id="11" pos="81.88" speed="10.00"/>
            </lane>
        </edge>
        <edge id="7to4">
            <lane id="7to4_0">
                <vehicle id="10" pos="1.70" speed="10.00"/>
                <vehicle id="9" pos="17.70" speed="10.00"/>
                <vehicle id="8" pos="33.70" speed="10.00"/>
                <vehicle id="7" pos="76.20" speed="0.00"/>
                <vehicle id="6" pos="85.70" speed="0.00"/>
            </lane>
        </edge>
    </timestep>
    <timestep time="93.40">
        <edge id="1to2">
            <lane id="1to2_0">
                <vehicle id="4" pos="5.32" speed="10.00"/>
                <vehicle id="3" pos="21.32" speed="10.00"/>
                <vehicle id="2" pos="37.32" speed="10.00"/>
                <vehicle id="1" pos="53.32" speed="10.00"/>
                <vehicle id="0" pos="69.32" speed="10.00"/>
            </lane>
        </edge>
        <edge id="4to1">
            <lane id="4to1_0">
                <vehicle id="5" pos="87.90" speed="10.00"/>
            </lane>
        </edge>
        <edge id="6to7">
            <lane id="6to7_0">
                <vehicle id="11" pos="82.88" speed="10.00"/>
            </lane>
        </edge>
        <edge id="7to4">
            <lane id="7to4_0">
                <vehicle id="10" pos="2.70" speed="10.00"/>
                <vehicle id="9" pos="18.70" speed="10.00"/>
                <vehicle id="8" pos="34.70" speed="10.00"/>
                <vehicle id="7" pos="76.20" speed="0.00"/>
                <vehicle id="6" pos="85.70" speed="0.00"/>
            </lane>
        </edge>
    </timestep>
    <timestep time="93.50">
        <edge id="1to2">
            <lane id="1to2_0">
                <vehicle id="4" pos="6.32" speed="10.00"/>
                <vehicle id="3" pos="22.32" speed="10.00"/>
                <vehicle id="2" pos="38.32" speed="10.00"/>
                <vehicle id="1" pos="54.32" speed="10.00"/>
                <vehicle id="0" pos="70.32" speed="10.00"/>
            </lane>
        </edge>
        <edge id="4to1">
            <lane id="4to1_0">
                <vehicle id="5" pos="88.90" speed="10.00"/>
            </lane>
        </edge>
        <edge id="6to7">
            <lane id="6to7_0">
                <vehicle id="11" pos="83.88" speed="10.00"/>
            </lane>
        </edge>
        <edge id="7to4">
            <lane id="7to4_0">
                <vehicle id="10" pos="3.70" speed="10.00"/>
                <vehicle id="9" pos="19.70" speed="10.00"/>
                <vehicle id="8" pos="35.70" speed="10.00"/>
                <vehicle id="7" pos="76.20" speed="0.00"/>
                <vehicle id="6" pos="85.70" speed="0.00"/>
            </lane>
        </edge>
    </timestep>
    <timestep time="93.60">
        <edge id="1to2">
            <lane id="1to2_0">
                <vehicle id="4" pos="7.32" speed="10.00"/>
                <vehicle id="3" pos="23.32" speed="10.00"/>
                <vehicle id="2" pos="39.32" speed="10.00"/>
                <vehicle id="1" pos="55.32" speed="10.00"/>
                <vehicle id="0" pos="71.32" speed="10.00"/>
            </lane>
        </edge>
        <edge id="4to1">
            <lane id="4to1_0">
                <vehicle id="5" pos="89.90" speed="10.00"/>
            </lane>
        </edge>
        <edge id="6to7">
            <lane id="6to7_0">
                <vehicle id="11" pos="84.88" speed="10.00"/>
            </lane>
        </edge>
        <edge id="7to4">
            <lane id="7to4_0">
                <vehicle id="10" pos="4.70" speed="10.00"/>
                <vehicle id="9" pos="20.70" speed="10.00"/>
                <vehicle id="8" pos="36.70" speed="10.00"/>
                <vehicle id="7" pos="76.20" speed="0.00"/>
                <vehicle id="6" pos="85.70" speed="0.00"/>
            </lane>
        </edge>
    </timestep>
    <timestep time="93.70">
        <edge id="1to2">
            <lane id="1to2_0">
                <vehicle id="4" pos="8.32" speed="10.00"/>
                <vehicle id="3" pos="24.32" speed="10.00"/>
                <vehicle id="2" pos="40.32" speed="10.00"/>
                <vehicle id="1" pos="56.32" speed="10.00"/>
                <vehicle id="0" pos="72.32" speed="10.00"/>
            </lane>
        </edge>
        <edge id="4to1">
            <lane id="4to1_0">
                <vehicle id="5" pos="90.90" speed="10.00"/>
            </lane>
        </edge>
        <edge id="6to7">
            <lane id="6to7_0">
                <vehicle id="11" pos="85.88" speed="10.00"/>
            </lane>
        </edge>
        <edge id="7to4">
            <lane id="7to4_0">
                <vehicle id="10" pos="5.70" speed="10.00"/>
                <vehicle id="9" pos="21.70" speed="10.00"/>
                <vehicle id="8" pos="37.70" speed="10.00"/>
                <vehicle id="7" pos="76.20" speed="0.00"/>
                <vehicle id="6" pos="85.70" speed="0.00"/>
            </lane>
        </edge>
    </timestep>
    <timestep time="93.80">
        <edge id="1to2">
            <lane id="1to2_0">
                <vehicle id="4" pos="9.32" speed="10.00"/>
                <vehicle id="3" pos="25.32" speed="10.00"/>
                <vehicle id="2" pos="41.32" speed="10.00"/>
                <vehicle id="1" pos="57.32" speed="10.00"/>
                <vehicle id="0" pos="73.32" speed="10.00"/>
            </lane>
        </edge>
        <edge id="4to1">
            <lane id="4to1_0">
                <vehicle id="5" pos="91.90" speed="10.00"/>
            </lane>
        </edge>
        <edge id="6to7">
            <lane id="6to7_0">
                <vehicle id="11" pos="86.88" speed="10.00"/>
            </lane>
        </edge>
        <edge id="7to4">
            <lane id="7to4_0">
                <vehicle id="10" pos="6.70" speed="10.00"/>
                <vehicle id="9" pos="22.70" speed="10.00"/>
                <vehicle id="8" pos="38.70" speed="10.00"/>
                <vehicle id="7" pos="76.20" speed="0.00"/>
                <vehicle id="6" pos="85.70" speed="0.00"/>
            </lane>
        </edge>
    </timestep>
    <timestep time="93.90">
        <edge id="1to2">
            <lane id="1to2_0">
                <vehicle id="4" pos="10.32" speed="10.00"/>
                <vehicle id="3" pos="26.32" speed="10.00"/>
                <vehicle id="2" pos="42.32" speed="10.00"/>
                <vehicle id="1" pos="58.32" speed="10.00"/>
                <vehicle id="0" pos="74.32" speed="10.00"/>
            </lane>
        </edge>
        <edge id="4to1">
            <lane id="4to1_0">
                <vehicle id="5" pos="92.90" speed="10.00"/>
            </lane>
        </edge>
        <edge id="6to7">
            <lane id="6to7_0">
                <vehicle id="11" pos="87.88" speed="10.00"/>
            </lane>
        </edge>
        <edge id="7to4">
            <lane id="7to4_0">
                <vehicle id="10" pos="7.70" speed="10.00"/>
                <vehicle id="9" pos="23.70" speed="10.00"/>
                <vehicle id="8" pos="39.70" speed="10.00"/>
                <vehicle id="7" pos="76.20" speed="0.00"/>
                <vehicle id="6" pos="85.70" speed="0.00"/>
            </lane>
        </edge>
    </timestep>
    <timestep time="94.00">
        <edge id="1to2">
            <lane id="1to2_0">
                <vehicle id="4" pos="11.32" speed="10.00"/>
                <vehicle id="3" pos="27.32" speed="10.00"/>
                <vehicle id="2" pos="43.32" speed="10.00"/>
                <vehicle id="1" pos="59.32" speed="10.00"/>
                <vehicle id="0" pos="75.32" speed="10.00"/>
            </lane>
        </edge>
        <edge id="4to1">
            <lane id="4to1_0">
                <vehicle id="5" pos="93.90" speed="10.00"/>
            </lane>
        </edge>
        <edge id="6to7">
            <lane id="6to7_0">
                <vehicle id="11" pos="88.88" speed="10.00"/>
            </lane>
        </edge>
        <edge id="7to4">
            <lane id="7to4_0">
                <vehicle id="10" pos="8.70" speed="10.00"/>
                <vehicle id="9" pos="24.70" speed="10.00"/>
                <vehicle id="8" pos="40.70" speed="10.00"/>
                <vehicle id="7" pos="76.20" speed="0.00"/>
                <vehicle id="6" pos="85.70" speed="0.00"/>
            </lane>
        </edge>
    </timestep>
    <timestep time="94.10">
        <edge id="1to2">
            <lane id="1to2_0">
                <vehicle id="4" pos="12.32" speed="10.00"/>
                <vehicle id="3" pos="28.32" speed="10.00"/>
                <vehicle id="2" pos="44.32" speed="10.00"/>
                <vehicle id="1" pos="60.32" speed="10.00"/>
                <vehicle id="0" pos="76.32" speed="10.00"/>
            </lane>
        </edge>
        <edge id="4to1">
            <lane id="4to1_0">
                <vehicle id="5" pos="94.90" speed="10.00"/>
            </lane>
        </edge>
        <edge id="6to7">
            <lane id="6to7_0">
                <vehicle id="11" pos="89.88" speed="10.00"/>
            </lane>
        </edge>
        <edge id="7to4">
            <lane id="7to4_0">
                <vehicle id="10" pos="9.70" speed="10.00"/>
                <vehicle id="9" pos="25.70" speed="10.00"/>
                <vehicle id="8" pos="41.70" speed="10.00"/>
                <vehicle id="7" pos="76.20" speed="0.00"/>
                <vehicle id="6" pos="85.70" speed="0.00"/>
            </lane>
        </edge>
    </timestep>
    <timestep time="94.20">
        <edge id="1to2">
            <lane id="1to2_0">
                <vehicle id="4" pos="13.32" speed="10.00"/>
                <vehicle id="3" pos="29.32" speed="10.00"/>
                <vehicle id="2" pos="45.32" speed="10.00"/>
                <vehicle id="1" pos="61.32" speed="10.00"/>
                <vehicle id="0" pos="77.32" speed="10.00"/>
            </lane>
        </edge>
        <edge id="4to1">
            <lane id="4to1_0">
                <vehicle id="5" pos="95.90" speed="10.00"/>
            </lane>
        </edge>
        <edge id="6to7">
            <lane id="6to7_0">
                <vehicle id="11" pos="90.88" speed="10.00"/>
            </lane>
        </edge>
        <edge id="7to4">
            <lane id="7to4_0">
                <vehicle id="10" pos="10.70" speed="10.00"/>
                <vehicle id="9" pos="26.70" speed="10.00"/>
                <vehicle id="8" pos="42.70" speed="10.00"/>
                <vehicle id="7" pos="76.20" speed="0.00"/>
                <vehicle id="6" pos="85.70" speed="0.00"/>
            </lane>
        </edge>
    </timestep>
    <timestep time="94.30">
        <edge id=":1_0">
            <lane id=":1_0_0">
                <vehicle id="5" pos="0.90" speed="10.00"/>
            </lane>
        </edge>
        <edge id="1to2">
            <lane id="1to2_0">
                <vehicle id="4" pos="14.32" speed="10.00"/>
                <vehicle id="3" pos="30.32" speed="10.00"/>
                <vehicle id="2" pos="46.32" speed="10.00"/>
                <vehicle id="1" pos="62.32" speed="10.00"/>
                <vehicle id="0" pos="78.32" speed="10.00"/>
            </lane>
        </edge>
        <edge id="6to7">
            <lane id="6to7_0">
                <vehicle id="11" pos="91.88" speed="10.00"/>
            </lane>
        </edge>
        <edge id="7to4">
            <lane id="7to4_0">
                <vehicle id="10" pos="11.70" speed="10.00"/>
                <vehicle id="9" pos="27.70" speed="10.00"/>
                <vehicle id="8" pos="43.70" speed="10.00"/>
                <vehicle id="7" pos="76.20" speed="0.00"/>
                <vehicle id="6" pos="85.70" speed="0.00"/>
            </lane>
        </edge>
    </timestep>
    <timestep time="94.40">
        <edge id=":1_0">
            <lane id=":1_0_0">
                <vehicle id="5" pos="1.90" speed="10.00"/>
            </lane>
        </edge>
        <edge id="1to2">
            <lane id="1to2_0">
                <vehicle id="4" pos="15.32" speed="10.00"/>
                <vehicle id="3" pos="31.32" speed="10.00"/>
                <vehicle id="2" pos="47.32" speed="10.00"/>
                <vehicle id="1" pos="63.32" speed="10.00"/>
                <vehicle id="0" pos="79.32" speed="10.00"/>
            </lane>
        </edge>
        <edge id="6to7">
            <lane id="6to7_0">
                <vehicle id="11" pos="92.88" speed="10.00"/>
            </lane>
        </edge>
        <edge id="7to4">
            <lane id="7to4_0">
                <vehicle id="10" pos="12.70" speed="10.00"/>
                <vehicle id="9" pos="28.70" speed="10.00"/>
                <vehicle id="8" pos="44.70" speed="10.00"/>
                <vehicle id="7" pos="76.20" speed="0.00"/>
                <vehicle id="6" pos="85.70" speed="0.00"/>
            </lane>
        </edge>
    </timestep>
    <timestep time="94.50">
        <edge id=":7_0">
            <lane id=":7_0_0">
                <vehicle id="11" pos="0.28" speed="10.00"/>
            </lane>
        </edge>
        <edge id="1to2">
            <lane id="1to2_0">
                <vehicle id="5" pos="0.32" speed="10.00"/>
                <vehicle id="4" pos="16.32" speed="10.00"/>
                <vehicle id="3" pos="32.32" speed="10.00"/>
                <vehicle id="2" pos="48.32" speed="10.00"/>
                <vehicle id="1" pos="64.32" speed="10.00"/>
                <vehicle id="0" pos="80.32" speed="10.00"/>
            </lane>
        </edge>
        <edge id="7to4">
            <lane id="7to4_0">
                <vehicle id="10" pos="13.70" speed="10.00"/>
                <vehicle id="9" pos="29.70" speed="10.00"/>
                <vehicle id="8" pos="45.70" speed="10.00"/>
                <vehicle id="7" pos="76.20" speed="0.00"/>
                <vehicle id="6" pos="85.70" speed="0.00"/>
            </lane>
        </edge>
    </timestep>
    <timestep time="94.60">
        <edge id=":7_0">
            <lane id=":7_0_0">
                <vehicle id="11" pos="1.28" speed="10.00"/>
            </lane>
        </edge>
        <edge id="1to2">
            <lane id="1to2_0">
                <vehicle id="5" pos="1.32" speed="10.00"/>
                <vehicle id="4" pos="17.32" speed="10.00"/>
                <vehicle id="3" pos="33.32" speed="10.00"/>
                <vehicle id="2" pos="49.32" speed="10.00"/>
                <vehicle id="1" pos="65.32" speed="10.00"/>
                <vehicle id="0" pos="81.32" speed="10.00"/>
            </lane>
        </edge>
        <edge id="7to4">
            <lane id="7to4_0">
                <vehicle id="10" pos="14.70" speed="10.00"/>
                <vehicle id="9" pos="30.70" speed="10.00"/>
                <vehicle id="8" pos="46.70" speed="10.00"/>
                <vehicle id="7" pos="76.20" speed="0.00"/>
                <vehicle id="6" pos="85.70" speed="0.00"/>
            </lane>
        </edge>
    </timestep>
    <timestep time="94.70">
        <edge id=":7_0">
            <lane id=":7_0_0">
                <vehicle id="11" pos="2.28" speed="10.00"/>
            </lane>
        </edge>
        <edge id="1to2">
            <lane id="1to2_0">
                <vehicle id="5" pos="2.32" speed="10.00"/>
                <vehicle id="4" pos="18.32" speed="10.00"/>
                <vehicle id="3" pos="34.32" speed="10.00"/>
                <vehicle id="2" pos="50.32" speed="10.00"/>
                <vehicle id="1" pos="66.32" speed="10.00"/>
                <vehicle id="0" pos="82.32" speed="10.00"/>
            </lane>
        </edge>
        <edge id="7to4">
            <lane id="7to4_0">
                <vehicle id="10" pos="15.70" speed="10.00"/>
                <vehicle id="9" pos="31.70" speed="10.00"/>
                <vehicle id="8" pos="47.70" speed="10.00"/>
                <vehicle id="7" pos="76.20" speed="0.00"/>
                <vehicle id="6" pos="85.70" speed="0.00"/>
            </lane>
        </edge>
    </timestep>
    <timestep time="94.80">
        <edge id="1to2">
            <lane id="1to2_0">
                <vehicle id="5" pos="3.32" speed="10.00"/>
                <vehicle id="4" pos="19.32" speed="10.00"/>
                <vehicle id="3" pos="35.32" speed="10.00"/>
                <vehicle id="2" pos="51.32" speed="10.00"/>
                <vehicle id="1" pos="67.32" speed="10.00"/>
                <vehicle id="0" pos="83.32" speed="10.00"/>
            </lane>
        </edge>
        <edge id="7to4">
            <lane id="7to4_0">
                <vehicle id="11" pos="0.70" speed="10.00"/>
                <vehicle id="10" pos="16.70" speed="10.00"/>
                <vehicle id="9" pos="32.70" speed="10.00"/>
                <vehicle id="8" pos="48.70" speed="10.00"/>
                <vehicle id="7" pos="76.20" speed="0.00"/>
                <vehicle id="6" pos="85.70" speed="0.00"/>
            </lane>
        </edge>
    </timestep>
    <timestep time="94.90">
        <edge id="1to2">
            <lane id="1to2_0">
                <vehicle id="5" pos="4.32" speed="10.00"/>
                <vehicle id="4" pos="20.32" speed="10.00"/>
                <vehicle id="3" pos="36.32" speed="10.00"/>
                <vehicle id="2" pos="52.32" speed="10.00"/>
                <vehicle id="1" pos="68.32" speed="10.00"/>
                <vehicle id="0" pos="84.32" speed="10.00"/>
            </lane>
        </edge>
        <edge id="7to4">
            <lane id="7to4_0">
                <vehicle id="11" pos="1.70" speed="10.00"/>
                <vehicle id="10" pos="17.70" speed="10.00"/>
                <vehicle id="9" pos="33.70" speed="10.00"/>
                <vehicle id="8" pos="49.70" speed="10.00"/>
                <vehicle id="7" pos="76.20" speed="0.00"/>
                <vehicle id="6" pos="85.70" speed="0.00"/>
            </lane>
        </edge>
    </timestep>
    <timestep time="95.00">
        <edge id="1to2">
            <lane id="1to2_0">
                <vehicle id="5" pos="5.32" speed="10.00"/>
                <vehicle id="4" pos="21.32" speed="10.00"/>
                <vehicle id="3" pos="37.32" speed="10.00"/>
                <vehicle id="2" pos="53.32" speed="10.00"/>
                <vehicle id="1" pos="69.32" speed="10.00"/>
                <vehicle id="0" pos="85.32" speed="10.00"/>
            </lane>
        </edge>
        <edge id="7to4">
            <lane id="7to4_0">
                <vehicle id="11" pos="2.70" speed="10.00"/>
                <vehicle id="10" pos="18.70" speed="10.00"/>
                <vehicle id="9" pos="34.70" speed="10.00"/>
                <vehicle id="8" pos="50.70" speed="10.00"/>
                <vehicle id="7" pos="76.20" speed="0.00"/>
                <vehicle id="6" pos="85.70" speed="0.00"/>
            </lane>
        </edge>
    </timestep>
    <timestep time="95.10">
        <edge id="1to2">
            <lane id="1to2_0">
                <vehicle id="5" pos="6.32" speed="10.00"/>
                <vehicle id="4" pos="22.32" speed="10.00"/>
                <vehicle id="3" pos="38.32" speed="10.00"/>
                <vehicle id="2" pos="54.32" speed="10.00"/>
                <vehicle id="1" pos="70.32" speed="10.00"/>
                <vehicle id="0" pos="86.32" speed="10.00"/>
            </lane>
        </edge>
        <edge id="7to4">
            <lane id="7to4_0">
                <vehicle id="11" pos="3.70" speed="10.00"/>
                <vehicle id="10" pos="19.70" speed="10.00"/>
                <vehicle id="9" pos="35.70" speed="10.00"/>
                <vehicle id="8" pos="51.70" speed="10.00"/>
                <vehicle id="7" pos="76.20" speed="0.00"/>
                <vehicle id="6" pos="85.70" speed="0.00"/>
            </lane>
        </edge>
    </timestep>
    <timestep time="95.20">
        <edge id="1to2">
            <lane id="1to2_0">
                <vehicle id="5" pos="7.32" speed="10.00"/>
                <vehicle id="4" pos="23.32" speed="10.00"/>
                <vehicle id="3" pos="39.32" speed="10.00"/>
                <vehicle id="2" pos="55.32" speed="10.00"/>
                <vehicle id="1" pos="71.32" speed="10.00"/>
                <vehicle id="0" pos="87.32" speed="10.00"/>
            </lane>
        </edge>
        <edge id="7to4">
            <lane id="7to4_0">
                <vehicle id="11" pos="4.70" speed="10.00"/>
                <vehicle id="10" pos="20.70" speed="10.00"/>
                <vehicle id="9" pos="36.70" speed="10.00"/>
                <vehicle id="8" pos="52.70" speed="10.00"/>
                <vehicle id="7" pos="76.20" speed="0.00"/>
                <vehicle id="6" pos="85.70" speed="0.00"/>
            </lane>
        </edge>
    </timestep>
    <timestep time="95.30">
        <edge id="1to2">
            <lane id="1to2_0">
                <vehicle id="5" pos="8.32" speed="10.00"/>
                <vehicle id="4" pos="24.32" speed="10.00"/>
                <vehicle id="3" pos="40.32" speed="10.00"/>
                <vehicle id="2" pos="56.32" speed="10.00"/>
                <vehicle id="1" pos="72.32" speed="10.00"/>
                <vehicle id="0" pos="88.32" speed="10.00"/>
            </lane>
        </edge>
        <edge id="7to4">
            <lane id="7to4_0">
                <vehicle id="11" pos="5.70" speed="10.00"/>
                <vehicle id="10" pos="21.70" speed="10.00"/>
                <vehicle id="9" pos="37.70" speed="10.00"/>
                <vehicle id="8" pos="53.70" speed="10.00"/>
                <vehicle id="7" pos="76.20" speed="0.00"/>
                <vehicle id="6" pos="85.70" speed="0.00"/>
            </lane>
        </edge>
    </timestep>
    <timestep time="95.40">
        <edge id="1to2">
            <lane id="1to2_0">
                <vehicle id="5" pos="9.32" speed="10.00"/>
                <vehicle id="4" pos="25.32" speed="10.00"/>
                <vehicle id="3" pos="41.32" speed="10.00"/>
                <vehicle id="2" pos="57.32" speed="10.00"/>
                <vehicle id="1" pos="73.32" speed="10.00"/>
                <vehicle id="0" pos="89.32" speed="10.00"/>
            </lane>
        </edge>
        <edge id="7to4">
            <lane id="7to4_0">
                <vehicle id="11" pos="6.70" speed="10.00"/>
                <vehicle id="10" pos="22.70" speed="10.00"/>
                <vehicle id="9" pos="38.70" speed="10.00"/>
                <vehicle id="8" pos="54.70" speed="10.00"/>
                <vehicle id="7" pos="76.20" speed="0.00"/>
                <vehicle id="6" pos="85.70" speed="0.00"/>
            </lane>
        </edge>
    </timestep>
    <timestep time="95.50">
        <edge id="1to2">
            <lane id="1to2_0">
                <vehicle id="5" pos="10.32" speed="10.00"/>
                <vehicle id="4" pos="26.32" speed="10.00"/>
                <vehicle id="3" pos="42.32" speed="10.00"/>
                <vehicle id="2" pos="58.32" speed="10.00"/>
                <vehicle id="1" pos="74.32" speed="10.00"/>
                <vehicle id="0" pos="90.32" speed="10.00"/>
            </lane>
        </edge>
        <edge id="7to4">
            <lane id="7to4_0">
                <vehicle id="11" pos="7.70" speed="10.00"/>
                <vehicle id="10" pos="23.70" speed="10.00"/>
                <vehicle id="9" pos="39.70" speed="10.00"/>
                <vehicle id="8" pos="55.70" speed="10.00"/>
                <vehicle id="7" pos="76.20" speed="0.00"/>
                <vehicle id="6" pos="85.70" speed="0.00"/>
            </lane>
        </edge>
    </timestep>
    <timestep time="95.60">
        <edge id="1to2">
            <lane id="1to2_0">
                <vehicle id="5" pos="11.32" speed="10.00"/>
                <vehicle id="4" pos="27.32" speed="10.00"/>
                <vehicle id="3" pos="43.32" speed="10.00"/>
                <vehicle id="2" pos="59.32" speed="10.00"/>
                <vehicle id="1" pos="75.32" speed="10.00"/>
                <vehicle id="0" pos="91.32" speed="10.00"/>
            </lane>
        </edge>
        <edge id="7to4">
            <lane id="7to4_0">
                <vehicle id="11" pos="8.70" speed="10.00"/>
                <vehicle id="10" pos="24.70" speed="10.00"/>
                <vehicle id="9" pos="40.70" speed="10.00"/>
                <vehicle id="8" pos="56.70" speed="10.00"/>
                <vehicle id="7" pos="76.20" speed="0.00"/>
                <vehicle id="6" pos="85.70" speed="0.00"/>
            </lane>
        </edge>
    </timestep>
    <timestep time="95.70">
        <edge id="1to2">
            <lane id="1to2_0">
                <vehicle id="5" pos="12.32" speed="10.00"/>
                <vehicle id="4" pos="28.32" speed="10.00"/>
                <vehicle id="3" pos="44.32" speed="10.00"/>
                <vehicle id="2" pos="60.32" speed="10.00"/>
                <vehicle id="1" pos="76.32" speed="10.00"/>
                <vehicle id="0" pos="92.32" speed="10.00"/>
            </lane>
        </edge>
        <edge id="7to4">
            <lane id="7to4_0">
                <vehicle id="11" pos="9.70" speed="10.00"/>
                <vehicle id="10" pos="25.70" speed="10.00"/>
                <vehicle id="9" pos="41.70" speed="10.00"/>
                <vehicle id="8" pos="57.70" speed="10.00"/>
                <vehicle id="7" pos="76.20" speed="0.00"/>
                <vehicle id="6" pos="85.70" speed="0.00"/>
            </lane>
        </edge>
    </timestep>
    <timestep time="95.80">
        <edge id="1to2">
            <lane id="1to2_0">
                <vehicle id="5" pos="13.32" speed="10.00"/>
                <vehicle id="4" pos="29.32" speed="10.00"/>
                <vehicle id="3" pos="45.32" speed="10.00"/>
                <vehicle id="2" pos="61.32" speed="10.00"/>
                <vehicle id="1" pos="77.32" speed="10.00"/>
                <vehicle id="0" pos="93.32" speed="10.00"/>
            </lane>
        </edge>
        <edge id="7to4">
            <lane id="7to4_0">
                <vehicle id="11" pos="10.70" speed="10.00"/>
                <vehicle id="10" pos="26.70" speed="10.00"/>
                <vehicle id="9" pos="42.70" speed="10.00"/>
                <vehicle id="8" pos="58.70" speed="10.00"/>
                <vehicle id="7" pos="76.20" speed="0.00"/>
                <vehicle id="6" pos="85.70" speed="0.00"/>
            </lane>
        </edge>
    </timestep>
    <timestep time="95.90">
        <edge id="1to2">
            <lane id="1to2_0">
                <vehicle id="5" pos="14.32" speed="10.00"/>
                <vehicle id="4" pos="30.32" speed="10.00"/>
                <vehicle id="3" pos="46.32" speed="10.00"/>
                <vehicle id="2" pos="62.32" speed="10.00"/>
                <vehicle id="1" pos="78.32" speed="10.00"/>
                <vehicle id="0" pos="94.32" speed="10.00"/>
            </lane>
        </edge>
        <edge id="7to4">
            <lane id="7to4_0">
                <vehicle id="11" pos="11.70" speed="10.00"/>
                <vehicle id="10" pos="27.70" speed="10.00"/>
                <vehicle id="9" pos="43.70" speed="10.00"/>
                <vehicle id="8" pos="59.70" speed="10.00"/>
                <vehicle id="7" pos="76.20" speed="0.00"/>
                <vehicle id="6" pos="85.70" speed="0.00"/>
            </lane>
        </edge>
    </timestep>
    <timestep time="96.00">
        <edge id="1to2">
            <lane id="1to2_0">
                <vehicle id="5" pos="15.32" speed="10.00"/>
                <vehicle id="4" pos="31.32" speed="10.00"/>
                <vehicle id="3" pos="47.32" speed="10.00"/>
                <vehicle id="2" pos="63.32" speed="10.00"/>
                <vehicle id="1" pos="79.32" speed="10.00"/>
                <vehicle id="0" pos="95.32" speed="10.00"/>
            </lane>
        </edge>
        <edge id="7to4">
            <lane id="7to4_0">
                <vehicle id="11" pos="12.70" speed="10.00"/>
                <vehicle id="10" pos="28.70" speed="10.00"/>
                <vehicle id="9" pos="44.70" speed="10.00"/>
                <vehicle id="8" pos="60.70" speed="10.00"/>
                <vehicle id="7" pos="76.20" speed="0.00"/>
                <vehicle id="6" pos="85.70" speed="0.00"/>
            </lane>
        </edge>
    </timestep>
    <timestep time="96.10">
        <edge id="1to2">
            <lane id="1to2_0">
                <vehicle id="5" pos="16.32" speed="10.00"/>
                <vehicle id="4" pos="32.32" speed="10.00"/>
                <vehicle id="3" pos="48.32" speed="10.00"/>
                <vehicle id="2" pos="64.32" speed="10.00"/>
                <vehicle id="1" pos="80.32" speed="10.00"/>
                <vehicle id="0" pos="96.32" speed="10.00"/>
            </lane>
        </edge>
        <edge id="7to4">
            <lane id="7to4_0">
                <vehicle id="11" pos="13.70" speed="10.00"/>
                <vehicle id="10" pos="29.70" speed="10.00"/>
                <vehicle id="9" pos="45.70" speed="10.00"/>
                <vehicle id="8" pos="61.70" speed="10.00"/>
                <vehicle id="7" pos="76.20" speed="0.00"/>
                <vehicle id="6" pos="86.70" speed="10.00"/>
            </lane>
        </edge>
    </timestep>
    <timestep time="96.20">
        <edge id="1to2">
            <lane id="1to2_0">
                <vehicle id="5" pos="17.32" speed="10.00"/>
                <vehicle id="4" pos="33.32" speed="10.00"/>
                <vehicle id="3" pos="49.32" speed="10.00"/>
                <vehicle id="2" pos="65.32" speed="10.00"/>
                <vehicle id="1" pos="81.32" speed="10.00"/>
                <vehicle id="0" pos="97.32" speed="10.00"/>
            </lane>
        </edge>
        <edge id="7to4">
            <lane id="7to4_0">
                <vehicle id="11" pos="14.70" speed="10.00"/>
                <vehicle id="10" pos="30.70" speed="10.00"/>
                <vehicle id="9" pos="46.70" speed="10.00"/>
                <vehicle id="8" pos="62.70" speed="10.00"/>
                <vehicle id="7" pos="77.20" speed="10.00"/>
                <vehicle id="6" pos="87.70" speed="10.00"/>
            </lane>
        </edge>
    </timestep>
    <timestep time="96.30">
        <edge id="1to2">
            <lane id="1to2_0">
                <vehicle id="5" pos="18.32" speed="10.00"/>
                <vehicle id="4" pos="34.32" speed="10.00"/>
                <vehicle id="3" pos="50.32" speed="10.00"/>
                <vehicle id="2" pos="66.32" speed="10.00"/>
                <vehicle id="1" pos="82.32" speed="10.00"/>
                <vehicle id="0" pos="98.32" speed="10.00"/>
            </lane>
        </edge>
        <edge id="7to4">
            <lane id="7to4_0">
                <vehicle id="11" pos="15.70" speed="10.00"/>
                <vehicle id="10" pos="31.70" speed="10.00"/>
                <vehicle id="9" pos="47.70" speed="10.00"/>
                <vehicle id="8" pos="63.70" speed="10.00"/>
                <vehicle id="7" pos="78.20" speed="10.00"/>
                <vehicle id="6" pos="88.70" speed="10.00"/>
            </lane>
        </edge>
    </timestep>
    <timestep time="96.40">
        <edge id=":4_1">
            <lane id=":4_1_0">
                <vehicle id="6" pos="0.10" speed="10.00"/>
            </lane>
        </edge>
        <edge id="1to2">
            <lane id="1to2_0">
                <vehicle id="5" pos="19.32" speed="10.00"/>
                <vehicle id="4" pos="35.32" speed="10.00"/>
                <vehicle id="3" pos="51.32" speed="10.00"/>
                <vehicle id="2" pos="67.32" speed="10.00"/>
                <vehicle id="1" pos="83.32" speed="10.00"/>
                <vehicle id="0" pos="99.32" speed="10.00"/>
            </lane>
        </edge>
        <edge id="7to4">
            <lane id="7to4_0">
                <vehicle id="11" pos="16.70" speed="10.00"/>
                <vehicle id="10" pos="32.70" speed="10.00"/>
                <vehicle id="9" pos="48.70" speed="10.00"/>
                <vehicle id="8" pos="64.70" speed="10.00"/>
                <vehicle id="7" pos="79.20" speed="10.00"/>
            </lane>
        </edge>
    </timestep>
    <timestep time="96.50">
        <edge id=":2_0">
            <lane id=":2_0_0">
                <vehicle id="0" pos="0.32" speed="10.00"/>
            </lane>
        </edge>
        <edge id=":4_1">
            <lane id=":4_1_0">
                <vehicle id="6" pos="1.10" speed="10.00"/>
            </lane>
        </edge>
        <edge id="1to2">
            <lane id="1to2_0">
                <vehicle id="5" pos="20.32" speed="10.00"/>
                <vehicle id="4" pos="36.32" speed="10.00"/>
                <vehicle id="3" pos="52.32" speed="10.00"/>
                <vehicle id="2" pos="68.32" speed="10.00"/>
                <vehicle id="1" pos="84.32" speed="10.00"/>
            </lane>
        </edge>
        <edge id="7to4">
            <lane id="7to4_0">
                <vehicle id="11" pos="17.70" speed="10.00"/>
                <vehicle id="10" pos="33.70" speed="10.00"/>
                <vehicle id="9" pos="49.70" speed="10.00"/>
                <vehicle id="8" pos="65.70" speed="10.00"/>
                <vehicle id="7" pos="80.20" speed="10.00"/>
            </lane>
        </edge>
    </timestep>
    <timestep time="96.60">
        <edge id=":2_0">
            <lane id=":2_0_0">
                <vehicle id="0" pos="1.32" speed="10.00"/>
            </lane>
        </edge>
        <edge id=":4_1">
            <lane id=":4_1_0">
                <vehicle id="6" pos="2.10" speed="10.00"/>
            </lane>
        </edge>
        <edge id="1to2">
            <lane id="1to2_0">
                <vehicle id="5" pos="21.32" speed="10.00"/>
                <vehicle id="4" pos="37.32" speed="10.00"/>
                <vehicle id="3" pos="53.32" speed="10.00"/>
                <vehicle id="2" pos="69.32" speed="10.00"/>
                <vehicle id="1" pos="85.32" speed="10.00"/>
            </lane>
        </edge>
        <edge id="7to4">
            <lane id="7to4_0">
                <vehicle id="11" pos="18.70" speed="10.00"/>
                <vehicle id="10" pos="34.70" speed="10.00"/>
                <vehicle id="9" pos="50.70" speed="10.00"/>
                <vehicle id="8" pos="66.70" speed="10.00"/>
                <vehicle id="7" pos="80.70" speed="5.00"/>
            </lane>
        </edge>
    </timestep>
    <timestep time="96.70">
        <edge id=":2_0">
            <lane id=":2_0_0">
                <vehicle id="0" pos="2.32" speed="10.00"/>
            </lane>
        </edge>
        <edge id=":4_1">
            <lane id=":4_1_0">
                <vehicle id="6" pos="3.10" speed="10.00"/>
            </lane>
        </edge>
        <edge id="1to2">
            <lane id="1to2_0">
                <vehicle id="5" pos="22.32" speed="10.00"/>
                <vehicle id="4" pos="38.32" speed="10.00"/>
                <vehicle id="3" pos="54.32" speed="10.00"/>
                <vehicle id="2" pos="70.32" speed="10.00"/>
                <vehicle id="1" pos="86.32" speed="10.00"/>
            </lane>
        </edge>
        <edge id="7to4">
            <lane id="7to4_0">
                <vehicle id="11" pos="19.70" speed="10.00"/>
                <vehicle id="10" pos="35.70" speed="10.00"/>
                <vehicle id="9" pos="51.70" speed="10.00"/>
                <vehicle id="8" pos="67.70" speed="10.00"/>
                <vehicle id="7" pos="81.20" speed="5.00"/>
            </lane>
        </edge>
    </timestep>
    <timestep time="96.80">
        <edge id=":4_1">
            <lane id=":4_1_0">
                <vehicle id="6" pos="4.10" speed="10.00"/>
            </lane>
        </edge>
        <edge id="1to2">
            <lane id="1to2_0">
                <vehicle id="5" pos="23.32" speed="10.00"/>
                <vehicle id="4" pos="39.32" speed="10.00"/>
                <vehicle id="3" pos="55.32" speed="10.00"/>
                <vehicle id="2" pos="71.32" speed="10.00"/>
                <vehicle id="1" pos="87.32" speed="10.00"/>
            </lane>
        </edge>
        <edge id="2to3">
            <lane id="2to3_0">
                <vehicle id="0" pos="0.74" speed="10.00"/>
            </lane>
        </edge>
        <edge id="7to4">
            <lane id="7to4_0">
                <vehicle id="11" pos="20.70" speed="10.00"/>
                <vehicle id="10" pos="36.70" speed="10.00"/>
                <vehicle id="9" pos="52.70" speed="10.00"/>
                <vehicle id="8" pos="68.70" speed="10.00"/>
                <vehicle id="7" pos="81.70" speed="5.00"/>
            </lane>
        </edge>
    </timestep>
    <timestep time="96.90">
        <edge id=":4_1">
            <lane id=":4_1_0">
                <vehicle id="6" pos="5.10" speed="10.00"/>
            </lane>
        </edge>
        <edge id="1to2">
            <lane id="1to2_0">
                <vehicle id="5" pos="24.32" speed="10.00"/>
                <vehicle id="4" pos="40.32" speed="10.00"/>
                <vehicle id="3" pos="56.32" speed="10.00"/>
                <vehicle id="2" pos="72.32" speed="10.00"/>
                <vehicle id="1" pos="88.32" speed="10.00"/>
            </lane>
        </edge>
        <edge id="2to3">
            <lane id="2to3_0">
                <vehicle id="0" pos="1.74" speed="10.00"/>
            </lane>
        </edge>
        <edge id="7to4">
            <lane id="7to4_0">
                <vehicle id="11" pos="21.70" speed="10.00"/>
                <vehicle id="10" pos="37.70" speed="10.00"/>
                <vehicle id="9" pos="53.70" speed="10.00"/>
                <vehicle id="8" pos="69.70" speed="10.00"/>
                <vehicle id="7" pos="82.20" speed="5.00"/>
            </lane>
        </edge>
    </timestep>
    <timestep time="97.00">
        <edge id=":4_1">
            <lane id=":4_1_0">
                <vehicle id="6" pos="6.10" speed="10.00"/>
            </lane>
        </edge>
        <edge id="1to2">
            <lane id="1to2_0">
                <vehicle id="5" pos="25.32" speed="10.00"/>
                <vehicle id="4" pos="41.32" speed="10.00"/>
                <vehicle id="3" pos="57.32" speed="10.00"/>
                <vehicle id="2" pos="73.32" speed="10.00"/>
                <vehicle id="1" pos="89.32" speed="10.00"/>
            </lane>
        </edge>
        <edge id="2to3">
            <lane id="2to3_0">
                <vehicle id="0" pos="2.74" speed="10.00"/>
            </lane>
        </edge>
        <edge id="7to4">
            <lane id="7to4_0">
                <vehicle id="11" pos="22.70" speed="10.00"/>
                <vehicle id="10" pos="38.70" speed="10.00"/>
                <vehicle id="9" pos="54.70" speed="10.00"/>
                <vehicle id="8" pos="70.70" speed="10.00"/>
                <vehicle id="7" pos="82.70" speed="5.00"/>
            </lane>
        </edge>
    </timestep>
    <timestep time="97.10">
        <edge id=":4_1">
            <lane id=":4_1_0">
                <vehicle id="6" pos="7.10" speed="10.00"/>
            </lane>
        </edge>
        <edge id="1to2">
            <lane id="1to2_0">
                <vehicle id="5" pos="26.32" speed="10.00"/>
                <vehicle id="4" pos="42.32" speed="10.00"/>
                <vehicle id="3" pos="58.32" speed="10.00"/>
                <vehicle id="2" pos="74.32" speed="10.00"/>
                <vehicle id="1" pos="90.32" speed="10.00"/>
            </lane>
        </edge>
        <edge id="2to3">
            <lane id="2to3_0">
                <vehicle id="0" pos="3.74" speed="10.00"/>
            </lane>
        </edge>
        <edge id="7to4">
            <lane id="7to4_0">
                <vehicle id="11" pos="23.70" speed="10.00"/>
                <vehicle id="10" pos="39.70" speed="10.00"/>
                <vehicle id="9" pos="55.70" speed="10.00"/>
                <vehicle id="8" pos="71.70" speed="10.00"/>
                <vehicle id="7" pos="83.20" speed="5.00"/>
            </lane>
        </edge>
    </timestep>
    <timestep time="97.20">
        <edge id=":4_1">
            <lane id=":4_1_0">
                <vehicle id="6" pos="8.10" speed="10.00"/>
            </lane>
        </edge>
        <edge id="1to2">
            <lane id="1to2_0">
                <vehicle id="5" pos="27.32" speed="10.00"/>
                <vehicle id="4" pos="43.32" speed="10.00"/>
                <vehicle id="3" pos="59.32" speed="10.00"/>
                <vehicle id="2" pos="75.32" speed="10.00"/>
                <vehicle id="1" pos="91.32" speed="10.00"/>
            </lane>
        </edge>
        <edge id="2to3">
            <lane id="2to3_0">
                <vehicle id="0" pos="4.74" speed="10.00"/>
            </lane>
        </edge>
        <edge id="7to4">
            <lane id="7to4_0">
                <vehicle id="11" pos="24.70" speed="10.00"/>
                <vehicle id="10" pos="40.70" speed="10.00"/>
                <vehicle id="9" pos="56.70" speed="10.00"/>
                <vehicle id="8" pos="72.70" speed="10.00"/>
                <vehicle id="7" pos="83.70" speed="5.00"/>
            </lane>
        </edge>
    </timestep>
    <timestep time="97.30">
        <edge id=":4_1">
            <lane id=":4_1_0">
                <vehicle id="6" pos="9.10" speed="10.00"/>
            </lane>
        </edge>
        <edge id="1to2">
            <lane id="1to2_0">
                <vehicle id="5" pos="28.32" speed="10.00"/>
                <vehicle id="4" pos="44.32" speed="10.00"/>
                <vehicle id="3" pos="60.32" speed="10.00"/>
                <vehicle id="2" pos="76.32" speed="10.00"/>
                <vehicle id="1" pos="92.32" speed="10.00"/>
            </lane>
        </edge>
        <edge id="2to3">
            <lane id="2to3_0">
                <vehicle id="0" pos="5.74" speed="10.00"/>
            </lane>
        </edge>
        <edge id="7to4">
            <lane id="7to4_0">
                <vehicle id="11" pos="25.70" speed="10.00"/>
                <vehicle id="10" pos="41.70" speed="10.00"/>
                <vehicle id="9" pos="57.70" speed="10.00"/>
                <vehicle id="8" pos="73.70" speed="10.00"/>
                <vehicle id="7" pos="84.20" speed="5.00"/>
            </lane>
        </edge>
    </timestep>
    <timestep time="97.40">
        <edge id=":4_1">
            <lane id=":4_1_0">
                <vehicle id="6" pos="10.10" speed="10.00"/>
            </lane>
        </edge>
        <edge id="1to2">
            <lane id="1to2_0">
                <vehicle id="5" pos="29.32" speed="10.00"/>
                <vehicle id="4" pos="45.32" speed="10.00"/>
                <vehicle id="3" pos="61.32" speed="10.00"/>
                <vehicle id="2" pos="77.32" speed="10.00"/>
                <vehicle id="1" pos="93.32" speed="10.00"/>
            </lane>
        </edge>
        <edge id="2to3">
            <lane id="2to3_0">
                <vehicle id="0" pos="6.74" speed="10.00"/>
            </lane>
        </edge>
        <edge id="7to4">
            <lane id="7to4_0">
                <vehicle id="11" pos="26.70" speed="10.00"/>
                <vehicle id="10" pos="42.70" speed="10.00"/>
                <vehicle id="9" pos="58.70" speed="10.00"/>
                <vehicle id="8" pos="74.70" speed="10.00"/>
                <vehicle id="7" pos="84.70" speed="5.00"/>
            </lane>
        </edge>
    </timestep>
    <timestep time="97.50">
        <edge id=":4_1">
            <lane id=":4_1_0">
                <vehicle id="6" pos="11.10" speed="10.00"/>
            </lane>
        </edge>
        <edge id="1to2">
            <lane id="1to2_0">
                <vehicle id="5" pos="30.32" speed="10.00"/>
                <vehicle id="4" pos="46.32" speed="10.00"/>
                <vehicle id="3" pos="62.32" speed="10.00"/>
                <vehicle id="2" pos="78.32" speed="10.00"/>
                <vehicle id="1" pos="94.32" speed="10.00"/>
            </lane>
        </edge>
        <edge id="2to3">
            <lane id="2to3_0">
                <vehicle id="0" pos="7.74" speed="10.00"/>
            </lane>
        </edge>
        <edge id="7to4">
            <lane id="7to4_0">
                <vehicle id="11" pos="27.70" speed="10.00"/>
                <vehicle id="10" pos="43.70" speed="10.00"/>
                <vehicle id="9" pos="59.70" speed="10.00"/>
                <vehicle id="8" pos="75.20" speed="5.00"/>
                <vehicle id="7" pos="85.20" speed="5.00"/>
            </lane>
        </edge>
    </timestep>
    <timestep time="97.60">
        <edge id="1to2">
            <lane id="1to2_0">
                <vehicle id="5" pos="31.32" speed="10.00"/>
                <vehicle id="4" pos="47.32" speed="10.00"/>
                <vehicle id="3" pos="63.32" speed="10.00"/>
                <vehicle id="2" pos="79.32" speed="10.00"/>
                <vehicle id="1" pos="95.32" speed="10.00"/>
            </lane>
        </edge>
        <edge id="2to3">
            <lane id="2to3_0">
                <vehicle id="0" pos="8.74" speed="10.00"/>
            </lane>
        </edge>
        <edge id="4to1">
            <lane id="4to1_0">
                <vehicle id="6" pos="0.90" speed="10.00"/>
            </lane>
        </edge>
        <edge id="7to4">
            <lane id="7to4_0">
                <vehicle id="11" pos="28.70" speed="10.00"/>
                <vehicle id="10" pos="44.70" speed="10.00"/>
                <vehicle id="9" pos="60.70" speed="10.00"/>
                <vehicle id="8" pos="75.70" speed="5.00"/>
                <vehicle id="7" pos="85.70" speed="5.00"/>
            </lane>
        </edge>
    </timestep>
    <timestep time="97.70">
        <edge id="1to2">
            <lane id="1to2_0">
                <vehicle id="5" pos="32.32" speed="10.00"/>
                <vehicle id="4" pos="48.32" speed="10.00"/>
                <vehicle id="3" pos="64.32" speed="10.00"/>
                <vehicle id="2" pos="80.32" speed="10.00"/>
                <vehicle id="1" pos="96.32" speed="10.00"/>
            </lane>
        </edge>
        <edge id="2to3">
            <lane id="2to3_0">
                <vehicle id="0" pos="9.74" speed="10.00"/>
            </lane>
        </edge>
        <edge id="4to1">
            <lane id="4to1_0">
                <vehicle id="6" pos="1.90" speed="10.00"/>
            </lane>
        </edge>
        <edge id="7to4">
            <lane id="7to4_0">
                <vehicle id="11" pos="29.70" speed="10.00"/>
                <vehicle id="10" pos="45.70" speed="10.00"/>
                <vehicle id="9" pos="61.70" speed="10.00"/>
                <vehicle id="8" pos="76.20" speed="5.00"/>
                <vehicle id="7" pos="86.70" speed="10.00"/>
            </lane>
        </edge>
    </timestep>
    <timestep time="97.80">
        <edge id="1to2">
            <lane id="1to2_0">
                <vehicle id="5" pos="33.32" speed="10.00"/>
                <vehicle id="4" pos="49.32" speed="10.00"/>
                <vehicle id="3" pos="65.32" speed="10.00"/>
                <vehicle id="2" pos="81.32" speed="10.00"/>
                <vehicle id="1" pos="97.32" speed="10.00"/>
            </lane>
        </edge>
        <edge id="2to3">
            <lane id="2to3_0">
                <vehicle id="0" pos="10.74" speed="10.00"/>
            </lane>
        </edge>
        <edge id="4to1">
            <lane id="4to1_0">
                <vehicle id="6" pos="2.90" speed="10.00"/>
            </lane>
        </edge>
        <edge id="7to4">
            <lane id="7to4_0">
                <vehicle id="11" pos="30.70" speed="10.00"/>
                <vehicle id="10" pos="46.70" speed="10.00"/>
                <vehicle id="9" pos="62.70" speed="10.00"/>
                <vehicle id="8" pos="77.20" speed="10.00"/>
                <vehicle id="7" pos="87.70" speed="10.00"/>
            </lane>
        </edge>
    </timestep>
    <timestep time="97.90">
        <edge id="1to2">
            <lane id="1to2_0">
                <vehicle id="5" pos="34.32" speed="10.00"/>
                <vehicle id="4" pos="50.32" speed="10.00"/>
                <vehicle id="3" pos="66.32" speed="10.00"/>
                <vehicle id="2" pos="82.32" speed="10.00"/>
                <vehicle id="1" pos="98.32" speed="10.00"/>
            </lane>
        </edge>
        <edge id="2to3">
            <lane id="2to3_0">
                <vehicle id="0" pos="11.74" speed="10.00"/>
            </lane>
        </edge>
        <edge id="4to1">
            <lane id="4to1_0">
                <vehicle id="6" pos="3.90" speed="10.00"/>
            </lane>
        </edge>
        <edge id="7to4">
            <lane id="7to4_0">
                <vehicle id="11" pos="31.70" speed="10.00"/>
                <vehicle id="10" pos="47.70" speed="10.00"/>
                <vehicle id="9" pos="63.70" speed="10.00"/>
                <vehicle id="8" pos="78.20" speed="10.00"/>
                <vehicle id="7" pos="88.70" speed="10.00"/>
            </lane>
        </edge>
    </timestep>
    <timestep time="98.00">
        <edge id=":4_1">
            <lane id=":4_1_0">
                <vehicle id="7" pos="0.10" speed="10.00"/>
            </lane>
        </edge>
        <edge id="1to2">
            <lane id="1to2_0">
                <vehicle id="5" pos="35.32" speed="10.00"/>
                <vehicle id="4" pos="51.32" speed="10.00"/>
                <vehicle id="3" pos="67.32" speed="10.00"/>
                <vehicle id="2" pos="83.32" speed="10.00"/>
                <vehicle id="1" pos="99.32" speed="10.00"/>
            </lane>
        </edge>
        <edge id="2to3">
            <lane id="2to3_0">
                <vehicle id="0" pos="12.74" speed="10.00"/>
            </lane>
        </edge>
        <edge id="4to1">
            <lane id="4to1_0">
                <vehicle id="6" pos="4.90" speed="10.00"/>
            </lane>
        </edge>
        <edge id="7to4">
            <lane id="7to4_0">
                <vehicle id="11" pos="32.70" speed="10.00"/>
                <vehicle id="10" pos="48.70" speed="10.00"/>
                <vehicle id="9" pos="64.70" speed="10.00"/>
                <vehicle id="8" pos="79.20" speed="10.00"/>
            </lane>
        </edge>
    </timestep>
    <timestep time="98.10">
        <edge id=":2_0">
            <lane id=":2_0_0">
                <vehicle id="1" pos="0.32" speed="10.00"/>
            </lane>
        </edge>
        <edge id=":4_1">
            <lane id=":4_1_0">
                <vehicle id="7" pos="1.10" speed="10.00"/>
            </lane>
        </edge>
        <edge id="1to2">
            <lane id="1to2_0">
                <vehicle id="5" pos="36.32" speed="10.00"/>
                <vehicle id="4" pos="52.32" speed="10.00"/>
                <vehicle id="3" pos="68.32" speed="10.00"/>
                <vehicle id="2" pos="84.32" speed="10.00"/>
            </lane>
        </edge>
        <edge id="2to3">
            <lane id="2to3_0">
                <vehicle id="0" pos="13.74" speed="10.00"/>
            </lane>
        </edge>
        <edge id="4to1">
            <lane id="4to1_0">
                <vehicle id="6" pos="5.90" speed="10.00"/>
            </lane>
        </edge>
        <edge id="7to4">
            <lane id="7to4_0">
                <vehicle id="11" pos="33.70" speed="10.00"/>
                <vehicle id="10" pos="49.70" speed="10.00"/>
                <vehicle id="9" pos="65.70" speed="10.00"/>
                <vehicle id="8" pos="80.20" speed="10.00"/>
            </lane>
        </edge>
    </timestep>
    <timestep time="98.20">
        <edge id=":2_0">
            <lane id=":2_0_0">
                <vehicle id="1" pos="1.32" speed="10.00"/>
            </lane>
        </edge>
        <edge id=":4_1">
            <lane id=":4_1_0">
                <vehicle id="7" pos="2.10" speed="10.00"/>
            </lane>
        </edge>
        <edge id="1to2">
            <lane id="1to2_0">
                <vehicle id="5" pos="37.32" speed="10.00"/>
                <vehicle id="4" pos="53.32" speed="10.00"/>
                <vehicle id="3" pos="69.32" speed="10.00"/>
                <vehicle id="2" pos="85.32" speed="10.00"/>
            </lane>
        </edge>
        <edge id="2to3">
            <lane id="2to3_0">
                <vehicle id="0" pos="14.74" speed="10.00"/>
            </lane>
        </edge>
        <edge id="4to1">
            <lane id="4to1_0">
                <vehicle id="6" pos="6.90" speed="10.00"/>
            </lane>
        </edge>
        <edge id="7to4">
            <lane id="7to4_0">
                <vehicle id="11" pos="34.70" speed="10.00"/>
                <vehicle id="10" pos="50.70" speed="10.00"/>
                <vehicle id="9" pos="66.70" speed="10.00"/>
                <vehicle id="8" pos="80.70" speed="5.00"/>
            </lane>
        </edge>
    </timestep>
    <timestep time="98.30">
        <edge id=":2_0">
            <lane id=":2_0_0">
                <vehicle id="1" pos="2.32" speed="10.00"/>
            </lane>
        </edge>
        <edge id=":4_1">
            <lane id=":4_1_0">
                <vehicle id="7" pos="3.10" speed="10.00"/>
            </lane>
        </edge>
        <edge id="1to2">
            <lane id="1to2_0">
                <vehicle id="5" pos="38.32" speed="10.00"/>
                <vehicle id="4" pos="54.32" speed="10.00"/>
                <vehicle id="3" pos="70.32" speed="10.00"/>
                <vehicle id="2" pos="86.32" speed="10.00"/>
            </lane>
        </edge>
        <edge id="2to3">
            <lane id="2to3_0">
                <vehicle id="0" pos="15.74" speed="10.00"/>
            </lane>
        </edge>
        <edge id="4to1">
            <lane id="4to1_0">
                <vehicle id="6" pos="7.90" speed="10.00"/>
            </lane>
        </edge>
        <edge id="7to4">
            <lane id="7to4_0">
                <vehicle id="11" pos="35.70" speed="10.00"/>
                <vehicle id="10" pos="51.70" speed="10.00"/>
                <vehicle id="9" pos="67.70" speed="10.00"/>
                <vehicle id="8" pos="81.20" speed="5.00"/>
            </lane>
        </edge>
    </timestep>
    <timestep time="98.40">
        <edge id=":4_1">
            <lane id=":4_1_0">
                <vehicle id="7" pos="4.10" speed="10.00"/>
            </lane>
        </edge>
        <edge id="1to2">
            <lane id="1to2_0">
                <vehicle id="5" pos="39.32" speed="10.00"/>
                <vehicle id="4" pos="55.32" speed="10.00"/>
                <vehicle id="3" pos="71.32" speed="10.00"/>
                <vehicle id="2" pos="87.32" speed="10.00"/>
            </lane>
        </edge>
        <edge id="2to3">
            <lane id="2to3_0">
                <vehicle id="1" pos="0.74" speed="10.00"/>
                <vehicle id="0" pos="16.74" speed="10.00"/>
            </lane>
        </edge>
        <edge id="4to1">
            <lane id="4to1_0">
                <vehicle id="6" pos="8.90" speed="10.00"/>
            </lane>
        </edge>
        <edge id="7to4">
            <lane id="7to4_0">
                <vehicle id="11" pos="36.70" speed="10.00"/>
                <vehicle id="10" pos="52.70" speed="10.00"/>
                <vehicle id="9" pos="68.70" speed="10.00"/>
                <vehicle id="8" pos="81.70" speed="5.00"/>
            </lane>
        </edge>
    </timestep>
    <timestep time="98.50">
        <edge id=":4_1">
            <lane id=":4_1_0">
                <vehicle id="7" pos="5.10" speed="10.00"/>
            </lane>
        </edge>
        <edge id="1to2">
            <lane id="1to2_0">
                <vehicle id="5" pos="40.32" speed="10.00"/>
                <vehicle id="4" pos="56.32" speed="10.00"/>
                <vehicle id="3" pos="72.32" speed="10.00"/>
                <vehicle id="2" pos="88.32" speed="10.00"/>
            </lane>
        </edge>
        <edge id="2to3">
            <lane id="2to3_0">
                <vehicle id="1" pos="1.74" speed="10.00"/>
                <vehicle id="0" pos="17.74" speed="10.00"/>
            </lane>
        </edge>
        <edge id="4to1">
            <lane id="4to1_0">
                <vehicle id="6" pos="9.90" speed="10.00"/>
            </lane>
        </edge>
        <edge id="7to4">
            <lane id="7to4_0">
                <vehicle id="11" pos="37.70" speed="10.00"/>
                <vehicle id="10" pos="53.70" speed="10.00"/>
                <vehicle id="9" pos="69.70" speed="10.00"/>
                <vehicle id="8" pos="82.20" speed="5.00"/>
            </lane>
        </edge>
    </timestep>
    <timestep time="98.60">
        <edge id=":4_1">
            <lane id=":4_1_0">
                <vehicle id="7" pos="6.10" speed="10.00"/>
            </lane>
        </edge>
        <edge id="1to2">
            <lane id="1to2_0">
                <vehicle id="5" pos="41.32" speed="10.00"/>
                <vehicle id="4" pos="57.32" speed="10.00"/>
                <vehicle id="3" pos="73.32" speed="10.00"/>
                <vehicle id="2" pos="89.32" speed="10.00"/>
            </lane>
        </edge>
        <edge id="2to3">
            <lane id="2to3_0">
                <vehicle id="1" pos="2.74" speed="10.00"/>
                <vehicle id="0" pos="18.74" speed="10.00"/>
            </lane>
        </edge>
        <edge id="4to1">
            <lane id="4to1_0">
                <vehicle id="6" pos="10.90" speed="10.00"/>
            </lane>
        </edge>
        <edge id="7to4">
            <lane id="7to4_0">
                <vehicle id="11" pos="38.70" speed="10.00"/>
                <vehicle id="10" pos="54.70" speed="10.00"/>
                <vehicle id="9" pos="70.70" speed="10.00"/>
                <vehicle id="8" pos="82.70" speed="5.00"/>
            </lane>
        </edge>
    </timestep>
    <timestep time="98.70">
        <edge id=":4_1">
            <lane id=":4_1_0">
                <vehicle id="7" pos="7.10" speed="10.00"/>
            </lane>
        </edge>
        <edge id="1to2">
            <lane id="1to2_0">
                <vehicle id="5" pos="42.32" speed="10.00"/>
                <vehicle id="4" pos="58.32" speed="10.00"/>
                <vehicle id="3" pos="74.32" speed="10.00"/>
                <vehicle id="2" pos="90.32" speed="10.00"/>
            </lane>
        </edge>
        <edge id="2to3">
            <lane id="2to3_0">
                <vehicle id="1" pos="3.74" speed="10.00"/>
                <vehicle id="0" pos="19.74" speed="10.00"/>
            </lane>
        </edge>
        <edge id="4to1">
            <lane id="4to1_0">
                <vehicle id="6" pos="11.90" speed="10.00"/>
            </lane>
        </edge>
        <edge id="7to4">
            <lane id="7to4_0">
                <vehicle id="11" pos="39.70" speed="10.00"/>
                <vehicle id="10" pos="55.70" speed="10.00"/>
                <vehicle id="9" pos="71.70" speed="10.00"/>
                <vehicle id="8" pos="83.20" speed="5.00"/>
            </lane>
        </edge>
    </timestep>
    <timestep time="98.80">
        <edge id=":4_1">
            <lane id=":4_1_0">
                <vehicle id="7" pos="8.10" speed="10.00"/>
            </lane>
        </edge>
        <edge id="1to2">
            <lane id="1to2_0">
                <vehicle id="5" pos="43.32" speed="10.00"/>
                <vehicle id="4" pos="59.32" speed="10.00"/>
                <vehicle id="3" pos="75.32" speed="10.00"/>
                <vehicle id="2" pos="91.32" speed="10.00"/>
            </lane>
        </edge>
        <edge id="2to3">
            <lane id="2to3_0">
                <vehicle id="1" pos="4.74" speed="10.00"/>
                <vehicle id="0" pos="20.74" speed="10.00"/>
            </lane>
        </edge>
        <edge id="4to1">
            <lane id="4to1_0">
                <vehicle id="6" pos="12.90" speed="10.00"/>
            </lane>
        </edge>
        <edge id="7to4">
            <lane id="7to4_0">
                <vehicle id="11" pos="40.70" speed="10.00"/>
                <vehicle id="10" pos="56.70" speed="10.00"/>
                <vehicle id="9" pos="72.70" speed="10.00"/>
                <vehicle id="8" pos="83.70" speed="5.00"/>
            </lane>
        </edge>
    </timestep>
    <timestep time="98.90">
        <edge id=":4_1">
            <lane id=":4_1_0">
                <vehicle id="7" pos="9.10" speed="10.00"/>
            </lane>
        </edge>
        <edge id="1to2">
            <lane id="1to2_0">
                <vehicle id="5" pos="44.32" speed="10.00"/>
                <vehicle id="4" pos="60.32" speed="10.00"/>
                <vehicle id="3" pos="76.32" speed="10.00"/>
                <vehicle id="2" pos="92.32" speed="10.00"/>
            </lane>
        </edge>
        <edge id="2to3">
            <lane id="2to3_0">
                <vehicle id="1" pos="5.74" speed="10.00"/>
                <vehicle id="0" pos="21.74" speed="10.00"/>
            </lane>
        </edge>
        <edge id="4to1">
            <lane id="4to1_0">
                <vehicle id="6" pos="13.90" speed="10.00"/>
            </lane>
        </edge>
        <edge id="7to4">
            <lane id="7to4_0">
                <vehicle id="11" pos="41.70" speed="10.00"/>
                <vehicle id="10" pos="57.70" speed="10.00"/>
                <vehicle id="9" pos="73.70" speed="10.00"/>
                <vehicle id="8" pos="84.20" speed="5.00"/>
            </lane>
        </edge>
    </timestep>
    <timestep time="99.00">
        <edge id=":4_1">
            <lane id=":4_1_0">
                <vehicle id="7" pos="10.10" speed="10.00"/>
            </lane>
        </edge>
        <edge id="1to2">
            <lane id="1to2_0">
                <vehicle id="5" pos="45.32" speed="10.00"/>
                <vehicle id="4" pos="61.32" speed="10.00"/>
                <vehicle id="3" pos="77.32" speed="10.00"/>
                <vehicle id="2" pos="93.32" speed="10.00"/>
            </lane>
        </edge>
        <edge id="2to3">
            <lane id="2to3_0">
                <vehicle id="1" pos="6.74" speed="10.00"/>
                <vehicle id="0" pos="22.74" speed="10.00"/>
            </lane>
        </edge>
        <edge id="4to1">
            <lane id="4to1_0">
                <vehicle id="6" pos="14.90" speed="10.00"/>
            </lane>
        </edge>
        <edge id="7to4">
            <lane id="7to4_0">
                <vehicle id="11" pos="42.70" speed="10.00"/>
                <vehicle id="10" pos="58.70" speed="10.00"/>
                <vehicle id="9" pos="74.70" speed="10.00"/>
                <vehicle id="8" pos="84.70" speed="5.00"/>
            </lane>
        </edge>
    </timestep>
    <timestep time="99.10">
        <edge id=":4_1">
            <lane id=":4_1_0">
                <vehicle id="7" pos="11.10" speed="10.00"/>
            </lane>
        </edge>
        <edge id="1to2">
            <lane id="1to2_0">
                <vehicle id="5" pos="46.32" speed="10.00"/>
                <vehicle id="4" pos="62.32" speed="10.00"/>
                <vehicle id="3" pos="78.32" speed="10.00"/>
                <vehicle id="2" pos="94.32" speed="10.00"/>
            </lane>
        </edge>
        <edge id="2to3">
            <lane id="2to3_0">
                <vehicle id="1" pos="7.74" speed="10.00"/>
                <vehicle id="0" pos="23.74" speed="10.00"/>
            </lane>
        </edge>
        <edge id="4to1">
            <lane id="4to1_0">
                <vehicle id="6" pos="15.90" speed="10.00"/>
            </lane>
        </edge>
        <edge id="7to4">
            <lane id="7to4_0">
                <vehicle id="11" pos="43.70" speed="10.00"/>
                <vehicle id="10" pos="59.70" speed="10.00"/>
                <vehicle id="9" pos="75.20" speed="5.00"/>
                <vehicle id="8" pos="85.20" speed="5.00"/>
            </lane>
        </edge>
    </timestep>
    <timestep time="99.20">
        <edge id="1to2">
            <lane id="1to2_0">
                <vehicle id="5" pos="47.32" speed="10.00"/>
                <vehicle id="4" pos="63.32" speed="10.00"/>
                <vehicle id="3" pos="79.32" speed="10.00"/>
                <vehicle id="2" pos="95.32" speed="10.00"/>
            </lane>
        </edge>
        <edge id="2to3">
            <lane id="2to3_0">
                <vehicle id="1" pos="8.74" speed="10.00"/>
                <vehicle id="0" pos="24.74" speed="10.00"/>
            </lane>
        </edge>
        <edge id="4to1">
            <lane id="4to1_0">
                <vehicle id="7" pos="0.90" speed="10.00"/>
                <vehicle id="6" pos="16.90" speed="10.00"/>
            </lane>
        </edge>
        <edge id="7to4">
            <lane id="7to4_0">
                <vehicle id="11" pos="44.70" speed="10.00"/>
                <vehicle id="10" pos="60.70" speed="10.00"/>
                <vehicle id="9" pos="75.70" speed="5.00"/>
                <vehicle id="8" pos="85.70" speed="5.00"/>
            </lane>
        </edge>
    </timestep>
    <timestep time="99.30">
        <edge id="1to2">
            <lane id="1to2_0">
                <vehicle id="5" pos="48.32" speed="10.00"/>
                <vehicle id="4" pos="64.32" speed="10.00"/>
                <vehicle id="3" pos="80.32" speed="10.00"/>
                <vehicle id="2" pos="96.32" speed="10.00"/>
            </lane>
        </edge>
        <edge id="2to3">
            <lane id="2to3_0">
                <vehicle id="1" pos="9.74" speed="10.00"/>
                <vehicle id="0" pos="25.74" speed="10.00"/>
            </lane>
        </edge>
        <edge id="4to1">
            <lane id="4to1_0">
                <vehicle id="7" pos="1.90" speed="10.00"/>
                <vehicle id="6" pos="17.90" speed="10.00"/>
            </lane>
        </edge>
        <edge id="7to4">
            <lane id="7to4_0">
                <vehicle id="11" pos="45.70" speed="10.00"/>
                <vehicle id="10" pos="61.70" speed="10.00"/>
                <vehicle id="9" pos="76.20" speed="5.00"/>
                <vehicle id="8" pos="86.70" speed="10.00"/>
            </lane>
        </edge>
    </timestep>
    <timestep time="99.40">
        <edge id="1to2">
            <lane id="1to2_0">
                <vehicle id="5" pos="49.32" speed="10.00"/>
                <vehicle id="4" pos="65.32" speed="10.00"/>
                <vehicle id="3" pos="81.32" speed="10.00"/>
                <vehicle id="2" pos="97.32" speed="10.00"/>
            </lane>
        </edge>
        <edge id="2to3">
            <lane id="2to3_0">
                <vehicle id="1" pos="10.74" speed="10.00"/>
                <vehicle id="0" pos="26.74" speed="10.00"/>
            </lane>
        </edge>
        <edge id="4to1">
            <lane id="4to1_0">
                <vehicle id="7" pos="2.90" speed="10.00"/>
                <vehicle id="6" pos="18.90" speed="10.00"/>
            </lane>
        </edge>
        <edge id="7to4">
            <lane id="7to4_0">
                <vehicle id="11" pos="46.70" speed="10.00"/>
                <vehicle id="10" pos="62.70" speed="10.00"/>
                <vehicle id="9" pos="77.20" speed="10.00"/>
                <vehicle id="8" pos="87.70" speed="10.00"/>
            </lane>
        </edge>
    </timestep>
    <timestep time="99.50">
        <edge id="1to2">
            <lane id="1to2_0">
                <vehicle id="5" pos="50.32" speed="10.00"/>
                <vehicle id="4" pos="66.32" speed="10.00"/>
                <vehicle id="3" pos="82.32" speed="10.00"/>
                <vehicle id="2" pos="98.32" speed="10.00"/>
            </lane>
        </edge>
        <edge id="2to3">
            <lane id="2to3_0">
                <vehicle id="1" pos="11.74" speed="10.00"/>
                <vehicle id="0" pos="27.74" speed="10.00"/>
            </lane>
        </edge>
        <edge id="4to1">
            <lane id="4to1_0">
                <vehicle id="7" pos="3.90" speed="10.00"/>
                <vehicle id="6" pos="19.90" speed="10.00"/>
            </lane>
        </edge>
        <edge id="7to4">
            <lane id="7to4_0">
                <vehicle id="11" pos="47.70" speed="10.00"/>
                <vehicle id="10" pos="63.70" speed="10.00"/>
                <vehicle id="9" pos="78.20" speed="10.00"/>
                <vehicle id="8" pos="88.70" speed="10.00"/>
            </lane>
        </edge>
    </timestep>
    <timestep time="99.60">
        <edge id=":4_1">
            <lane id=":4_1_0">
                <vehicle id="8" pos="0.10" speed="10.00"/>
            </lane>
        </edge>
        <edge id="1to2">
            <lane id="1to2_0">
                <vehicle id="5" pos="51.32" speed="10.00"/>
                <vehicle id="4" pos="67.32" speed="10.00"/>
                <vehicle id="3" pos="83.32" speed="10.00"/>
                <vehicle id="2" pos="99.32" speed="10.00"/>
            </lane>
        </edge>
        <edge id="2to3">
            <lane id="2to3_0">
                <vehicle id="1" pos="12.74" speed="10.00"/>
                <vehicle id="0" pos="28.74" speed="10.00"/>
            </lane>
        </edge>
        <edge id="4to1">
            <lane id="4to1_0">
                <vehicle id="7" pos="4.90" speed="10.00"/>
                <vehicle id="6" pos="20.90" speed="10.00"/>
            </lane>
        </edge>
        <edge id="7to4">
            <lane id="7to4_0">
                <vehicle id="11" pos="48.70" speed="10.00"/>
                <vehicle id="10" pos="64.70" speed="10.00"/>
                <vehicle id="9" pos="79.20" speed="10.00"/>
            </lane>
        </edge>
    </timestep>
    <timestep time="99.70">
        <edge id=":2_0">
            <lane id=":2_0_0">
                <vehicle id="2" pos="0.32" speed="10.00"/>
            </lane>
        </edge>
        <edge id=":4_1">
            <lane id=":4_1_0">
                <vehicle id="8" pos="1.10" speed="10.00"/>
            </lane>
        </edge>
        <edge id="1to2">
            <lane id="1to2_0">
                <vehicle id="5" pos="52.32" speed="10.00"/>
                <vehicle id="4" pos="68.32" speed="10.00"/>
                <vehicle id="3" pos="84.32" speed="10.00"/>
            </lane>
        </edge>
        <edge id="2to3">
            <lane id="2to3_0">
                <vehicle id="1" pos="13.74" speed="10.00"/>
                <vehicle id="0" pos="29.74" speed="10.00"/>
            </lane>
        </edge>
        <edge id="4to1">
            <lane id="4to1_0">
                <vehicle id="7" pos="5.90" speed="10.00"/>
                <vehicle id="6" pos="21.90" speed="10.00"/>
            </lane>
        </edge>
        <edge id="7to4">
            <lane id="7to4_0">
                <vehicle id="11" pos="49.70" speed="10.00"/>
                <vehicle id="10" pos="65.70" speed="10.00"/>
                <vehicle id="9" pos="80.20" speed="10.00"/>
            </lane>
        </edge>
    </timestep>
    <timestep time="99.80">
        <edge id=":2_0">
            <lane id=":2_0_0">
                <vehicle id="2" pos="1.32" speed="10.00"/>
            </lane>
        </edge>
        <edge id=":4_1">
            <lane id=":4_1_0">
                <vehicle id="8" pos="2.10" speed="10.00"/>
            </lane>
        </edge>
        <edge id="1to2">
            <lane id="1to2_0">
                <vehicle id="5" pos="53.32" speed="10.00"/>
                <vehicle id="4" pos="69.32" speed="10.00"/>
                <vehicle id="3" pos="85.32" speed="10.00"/>
            </lane>
        </edge>
        <edge id="2to3">
            <lane id="2to3_0">
                <vehicle id="1" pos="14.74" speed="10.00"/>
                <vehicle id="0" pos="30.74" speed="10.00"/>
            </lane>
        </edge>
        <edge id="4to1">
            <lane id="4to1_0">
                <vehicle id="7" pos="6.90" speed="10.00"/>
                <vehicle id="6" pos="22.90" speed="10.00"/>
            </lane>
        </edge>
        <edge id="7to4">
            <lane id="7to4_0">
                <vehicle id="11" pos="50.70" speed="10.00"/>
                <vehicle id="10" pos="66.70" speed="10.00"/>
                <vehicle id="9" pos="80.70" speed="5.00"/>
            </lane>
        </edge>
    </timestep>
    <timestep time="99.90">
        <edge id=":2_0">
            <lane id=":2_0_0">
                <vehicle id="2" pos="2.32" speed="10.00"/>
            </lane>
        </edge>
        <edge id=":4_1">
            <lane id=":4_1_0">
                <vehicle id="8" pos="3.10" speed="10.00"/>
            </lane>
        </edge>
        <edge id="1to2">
            <lane id="1to2_0">
                <vehicle id="5" pos="54.32" speed="10.00"/>
                <vehicle id="4" pos="70.32" speed="10.00"/>
                <vehicle id="3" pos="86.32" speed="10.00"/>
            </lane>
        </edge>
        <edge id="2to3">
            <lane id="2to3_0">
                <vehicle id="1" pos="15.74" speed="10.00"/>
                <vehicle id="0" pos="31.74" speed="10.00"/>
            </lane>
        </edge>
        <edge id="4to1">
            <lane id="4to1_0">
                <vehicle id="7" pos="7.90" speed="10.00"/>
                <vehicle id="6" pos="23.90" speed="10.00"/>
            </lane>
        </edge>
        <edge id="7to4">
            <lane id="7to4_0">
                <vehicle id="11" pos="51.70" speed="10.00"/>
                <vehicle id="10" pos="67.70" speed="10.00"/>
                <vehicle id="9" pos="81.20" speed="5.00"/>
            </lane>
        </edge>
    </timestep>
    <timestep time="100.00">
        <edge id=":4_1">
            <lane id=":4_1_0">
                <vehicle id="8" pos="4.10" speed="10.00"/>
            </lane>
        </edge>
        <edge id="1to2">
            <lane id="1to2_0">
                <vehicle id="5" pos="55.32" speed="10.00"/>
                <vehicle id="4" pos="71.32" speed="10.00"/>
                <vehicle id="3" pos="87.32" speed="10.00"/>
            </lane>
        </edge>
        <edge id="2to3">
            <lane id="2to3_0">
                <vehicle id="2" pos="0.74" speed="10.00"/>
                <vehicle id="1" pos="16.74" speed="10.00"/>
                <vehicle id="0" pos="32.74" speed="10.00"/>
            </lane>
        </edge>
        <edge id="4to1">
            <lane id="4to1_0">
                <vehicle id="7" pos="8.90" speed="10.00"/>
                <vehicle id="6" pos="24.90" speed="10.00"/>
            </lane>
        </edge>
        <edge id="7to4">
            <lane id="7to4_0">
                <vehicle id="11" pos="52.70" speed="10.00"/>
                <vehicle id="10" pos="68.70" speed="10.00"/>
                <vehicle id="9" pos="81.70" speed="5.00"/>
            </lane>
        </edge>
    </timestep>
    <timestep time="100.10">
        <edge id=":4_1">
            <lane id=":4_1_0">
                <vehicle id="8" pos="5.10" speed="10.00"/>
            </lane>
        </edge>
        <edge id="1to2">
            <lane id="1to2_0">
                <vehicle id="5" pos="56.32" speed="10.00"/>
                <vehicle id="4" pos="72.32" speed="10.00"/>
                <vehicle id="3" pos="88.32" speed="10.00"/>
            </lane>
        </edge>
        <edge id="2to3">
            <lane id="2to3_0">
                <vehicle id="2" pos="1.74" speed="10.00"/>
                <vehicle id="1" pos="17.74" speed="10.00"/>
                <vehicle id="0" pos="33.74" speed="10.00"/>
            </lane>
        </edge>
        <edge id="4to1">
            <lane id="4to1_0">
                <vehicle id="7" pos="9.90" speed="10.00"/>
                <vehicle id="6" pos="25.90" speed="10.00"/>
            </lane>
        </edge>
        <edge id="7to4">
            <lane id="7to4_0">
                <vehicle id="11" pos="53.70" speed="10.00"/>
                <vehicle id="10" pos="69.70" speed="10.00"/>
                <vehicle id="9" pos="82.20" speed="5.00"/>
            </lane>
        </edge>
    </timestep>
    <timestep time="100.20">
        <edge id=":4_1">
            <lane id=":4_1_0">
                <vehicle id="8" pos="6.10" speed="10.00"/>
            </lane>
        </edge>
        <edge id="1to2">
            <lane id="1to2_0">
                <vehicle id="5" pos="57.32" speed="10.00"/>
                <vehicle id="4" pos="73.32" speed="10.00"/>
                <vehicle id="3" pos="89.32" speed="10.00"/>
            </lane>
        </edge>
        <edge id="2to3">
            <lane id="2to3_0">
                <vehicle id="2" pos="2.74" speed="10.00"/>
                <vehicle id="1" pos="18.74" speed="10.00"/>
                <vehicle id="0" pos="34.74" speed="10.00"/>
            </lane>
        </edge>
        <edge id="4to1">
            <lane id="4to1_0">
                <vehicle id="7" pos="10.90" speed="10.00"/>
                <vehicle id="6" pos="26.90" speed="10.00"/>
            </lane>
        </edge>
        <edge id="7to4">
            <lane id="7to4_0">
                <vehicle id="11" pos="54.70" speed="10.00"/>
                <vehicle id="10" pos="70.70" speed="10.00"/>
                <vehicle id="9" pos="82.70" speed="5.00"/>
            </lane>
        </edge>
    </timestep>
    <timestep time="100.30">
        <edge id=":4_1">
            <lane id=":4_1_0">
                <vehicle id="8" pos="7.10" speed="10.00"/>
            </lane>
        </edge>
        <edge id="1to2">
            <lane id="1to2_0">
                <vehicle id="5" pos="58.32" speed="10.00"/>
                <vehicle id="4" pos="74.32" speed="10.00"/>
                <vehicle id="3" pos="90.32" speed="10.00"/>
            </lane>
        </edge>
        <edge id="2to3">
            <lane id="2to3_0">
                <vehicle id="2" pos="3.74" speed="10.00"/>
                <vehicle id="1" pos="19.74" speed="10.00"/>
                <vehicle id="0" pos="35.74" speed="10.00"/>
            </lane>
        </edge>
        <edge id="4to1">
            <lane id="4to1_0">
                <vehicle id="7" pos="11.90" speed="10.00"/>
                <vehicle id="6" pos="27.90" speed="10.00"/>
            </lane>
        </edge>
        <edge id="7to4">
            <lane id="7to4_0">
                <vehicle id="11" pos="55.70" speed="10.00"/>
                <vehicle id="10" pos="71.70" speed="10.00"/>
                <vehicle id="9" pos="83.20" speed="5.00"/>
            </lane>
        </edge>
    </timestep>
    <timestep time="100.40">
        <edge id=":4_1">
            <lane id=":4_1_0">
                <vehicle id="8" pos="8.10" speed="10.00"/>
            </lane>
        </edge>
        <edge id="1to2">
            <lane id="1to2_0">
                <vehicle id="5" pos="59.32" speed="10.00"/>
                <vehicle id="4" pos="75.32" speed="10.00"/>
                <vehicle id="3" pos="91.32" speed="10.00"/>
            </lane>
        </edge>
        <edge id="2to3">
            <lane id="2to3_0">
                <vehicle id="2" pos="4.74" speed="10.00"/>
                <vehicle id="1" pos="20.74" speed="10.00"/>
                <vehicle id="0" pos="36.74" speed="10.00"/>
            </lane>
        </edge>
        <edge id="4to1">
            <lane id="4to1_0">
                <vehicle id="7" pos="12.90" speed="10.00"/>
                <vehicle id="6" pos="28.90" speed="10.00"/>
            </lane>
        </edge>
        <edge id="7to4">
            <lane id="7to4_0">
                <vehicle id="11" pos="56.70" speed="10.00"/>
                <vehicle id="10" pos="72.70" speed="10.00"/>
                <vehicle id="9" pos="83.70" speed="5.00"/>
            </lane>
        </edge>
    </timestep>
    <timestep time="100.50">
        <edge id=":4_1">
            <lane id=":4_1_0">
                <vehicle id="8" pos="9.10" speed="10.00"/>
            </lane>
        </edge>
        <edge id="1to2">
            <lane id="1to2_0">
                <vehicle id="5" pos="60.32" speed="10.00"/>
                <vehicle id="4" pos="76.32" speed="10.00"/>
                <vehicle id="3" pos="92.32" speed="10.00"/>
            </lane>
        </edge>
        <edge id="2to3">
            <lane id="2to3_0">
                <vehicle id="2" pos="5.74" speed="10.00"/>
                <vehicle id="1" pos="21.74" speed="10.00"/>
                <vehicle id="0" pos="37.74" speed="10.00"/>
            </lane>
        </edge>
        <edge id="4to1">
            <lane id="4to1_0">
                <vehicle id="7" pos="13.90" speed="10.00"/>
                <vehicle id="6" pos="29.90" speed="10.00"/>
            </lane>
        </edge>
        <edge id="7to4">
            <lane id="7to4_0">
                <vehicle id="11" pos="57.70" speed="10.00"/>
                <vehicle id="10" pos="73.70" speed="10.00"/>
                <vehicle id="9" pos="84.20" speed="5.00"/>
            </lane>
        </edge>
    </timestep>
    <timestep time="100.60">
        <edge id=":4_1">
            <lane id=":4_1_0">
                <vehicle id="8" pos="10.10" speed="10.00"/>
            </lane>
        </edge>
        <edge id="1to2">
            <lane id="1to2_0">
                <vehicle id="5" pos="61.32" speed="10.00"/>
                <vehicle id="4" pos="77.32" speed="10.00"/>
                <vehicle id="3" pos="93.32" speed="10.00"/>
            </lane>
        </edge>
        <edge id="2to3">
            <lane id="2to3_0">
                <vehicle id="2" pos="6.74" speed="10.00"/>
                <vehicle id="1" pos="22.74" speed="10.00"/>
                <vehicle id="0" pos="38.74" speed="10.00"/>
            </lane>
        </edge>
        <edge id="4to1">
            <lane id="4to1_0">
                <vehicle id="7" pos="14.90" speed="10.00"/>
                <vehicle id="6" pos="30.90" speed="10.00"/>
            </lane>
        </edge>
        <edge id="7to4">
            <lane id="7to4_0">
                <vehicle id="11" pos="58.70" speed="10.00"/>
                <vehicle id="10" pos="74.70" speed="10.00"/>
                <vehicle id="9" pos="84.70" speed="5.00"/>
            </lane>
        </edge>
    </timestep>
    <timestep time="100.70">
        <edge id=":4_1">
            <lane id=":4_1_0">
                <vehicle id="8" pos="11.10" speed="10.00"/>
            </lane>
        </edge>
        <edge id="1to2">
            <lane id="1to2_0">
                <vehicle id="5" pos="62.32" speed="10.00"/>
                <vehicle id="4" pos="78.32" speed="10.00"/>
                <vehicle id="3" pos="94.32" speed="10.00"/>
            </lane>
        </edge>
        <edge id="2to3">
            <lane id="2to3_0">
                <vehicle id="2" pos="7.74" speed="10.00"/>
                <vehicle id="1" pos="23.74" speed="10.00"/>
                <vehicle id="0" pos="39.74" speed="10.00"/>
            </lane>
        </edge>
        <edge id="4to1">
            <lane id="4to1_0">
                <vehicle id="7" pos="15.90" speed="10.00"/>
                <vehicle id="6" pos="31.90" speed="10.00"/>
            </lane>
        </edge>
        <edge id="7to4">
            <lane id="7to4_0">
                <vehicle id="11" pos="59.70" speed="10.00"/>
                <vehicle id="10" pos="75.20" speed="5.00"/>
                <vehicle id="9" pos="85.20" speed="5.00"/>
            </lane>
        </edge>
    </timestep>
    <timestep time="100.80">
        <edge id="1to2">
            <lane id="1to2_0">
                <vehicle id="5" pos="63.32" speed="10.00"/>
                <vehicle id="4" pos="79.32" speed="10.00"/>
                <vehicle id="3" pos="95.32" speed="10.00"/>
            </lane>
        </edge>
        <edge id="2to3">
            <lane id="2to3_0">
                <vehicle id="2" pos="8.74" speed="10.00"/>
                <vehicle id="1" pos="24.74" speed="10.00"/>
                <vehicle id="0" pos="40.74" speed="10.00"/>
            </lane>
        </edge>
        <edge id="4to1">
            <lane id="4to1_0">
                <vehicle id="8" pos="0.90" speed="10.00"/>
                <vehicle id="7" pos="16.90" speed="10.00"/>
                <vehicle id="6" pos="32.90" speed="10.00"/>
            </lane>
        </edge>
        <edge id="7to4">
            <lane id="7to4_0">
                <vehicle id="11" pos="60.70" speed="10.00"/>
                <vehicle id="10" pos="75.70" speed="5.00"/>
                <vehicle id="9" pos="85.70" speed="5.00"/>
            </lane>
        </edge>
    </timestep>
    <timestep time="100.90">
        <edge id="1to2">
            <lane id="1to2_0">
                <vehicle id="5" pos="64.32" speed="10.00"/>
                <vehicle id="4" pos="80.32" speed="10.00"/>
                <vehicle id="3" pos="96.32" speed="10.00"/>
            </lane>
        </edge>
        <edge id="2to3">
            <lane id="2to3_0">
                <vehicle id="2" pos="9.74" speed="10.00"/>
                <vehicle id="1" pos="25.74" speed="10.00"/>
                <vehicle id="0" pos="41.74" speed="10.00"/>
            </lane>
        </edge>
        <edge id="4to1">
            <lane id="4to1_0">
                <vehicle id="8" pos="1.90" speed="10.00"/>
                <vehicle id="7" pos="17.90" speed="10.00"/>
                <vehicle id="6" pos="33.90" speed="10.00"/>
            </lane>
        </edge>
        <edge id="7to4">
            <lane id="7to4_0">
                <vehicle id="11" pos="61.70" speed="10.00"/>
                <vehicle id="10" pos="76.20" speed="5.00"/>
                <vehicle id="9" pos="86.70" speed="10.00"/>
            </lane>
        </edge>
    </timestep>
    <timestep time="101.00">
        <edge id="1to2">
            <lane id="1to2_0">
                <vehicle id="5" pos="65.32" speed="10.00"/>
                <vehicle id="4" pos="81.32" speed="10.00"/>
                <vehicle id="3" pos="97.32" speed="10.00"/>
            </lane>
        </edge>
        <edge id="2to3">
            <lane id="2to3_0">
                <vehicle id="2" pos="10.74" speed="10.00"/>
                <vehicle id="1" pos="26.74" speed="10.00"/>
                <vehicle id="0" pos="42.74" speed="10.00"/>
            </lane>
        </edge>
        <edge id="4to1">
            <lane id="4to1_0">
                <vehicle id="8" pos="2.90" speed="10.00"/>
                <vehicle id="7" pos="18.90" speed="10.00"/>
                <vehicle id="6" pos="34.90" speed="10.00"/>
            </lane>
        </edge>
        <edge id="7to4">
            <lane id="7to4_0">
                <vehicle id="11" pos="62.70" speed="10.00"/>
                <vehicle id="10" pos="77.20" speed="10.00"/>
                <vehicle id="9" pos="87.70" speed="10.00"/>
            </lane>
        </edge>
    </timestep>
    <timestep time="101.10">
        <edge id="1to2">
            <lane id="1to2_0">
                <vehicle id="5" pos="66.32" speed="10.00"/>
                <vehicle id="4" pos="82.32" speed="10.00"/>
                <vehicle id="3" pos="98.32" speed="10.00"/>
            </lane>
        </edge>
        <edge id="2to3">
            <lane id="2to3_0">
                <vehicle id="2" pos="11.74" speed="10.00"/>
                <vehicle id="1" pos="27.74" speed="10.00"/>
                <vehicle id="0" pos="43.74" speed="10.00"/>
            </lane>
        </edge>
        <edge id="4to1">
            <lane id="4to1_0">
                <vehicle id="8" pos="3.90" speed="10.00"/>
                <vehicle id="7" pos="19.90" speed="10.00"/>
                <vehicle id="6" pos="35.90" speed="10.00"/>
            </lane>
        </edge>
        <edge id="7to4">
            <lane id="7to4_0">
                <vehicle id="11" pos="63.70" speed="10.00"/>
                <vehicle id="10" pos="78.20" speed="10.00"/>
                <vehicle id="9" pos="88.70" speed="10.00"/>
            </lane>
        </edge>
    </timestep>
    <timestep time="101.20">
        <edge id=":4_1">
            <lane id=":4_1_0">
                <vehicle id="9" pos="0.10" speed="10.00"/>
            </lane>
        </edge>
        <edge id="1to2">
            <lane id="1to2_0">
                <vehicle id="5" pos="67.32" speed="10.00"/>
                <vehicle id="4" pos="83.32" speed="10.00"/>
                <vehicle id="3" pos="99.32" speed="10.00"/>
            </lane>
        </edge>
        <edge id="2to3">
            <lane id="2to3_0">
                <vehicle id="2" pos="12.74" speed="10.00"/>
                <vehicle id="1" pos="28.74" speed="10.00"/>
                <vehicle id="0" pos="44.74" speed="10.00"/>
            </lane>
        </edge>
        <edge id="4to1">
            <lane id="4to1_0">
                <vehicle id="8" pos="4.90" speed="10.00"/>
                <vehicle id="7" pos="20.90" speed="10.00"/>
                <vehicle id="6" pos="36.90" speed="10.00"/>
            </lane>
        </edge>
        <edge id="7to4">
            <lane id="7to4_0">
                <vehicle id="11" pos="64.70" speed="10.00"/>
                <vehicle id="10" pos="79.20" speed="10.00"/>
            </lane>
        </edge>
    </timestep>
    <timestep time="101.30">
        <edge id=":2_0">
            <lane id=":2_0_0">
                <vehicle id="3" pos="0.32" speed="10.00"/>
            </lane>
        </edge>
        <edge id=":4_1">
            <lane id=":4_1_0">
                <vehicle id="9" pos="1.10" speed="10.00"/>
            </lane>
        </edge>
        <edge id="1to2">
            <lane id="1to2_0">
                <vehicle id="5" pos="68.32" speed="10.00"/>
                <vehicle id="4" pos="84.32" speed="10.00"/>
            </lane>
        </edge>
        <edge id="2to3">
            <lane id="2to3_0">
                <vehicle id="2" pos="13.74" speed="10.00"/>
                <vehicle id="1" pos="29.74" speed="10.00"/>
                <vehicle id="0" pos="45.74" speed="10.00"/>
            </lane>
        </edge>
        <edge id="4to1">
            <lane id="4to1_0">
                <vehicle id="8" pos="5.90" speed="10.00"/>
                <vehicle id="7" pos="21.90" speed="10.00"/>
                <vehicle id="6" pos="37.90" speed="10.00"/>
            </lane>
        </edge>
        <edge id="7to4">
            <lane id="7to4_0">
                <vehicle id="11" pos="65.70" speed="10.00"/>
                <vehicle id="10" pos="80.20" speed="10.00"/>
            </lane>
        </edge>
    </timestep>
    <timestep time="101.40">
        <edge id=":2_0">
            <lane id=":2_0_0">
                <vehicle id="3" pos="1.32" speed="10.00"/>
            </lane>
        </edge>
        <edge id=":4_1">
            <lane id=":4_1_0">
                <vehicle id="9" pos="2.10" speed="10.00"/>
            </lane>
        </edge>
        <edge id="1to2">
            <lane id="1to2_0">
                <vehicle id="5" pos="69.32" speed="10.00"/>
                <vehicle id="4" pos="85.32" speed="10.00"/>
            </lane>
        </edge>
        <edge id="2to3">
            <lane id="2to3_0">
                <vehicle id="2" pos="14.74" speed="10.00"/>
                <vehicle id="1" pos="30.74" speed="10.00"/>
                <vehicle id="0" pos="46.74" speed="10.00"/>
            </lane>
        </edge>
        <edge id="4to1">
            <lane id="4to1_0">
                <vehicle id="8" pos="6.90" speed="10.00"/>
                <vehicle id="7" pos="22.90" speed="10.00"/>
                <vehicle id="6" pos="38.90" speed="10.00"/>
            </lane>
        </edge>
        <edge id="7to4">
            <lane id="7to4_0">
                <vehicle id="11" pos="66.70" speed="10.00"/>
                <vehicle id="10" pos="80.70" speed="5.00"/>
            </lane>
        </edge>
    </timestep>
    <timestep time="101.50">
        <edge id=":2_0">
            <lane id=":2_0_0">
                <vehicle id="3" pos="2.32" speed="10.00"/>
            </lane>
        </edge>
        <edge id=":4_1">
            <lane id=":4_1_0">
                <vehicle id="9" pos="3.10" speed="10.00"/>
            </lane>
        </edge>
        <edge id="1to2">
            <lane id="1to2_0">
                <vehicle id="5" pos="70.32" speed="10.00"/>
                <vehicle id="4" pos="86.32" speed="10.00"/>
            </lane>
        </edge>
        <edge id="2to3">
            <lane id="2to3_0">
                <vehicle id="2" pos="15.74" speed="10.00"/>
                <vehicle id="1" pos="31.74" speed="10.00"/>
                <vehicle id="0" pos="47.74" speed="10.00"/>
            </lane>
        </edge>
        <edge id="4to1">
            <lane id="4to1_0">
                <vehicle id="8" pos="7.90" speed="10.00"/>
                <vehicle id="7" pos="23.90" speed="10.00"/>
                <vehicle id="6" pos="39.90" speed="10.00"/>
            </lane>
        </edge>
        <edge id="7to4">
            <lane id="7to4_0">
                <vehicle id="11" pos="67.70" speed="10.00"/>
                <vehicle id="10" pos="81.20" speed="5.00"/>
            </lane>
        </edge>
    </timestep>
    <timestep time="101.60">
        <edge id=":4_1">
            <lane id=":4_1_0">
                <vehicle id="9" pos="4.10" speed="10.00"/>
            </lane>
        </edge>
        <edge id="1to2">
            <lane id="1to2_0">
                <vehicle id="5" pos="71.32" speed="10.00"/>
                <vehicle id="4" pos="87.32" speed="10.00"/>
            </lane>
        </edge>
        <edge id="2to3">
            <lane id="2to3_0">
                <vehicle id="3" pos="0.74" speed="10.00"/>
                <vehicle id="2" pos="16.74" speed="10.00"/>
                <vehicle id="1" pos="32.74" speed="10.00"/>
                <vehicle id="0" pos="48.74" speed="10.00"/>
            </lane>
        </edge>
        <edge id="4to1">
            <lane id="4to1_0">
                <vehicle id="8" pos="8.90" speed="10.00"/>
                <vehicle id="7" pos="24.90" speed="10.00"/>
                <vehicle id="6" pos="40.90" speed="10.00"/>
            </lane>
        </edge>
        <edge id="7to4">
            <lane id="7to4_0">
                <vehicle id="11" pos="68.70" speed="10.00"/>
                <vehicle id="10" pos="81.70" speed="5.00"/>
            </lane>
        </edge>
    </timestep>
    <timestep time="101.70">
        <edge id=":4_1">
            <lane id=":4_1_0">
                <vehicle id="9" pos="5.10" speed="10.00"/>
            </lane>
        </edge>
        <edge id="1to2">
            <lane id="1to2_0">
                <vehicle id="5" pos="72.32" speed="10.00"/>
                <vehicle id="4" pos="88.32" speed="10.00"/>
            </lane>
        </edge>
        <edge id="2to3">
            <lane id="2to3_0">
                <vehicle id="3" pos="1.74" speed="10.00"/>
                <vehicle id="2" pos="17.74" speed="10.00"/>
                <vehicle id="1" pos="33.74" speed="10.00"/>
                <vehicle id="0" pos="49.74" speed="10.00"/>
            </lane>
        </edge>
        <edge id="4to1">
            <lane id="4to1_0">
                <vehicle id="8" pos="9.90" speed="10.00"/>
                <vehicle id="7" pos="25.90" speed="10.00"/>
                <vehicle id="6" pos="41.90" speed="10.00"/>
            </lane>
        </edge>
        <edge id="7to4">
            <lane id="7to4_0">
                <vehicle id="11" pos="69.70" speed="10.00"/>
                <vehicle id="10" pos="82.20" speed="5.00"/>
            </lane>
        </edge>
    </timestep>
    <timestep time="101.80">
        <edge id=":4_1">
            <lane id=":4_1_0">
                <vehicle id="9" pos="6.10" speed="10.00"/>
            </lane>
        </edge>
        <edge id="1to2">
            <lane id="1to2_0">
                <vehicle id="5" pos="73.32" speed="10.00"/>
                <vehicle id="4" pos="89.32" speed="10.00"/>
            </lane>
        </edge>
        <edge id="2to3">
            <lane id="2to3_0">
                <vehicle id="3" pos="2.74" speed="10.00"/>
                <vehicle id="2" pos="18.74" speed="10.00"/>
                <vehicle id="1" pos="34.74" speed="10.00"/>
                <vehicle id="0" pos="50.74" speed="10.00"/>
            </lane>
        </edge>
        <edge id="4to1">
            <lane id="4to1_0">
                <vehicle id="8" pos="10.90" speed="10.00"/>
                <vehicle id="7" pos="26.90" speed="10.00"/>
                <vehicle id="6" pos="42.90" speed="10.00"/>
            </lane>
        </edge>
        <edge id="7to4">
            <lane id="7to4_0">
                <vehicle id="11" pos="70.70" speed="10.00"/>
                <vehicle id="10" pos="82.70" speed="5.00"/>
            </lane>
        </edge>
    </timestep>
    <timestep time="101.90">
        <edge id=":4_1">
            <lane id=":4_1_0">
                <vehicle id="9" pos="7.10" speed="10.00"/>
            </lane>
        </edge>
        <edge id="1to2">
            <lane id="1to2_0">
                <vehicle id="5" pos="74.32" speed="10.00"/>
                <vehicle id="4" pos="90.32" speed="10.00"/>
            </lane>
        </edge>
        <edge id="2to3">
            <lane id="2to3_0">
                <vehicle id="3" pos="3.74" speed="10.00"/>
                <vehicle id="2" pos="19.74" speed="10.00"/>
                <vehicle id="1" pos="35.74" speed="10.00"/>
                <vehicle id="0" pos="51.74" speed="10.00"/>
            </lane>
        </edge>
        <edge id="4to1">
            <lane id="4to1_0">
                <vehicle id="8" pos="11.90" speed="10.00"/>
                <vehicle id="7" pos="27.90" speed="10.00"/>
                <vehicle id="6" pos="43.90" speed="10.00"/>
            </lane>
        </edge>
        <edge id="7to4">
            <lane id="7to4_0">
                <vehicle id="11" pos="71.70" speed="10.00"/>
                <vehicle id="10" pos="83.20" speed="5.00"/>
            </lane>
        </edge>
    </timestep>
    <timestep time="102.00">
        <edge id=":4_1">
            <lane id=":4_1_0">
                <vehicle id="9" pos="8.10" speed="10.00"/>
            </lane>
        </edge>
        <edge id="1to2">
            <lane id="1to2_0">
                <vehicle id="5" pos="75.32" speed="10.00"/>
                <vehicle id="4" pos="91.32" speed="10.00"/>
            </lane>
        </edge>
        <edge id="2to3">
            <lane id="2to3_0">
                <vehicle id="3" pos="4.74" speed="10.00"/>
                <vehicle id="2" pos="20.74" speed="10.00"/>
                <vehicle id="1" pos="36.74" speed="10.00"/>
                <vehicle id="0" pos="52.74" speed="10.00"/>
            </lane>
        </edge>
        <edge id="4to1">
            <lane id="4to1_0">
                <vehicle id="8" pos="12.90" speed="10.00"/>
                <vehicle id="7" pos="28.90" speed="10.00"/>
                <vehicle id="6" pos="44.90" speed="10.00"/>
            </lane>
        </edge>
        <edge id="7to4">
            <lane id="7to4_0">
                <vehicle id="11" pos="72.70" speed="10.00"/>
                <vehicle id="10" pos="83.70" speed="5.00"/>
            </lane>
        </edge>
    </timestep>
    <timestep time="102.10">
        <edge id=":4_1">
            <lane id=":4_1_0">
                <vehicle id="9" pos="9.10" speed="10.00"/>
            </lane>
        </edge>
        <edge id="1to2">
            <lane id="1to2_0">
                <vehicle id="5" pos="76.32" speed="10.00"/>
                <vehicle id="4" pos="92.32" speed="10.00"/>
            </lane>
        </edge>
        <edge id="2to3">
            <lane id="2to3_0">
                <vehicle id="3" pos="5.74" speed="10.00"/>
                <vehicle id="2" pos="21.74" speed="10.00"/>
                <vehicle id="1" pos="37.74" speed="10.00"/>
                <vehicle id="0" pos="53.74" speed="10.00"/>
            </lane>
        </edge>
        <edge id="4to1">
            <lane id="4to1_0">
                <vehicle id="8" pos="13.90" speed="10.00"/>
                <vehicle id="7" pos="29.90" speed="10.00"/>
                <vehicle id="6" pos="45.90" speed="10.00"/>
            </lane>
        </edge>
        <edge id="7to4">
            <lane id="7to4_0">
                <vehicle id="11" pos="73.70" speed="10.00"/>
                <vehicle id="10" pos="84.20" speed="5.00"/>
            </lane>
        </edge>
    </timestep>
    <timestep time="102.20">
        <edge id=":4_1">
            <lane id=":4_1_0">
                <vehicle id="9" pos="10.10" speed="10.00"/>
            </lane>
        </edge>
        <edge id="1to2">
            <lane id="1to2_0">
                <vehicle id="5" pos="77.32" speed="10.00"/>
                <vehicle id="4" pos="93.32" speed="10.00"/>
            </lane>
        </edge>
        <edge id="2to3">
            <lane id="2to3_0">
                <vehicle id="3" pos="6.74" speed="10.00"/>
                <vehicle id="2" pos="22.74" speed="10.00"/>
                <vehicle id="1" pos="38.74" speed="10.00"/>
                <vehicle id="0" pos="54.74" speed="10.00"/>
            </lane>
        </edge>
        <edge id="4to1">
            <lane id="4to1_0">
                <vehicle id="8" pos="14.90" speed="10.00"/>
                <vehicle id="7" pos="30.90" speed="10.00"/>
                <vehicle id="6" pos="46.90" speed="10.00"/>
            </lane>
        </edge>
        <edge id="7to4">
            <lane id="7to4_0">
                <vehicle id="11" pos="74.70" speed="10.00"/>
                <vehicle id="10" pos="84.70" speed="5.00"/>
            </lane>
        </edge>
    </timestep>
    <timestep time="102.30">
        <edge id=":4_1">
            <lane id=":4_1_0">
                <vehicle id="9" pos="11.10" speed="10.00"/>
            </lane>
        </edge>
        <edge id="1to2">
            <lane id="1to2_0">
                <vehicle id="5" pos="78.32" speed="10.00"/>
                <vehicle id="4" pos="94.32" speed="10.00"/>
            </lane>
        </edge>
        <edge id="2to3">
            <lane id="2to3_0">
                <vehicle id="3" pos="7.74" speed="10.00"/>
                <vehicle id="2" pos="23.74" speed="10.00"/>
                <vehicle id="1" pos="39.74" speed="10.00"/>
                <vehicle id="0" pos="55.74" speed="10.00"/>
            </lane>
        </edge>
        <edge id="4to1">
            <lane id="4to1_0">
                <vehicle id="8" pos="15.90" speed="10.00"/>
                <vehicle id="7" pos="31.90" speed="10.00"/>
                <vehicle id="6" pos="47.90" speed="10.00"/>
            </lane>
        </edge>
        <edge id="7to4">
            <lane id="7to4_0">
                <vehicle id="11" pos="75.20" speed="5.00"/>
                <vehicle id="10" pos="85.20" speed="5.00"/>
            </lane>
        </edge>
    </timestep>
    <timestep time="102.40">
        <edge id="1to2">
            <lane id="1to2_0">
                <vehicle id="5" pos="79.32" speed="10.00"/>
                <vehicle id="4" pos="95.32" speed="10.00"/>
            </lane>
        </edge>
        <edge id="2to3">
            <lane id="2to3_0">
                <vehicle id="3" pos="8.74" speed="10.00"/>
                <vehicle id="2" pos="24.74" speed="10.00"/>
                <vehicle id="1" pos="40.74" speed="10.00"/>
                <vehicle id="0" pos="56.74" speed="10.00"/>
            </lane>
        </edge>
        <edge id="4to1">
            <lane id="4to1_0">
                <vehicle id="9" pos="0.90" speed="10.00"/>
                <vehicle id="8" pos="16.90" speed="10.00"/>
                <vehicle id="7" pos="32.90" speed="10.00"/>
                <vehicle id="6" pos="48.90" speed="10.00"/>
            </lane>
        </edge>
        <edge id="7to4">
            <lane id="7to4_0">
                <vehicle id="11" pos="75.70" speed="5.00"/>
                <vehicle id="10" pos="85.70" speed="5.00"/>
            </lane>
        </edge>
    </timestep>
    <timestep time="102.50">
        <edge id="1to2">
            <lane id="1to2_0">
                <vehicle id="5" pos="80.32" speed="10.00"/>
                <vehicle id="4" pos="96.32" speed="10.00"/>
            </lane>
        </edge>
        <edge id="2to3">
            <lane id="2to3_0">
                <vehicle id="3" pos="9.74" speed="10.00"/>
                <vehicle id="2" pos="25.74" speed="10.00"/>
                <vehicle id="1" pos="41.74" speed="10.00"/>
                <vehicle id="0" pos="57.74" speed="10.00"/>
            </lane>
        </edge>
        <edge id="4to1">
            <lane id="4to1_0">
                <vehicle id="9" pos="1.90" speed="10.00"/>
                <vehicle id="8" pos="17.90" speed="10.00"/>
                <vehicle id="7" pos="33.90" speed="10.00"/>
                <vehicle id="6" pos="49.90" speed="10.00"/>
            </lane>
        </edge>
        <edge id="7to4">
            <lane id="7to4_0">
                <vehicle id="11" pos="76.20" speed="5.00"/>
                <vehicle id="10" pos="86.70" speed="10.00"/>
            </lane>
        </edge>
    </timestep>
    <timestep time="102.60">
        <edge id="1to2">
            <lane id="1to2_0">
                <vehicle id="5" pos="81.32" speed="10.00"/>
                <vehicle id="4" pos="97.32" speed="10.00"/>
            </lane>
        </edge>
        <edge id="2to3">
            <lane id="2to3_0">
                <vehicle id="3" pos="10.74" speed="10.00"/>
                <vehicle id="2" pos="26.74" speed="10.00"/>
                <vehicle id="1" pos="42.74" speed="10.00"/>
                <vehicle id="0" pos="58.74" speed="10.00"/>
            </lane>
        </edge>
        <edge id="4to1">
            <lane id="4to1_0">
                <vehicle id="9" pos="2.90" speed="10.00"/>
                <vehicle id="8" pos="18.90" speed="10.00"/>
                <vehicle id="7" pos="34.90" speed="10.00"/>
                <vehicle id="6" pos="50.90" speed="10.00"/>
            </lane>
        </edge>
        <edge id="7to4">
            <lane id="7to4_0">
                <vehicle id="11" pos="77.20" speed="10.00"/>
                <vehicle id="10" pos="87.70" speed="10.00"/>
            </lane>
        </edge>
    </timestep>
    <timestep time="102.70">
        <edge id="1to2">
            <lane id="1to2_0">
                <vehicle id="5" pos="82.32" speed="10.00"/>
                <vehicle id="4" pos="98.32" speed="10.00"/>
            </lane>
        </edge>
        <edge id="2to3">
            <lane id="2to3_0">
                <vehicle id="3" pos="11.74" speed="10.00"/>
                <vehicle id="2" pos="27.74" speed="10.00"/>
                <vehicle id="1" pos="43.74" speed="10.00"/>
                <vehicle id="0" pos="59.74" speed="10.00"/>
            </lane>
        </edge>
        <edge id="4to1">
            <lane id="4to1_0">
                <vehicle id="9" pos="3.90" speed="10.00"/>
                <vehicle id="8" pos="19.90" speed="10.00"/>
                <vehicle id="7" pos="35.90" speed="10.00"/>
                <vehicle id="6" pos="51.90" speed="10.00"/>
            </lane>
        </edge>
        <edge id="7to4">
            <lane id="7to4_0">
                <vehicle id="11" pos="78.20" speed="10.00"/>
                <vehicle id="10" pos="88.70" speed="10.00"/>
            </lane>
        </edge>
    </timestep>
    <timestep time="102.80">
        <edge id=":4_1">
            <lane id=":4_1_0">
                <vehicle id="10" pos="0.10" speed="10.00"/>
            </lane>
        </edge>
        <edge id="1to2">
            <lane id="1to2_0">
                <vehicle id="5" pos="83.32" speed="10.00"/>
                <vehicle id="4" pos="99.32" speed="10.00"/>
            </lane>
        </edge>
        <edge id="2to3">
            <lane id="2to3_0">
                <vehicle id="3" pos="12.74" speed="10.00"/>
                <vehicle id="2" pos="28.74" speed="10.00"/>
                <vehicle id="1" pos="44.74" speed="10.00"/>
                <vehicle id="0" pos="60.74" speed="10.00"/>
            </lane>
        </edge>
        <edge id="4to1">
            <lane id="4to1_0">
                <vehicle id="9" pos="4.90" speed="10.00"/>
                <vehicle id="8" pos="20.90" speed="10.00"/>
                <vehicle id="7" pos="36.90" speed="10.00"/>
                <vehicle id="6" pos="52.90" speed="10.00"/>
            </lane>
        </edge>
        <edge id="7to4">
            <lane id="7to4_0">
                <vehicle id="11" pos="79.20" speed="10.00"/>
            </lane>
        </edge>
    </timestep>
    <timestep time="102.90">
        <edge id=":2_0">
            <lane id=":2_0_0">
                <vehicle id="4" pos="0.32" speed="10.00"/>
            </lane>
        </edge>
        <edge id=":4_1">
            <lane id=":4_1_0">
                <vehicle id="10" pos="1.10" speed="10.00"/>
            </lane>
        </edge>
        <edge id="1to2">
            <lane id="1to2_0">
                <vehicle id="5" pos="84.32" speed="10.00"/>
            </lane>
        </edge>
        <edge id="2to3">
            <lane id="2to3_0">
                <vehicle id="3" pos="13.74" speed="10.00"/>
                <vehicle id="2" pos="29.74" speed="10.00"/>
                <vehicle id="1" pos="45.74" speed="10.00"/>
                <vehicle id="0" pos="61.74" speed="10.00"/>
            </lane>
        </edge>
        <edge id="4to1">
            <lane id="4to1_0">
                <vehicle id="9" pos="5.90" speed="10.00"/>
                <vehicle id="8" pos="21.90" speed="10.00"/>
                <vehicle id="7" pos="37.90" speed="10.00"/>
                <vehicle id="6" pos="53.90" speed="10.00"/>
            </lane>
        </edge>
        <edge id="7to4">
            <lane id="7to4_0">
                <vehicle id="11" pos="80.20" speed="10.00"/>
            </lane>
        </edge>
    </timestep>
    <timestep time="103.00">
        <edge id=":2_0">
            <lane id=":2_0_0">
                <vehicle id="4" pos="1.32" speed="10.00"/>
            </lane>
        </edge>
        <edge id=":4_1">
            <lane id=":4_1_0">
                <vehicle id="10" pos="2.10" speed="10.00"/>
            </lane>
        </edge>
        <edge id="1to2">
            <lane id="1to2_0">
                <vehicle id="5" pos="85.32" speed="10.00"/>
            </lane>
        </edge>
        <edge id="2to3">
            <lane id="2to3_0">
                <vehicle id="3" pos="14.74" speed="10.00"/>
                <vehicle id="2" pos="30.74" speed="10.00"/>
                <vehicle id="1" pos="46.74" speed="10.00"/>
                <vehicle id="0" pos="62.74" speed="10.00"/>
            </lane>
        </edge>
        <edge id="4to1">
            <lane id="4to1_0">
                <vehicle id="9" pos="6.90" speed="10.00"/>
                <vehicle id="8" pos="22.90" speed="10.00"/>
                <vehicle id="7" pos="38.90" speed="10.00"/>
                <vehicle id="6" pos="54.90" speed="10.00"/>
            </lane>
        </edge>
        <edge id="7to4">
            <lane id="7to4_0">
                <vehicle id="11" pos="80.70" speed="5.00"/>
            </lane>
        </edge>
    </timestep>
    <timestep time="103.10">
        <edge id=":2_0">
            <lane id=":2_0_0">
                <vehicle id="4" pos="2.32" speed="10.00"/>
            </lane>
        </edge>
        <edge id=":4_1">
            <lane id=":4_1_0">
                <vehicle id="10" pos="3.10" speed="10.00"/>
            </lane>
        </edge>
        <edge id="1to2">
            <lane id="1to2_0">
                <vehicle id="5" pos="86.32" speed="10.00"/>
            </lane>
        </edge>
        <edge id="2to3">
            <lane id="2to3_0">
                <vehicle id="3" pos="15.74" speed="10.00"/>
                <vehicle id="2" pos="31.74" speed="10.00"/>
                <vehicle id="1" pos="47.74" speed="10.00"/>
                <vehicle id="0" pos="63.74" speed="10.00"/>
            </lane>
        </edge>
        <edge id="4to1">
            <lane id="4to1_0">
                <vehicle id="9" pos="7.90" speed="10.00"/>
                <vehicle id="8" pos="23.90" speed="10.00"/>
                <vehicle id="7" pos="39.90" speed="10.00"/>
                <vehicle id="6" pos="55.90" speed="10.00"/>
            </lane>
        </edge>
        <edge id="7to4">
            <lane id="7to4_0">
                <vehicle id="11" pos="81.20" speed="5.00"/>
            </lane>
        </edge>
    </timestep>
    <timestep time="103.20">
        <edge id=":4_1">
            <lane id=":4_1_0">
                <vehicle id="10" pos="4.10" speed="10.00"/>
            </lane>
        </edge>
        <edge id="1to2">
            <lane id="1to2_0">
                <vehicle id="5" pos="87.32" speed="10.00"/>
            </lane>
        </edge>
        <edge id="2to3">
            <lane id="2to3_0">
                <vehicle id="4" pos="0.74" speed="10.00"/>
                <vehicle id="3" pos="16.74" speed="10.00"/>
                <vehicle id="2" pos="32.74" speed="10.00"/>
                <vehicle id="1" pos="48.74" speed="10.00"/>
                <vehicle id="0" pos="64.74" speed="10.00"/>
            </lane>
        </edge>
        <edge id="4to1">
            <lane id="4to1_0">
                <vehicle id="9" pos="8.90" speed="10.00"/>
                <vehicle id="8" pos="24.90" speed="10.00"/>
                <vehicle id="7" pos="40.90" speed="10.00"/>
                <vehicle id="6" pos="56.90" speed="10.00"/>
            </lane>
        </edge>
        <edge id="7to4">
            <lane id="7to4_0">
                <vehicle id="11" pos="81.70" speed="5.00"/>
            </lane>
        </edge>
    </timestep>
    <timestep time="103.30">
        <edge id=":4_1">
            <lane id=":4_1_0">
                <vehicle id="10" pos="5.10" speed="10.00"/>
            </lane>
        </edge>
        <edge id="1to2">
            <lane id="1to2_0">
                <vehicle id="5" pos="88.32" speed="10.00"/>
            </lane>
        </edge>
        <edge id="2to3">
            <lane id="2to3_0">
                <vehicle id="4" pos="1.74" speed="10.00"/>
                <vehicle id="3" pos="17.74" speed="10.00"/>
                <vehicle id="2" pos="33.74" speed="10.00"/>
                <vehicle id="1" pos="49.74" speed="10.00"/>
                <vehicle id="0" pos="65.74" speed="10.00"/>
            </lane>
        </edge>
        <edge id="4to1">
            <lane id="4to1_0">
                <vehicle id="9" pos="9.90" speed="10.00"/>
                <vehicle id="8" pos="25.90" speed="10.00"/>
                <vehicle id="7" pos="41.90" speed="10.00"/>
                <vehicle id="6" pos="57.90" speed="10.00"/>
            </lane>
        </edge>
        <edge id="7to4">
            <lane id="7to4_0">
                <vehicle id="11" pos="82.20" speed="5.00"/>
            </lane>
        </edge>
    </timestep>
    <timestep time="103.40">
        <edge id=":4_1">
            <lane id=":4_1_0">
                <vehicle id="10" pos="6.10" speed="10.00"/>
            </lane>
        </edge>
        <edge id="1to2">
            <lane id="1to2_0">
                <vehicle id="5" pos="89.32" speed="10.00"/>
            </lane>
        </edge>
        <edge id="2to3">
            <lane id="2to3_0">
                <vehicle id="4" pos="2.74" speed="10.00"/>
                <vehicle id="3" pos="18.74" speed="10.00"/>
                <vehicle id="2" pos="34.74" speed="10.00"/>
                <vehicle id="1" pos="50.74" speed="10.00"/>
                <vehicle id="0" pos="66.74" speed="10.00"/>
            </lane>
        </edge>
        <edge id="4to1">
            <lane id="4to1_0">
                <vehicle id="9" pos="10.90" speed="10.00"/>
                <vehicle id="8" pos="26.90" speed="10.00"/>
                <vehicle id="7" pos="42.90" speed="10.00"/>
                <vehicle id="6" pos="58.90" speed="10.00"/>
            </lane>
        </edge>
        <edge id="7to4">
            <lane id="7to4_0">
                <vehicle id="11" pos="82.70" speed="5.00"/>
            </lane>
        </edge>
    </timestep>
    <timestep time="103.50">
        <edge id=":4_1">
            <lane id=":4_1_0">
                <vehicle id="10" pos="7.10" speed="10.00"/>
            </lane>
        </edge>
        <edge id="1to2">
            <lane id="1to2_0">
                <vehicle id="5" pos="90.32" speed="10.00"/>
            </lane>
        </edge>
        <edge id="2to3">
            <lane id="2to3_0">
                <vehicle id="4" pos="3.74" speed="10.00"/>
                <vehicle id="3" pos="19.74" speed="10.00"/>
                <vehicle id="2" pos="35.74" speed="10.00"/>
                <vehicle id="1" pos="51.74" speed="10.00"/>
                <vehicle id="0" pos="67.74" speed="10.00"/>
            </lane>
        </edge>
        <edge id="4to1">
            <lane id="4to1_0">
                <vehicle id="9" pos="11.90" speed="10.00"/>
                <vehicle id="8" pos="27.90" speed="10.00"/>
                <vehicle id="7" pos="43.90" speed="10.00"/>
                <vehicle id="6" pos="59.90" speed="10.00"/>
            </lane>
        </edge>
        <edge id="7to4">
            <lane id="7to4_0">
                <vehicle id="11" pos="83.20" speed="5.00"/>
            </lane>
        </edge>
    </timestep>
    <timestep time="103.60">
        <edge id=":4_1">
            <lane id=":4_1_0">
                <vehicle id="10" pos="8.10" speed="10.00"/>
            </lane>
        </edge>
        <edge id="1to2">
            <lane id="1to2_0">
                <vehicle id="5" pos="91.32" speed="10.00"/>
            </lane>
        </edge>
        <edge id="2to3">
            <lane id="2to3_0">
                <vehicle id="4" pos="4.74" speed="10.00"/>
                <vehicle id="3" pos="20.74" speed="10.00"/>
                <vehicle id="2" pos="36.74" speed="10.00"/>
                <vehicle id="1" pos="52.74" speed="10.00"/>
                <vehicle id="0" pos="68.74" speed="10.00"/>
            </lane>
        </edge>
        <edge id="4to1">
            <lane id="4to1_0">
                <vehicle id="9" pos="12.90" speed="10.00"/>
                <vehicle id="8" pos="28.90" speed="10.00"/>
                <vehicle id="7" pos="44.90" speed="10.00"/>
                <vehicle id="6" pos="60.90" speed="10.00"/>
            </lane>
        </edge>
        <edge id="7to4">
            <lane id="7to4_0">
                <vehicle id="11" pos="83.70" speed="5.00"/>
            </lane>
        </edge>
    </timestep>
    <timestep time="103.70">
        <edge id=":4_1">
            <lane id=":4_1_0">
                <vehicle id="10" pos="9.10" speed="10.00"/>
            </lane>
        </edge>
        <edge id="1to2">
            <lane id="1to2_0">
                <vehicle id="5" pos="92.32" speed="10.00"/>
            </lane>
        </edge>
        <edge id="2to3">
            <lane id="2to3_0">
                <vehicle id="4" pos="5.74" speed="10.00"/>
                <vehicle id="3" pos="21.74" speed="10.00"/>
                <vehicle id="2" pos="37.74" speed="10.00"/>
                <vehicle id="1" pos="53.74" speed="10.00"/>
                <vehicle id="0" pos="69.74" speed="10.00"/>
            </lane>
        </edge>
        <edge id="4to1">
            <lane id="4to1_0">
                <vehicle id="9" pos="13.90" speed="10.00"/>
                <vehicle id="8" pos="29.90" speed="10.00"/>
                <vehicle id="7" pos="45.90" speed="10.00"/>
                <vehicle id="6" pos="61.90" speed="10.00"/>
            </lane>
        </edge>
        <edge id="7to4">
            <lane id="7to4_0">
                <vehicle id="11" pos="84.20" speed="5.00"/>
            </lane>
        </edge>
    </timestep>
    <timestep time="103.80">
        <edge id=":4_1">
            <lane id=":4_1_0">
                <vehicle id="10" pos="10.10" speed="10.00"/>
            </lane>
        </edge>
        <edge id="1to2">
            <lane id="1to2_0">
                <vehicle id="5" pos="93.32" speed="10.00"/>
            </lane>
        </edge>
        <edge id="2to3">
            <lane id="2to3_0">
                <vehicle id="4" pos="6.74" speed="10.00"/>
                <vehicle id="3" pos="22.74" speed="10.00"/>
                <vehicle id="2" pos="38.74" speed="10.00"/>
                <vehicle id="1" pos="54.74" speed="10.00"/>
                <vehicle id="0" pos="70.74" speed="10.00"/>
            </lane>
        </edge>
        <edge id="4to1">
            <lane id="4to1_0">
                <vehicle id="9" pos="14.90" speed="10.00"/>
                <vehicle id="8" pos="30.90" speed="10.00"/>
                <vehicle id="7" pos="46.90" speed="10.00"/>
                <vehicle id="6" pos="62.90" speed="10.00"/>
            </lane>
        </edge>
        <edge id="7to4">
            <lane id="7to4_0">
                <vehicle id="11" pos="84.70" speed="5.00"/>
            </lane>
        </edge>
    </timestep>
    <timestep time="103.90">
        <edge id=":4_1">
            <lane id=":4_1_0">
                <vehicle id="10" pos="11.10" speed="10.00"/>
            </lane>
        </edge>
        <edge id="1to2">
            <lane id="1to2_0">
                <vehicle id="5" pos="94.32" speed="10.00"/>
            </lane>
        </edge>
        <edge id="2to3">
            <lane id="2to3_0">
                <vehicle id="4" pos="7.74" speed="10.00"/>
                <vehicle id="3" pos="23.74" speed="10.00"/>
                <vehicle id="2" pos="39.74" speed="10.00"/>
                <vehicle id="1" pos="55.74" speed="10.00"/>
                <vehicle id="0" pos="71.74" speed="10.00"/>
            </lane>
        </edge>
        <edge id="4to1">
            <lane id="4to1_0">
                <vehicle id="9" pos="15.90" speed="10.00"/>
                <vehicle id="8" pos="31.90" speed="10.00"/>
                <vehicle id="7" pos="47.90" speed="10.00"/>
                <vehicle id="6" pos="63.90" speed="10.00"/>
            </lane>
        </edge>
        <edge id="7to4">
            <lane id="7to4_0">
                <vehicle id="11" pos="85.20" speed="5.00"/>
            </lane>
        </edge>
    </timestep>
    <timestep time="104.00">
        <edge id="1to2">
            <lane id="1to2_0">
                <vehicle id="5" pos="95.32" speed="10.00"/>
            </lane>
        </edge>
        <edge id="2to3">
            <lane id="2to3_0">
                <vehicle id="4" pos="8.74" speed="10.00"/>
                <vehicle id="3" pos="24.74" speed="10.00"/>
                <vehicle id="2" pos="40.74" speed="10.00"/>
                <vehicle id="1" pos="56.74" speed="10.00"/>
                <vehicle id="0" pos="72.74" speed="10.00"/>
            </lane>
        </edge>
        <edge id="4to1">
            <lane id="4to1_0">
                <vehicle id="10" pos="0.90" speed="10.00"/>
                <vehicle id="9" pos="16.90" speed="10.00"/>
                <vehicle id="8" pos="32.90" speed="10.00"/>
                <vehicle id="7" pos="48.90" speed="10.00"/>
                <vehicle id="6" pos="64.90" speed="10.00"/>
            </lane>
        </edge>
        <edge id="7to4">
            <lane id="7to4_0">
                <vehicle id="11" pos="85.70" speed="5.00"/>
            </lane>
        </edge>
    </timestep>
    <timestep time="104.10">
        <edge id="1to2">
            <lane id="1to2_0">
                <vehicle id="5" pos="96.32" speed="10.00"/>
            </lane>
        </edge>
        <edge id="2to3">
            <lane id="2to3_0">
                <vehicle id="4" pos="9.74" speed="10.00"/>
                <vehicle id="3" pos="25.74" speed="10.00"/>
                <vehicle id="2" pos="41.74" speed="10.00"/>
                <vehicle id="1" pos="57.74" speed="10.00"/>
                <vehicle id="0" pos="73.74" speed="10.00"/>
            </lane>
        </edge>
        <edge id="4to1">
            <lane id="4to1_0">
                <vehicle id="10" pos="1.90" speed="10.00"/>
                <vehicle id="9" pos="17.90" speed="10.00"/>
                <vehicle id="8" pos="33.90" speed="10.00"/>
                <vehicle id="7" pos="49.90" speed="10.00"/>
                <vehicle id="6" pos="65.90" speed="10.00"/>
            </lane>
        </edge>
        <edge id="7to4">
            <lane id="7to4_0">
                <vehicle id="11" pos="86.70" speed="10.00"/>
            </lane>
        </edge>
    </timestep>
    <timestep time="104.20">
        <edge id="1to2">
            <lane id="1to2_0">
                <vehicle id="5" pos="97.32" speed="10.00"/>
            </lane>
        </edge>
        <edge id="2to3">
            <lane id="2to3_0">
                <vehicle id="4" pos="10.74" speed="10.00"/>
                <vehicle id="3" pos="26.74" speed="10.00"/>
                <vehicle id="2" pos="42.74" speed="10.00"/>
                <vehicle id="1" pos="58.74" speed="10.00"/>
                <vehicle id="0" pos="74.74" speed="10.00"/>
            </lane>
        </edge>
        <edge id="4to1">
            <lane id="4to1_0">
                <vehicle id="10" pos="2.90" speed="10.00"/>
                <vehicle id="9" pos="18.90" speed="10.00"/>
                <vehicle id="8" pos="34.90" speed="10.00"/>
                <vehicle id="7" pos="50.90" speed="10.00"/>
                <vehicle id="6" pos="66.90" speed="10.00"/>
            </lane>
        </edge>
        <edge id="7to4">
            <lane id="7to4_0">
                <vehicle id="11" pos="87.70" speed="10.00"/>
            </lane>
        </edge>
    </timestep>
    <timestep time="104.30">
        <edge id="1to2">
            <lane id="1to2_0">
                <vehicle id="5" pos="98.32" speed="10.00"/>
            </lane>
        </edge>
        <edge id="2to3">
            <lane id="2to3_0">
                <vehicle id="4" pos="11.74" speed="10.00"/>
                <vehicle id="3" pos="27.74" speed="10.00"/>
                <vehicle id="2" pos="43.74" speed="10.00"/>
                <vehicle id="1" pos="59.74" speed="10.00"/>
                <vehicle id="0" pos="75.74" speed="10.00"/>
            </lane>
        </edge>
        <edge id="4to1">
            <lane id="4to1_0">
                <vehicle id="10" pos="3.90" speed="10.00"/>
                <vehicle id="9" pos="19.90" speed="10.00"/>
                <vehicle id="8" pos="35.90" speed="10.00"/>
                <vehicle id="7" pos="51.90" speed="10.00"/>
                <vehicle id="6" pos="67.90" speed="10.00"/>
            </lane>
        </edge>
        <edge id="7to4">
            <lane id="7to4_0">
                <vehicle id="11" pos="88.70" speed="10.00"/>
            </lane>
        </edge>
    </timestep>
    <timestep time="104.40">
        <edge id=":4_1">
            <lane id=":4_1_0">
                <vehicle id="11" pos="0.10" speed="10.00"/>
            </lane>
        </edge>
        <edge id="1to2">
            <lane id="1to2_0">
                <vehicle id="5" pos="99.32" speed="10.00"/>
            </lane>
        </edge>
        <edge id="2to3">
            <lane id="2to3_0">
                <vehicle id="4" pos="12.74" speed="10.00"/>
                <vehicle id="3" pos="28.74" speed="10.00"/>
                <vehicle id="2" pos="44.74" speed="10.00"/>
                <vehicle id="1" pos="60.74" speed="10.00"/>
                <vehicle id="0" pos="76.74" speed="10.00"/>
            </lane>
        </edge>
        <edge id="4to1">
            <lane id="4to1_0">
                <vehicle id="10" pos="4.90" speed="10.00"/>
                <vehicle id="9" pos="20.90" speed="10.00"/>
                <vehicle id="8" pos="36.90" speed="10.00"/>
                <vehicle id="7" pos="52.90" speed="10.00"/>
                <vehicle id="6" pos="68.90" speed="10.00"/>
            </lane>
        </edge>
    </timestep>
    <timestep time="104.50">
        <edge id=":2_0">
            <lane id=":2_0_0">
                <vehicle id="5" pos="0.32" speed="10.00"/>
            </lane>
        </edge>
        <edge id=":4_1">
            <lane id=":4_1_0">
                <vehicle id="11" pos="1.10" speed="10.00"/>
            </lane>
        </edge>
        <edge id="2to3">
            <lane id="2to3_0">
                <vehicle id="4" pos="13.74" speed="10.00"/>
                <vehicle id="3" pos="29.74" speed="10.00"/>
                <vehicle id="2" pos="45.74" speed="10.00"/>
                <vehicle id="1" pos="61.74" speed="10.00"/>
                <vehicle id="0" pos="77.74" speed="10.00"/>
            </lane>
        </edge>
        <edge id="4to1">
            <lane id="4to1_0">
                <vehicle id="10" pos="5.90" speed="10.00"/>
                <vehicle id="9" pos="21.90" speed="10.00"/>
                <vehicle id="8" pos="37.90" speed="10.00"/>
                <vehicle id="7" pos="53.90" speed="10.00"/>
                <vehicle id="6" pos="69.90" speed="10.00"/>
            </lane>
        </edge>
    </timestep>
    <timestep time="104.60">
        <edge id=":2_0">
            <lane id=":2_0_0">
                <vehicle id="5" pos="1.32" speed="10.00"/>
            </lane>
        </edge>
        <edge id=":4_1">
            <lane id=":4_1_0">
                <vehicle id="11" pos="2.10" speed="10.00"/>
            </lane>
        </edge>
        <edge id="2to3">
            <lane id="2to3_0">
                <vehicle id="4" pos="14.74" speed="10.00"/>
                <vehicle id="3" pos="30.74" speed="10.00"/>
                <vehicle id="2" pos="46.74" speed="10.00"/>
                <vehicle id="1" pos="62.74" speed="10.00"/>
                <vehicle id="0" pos="78.74" speed="10.00"/>
            </lane>
        </edge>
        <edge id="4to1">
            <lane id="4to1_0">
                <vehicle id="10" pos="6.90" speed="10.00"/>
                <vehicle id="9" pos="22.90" speed="10.00"/>
                <vehicle id="8" pos="38.90" speed="10.00"/>
                <vehicle id="7" pos="54.90" speed="10.00"/>
                <vehicle id="6" pos="70.90" speed="10.00"/>
            </lane>
        </edge>
    </timestep>
    <timestep time="104.70">
        <edge id=":2_0">
            <lane id=":2_0_0">
                <vehicle id="5" pos="2.32" speed="10.00"/>
            </lane>
        </edge>
        <edge id=":4_1">
            <lane id=":4_1_0">
                <vehicle id="11" pos="3.10" speed="10.00"/>
            </lane>
        </edge>
        <edge id="2to3">
            <lane id="2to3_0">
                <vehicle id="4" pos="15.74" speed="10.00"/>
                <vehicle id="3" pos="31.74" speed="10.00"/>
                <vehicle id="2" pos="47.74" speed="10.00"/>
                <vehicle id="1" pos="63.74" speed="10.00"/>
                <vehicle id="0" pos="79.74" speed="10.00"/>
            </lane>
        </edge>
        <edge id="4to1">
            <lane id="4to1_0">
                <vehicle id="10" pos="7.90" speed="10.00"/>
                <vehicle id="9" pos="23.90" speed="10.00"/>
                <vehicle id="8" pos="39.90" speed="10.00"/>
                <vehicle id="7" pos="55.90" speed="10.00"/>
                <vehicle id="6" pos="71.90" speed="10.00"/>
            </lane>
        </edge>
    </timestep>
    <timestep time="104.80">
        <edge id=":4_1">
            <lane id=":4_1_0">
                <vehicle id="11" pos="4.10" speed="10.00"/>
            </lane>
        </edge>
        <edge id="2to3">
            <lane id="2to3_0">
                <vehicle id="5" pos="0.74" speed="10.00"/>
                <vehicle id="4" pos="16.74" speed="10.00"/>
                <vehicle id="3" pos="32.74" speed="10.00"/>
                <vehicle id="2" pos="48.74" speed="10.00"/>
                <vehicle id="1" pos="64.74" speed="10.00"/>
                <vehicle id="0" pos="80.74" speed="10.00"/>
            </lane>
        </edge>
        <edge id="4to1">
            <lane id="4to1_0">
                <vehicle id="10" pos="8.90" speed="10.00"/>
                <vehicle id="9" pos="24.90" speed="10.00"/>
                <vehicle id="8" pos="40.90" speed="10.00"/>
                <vehicle id="7" pos="56.90" speed="10.00"/>
                <vehicle id="6" pos="72.90" speed="10.00"/>
            </lane>
        </edge>
    </timestep>
    <timestep time="104.90">
        <edge id=":4_1">
            <lane id=":4_1_0">
                <vehicle id="11" pos="5.10" speed="10.00"/>
            </lane>
        </edge>
        <edge id="2to3">
            <lane id="2to3_0">
                <vehicle id="5" pos="1.74" speed="10.00"/>
                <vehicle id="4" pos="17.74" speed="10.00"/>
                <vehicle id="3" pos="33.74" speed="10.00"/>
                <vehicle id="2" pos="49.74" speed="10.00"/>
                <vehicle id="1" pos="65.74" speed="10.00"/>
                <vehicle id="0" pos="81.74" speed="10.00"/>
            </lane>
        </edge>
        <edge id="4to1">
            <lane id="4to1_0">
                <vehicle id="10" pos="9.90" speed="10.00"/>
                <vehicle id="9" pos="25.90" speed="10.00"/>
                <vehicle id="8" pos="41.90" speed="10.00"/>
                <vehicle id="7" pos="57.90" speed="10.00"/>
                <vehicle id="6" pos="73.90" speed="10.00"/>
            </lane>
        </edge>
    </timestep>
    <timestep time="105.00">
        <edge id=":4_1">
            <lane id=":4_1_0">
                <vehicle id="11" pos="6.10" speed="10.00"/>
            </lane>
        </edge>
        <edge id="2to3">
            <lane id="2to3_0">
                <vehicle id="5" pos="2.74" speed="10.00"/>
                <vehicle id="4" pos="18.74" speed="10.00"/>
                <vehicle id="3" pos="34.74" speed="10.00"/>
                <vehicle id="2" pos="50.74" speed="10.00"/>
                <vehicle id="1" pos="66.74" speed="10.00"/>
                <vehicle id="0" pos="82.74" speed="10.00"/>
            </lane>
        </edge>
        <edge id="4to1">
            <lane id="4to1_0">
                <vehicle id="10" pos="10.90" speed="10.00"/>
                <vehicle id="9" pos="26.90" speed="10.00"/>
                <vehicle id="8" pos="42.90" speed="10.00"/>
                <vehicle id="7" pos="58.90" speed="10.00"/>
                <vehicle id="6" pos="74.90" speed="10.00"/>
            </lane>
        </edge>
    </timestep>
    <timestep time="105.10">
        <edge id=":4_1">
            <lane id=":4_1_0">
                <vehicle id="11" pos="7.10" speed="10.00"/>
            </lane>
        </edge>
        <edge id="2to3">
            <lane id="2to3_0">
                <vehicle id="5" pos="3.74" speed="10.00"/>
                <vehicle id="4" pos="19.74" speed="10.00"/>
                <vehicle id="3" pos="35.74" speed="10.00"/>
                <vehicle id="2" pos="51.74" speed="10.00"/>
                <vehicle id="1" pos="67.74" speed="10.00"/>
                <vehicle id="0" pos="83.74" speed="10.00"/>
            </lane>
        </edge>
        <edge id="4to1">
            <lane id="4to1_0">
                <vehicle id="10" pos="11.90" speed="10.00"/>
                <vehicle id="9" pos="27.90" speed="10.00"/>
                <vehicle id="8" pos="43.90" speed="10.00"/>
                <vehicle id="7" pos="59.90" speed="10.00"/>
                <vehicle id="6" pos="75.90" speed="10.00"/>
            </lane>
        </edge>
    </timestep>
    <timestep time="105.20">
        <edge id=":4_1">
            <lane id=":4_1_0">
                <vehicle id="11" pos="8.10" speed="10.00"/>
            </lane>
        </edge>
        <edge id="2to3">
            <lane id="2to3_0">
                <vehicle id="5" pos="4.74" speed="10.00"/>
                <vehicle id="4" pos="20.74" speed="10.00"/>
                <vehicle id="3" pos="36.74" speed="10.00"/>
                <vehicle id="2" pos="52.74" speed="10.00"/>
                <vehicle id="1" pos="68.74" speed="10.00"/>
                <vehicle id="0" pos="84.74" speed="10.00"/>
            </lane>
        </edge>
        <edge id="4to1">
            <lane id="4to1_0">
                <vehicle id="10" pos="12.90" speed="10.00"/>
                <vehicle id="9" pos="28.90" speed="10.00"/>
                <vehicle id="8" pos="44.90" speed="10.00"/>
                <vehicle id="7" pos="60.90" speed="10.00"/>
                <vehicle id="6" pos="76.90" speed="10.00"/>
            </lane>
        </edge>
    </timestep>
    <timestep time="105.30">
        <edge id=":4_1">
            <lane id=":4_1_0">
                <vehicle id="11" pos="9.10" speed="10.00"/>
            </lane>
        </edge>
        <edge id="2to3">
            <lane id="2to3_0">
                <vehicle id="5" pos="5.74" speed="10.00"/>
                <vehicle id="4" pos="21.74" speed="10.00"/>
                <vehicle id="3" pos="37.74" speed="10.00"/>
                <vehicle id="2" pos="53.74" speed="10.00"/>
                <vehicle id="1" pos="69.74" speed="10.00"/>
                <vehicle id="0" pos="85.74" speed="10.00"/>
            </lane>
        </edge>
        <edge id="4to1">
            <lane id="4to1_0">
                <vehicle id="10" pos="13.90" speed="10.00"/>
                <vehicle id="9" pos="29.90" speed="10.00"/>
                <vehicle id="8" pos="45.90" speed="10.00"/>
                <vehicle id="7" pos="61.90" speed="10.00"/>
                <vehicle id="6" pos="77.90" speed="10.00"/>
            </lane>
        </edge>
    </timestep>
    <timestep time="105.40">
        <edge id=":4_1">
            <lane id=":4_1_0">
                <vehicle id="11" pos="10.10" speed="10.00"/>
            </lane>
        </edge>
        <edge id="2to3">
            <lane id="2to3_0">
                <vehicle id="5" pos="6.74" speed="10.00"/>
                <vehicle id="4" pos="22.74" speed="10.00"/>
                <vehicle id="3" pos="38.74" speed="10.00"/>
                <vehicle id="2" pos="54.74" speed="10.00"/>
                <vehicle id="1" pos="70.74" speed="10.00"/>
                <vehicle id="0" pos="86.74" speed="10.00"/>
            </lane>
        </edge>
        <edge id="4to1">
            <lane id="4to1_0">
                <vehicle id="10" pos="14.90" speed="10.00"/>
                <vehicle id="9" pos="30.90" speed="10.00"/>
                <vehicle id="8" pos="46.90" speed="10.00"/>
                <vehicle id="7" pos="62.90" speed="10.00"/>
                <vehicle id="6" pos="78.90" speed="10.00"/>
            </lane>
        </edge>
    </timestep>
    <timestep time="105.50">
        <edge id=":4_1">
            <lane id=":4_1_0">
                <vehicle id="11" pos="11.10" speed="10.00"/>
            </lane>
        </edge>
        <edge id="2to3">
            <lane id="2to3_0">
                <vehicle id="5" pos="7.74" speed="10.00"/>
                <vehicle id="4" pos="23.74" speed="10.00"/>
                <vehicle id="3" pos="39.74" speed="10.00"/>
                <vehicle id="2" pos="55.74" speed="10.00"/>
                <vehicle id="1" pos="71.74" speed="10.00"/>
                <vehicle id="0" pos="87.74" speed="10.00"/>
            </lane>
        </edge>
        <edge id="4to1">
            <lane id="4to1_0">
                <vehicle id="10" pos="15.90" speed="10.00"/>
                <vehicle id="9" pos="31.90" speed="10.00"/>
                <vehicle id="8" pos="47.90" speed="10.00"/>
                <vehicle id="7" pos="63.90" speed="10.00"/>
                <vehicle id="6" pos="79.90" speed="10.00"/>
            </lane>
        </edge>
    </timestep>
    <timestep time="105.60">
        <edge id="2to3">
            <lane id="2to3_0">
                <vehicle id="5" pos="8.74" speed="10.00"/>
                <vehicle id="4" pos="24.74" speed="10.00"/>
                <vehicle id="3" pos="40.74" speed="10.00"/>
                <vehicle id="2" pos="56.74" speed="10.00"/>
                <vehicle id="1" pos="72.74" speed="10.00"/>
                <vehicle id="0" pos="88.74" speed="10.00"/>
            </lane>
        </edge>
        <edge id="4to1">
            <lane id="4to1_0">
                <vehicle id="11" pos="0.90" speed="10.00"/>
                <vehicle id="10" pos="16.90" speed="10.00"/>
                <vehicle id="9" pos="32.90" speed="10.00"/>
                <vehicle id="8" pos="48.90" speed="10.00"/>
                <vehicle id="7" pos="64.90" speed="10.00"/>
                <vehicle id="6" pos="80.90" speed="10.00"/>
            </lane>
        </edge>
    </timestep>
    <timestep time="105.70">
        <edge id="2to3">
            <lane id="2to3_0">
                <vehicle id="5" pos="9.74" speed="10.00"/>
                <vehicle id="4" pos="25.74" speed="10.00"/>
                <vehicle id="3" pos="41.74" speed="10.00"/>
                <vehicle id="2" pos="57.74" speed="10.00"/>
                <vehicle id="1" pos="73.74" speed="10.00"/>
                <vehicle id="0" pos="89.74" speed="10.00"/>
            </lane>
        </edge>
        <edge id="4to1">
            <lane id="4to1_0">
                <vehicle id="11" pos="1.90" speed="10.00"/>
                <vehicle id="10" pos="17.90" speed="10.00"/>
                <vehicle id="9" pos="33.90" speed="10.00"/>
                <vehicle id="8" pos="49.90" speed="10.00"/>
                <vehicle id="7" pos="65.90" speed="10.00"/>
                <vehicle id="6" pos="81.90" speed="10.00"/>
            </lane>
        </edge>
    </timestep>
    <timestep time="105.80">
        <edge id="2to3">
            <lane id="2to3_0">
                <vehicle id="5" pos="10.74" speed="10.00"/>
                <vehicle id="4" pos="26.74" speed="10.00"/>
                <vehicle id="3" pos="42.74" speed="10.00"/>
                <vehicle id="2" pos="58.74" speed="10.00"/>
                <vehicle id="1" pos="74.74" speed="10.00"/>
                <vehicle id="0" pos="90.74" speed="10.00"/>
            </lane>
        </edge>
        <edge id="4to1">
            <lane id="4to1_0">
                <vehicle id="11" pos="2.90" speed="10.00"/>
                <vehicle id="10" pos="18.90" speed="10.00"/>
                <vehicle id="9" pos="34.90" speed="10.00"/>
                <vehicle id="8" pos="50.90" speed="10.00"/>
                <vehicle id="7" pos="66.90" speed="10.00"/>
                <vehicle id="6" pos="82.90" speed="10.00"/>
            </lane>
        </edge>
    </timestep>
    <timestep time="105.90">
        <edge id="2to3">
            <lane id="2to3_0">
                <vehicle id="5" pos="11.74" speed="10.00"/>
                <vehicle id="4" pos="27.74" speed="10.00"/>
                <vehicle id="3" pos="43.74" speed="10.00"/>
                <vehicle id="2" pos="59.74" speed="10.00"/>
                <vehicle id="1" pos="75.74" speed="10.00"/>
                <vehicle id="0" pos="91.74" speed="10.00"/>
            </lane>
        </edge>
        <edge id="4to1">
            <lane id="4to1_0">
                <vehicle id="11" pos="3.90" speed="10.00"/>
                <vehicle id="10" pos="19.90" speed="10.00"/>
                <vehicle id="9" pos="35.90" speed="10.00"/>
                <vehicle id="8" pos="51.90" speed="10.00"/>
                <vehicle id="7" pos="67.90" speed="10.00"/>
                <vehicle id="6" pos="83.90" speed="10.00"/>
            </lane>
        </edge>
    </timestep>
    <timestep time="106.00">
        <edge id="2to3">
            <lane id="2to3_0">
                <vehicle id="5" pos="12.74" speed="10.00"/>
                <vehicle id="4" pos="28.74" speed="10.00"/>
                <vehicle id="3" pos="44.74" speed="10.00"/>
                <vehicle id="2" pos="60.74" speed="10.00"/>
                <vehicle id="1" pos="76.74" speed="10.00"/>
                <vehicle id="0" pos="92.74" speed="10.00"/>
            </lane>
        </edge>
        <edge id="4to1">
            <lane id="4to1_0">
                <vehicle id="11" pos="4.90" speed="10.00"/>
                <vehicle id="10" pos="20.90" speed="10.00"/>
                <vehicle id="9" pos="36.90" speed="10.00"/>
                <vehicle id="8" pos="52.90" speed="10.00"/>
                <vehicle id="7" pos="68.90" speed="10.00"/>
                <vehicle id="6" pos="84.90" speed="10.00"/>
            </lane>
        </edge>
    </timestep>
    <timestep time="106.10">
        <edge id="2to3">
            <lane id="2to3_0">
                <vehicle id="5" pos="13.74" speed="10.00"/>
                <vehicle id="4" pos="29.74" speed="10.00"/>
                <vehicle id="3" pos="45.74" speed="10.00"/>
                <vehicle id="2" pos="61.74" speed="10.00"/>
                <vehicle id="1" pos="77.74" speed="10.00"/>
                <vehicle id="0" pos="93.74" speed="10.00"/>
            </lane>
        </edge>
        <edge id="4to1">
            <lane id="4to1_0">
                <vehicle id="11" pos="5.90" speed="10.00"/>
                <vehicle id="10" pos="21.90" speed="10.00"/>
                <vehicle id="9" pos="37.90" speed="10.00"/>
                <vehicle id="8" pos="53.90" speed="10.00"/>
                <vehicle id="7" pos="69.90" speed="10.00"/>
                <vehicle id="6" pos="85.90" speed="10.00"/>
            </lane>
        </edge>
    </timestep>
    <timestep time="106.20">
        <edge id="2to3">
            <lane id="2to3_0">
                <vehicle id="5" pos="14.74" speed="10.00"/>
                <vehicle id="4" pos="30.74" speed="10.00"/>
                <vehicle id="3" pos="46.74" speed="10.00"/>
                <vehicle id="2" pos="62.74" speed="10.00"/>
                <vehicle id="1" pos="78.74" speed="10.00"/>
                <vehicle id="0" pos="94.74" speed="10.00"/>
            </lane>
        </edge>
        <edge id="4to1">
            <lane id="4to1_0">
                <vehicle id="11" pos="6.90" speed="10.00"/>
                <vehicle id="10" pos="22.90" speed="10.00"/>
                <vehicle id="9" pos="38.90" speed="10.00"/>
                <vehicle id="8" pos="54.90" speed="10.00"/>
                <vehicle id="7" pos="70.90" speed="10.00"/>
                <vehicle id="6" pos="86.90" speed="10.00"/>
            </lane>
        </edge>
    </timestep>
    <timestep time="106.30">
        <edge id="2to3">
            <lane id="2to3_0">
                <vehicle id="5" pos="15.74" speed="10.00"/>
                <vehicle id="4" pos="31.74" speed="10.00"/>
                <vehicle id="3" pos="47.74" speed="10.00"/>
                <vehicle id="2" pos="63.74" speed="10.00"/>
                <vehicle id="1" pos="79.74" speed="10.00"/>
                <vehicle id="0" pos="95.74" speed="10.00"/>
            </lane>
        </edge>
        <edge id="4to1">
            <lane id="4to1_0">
                <vehicle id="11" pos="7.90" speed="10.00"/>
                <vehicle id="10" pos="23.90" speed="10.00"/>
                <vehicle id="9" pos="39.90" speed="10.00"/>
                <vehicle id="8" pos="55.90" speed="10.00"/>
                <vehicle id="7" pos="71.90" speed="10.00"/>
                <vehicle id="6" pos="87.90" speed="10.00"/>
            </lane>
        </edge>
    </timestep>
    <timestep time="106.40">
        <edge id="2to3">
            <lane id="2to3_0">
                <vehicle id="5" pos="16.74" speed="10.00"/>
                <vehicle id="4" pos="32.74" speed="10.00"/>
                <vehicle id="3" pos="48.74" speed="10.00"/>
                <vehicle id="2" pos="64.74" speed="10.00"/>
                <vehicle id="1" pos="80.74" speed="10.00"/>
                <vehicle id="0" pos="96.74" speed="10.00"/>
            </lane>
        </edge>
        <edge id="4to1">
            <lane id="4to1_0">
                <vehicle id="11" pos="8.90" speed="10.00"/>
                <vehicle id="10" pos="24.90" speed="10.00"/>
                <vehicle id="9" pos="40.90" speed="10.00"/>
                <vehicle id="8" pos="56.90" speed="10.00"/>
                <vehicle id="7" pos="72.90" speed="10.00"/>
                <vehicle id="6" pos="88.90" speed="10.00"/>
            </lane>
        </edge>
    </timestep>
    <timestep time="106.50">
        <edge id="2to3">
            <lane id="2to3_0">
                <vehicle id="5" pos="17.74" speed="10.00"/>
                <vehicle id="4" pos="33.74" speed="10.00"/>
                <vehicle id="3" pos="49.74" speed="10.00"/>
                <vehicle id="2" pos="65.74" speed="10.00"/>
                <vehicle id="1" pos="81.74" speed="10.00"/>
                <vehicle id="0" pos="97.74" speed="10.00"/>
            </lane>
        </edge>
        <edge id="4to1">
            <lane id="4to1_0">
                <vehicle id="11" pos="9.90" speed="10.00"/>
                <vehicle id="10" pos="25.90" speed="10.00"/>
                <vehicle id="9" pos="41.90" speed="10.00"/>
                <vehicle id="8" pos="57.90" speed="10.00"/>
                <vehicle id="7" pos="73.90" speed="10.00"/>
                <vehicle id="6" pos="89.90" speed="10.00"/>
            </lane>
        </edge>
    </timestep>
    <timestep time="106.60">
        <edge id="2to3">
            <lane id="2to3_0">
                <vehicle id="5" pos="18.74" speed="10.00"/>
                <vehicle id="4" pos="34.74" speed="10.00"/>
                <vehicle id="3" pos="50.74" speed="10.00"/>
                <vehicle id="2" pos="66.74" speed="10.00"/>
                <vehicle id="1" pos="82.74" speed="10.00"/>
                <vehicle id="0" pos="98.74" speed="10.00"/>
            </lane>
        </edge>
        <edge id="4to1">
            <lane id="4to1_0">
                <vehicle id="11" pos="10.90" speed="10.00"/>
                <vehicle id="10" pos="26.90" speed="10.00"/>
                <vehicle id="9" pos="42.90" speed="10.00"/>
                <vehicle id="8" pos="58.90" speed="10.00"/>
                <vehicle id="7" pos="74.90" speed="10.00"/>
                <vehicle id="6" pos="90.90" speed="10.00"/>
            </lane>
        </edge>
    </timestep>
    <timestep time="106.70">
        <edge id="2to3">
            <lane id="2to3_0">
                <vehicle id="5" pos="19.74" speed="10.00"/>
                <vehicle id="4" pos="35.74" speed="10.00"/>
                <vehicle id="3" pos="51.74" speed="10.00"/>
                <vehicle id="2" pos="67.74" speed="10.00"/>
                <vehicle id="1" pos="83.74" speed="10.00"/>
                <vehicle id="0" pos="99.74" speed="10.00"/>
            </lane>
        </edge>
        <edge id="4to1">
            <lane id="4to1_0">
                <vehicle id="11" pos="11.90" speed="10.00"/>
                <vehicle id="10" pos="27.90" speed="10.00"/>
                <vehicle id="9" pos="43.90" speed="10.00"/>
                <vehicle id="8" pos="59.90" speed="10.00"/>
                <vehicle id="7" pos="75.90" speed="10.00"/>
                <vehicle id="6" pos="91.90" speed="10.00"/>
            </lane>
        </edge>
    </timestep>
    <timestep time="106.80">
        <edge id=":3_0">
            <lane id=":3_0_0">
                <vehicle id="0" pos="0.74" speed="10.00"/>
            </lane>
        </edge>
        <edge id="2to3">
            <lane id="2to3_0">
                <vehicle id="5" pos="20.74" speed="10.00"/>
                <vehicle id="4" pos="36.74" speed="10.00"/>
                <vehicle id="3" pos="52.74" speed="10.00"/>
                <vehicle id="2" pos="68.74" speed="10.00"/>
                <vehicle id="1" pos="84.74" speed="10.00"/>
            </lane>
        </edge>
        <edge id="4to1">
            <lane id="4to1_0">
                <vehicle id="11" pos="12.90" speed="10.00"/>
                <vehicle id="10" pos="28.90" speed="10.00"/>
                <vehicle id="9" pos="44.90" speed="10.00"/>
                <vehicle id="8" pos="60.90" speed="10.00"/>
                <vehicle id="7" pos="76.90" speed="10.00"/>
                <vehicle id="6" pos="92.90" speed="10.00"/>
            </lane>
        </edge>
    </timestep>
    <timestep time="106.90">
        <edge id=":3_0">
            <lane id=":3_0_0">
                <vehicle id="0" pos="1.74" speed="10.00"/>
            </lane>
        </edge>
        <edge id="2to3">
            <lane id="2to3_0">
                <vehicle id="5" pos="21.74" speed="10.00"/>
                <vehicle id="4" pos="37.74" speed="10.00"/>
                <vehicle id="3" pos="53.74" speed="10.00"/>
                <vehicle id="2" pos="69.74" speed="10.00"/>
                <vehicle id="1" pos="85.74" speed="10.00"/>
            </lane>
        </edge>
        <edge id="4to1">
            <lane id="4to1_0">
                <vehicle id="11" pos="13.90" speed="10.00"/>
                <vehicle id="10" pos="29.90" speed="10.00"/>
                <vehicle id="9" pos="45.90" speed="10.00"/>
                <vehicle id="8" pos="61.90" speed="10.00"/>
                <vehicle id="7" pos="77.90" speed="10.00"/>
                <vehicle id="6" pos="93.90" speed="10.00"/>
            </lane>
        </edge>
    </timestep>
    <timestep time="107.00">
        <edge id="2to3">
            <lane id="2to3_0">
                <vehicle id="5" pos="22.74" speed="10.00"/>
                <vehicle id="4" pos="38.74" speed="10.00"/>
                <vehicle id="3" pos="54.74" speed="10.00"/>
                <vehicle id="2" pos="70.74" speed="10.00"/>
                <vehicle id="1" pos="86.74" speed="10.00"/>
            </lane>
        </edge>
        <edge id="3to4">
            <lane id="3to4_0">
                <vehicle id="0" pos="0.16" speed="10.00"/>
            </lane>
        </edge>
        <edge id="4to1">
            <lane id="4to1_0">
                <vehicle id="11" pos="14.90" speed="10.00"/>
                <vehicle id="10" pos="30.90" speed="10.00"/>
                <vehicle id="9" pos="46.90" speed="10.00"/>
                <vehicle id="8" pos="62.90" speed="10.00"/>
                <vehicle id="7" pos="78.90" speed="10.00"/>
                <vehicle id="6" pos="94.90" speed="10.00"/>
            </lane>
        </edge>
    </timestep>
    <timestep time="107.10">
        <edge id="2to3">
            <lane id="2to3_0">
                <vehicle id="5" pos="23.74" speed="10.00"/>
                <vehicle id="4" pos="39.74" speed="10.00"/>
                <vehicle id="3" pos="55.74" speed="10.00"/>
                <vehicle id="2" pos="71.74" speed="10.00"/>
                <vehicle id="1" pos="87.74" speed="10.00"/>
            </lane>
        </edge>
        <edge id="3to4">
            <lane id="3to4_0">
                <vehicle id="0" pos="1.16" speed="10.00"/>
            </lane>
        </edge>
        <edge id="4to1">
            <lane id="4to1_0">
                <vehicle id="11" pos="15.90" speed="10.00"/>
                <vehicle id="10" pos="31.90" speed="10.00"/>
                <vehicle id="9" pos="47.90" speed="10.00"/>
                <vehicle id="8" pos="63.90" speed="10.00"/>
                <vehicle id="7" pos="79.90" speed="10.00"/>
                <vehicle id="6" pos="95.90" speed="10.00"/>
            </lane>
        </edge>
    </timestep>
    <timestep time="107.20">
        <edge id=":1_0">
            <lane id=":1_0_0">
                <vehicle id="6" pos="0.90" speed="10.00"/>
            </lane>
        </edge>
        <edge id="2to3">
            <lane id="2to3_0">
                <vehicle id="5" pos="24.74" speed="10.00"/>
                <vehicle id="4" pos="40.74" speed="10.00"/>
                <vehicle id="3" pos="56.74" speed="10.00"/>
                <vehicle id="2" pos="72.74" speed="10.00"/>
                <vehicle id="1" pos="88.74" speed="10.00"/>
            </lane>
        </edge>
        <edge id="3to4">
            <lane id="3to4_0">
                <vehicle id="0" pos="2.16" speed="10.00"/>
            </lane>
        </edge>
        <edge id="4to1">
            <lane id="4to1_0">
                <vehicle id="11" pos="16.90" speed="10.00"/>
                <vehicle id="10" pos="32.90" speed="10.00"/>
                <vehicle id="9" pos="48.90" speed="10.00"/>
                <vehicle id="8" pos="64.90" speed="10.00"/>
                <vehicle id="7" pos="80.90" speed="10.00"/>
            </lane>
        </edge>
    </timestep>
    <timestep time="107.30">
        <edge id=":1_0">
            <lane id=":1_0_0">
                <vehicle id="6" pos="1.90" speed="10.00"/>
            </lane>
        </edge>
        <edge id="2to3">
            <lane id="2to3_0">
                <vehicle id="5" pos="25.74" speed="10.00"/>
                <vehicle id="4" pos="41.74" speed="10.00"/>
                <vehicle id="3" pos="57.74" speed="10.00"/>
                <vehicle id="2" pos="73.74" speed="10.00"/>
                <vehicle id="1" pos="89.74" speed="10.00"/>
            </lane>
        </edge>
        <edge id="3to4">
            <lane id="3to4_0">
                <vehicle id="0" pos="3.16" speed="10.00"/>
            </lane>
        </edge>
        <edge id="4to1">
            <lane id="4to1_0">
                <vehicle id="11" pos="17.90" speed="10.00"/>
                <vehicle id="10" pos="33.90" speed="10.00"/>
                <vehicle id="9" pos="49.90" speed="10.00"/>
                <vehicle id="8" pos="65.90" speed="10.00"/>
                <vehicle id="7" pos="81.90" speed="10.00"/>
            </lane>
        </edge>
    </timestep>
    <timestep time="107.40">
        <edge id="1to2">
            <lane id="1to2_0">
                <vehicle id="6" pos="0.32" speed="10.00"/>
            </lane>
        </edge>
        <edge id="2to3">
            <lane id="2to3_0">
                <vehicle id="5" pos="26.74" speed="10.00"/>
                <vehicle id="4" pos="42.74" speed="10.00"/>
                <vehicle id="3" pos="58.74" speed="10.00"/>
                <vehicle id="2" pos="74.74" speed="10.00"/>
                <vehicle id="1" pos="90.74" speed="10.00"/>
            </lane>
        </edge>
        <edge id="3to4">
            <lane id="3to4_0">
                <vehicle id="0" pos="4.16" speed="10.00"/>
            </lane>
        </edge>
        <edge id="4to1">
            <lane id="4to1_0">
                <vehicle id="11" pos="18.90" speed="10.00"/>
                <vehicle id="10" pos="34.90" speed="10.00"/>
                <vehicle id="9" pos="50.90" speed="10.00"/>
                <vehicle id="8" pos="66.90" speed="10.00"/>
                <vehicle id="7" pos="82.90" speed="10.00"/>
            </lane>
        </edge>
    </timestep>
    <timestep time="107.50">
        <edge id="1to2">
            <lane id="1to2_0">
                <vehicle id="6" pos="1.32" speed="10.00"/>
            </lane>
        </edge>
        <edge id="2to3">
            <lane id="2to3_0">
                <vehicle id="5" pos="27.74" speed="10.00"/>
                <vehicle id="4" pos="43.74" speed="10.00"/>
                <vehicle id="3" pos="59.74" speed="10.00"/>
                <vehicle id="2" pos="75.74" speed="10.00"/>
                <vehicle id="1" pos="91.74" speed="10.00"/>
            </lane>
        </edge>
        <edge id="3to4">
            <lane id="3to4_0">
                <vehicle id="0" pos="5.16" speed="10.00"/>
            </lane>
        </edge>
        <edge id="4to1">
            <lane id="4to1_0">
                <vehicle id="11" pos="19.90" speed="10.00"/>
                <vehicle id="10" pos="35.90" speed="10.00"/>
                <vehicle id="9" pos="51.90" speed="10.00"/>
                <vehicle id="8" pos="67.90" speed="10.00"/>
                <vehicle id="7" pos="83.90" speed="10.00"/>
            </lane>
        </edge>
    </timestep>
    <timestep time="107.60">
        <edge id="1to2">
            <lane id="1to2_0">
                <vehicle id="6" pos="2.32" speed="10.00"/>
            </lane>
        </edge>
        <edge id="2to3">
            <lane id="2to3_0">
                <vehicle id="5" pos="28.74" speed="10.00"/>
                <vehicle id="4" pos="44.74" speed="10.00"/>
                <vehicle id="3" pos="60.74" speed="10.00"/>
                <vehicle id="2" pos="76.74" speed="10.00"/>
                <vehicle id="1" pos="92.74" speed="10.00"/>
            </lane>
        </edge>
        <edge id="3to4">
            <lane id="3to4_0">
                <vehicle id="0" pos="6.16" speed="10.00"/>
            </lane>
        </edge>
        <edge id="4to1">
            <lane id="4to1_0">
                <vehicle id="11" pos="20.90" speed="10.00"/>
                <vehicle id="10" pos="36.90" speed="10.00"/>
                <vehicle id="9" pos="52.90" speed="10.00"/>
                <vehicle id="8" pos="68.90" speed="10.00"/>
                <vehicle id="7" pos="84.90" speed="10.00"/>
            </lane>
        </edge>
    </timestep>
    <timestep time="107.70">
        <edge id="1to2">
            <lane id="1to2_0">
                <vehicle id="6" pos="3.32" speed="10.00"/>
            </lane>
        </edge>
        <edge id="2to3">
            <lane id="2to3_0">
                <vehicle id="5" pos="29.74" speed="10.00"/>
                <vehicle id="4" pos="45.74" speed="10.00"/>
                <vehicle id="3" pos="61.74" speed="10.00"/>
                <vehicle id="2" pos="77.74" speed="10.00"/>
                <vehicle id="1" pos="93.74" speed="10.00"/>
            </lane>
        </edge>
        <edge id="3to4">
            <lane id="3to4_0">
                <vehicle id="0" pos="7.16" speed="10.00"/>
            </lane>
        </edge>
        <edge id="4to1">
            <lane id="4to1_0">
                <vehicle id="11" pos="21.90" speed="10.00"/>
                <vehicle id="10" pos="37.90" speed="10.00"/>
                <vehicle id="9" pos="53.90" speed="10.00"/>
                <vehicle id="8" pos="69.90" speed="10.00"/>
                <vehicle id="7" pos="85.90" speed="10.00"/>
            </lane>
        </edge>
    </timestep>
    <timestep time="107.80">
        <edge id="1to2">
            <lane id="1to2_0">
                <vehicle id="6" pos="4.32" speed="10.00"/>
            </lane>
        </edge>
        <edge id="2to3">
            <lane id="2to3_0">
                <vehicle id="5" pos="30.74" speed="10.00"/>
                <vehicle id="4" pos="46.74" speed="10.00"/>
                <vehicle id="3" pos="62.74" speed="10.00"/>
                <vehicle id="2" pos="78.74" speed="10.00"/>
                <vehicle id="1" pos="94.74" speed="10.00"/>
            </lane>
        </edge>
        <edge id="3to4">
            <lane id="3to4_0">
                <vehicle id="0" pos="8.16" speed="10.00"/>
            </lane>
        </edge>
        <edge id="4to1">
            <lane id="4to1_0">
                <vehicle id="11" pos="22.90" speed="10.00"/>
                <vehicle id="10" pos="38.90" speed="10.00"/>
                <vehicle id="9" pos="54.90" speed="10.00"/>
                <vehicle id="8" pos="70.90" speed="10.00"/>
                <vehicle id="7" pos="86.90" speed="10.00"/>
            </lane>
        </edge>
    </timestep>
    <timestep time="107.90">
        <edge id="1to2">
            <lane id="1to2_0">
                <vehicle id="6" pos="5.32" speed="10.00"/>
            </lane>
        </edge>
        <edge id="2to3">
            <lane id="2to3_0">
                <vehicle id="5" pos="31.74" speed="10.00"/>
                <vehicle id="4" pos="47.74" speed="10.00"/>
                <vehicle id="3" pos="63.74" speed="10.00"/>
                <vehicle id="2" pos="79.74" speed="10.00"/>
                <vehicle id="1" pos="95.74" speed="10.00"/>
            </lane>
        </edge>
        <edge id="3to4">
            <lane id="3to4_0">
                <vehicle id="0" pos="9.16" speed="10.00"/>
            </lane>
        </edge>
        <edge id="4to1">
            <lane id="4to1_0">
                <vehicle id="11" pos="23.90" speed="10.00"/>
                <vehicle id="10" pos="39.90" speed="10.00"/>
                <vehicle id="9" pos="55.90" speed="10.00"/>
                <vehicle id="8" pos="71.90" speed="10.00"/>
                <vehicle id="7" pos="87.90" speed="10.00"/>
            </lane>
        </edge>
    </timestep>
    <timestep time="108.00">
        <edge id="1to2">
            <lane id="1to2_0">
                <vehicle id="6" pos="6.32" speed="10.00"/>
            </lane>
        </edge>
        <edge id="2to3">
            <lane id="2to3_0">
                <vehicle id="5" pos="32.74" speed="10.00"/>
                <vehicle id="4" pos="48.74" speed="10.00"/>
                <vehicle id="3" pos="64.74" speed="10.00"/>
                <vehicle id="2" pos="80.74" speed="10.00"/>
                <vehicle id="1" pos="96.74" speed="10.00"/>
            </lane>
        </edge>
        <edge id="3to4">
            <lane id="3to4_0">
                <vehicle id="0" pos="10.16" speed="10.00"/>
            </lane>
        </edge>
        <edge id="4to1">
            <lane id="4to1_0">
                <vehicle id="11" pos="24.90" speed="10.00"/>
                <vehicle id="10" pos="40.90" speed="10.00"/>
                <vehicle id="9" pos="56.90" speed="10.00"/>
                <vehicle id="8" pos="72.90" speed="10.00"/>
                <vehicle id="7" pos="88.90" speed="10.00"/>
            </lane>
        </edge>
    </timestep>
    <timestep time="108.10">
        <edge id="1to2">
            <lane id="1to2_0">
                <vehicle id="6" pos="7.32" speed="10.00"/>
            </lane>
        </edge>
        <edge id="2to3">
            <lane id="2to3_0">
                <vehicle id="5" pos="33.74" speed="10.00"/>
                <vehicle id="4" pos="49.74" speed="10.00"/>
                <vehicle id="3" pos="65.74" speed="10.00"/>
                <vehicle id="2" pos="81.74" speed="10.00"/>
                <vehicle id="1" pos="97.74" speed="10.00"/>
            </lane>
        </edge>
        <edge id="3to4">
            <lane id="3to4_0">
                <vehicle id="0" pos="11.16" speed="10.00"/>
            </lane>
        </edge>
        <edge id="4to1">
            <lane id="4to1_0">
                <vehicle id="11" pos="25.90" speed="10.00"/>
                <vehicle id="10" pos="41.90" speed="10.00"/>
                <vehicle id="9" pos="57.90" speed="10.00"/>
                <vehicle id="8" pos="73.90" speed="10.00"/>
                <vehicle id="7" pos="89.90" speed="10.00"/>
            </lane>
        </edge>
    </timestep>
    <timestep time="108.20">
        <edge id="1to2">
            <lane id="1to2_0">
                <vehicle id="6" pos="8.32" speed="10.00"/>
            </lane>
        </edge>
        <edge id="2to3">
            <lane id="2to3_0">
                <vehicle id="5" pos="34.74" speed="10.00"/>
                <vehicle id="4" pos="50.74" speed="10.00"/>
                <vehicle id="3" pos="66.74" speed="10.00"/>
                <vehicle id="2" pos="82.74" speed="10.00"/>
                <vehicle id="1" pos="98.74" speed="10.00"/>
            </lane>
        </edge>
        <edge id="3to4">
            <lane id="3to4_0">
                <vehicle id="0" pos="12.16" speed="10.00"/>
            </lane>
        </edge>
        <edge id="4to1">
            <lane id="4to1_0">
                <vehicle id="11" pos="26.90" speed="10.00"/>
                <vehicle id="10" pos="42.90" speed="10.00"/>
                <vehicle id="9" pos="58.90" speed="10.00"/>
                <vehicle id="8" pos="74.90" speed="10.00"/>
                <vehicle id="7" pos="90.90" speed="10.00"/>
            </lane>
        </edge>
    </timestep>
    <timestep time="108.30">
        <edge id="1to2">
            <lane id="1to2_0">
                <vehicle id="6" pos="9.32" speed="10.00"/>
            </lane>
        </edge>
        <edge id="2to3">
            <lane id="2to3_0">
                <vehicle id="5" pos="35.74" speed="10.00"/>
                <vehicle id="4" pos="51.74" speed="10.00"/>
                <vehicle id="3" pos="67.74" speed="10.00"/>
                <vehicle id="2" pos="83.74" speed="10.00"/>
                <vehicle id="1" pos="99.74" speed="10.00"/>
            </lane>
        </edge>
        <edge id="3to4">
            <lane id="3to4_0">
                <vehicle id="0" pos="13.16" speed="10.00"/>
            </lane>
        </edge>
        <edge id="4to1">
            <lane id="4to1_0">
                <vehicle id="11" pos="27.90" speed="10.00"/>
                <vehicle id="10" pos="43.90" speed="10.00"/>
                <vehicle id="9" pos="59.90" speed="10.00"/>
                <vehicle id="8" pos="75.90" speed="10.00"/>
                <vehicle id="7" pos="91.90" speed="10.00"/>
            </lane>
        </edge>
    </timestep>
    <timestep time="108.40">
        <edge id=":3_0">
            <lane id=":3_0_0">
                <vehicle id="1" pos="0.74" speed="10.00"/>
            </lane>
        </edge>
        <edge id="1to2">
            <lane id="1to2_0">
                <vehicle id="6" pos="10.32" speed="10.00"/>
            </lane>
        </edge>
        <edge id="2to3">
            <lane id="2to3_0">
                <vehicle id="5" pos="36.74" speed="10.00"/>
                <vehicle id="4" pos="52.74" speed="10.00"/>
                <vehicle id="3" pos="68.74" speed="10.00"/>
                <vehicle id="2" pos="84.74" speed="10.00"/>
            </lane>
        </edge>
        <edge id="3to4">
            <lane id="3to4_0">
                <vehicle id="0" pos="14.16" speed="10.00"/>
            </lane>
        </edge>
        <edge id="4to1">
            <lane id="4to1_0">
                <vehicle id="11" pos="28.90" speed="10.00"/>
                <vehicle id="10" pos="44.90" speed="10.00"/>
                <vehicle id="9" pos="60.90" speed="10.00"/>
                <vehicle id="8" pos="76.90" speed="10.00"/>
                <vehicle id="7" pos="92.90" speed="10.00"/>
            </lane>
        </edge>
    </timestep>
    <timestep time="108.50">
        <edge id=":3_0">
            <lane id=":3_0_0">
                <vehicle id="1" pos="1.74" speed="10.00"/>
            </lane>
        </edge>
        <edge id="1to2">
            <lane id="1to2_0">
                <vehicle id="6" pos="11.32" speed="10.00"/>
            </lane>
        </edge>
        <edge id="2to3">
            <lane id="2to3_0">
                <vehicle id="5" pos="37.74" speed="10.00"/>
                <vehicle id="4" pos="53.74" speed="10.00"/>
                <vehicle id="3" pos="69.74" speed="10.00"/>
                <vehicle id="2" pos="85.74" speed="10.00"/>
            </lane>
        </edge>
        <edge id="3to4">
            <lane id="3to4_0">
                <vehicle id="0" pos="15.16" speed="10.00"/>
            </lane>
        </edge>
        <edge id="4to1">
            <lane id="4to1_0">
                <vehicle id="11" pos="29.90" speed="10.00"/>
                <vehicle id="10" pos="45.90" speed="10.00"/>
                <vehicle id="9" pos="61.90" speed="10.00"/>
                <vehicle id="8" pos="77.90" speed="10.00"/>
                <vehicle id="7" pos="93.90" speed="10.00"/>
            </lane>
        </edge>
    </timestep>
    <timestep time="108.60">
        <edge id="1to2">
            <lane id="1to2_0">
                <vehicle id="6" pos="12.32" speed="10.00"/>
            </lane>
        </edge>
        <edge id="2to3">
            <lane id="2to3_0">
                <vehicle id="5" pos="38.74" speed="10.00"/>
                <vehicle id="4" pos="54.74" speed="10.00"/>
                <vehicle id="3" pos="70.74" speed="10.00"/>
                <vehicle id="2" pos="86.74" speed="10.00"/>
            </lane>
        </edge>
        <edge id="3to4">
            <lane id="3to4_0">
                <vehicle id="1" pos="0.16" speed="10.00"/>
                <vehicle id="0" pos="16.16" speed="10.00"/>
            </lane>
        </edge>
        <edge id="4to1">
            <lane id="4to1_0">
                <vehicle id="11" pos="30.90" speed="10.00"/>
                <vehicle id="10" pos="46.90" speed="10.00"/>
                <vehicle id="9" pos="62.90" speed="10.00"/>
                <vehicle id="8" pos="78.90" speed="10.00"/>
                <vehicle id="7" pos="94.90" speed="10.00"/>
            </lane>
        </edge>
    </timestep>
    <timestep time="108.70">
        <edge id="1to2">
            <lane id="1to2_0">
                <vehicle id="6" pos="13.32" speed="10.00"/>
            </lane>
        </edge>
        <edge id="2to3">
            <lane id="2to3_0">
                <vehicle id="5" pos="39.74" speed="10.00"/>
                <vehicle id="4" pos="55.74" speed="10.00"/>
                <vehicle id="3" pos="71.74" speed="10.00"/>
                <vehicle id="2" pos="87.74" speed="10.00"/>
            </lane>
        </edge>
        <edge id="3to4">
            <lane id="3to4_0">
                <vehicle id="1" pos="1.16" speed="10.00"/>
                <vehicle id="0" pos="17.16" speed="10.00"/>
            </lane>
        </edge>
        <edge id="4to1">
            <lane id="4to1_0">
                <vehicle id="11" pos="31.90" speed="10.00"/>
                <vehicle id="10" pos="47.90" speed="10.00"/>
                <vehicle id="9" pos="63.90" speed="10.00"/>
                <vehicle id="8" pos="79.90" speed="10.00"/>
                <vehicle id="7" pos="95.90" speed="10.00"/>
            </lane>
        </edge>
    </timestep>
    <timestep time="108.80">
        <edge id=":1_0">
            <lane id=":1_0_0">
                <vehicle id="7" pos="0.90" speed="10.00"/>
            </lane>
        </edge>
        <edge id="1to2">
            <lane id="1to2_0">
                <vehicle id="6" pos="14.32" speed="10.00"/>
            </lane>
        </edge>
        <edge id="2to3">
            <lane id="2to3_0">
                <vehicle id="5" pos="40.74" speed="10.00"/>
                <vehicle id="4" pos="56.74" speed="10.00"/>
                <vehicle id="3" pos="72.74" speed="10.00"/>
                <vehicle id="2" pos="88.74" speed="10.00"/>
            </lane>
        </edge>
        <edge id="3to4">
            <lane id="3to4_0">
                <vehicle id="1" pos="2.16" speed="10.00"/>
                <vehicle id="0" pos="18.16" speed="10.00"/>
            </lane>
        </edge>
        <edge id="4to1">
            <lane id="4to1_0">
                <vehicle id="11" pos="32.90" speed="10.00"/>
                <vehicle id="10" pos="48.90" speed="10.00"/>
                <vehicle id="9" pos="64.90" speed="10.00"/>
                <vehicle id="8" pos="80.90" speed="10.00"/>
            </lane>
        </edge>
    </timestep>
    <timestep time="108.90">
        <edge id=":1_0">
            <lane id=":1_0_0">
                <vehicle id="7" pos="1.90" speed="10.00"/>
            </lane>
        </edge>
        <edge id="1to2">
            <lane id="1to2_0">
                <vehicle id="6" pos="15.32" speed="10.00"/>
            </lane>
        </edge>
        <edge id="2to3">
            <lane id="2to3_0">
                <vehicle id="5" pos="41.74" speed="10.00"/>
                <vehicle id="4" pos="57.74" speed="10.00"/>
                <vehicle id="3" pos="73.74" speed="10.00"/>
                <vehicle id="2" pos="89.74" speed="10.00"/>
            </lane>
        </edge>
        <edge id="3to4">
            <lane id="3to4_0">
                <vehicle id="1" pos="3.16" speed="10.00"/>
                <vehicle id="0" pos="19.16" speed="10.00"/>
            </lane>
        </edge>
        <edge id="4to1">
            <lane id="4to1_0">
                <vehicle id="11" pos="33.90" speed="10.00"/>
                <vehicle id="10" pos="49.90" speed="10.00"/>
                <vehicle id="9" pos="65.90" speed="10.00"/>
                <vehicle id="8" pos="81.90" speed="10.00"/>
            </lane>
        </edge>
    </timestep>
    <timestep time="109.00">
        <edge id="1to2">
            <lane id="1to2_0">
                <vehicle id="7" pos="0.32" speed="10.00"/>
                <vehicle id="6" pos="16.32" speed="10.00"/>
            </lane>
        </edge>
        <edge id="2to3">
            <lane id="2to3_0">
                <vehicle id="5" pos="42.74" speed="10.00"/>
                <vehicle id="4" pos="58.74" speed="10.00"/>
                <vehicle id="3" pos="74.74" speed="10.00"/>
                <vehicle id="2" pos="90.74" speed="10.00"/>
            </lane>
        </edge>
        <edge id="3to4">
            <lane id="3to4_0">
                <vehicle id="1" pos="4.16" speed="10.00"/>
                <vehicle id="0" pos="20.16" speed="10.00"/>
            </lane>
        </edge>
        <edge id="4to1">
            <lane id="4to1_0">
                <vehicle id="11" pos="34.90" speed="10.00"/>
                <vehicle id="10" pos="50.90" speed="10.00"/>
                <vehicle id="9" pos="66.90" speed="10.00"/>
                <vehicle id="8" pos="82.90" speed="10.00"/>
            </lane>
        </edge>
    </timestep>
    <timestep time="109.10">
        <edge id="1to2">
            <lane id="1to2_0">
                <vehicle id="7" pos="1.32" speed="10.00"/>
                <vehicle id="6" pos="17.32" speed="10.00"/>
            </lane>
        </edge>
        <edge id="2to3">
            <lane id="2to3_0">
                <vehicle id="5" pos="43.74" speed="10.00"/>
                <vehicle id="4" pos="59.74" speed="10.00"/>
                <vehicle id="3" pos="75.74" speed="10.00"/>
                <vehicle id="2" pos="91.74" speed="10.00"/>
            </lane>
        </edge>
        <edge id="3to4">
            <lane id="3to4_0">
                <vehicle id="1" pos="5.16" speed="10.00"/>
                <vehicle id="0" pos="21.16" speed="10.00"/>
            </lane>
        </edge>
        <edge id="4to1">
            <lane id="4to1_0">
                <vehicle id="11" pos="35.90" speed="10.00"/>
                <vehicle id="10" pos="51.90" speed="10.00"/>
                <vehicle id="9" pos="67.90" speed="10.00"/>
                <vehicle id="8" pos="83.90" speed="10.00"/>
            </lane>
        </edge>
    </timestep>
    <timestep time="109.20">
        <edge id="1to2">
            <lane id="1to2_0">
                <vehicle id="7" pos="2.32" speed="10.00"/>
                <vehicle id="6" pos="18.32" speed="10.00"/>
            </lane>
        </edge>
        <edge id="2to3">
            <lane id="2to3_0">
                <vehicle id="5" pos="44.74" speed="10.00"/>
                <vehicle id="4" pos="60.74" speed="10.00"/>
                <vehicle id="3" pos="76.74" speed="10.00"/>
                <vehicle id="2" pos="92.74" speed="10.00"/>
            </lane>
        </edge>
        <edge id="3to4">
            <lane id="3to4_0">
                <vehicle id="1" pos="6.16" speed="10.00"/>
                <vehicle id="0" pos="22.16" speed="10.00"/>
            </lane>
        </edge>
        <edge id="4to1">
            <lane id="4to1_0">
                <vehicle id="11" pos="36.90" speed="10.00"/>
                <vehicle id="10" pos="52.90" speed="10.00"/>
                <vehicle id="9" pos="68.90" speed="10.00"/>
                <vehicle id="8" pos="84.90" speed="10.00"/>
            </lane>
        </edge>
    </timestep>
    <timestep time="109.30">
        <edge id="1to2">
            <lane id="1to2_0">
                <vehicle id="7" pos="3.32" speed="10.00"/>
                <vehicle id="6" pos="19.32" speed="10.00"/>
            </lane>
        </edge>
        <edge id="2to3">
            <lane id="2to3_0">
                <vehicle id="5" pos="45.74" speed="10.00"/>
                <vehicle id="4" pos="61.74" speed="10.00"/>
                <vehicle id="3" pos="77.74" speed="10.00"/>
                <vehicle id="2" pos="93.74" speed="10.00"/>
            </lane>
        </edge>
        <edge id="3to4">
            <lane id="3to4_0">
                <vehicle id="1" pos="7.16" speed="10.00"/>
                <vehicle id="0" pos="23.16" speed="10.00"/>
            </lane>
        </edge>
        <edge id="4to1">
            <lane id="4to1_0">
                <vehicle id="11" pos="37.90" speed="10.00"/>
                <vehicle id="10" pos="53.90" speed="10.00"/>
                <vehicle id="9" pos="69.90" speed="10.00"/>
                <vehicle id="8" pos="85.90" speed="10.00"/>
            </lane>
        </edge>
    </timestep>
    <timestep time="109.40">
        <edge id="1to2">
            <lane id="1to2_0">
                <vehicle id="7" pos="4.32" speed="10.00"/>
                <vehicle id="6" pos="20.32" speed="10.00"/>
            </lane>
        </edge>
        <edge id="2to3">
            <lane id="2to3_0">
                <vehicle id="5" pos="46.74" speed="10.00"/>
                <vehicle id="4" pos="62.74" speed="10.00"/>
                <vehicle id="3" pos="78.74" speed="10.00"/>
                <vehicle id="2" pos="94.74" speed="10.00"/>
            </lane>
        </edge>
        <edge id="3to4">
            <lane id="3to4_0">
                <vehicle id="1" pos="8.16" speed="10.00"/>
                <vehicle id="0" pos="24.16" speed="10.00"/>
            </lane>
        </edge>
        <edge id="4to1">
            <lane id="4to1_0">
                <vehicle id="11" pos="38.90" speed="10.00"/>
                <vehicle id="10" pos="54.90" speed="10.00"/>
                <vehicle id="9" pos="70.90" speed="10.00"/>
                <vehicle id="8" pos="86.90" speed="10.00"/>
            </lane>
        </edge>
    </timestep>
    <timestep time="109.50">
        <edge id="1to2">
            <lane id="1to2_0">
                <vehicle id="7" pos="5.32" speed="10.00"/>
                <vehicle id="6" pos="21.32" speed="10.00"/>
            </lane>
        </edge>
        <edge id="2to3">
            <lane id="2to3_0">
                <vehicle id="5" pos="47.74" speed="10.00"/>
                <vehicle id="4" pos="63.74" speed="10.00"/>
                <vehicle id="3" pos="79.74" speed="10.00"/>
                <vehicle id="2" pos="95.74" speed="10.00"/>
            </lane>
        </edge>
        <edge id="3to4">
            <lane id="3to4_0">
                <vehicle id="1" pos="9.16" speed="10.00"/>
                <vehicle id="0" pos="25.16" speed="10.00"/>
            </lane>
        </edge>
        <edge id="4to1">
            <lane id="4to1_0">
                <vehicle id="11" pos="39.90" speed="10.00"/>
                <vehicle id="10" pos="55.90" speed="10.00"/>
                <vehicle id="9" pos="71.90" speed="10.00"/>
                <vehicle id="8" pos="87.90" speed="10.00"/>
            </lane>
        </edge>
    </timestep>
    <timestep time="109.60">
        <edge id="1to2">
            <lane id="1to2_0">
                <vehicle id="7" pos="6.32" speed="10.00"/>
                <vehicle id="6" pos="22.32" speed="10.00"/>
            </lane>
        </edge>
        <edge id="2to3">
            <lane id="2to3_0">
                <vehicle id="5" pos="48.74" speed="10.00"/>
                <vehicle id="4" pos="64.74" speed="10.00"/>
                <vehicle id="3" pos="80.74" speed="10.00"/>
                <vehicle id="2" pos="96.74" speed="10.00"/>
            </lane>
        </edge>
        <edge id="3to4">
            <lane id="3to4_0">
                <vehicle id="1" pos="10.16" speed="10.00"/>
                <vehicle id="0" pos="26.16" speed="10.00"/>
            </lane>
        </edge>
        <edge id="4to1">
            <lane id="4to1_0">
                <vehicle id="11" pos="40.90" speed="10.00"/>
                <vehicle id="10" pos="56.90" speed="10.00"/>
                <vehicle id="9" pos="72.90" speed="10.00"/>
                <vehicle id="8" pos="88.90" speed="10.00"/>
            </lane>
        </edge>
    </timestep>
    <timestep time="109.70">
        <edge id="1to2">
            <lane id="1to2_0">
                <vehicle id="7" pos="7.32" speed="10.00"/>
                <vehicle id="6" pos="23.32" speed="10.00"/>
            </lane>
        </edge>
        <edge id="2to3">
            <lane id="2to3_0">
                <vehicle id="5" pos="49.74" speed="10.00"/>
                <vehicle id="4" pos="65.74" speed="10.00"/>
                <vehicle id="3" pos="81.74" speed="10.00"/>
                <vehicle id="2" pos="97.74" speed="10.00"/>
            </lane>
        </edge>
        <edge id="3to4">
            <lane id="3to4_0">
                <vehicle id="1" pos="11.16" speed="10.00"/>
                <vehicle id="0" pos="27.16" speed="10.00"/>
            </lane>
        </edge>
        <edge id="4to1">
            <lane id="4to1_0">
                <vehicle id="11" pos="41.90" speed="10.00"/>
                <vehicle id="10" pos="57.90" speed="10.00"/>
                <vehicle id="9" pos="73.90" speed="10.00"/>
                <vehicle id="8" pos="89.90" speed="10.00"/>
            </lane>
        </edge>
    </timestep>
    <timestep time="109.80">
        <edge id="1to2">
            <lane id="1to2_0">
                <vehicle id="7" pos="8.32" speed="10.00"/>
                <vehicle id="6" pos="24.32" speed="10.00"/>
            </lane>
        </edge>
        <edge id="2to3">
            <lane id="2to3_0">
                <vehicle id="5" pos="50.74" speed="10.00"/>
                <vehicle id="4" pos="66.74" speed="10.00"/>
                <vehicle id="3" pos="82.74" speed="10.00"/>
                <vehicle id="2" pos="98.74" speed="10.00"/>
            </lane>
        </edge>
        <edge id="3to4">
            <lane id="3to4_0">
                <vehicle id="1" pos="12.16" speed="10.00"/>
                <vehicle id="0" pos="28.16" speed="10.00"/>
            </lane>
        </edge>
        <edge id="4to1">
            <lane id="4to1_0">
                <vehicle id="11" pos="42.90" speed="10.00"/>
                <vehicle id="10" pos="58.90" speed="10.00"/>
                <vehicle id="9" pos="74.90" speed="10.00"/>
                <vehicle id="8" pos="90.90" speed="10.00"/>
            </lane>
        </edge>
    </timestep>
    <timestep time="109.90">
        <edge id="1to2">
            <lane id="1to2_0">
                <vehicle id="7" pos="9.32" speed="10.00"/>
                <vehicle id="6" pos="25.32" speed="10.00"/>
            </lane>
        </edge>
        <edge id="2to3">
            <lane id="2to3_0">
                <vehicle id="5" pos="51.74" speed="10.00"/>
                <vehicle id="4" pos="67.74" speed="10.00"/>
                <vehicle id="3" pos="83.74" speed="10.00"/>
                <vehicle id="2" pos="99.74" speed="10.00"/>
            </lane>
        </edge>
        <edge id="3to4">
            <lane id="3to4_0">
                <vehicle id="1" pos="13.16" speed="10.00"/>
                <vehicle id="0" pos="29.16" speed="10.00"/>
            </lane>
        </edge>
        <edge id="4to1">
            <lane id="4to1_0">
                <vehicle id="11" pos="43.90" speed="10.00"/>
                <vehicle id="10" pos="59.90" speed="10.00"/>
                <vehicle id="9" pos="75.90" speed="10.00"/>
                <vehicle id="8" pos="91.90" speed="10.00"/>
            </lane>
        </edge>
    </timestep>
    <timestep time="110.00">
        <edge id=":3_0">
            <lane id=":3_0_0">
                <vehicle id="2" pos="0.74" speed="10.00"/>
            </lane>
        </edge>
        <edge id="1to2">
            <lane id="1to2_0">
                <vehicle id="7" pos="10.32" speed="10.00"/>
                <vehicle id="6" pos="26.32" speed="10.00"/>
            </lane>
        </edge>
        <edge id="2to3">
            <lane id="2to3_0">
                <vehicle id="5" pos="52.74" speed="10.00"/>
                <vehicle id="4" pos="68.74" speed="10.00"/>
                <vehicle id="3" pos="84.74" speed="10.00"/>
            </lane>
        </edge>
        <edge id="3to4">
            <lane id="3to4_0">
                <vehicle id="1" pos="14.16" speed="10.00"/>
                <vehicle id="0" pos="30.16" speed="10.00"/>
            </lane>
        </edge>
        <edge id="4to1">
            <lane id="4to1_0">
                <vehicle id="11" pos="44.90" speed="10.00"/>
                <vehicle id="10" pos="60.90" speed="10.00"/>
                <vehicle id="9" pos="76.90" speed="10.00"/>
                <vehicle id="8" pos="92.90" speed="10.00"/>
            </lane>
        </edge>
    </timestep>
    <timestep time="110.10">
        <edge id=":3_0">
            <lane id=":3_0_0">
                <vehicle id="2" pos="1.74" speed="10.00"/>
            </lane>
        </edge>
        <edge id="1to2">
            <lane id="1to2_0">
                <vehicle id="7" pos="11.32" speed="10.00"/>
                <vehicle id="6" pos="27.32" speed="10.00"/>
            </lane>
        </edge>
        <edge id="2to3">
            <lane id="2to3_0">
                <vehicle id="5" pos="53.74" speed="10.00"/>
                <vehicle id="4" pos="69.74" speed="10.00"/>
                <vehicle id="3" pos="85.74" speed="10.00"/>
            </lane>
        </edge>
        <edge id="3to4">
            <lane id="3to4_0">
                <vehicle id="1" pos="15.16" speed="10.00"/>
                <vehicle id="0" pos="31.16" speed="10.00"/>
            </lane>
        </edge>
        <edge id="4to1">
            <lane id="4to1_0">
                <vehicle id="11" pos="45.90" speed="10.00"/>
                <vehicle id="10" pos="61.90" speed="10.00"/>
                <vehicle id="9" pos="77.90" speed="10.00"/>
                <vehicle id="8" pos="93.90" speed="10.00"/>
            </lane>
        </edge>
    </timestep>
    <timestep time="110.20">
        <edge id="1to2">
            <lane id="1to2_0">
                <vehicle id="7" pos="12.32" speed="10.00"/>
                <vehicle id="6" pos="28.32" speed="10.00"/>
            </lane>
        </edge>
        <edge id="2to3">
            <lane id="2to3_0">
                <vehicle id="5" pos="54.74" speed="10.00"/>
                <vehicle id="4" pos="70.74" speed="10.00"/>
                <vehicle id="3" pos="86.74" speed="10.00"/>
            </lane>
        </edge>
        <edge id="3to4">
            <lane id="3to4_0">
                <vehicle id="2" pos="0.16" speed="10.00"/>
                <vehicle id="1" pos="16.16" speed="10.00"/>
                <vehicle id="0" pos="32.16" speed="10.00"/>
            </lane>
        </edge>
        <edge id="4to1">
            <lane id="4to1_0">
                <vehicle id="11" pos="46.90" speed="10.00"/>
                <vehicle id="10" pos="62.90" speed="10.00"/>
                <vehicle id="9" pos="78.90" speed="10.00"/>
                <vehicle id="8" pos="94.90" speed="10.00"/>
            </lane>
        </edge>
    </timestep>
    <timestep time="110.30">
        <edge id="1to2">
            <lane id="1to2_0">
                <vehicle id="7" pos="13.32" speed="10.00"/>
                <vehicle id="6" pos="29.32" speed="10.00"/>
            </lane>
        </edge>
        <edge id="2to3">
            <lane id="2to3_0">
                <vehicle id="5" pos="55.74" speed="10.00"/>
                <vehicle id="4" pos="71.74" speed="10.00"/>
                <vehicle id="3" pos="87.74" speed="10.00"/>
            </lane>
        </edge>
        <edge id="3to4">
            <lane id="3to4_0">
                <vehicle id="2" pos="1.16" speed="10.00"/>
                <vehicle id="1" pos="17.16" speed="10.00"/>
                <vehicle id="0" pos="33.16" speed="10.00"/>
            </lane>
        </edge>
        <edge id="4to1">
            <lane id="4to1_0">
                <vehicle id="11" pos="47.90" speed="10.00"/>
                <vehicle id="10" pos="63.90" speed="10.00"/>
                <vehicle id="9" pos="79.90" speed="10.00"/>
                <vehicle id="8" pos="95.90" speed="10.00"/>
            </lane>
        </edge>
    </timestep>
    <timestep time="110.40">
        <edge id=":1_0">
            <lane id=":1_0_0">
                <vehicle id="8" pos="0.90" speed="10.00"/>
            </lane>
        </edge>
        <edge id="1to2">
            <lane id="1to2_0">
                <vehicle id="7" pos="14.32" speed="10.00"/>
                <vehicle id="6" pos="30.32" speed="10.00"/>
            </lane>
        </edge>
        <edge id="2to3">
            <lane id="2to3_0">
                <vehicle id="5" pos="56.74" speed="10.00"/>
                <vehicle id="4" pos="72.74" speed="10.00"/>
                <vehicle id="3" pos="88.74" speed="10.00"/>
            </lane>
        </edge>
        <edge id="3to4">
            <lane id="3to4_0">
                <vehicle id="2" pos="2.16" speed="10.00"/>
                <vehicle id="1" pos="18.16" speed="10.00"/>
                <vehicle id="0" pos="34.16" speed="10.00"/>
            </lane>
        </edge>
        <edge id="4to1">
            <lane id="4to1_0">
                <vehicle id="11" pos="48.90" speed="10.00"/>
                <vehicle id="10" pos="64.90" speed="10.00"/>
                <vehicle id="9" pos="80.90" speed="10.00"/>
            </lane>
        </edge>
    </timestep>
    <timestep time="110.50">
        <edge id=":1_0">
            <lane id=":1_0_0">
                <vehicle id="8" pos="1.90" speed="10.00"/>
            </lane>
        </edge>
        <edge id="1to2">
            <lane id="1to2_0">
                <vehicle id="7" pos="15.32" speed="10.00"/>
                <vehicle id="6" pos="31.32" speed="10.00"/>
            </lane>
        </edge>
        <edge id="2to3">
            <lane id="2to3_0">
                <vehicle id="5" pos="57.74" speed="10.00"/>
                <vehicle id="4" pos="73.74" speed="10.00"/>
                <vehicle id="3" pos="89.74" speed="10.00"/>
            </lane>
        </edge>
        <edge id="3to4">
            <lane id="3to4_0">
                <vehicle id="2" pos="3.16" speed="10.00"/>
                <vehicle id="1" pos="19.16" speed="10.00"/>
                <vehicle id="0" pos="35.16" speed="10.00"/>
            </lane>
        </edge>
        <edge id="4to1">
            <lane id="4to1_0">
                <vehicle id="11" pos="49.90" speed="10.00"/>
                <vehicle id="10" pos="65.90" speed="10.00"/>
                <vehicle id="9" pos="81.90" speed="10.00"/>
            </lane>
        </edge>
    </timestep>
    <timestep time="110.60">
        <edge id="1to2">
            <lane id="1to2_0">
                <vehicle id="8" pos="0.32" speed="10.00"/>
                <vehicle id="7" pos="16.32" speed="10.00"/>
                <vehicle id="6" pos="32.32" speed="10.00"/>
            </lane>
        </edge>
        <edge id="2to3">
            <lane id="2to3_0">
                <vehicle id="5" pos="58.74" speed="10.00"/>
                <vehicle id="4" pos="74.74" speed="10.00"/>
                <vehicle id="3" pos="90.74" speed="10.00"/>
            </lane>
        </edge>
        <edge id="3to4">
            <lane id="3to4_0">
                <vehicle id="2" pos="4.16" speed="10.00"/>
                <vehicle id="1" pos="20.16" speed="10.00"/>
                <vehicle id="0" pos="36.16" speed="10.00"/>
            </lane>
        </edge>
        <edge id="4to1">
            <lane id="4to1_0">
                <vehicle id="11" pos="50.90" speed="10.00"/>
                <vehicle id="10" pos="66.90" speed="10.00"/>
                <vehicle id="9" pos="82.90" speed="10.00"/>
            </lane>
        </edge>
    </timestep>
    <timestep time="110.70">
        <edge id="1to2">
            <lane id="1to2_0">
                <vehicle id="8" pos="1.32" speed="10.00"/>
                <vehicle id="7" pos="17.32" speed="10.00"/>
                <vehicle id="6" pos="33.32" speed="10.00"/>
            </lane>
        </edge>
        <edge id="2to3">
            <lane id="2to3_0">
                <vehicle id="5" pos="59.74" speed="10.00"/>
                <vehicle id="4" pos="75.74" speed="10.00"/>
                <vehicle id="3" pos="91.74" speed="10.00"/>
            </lane>
        </edge>
        <edge id="3to4">
            <lane id="3to4_0">
                <vehicle id="2" pos="5.16" speed="10.00"/>
                <vehicle id="1" pos="21.16" speed="10.00"/>
                <vehicle id="0" pos="37.16" speed="10.00"/>
            </lane>
        </edge>
        <edge id="4to1">
            <lane id="4to1_0">
                <vehicle id="11" pos="51.90" speed="10.00"/>
                <vehicle id="10" pos="67.90" speed="10.00"/>
                <vehicle id="9" pos="83.90" speed="10.00"/>
            </lane>
        </edge>
    </timestep>
    <timestep time="110.80">
        <edge id="1to2">
            <lane id="1to2_0">
                <vehicle id="8" pos="2.32" speed="10.00"/>
                <vehicle id="7" pos="18.32" speed="10.00"/>
                <vehicle id="6" pos="34.32" speed="10.00"/>
            </lane>
        </edge>
        <edge id="2to3">
            <lane id="2to3_0">
                <vehicle id="5" pos="60.74" speed="10.00"/>
                <vehicle id="4" pos="76.74" speed="10.00"/>
                <vehicle id="3" pos="92.74" speed="10.00"/>
            </lane>
        </edge>
        <edge id="3to4">
            <lane id="3to4_0">
                <vehicle id="2" pos="6.16" speed="10.00"/>
                <vehicle id="1" pos="22.16" speed="10.00"/>
                <vehicle id="0" pos="38.16" speed="10.00"/>
            </lane>
        </edge>
        <edge id="4to1">
            <lane id="4to1_0">
                <vehicle id="11" pos="52.90" speed="10.00"/>
                <vehicle id="10" pos="68.90" speed="10.00"/>
                <vehicle id="9" pos="84.90" speed="10.00"/>
            </lane>
        </edge>
    </timestep>
    <timestep time="110.90">
        <edge id="1to2">
            <lane id="1to2_0">
                <vehicle id="8" pos="3.32" speed="10.00"/>
                <vehicle id="7" pos="19.32" speed="10.00"/>
                <vehicle id="6" pos="35.32" speed="10.00"/>
            </lane>
        </edge>
        <edge id="2to3">
            <lane id="2to3_0">
                <vehicle id="5" pos="61.74" speed="10.00"/>
                <vehicle id="4" pos="77.74" speed="10.00"/>
                <vehicle id="3" pos="93.74" speed="10.00"/>
            </lane>
        </edge>
        <edge id="3to4">
            <lane id="3to4_0">
                <vehicle id="2" pos="7.16" speed="10.00"/>
                <vehicle id="1" pos="23.16" speed="10.00"/>
                <vehicle id="0" pos="39.16" speed="10.00"/>
            </lane>
        </edge>
        <edge id="4to1">
            <lane id="4to1_0">
                <vehicle id="11" pos="53.90" speed="10.00"/>
                <vehicle id="10" pos="69.90" speed="10.00"/>
                <vehicle id="9" pos="85.90" speed="10.00"/>
            </lane>
        </edge>
    </timestep>
    <timestep time="111.00">
        <edge id="1to2">
            <lane id="1to2_0">
                <vehicle id="8" pos="4.32" speed="10.00"/>
                <vehicle id="7" pos="20.32" speed="10.00"/>
                <vehicle id="6" pos="36.32" speed="10.00"/>
            </lane>
        </edge>
        <edge id="2to3">
            <lane id="2to3_0">
                <vehicle id="5" pos="62.74" speed="10.00"/>
                <vehicle id="4" pos="78.74" speed="10.00"/>
                <vehicle id="3" pos="94.74" speed="10.00"/>
            </lane>
        </edge>
        <edge id="3to4">
            <lane id="3to4_0">
                <vehicle id="2" pos="8.16" speed="10.00"/>
                <vehicle id="1" pos="24.16" speed="10.00"/>
                <vehicle id="0" pos="40.16" speed="10.00"/>
            </lane>
        </edge>
        <edge id="4to1">
            <lane id="4to1_0">
                <vehicle id="11" pos="54.90" speed="10.00"/>
                <vehicle id="10" pos="70.90" speed="10.00"/>
                <vehicle id="9" pos="86.90" speed="10.00"/>
            </lane>
        </edge>
    </timestep>
    <timestep time="111.10">
        <edge id="1to2">
            <lane id="1to2_0">
                <vehicle id="8" pos="5.32" speed="10.00"/>
                <vehicle id="7" pos="21.32" speed="10.00"/>
                <vehicle id="6" pos="37.32" speed="10.00"/>
            </lane>
        </edge>
        <edge id="2to3">
            <lane id="2to3_0">
                <vehicle id="5" pos="63.74" speed="10.00"/>
                <vehicle id="4" pos="79.74" speed="10.00"/>
                <vehicle id="3" pos="95.74" speed="10.00"/>
            </lane>
        </edge>
        <edge id="3to4">
            <lane id="3to4_0">
                <vehicle id="2" pos="9.16" speed="10.00"/>
                <vehicle id="1" pos="25.16" speed="10.00"/>
                <vehicle id="0" pos="41.16" speed="10.00"/>
            </lane>
        </edge>
        <edge id="4to1">
            <lane id="4to1_0">
                <vehicle id="11" pos="55.90" speed="10.00"/>
                <vehicle id="10" pos="71.90" speed="10.00"/>
                <vehicle id="9" pos="87.90" speed="10.00"/>
            </lane>
        </edge>
    </timestep>
    <timestep time="111.20">
        <edge id="1to2">
            <lane id="1to2_0">
                <vehicle id="8" pos="6.32" speed="10.00"/>
                <vehicle id="7" pos="22.32" speed="10.00"/>
                <vehicle id="6" pos="38.32" speed="10.00"/>
            </lane>
        </edge>
        <edge id="2to3">
            <lane id="2to3_0">
                <vehicle id="5" pos="64.74" speed="10.00"/>
                <vehicle id="4" pos="80.74" speed="10.00"/>
                <vehicle id="3" pos="96.74" speed="10.00"/>
            </lane>
        </edge>
        <edge id="3to4">
            <lane id="3to4_0">
                <vehicle id="2" pos="10.16" speed="10.00"/>
                <vehicle id="1" pos="26.16" speed="10.00"/>
                <vehicle id="0" pos="42.16" speed="10.00"/>
            </lane>
        </edge>
        <edge id="4to1">
            <lane id="4to1_0">
                <vehicle id="11" pos="56.90" speed="10.00"/>
                <vehicle id="10" pos="72.90" speed="10.00"/>
                <vehicle id="9" pos="88.90" speed="10.00"/>
            </lane>
        </edge>
    </timestep>
    <timestep time="111.30">
        <edge id="1to2">
            <lane id="1to2_0">
                <vehicle id="8" pos="7.32" speed="10.00"/>
                <vehicle id="7" pos="23.32" speed="10.00"/>
                <vehicle id="6" pos="39.32" speed="10.00"/>
            </lane>
        </edge>
        <edge id="2to3">
            <lane id="2to3_0">
                <vehicle id="5" pos="65.74" speed="10.00"/>
                <vehicle id="4" pos="81.74" speed="10.00"/>
                <vehicle id="3" pos="97.74" speed="10.00"/>
            </lane>
        </edge>
        <edge id="3to4">
            <lane id="3to4_0">
                <vehicle id="2" pos="11.16" speed="10.00"/>
                <vehicle id="1" pos="27.16" speed="10.00"/>
                <vehicle id="0" pos="43.16" speed="10.00"/>
            </lane>
        </edge>
        <edge id="4to1">
            <lane id="4to1_0">
                <vehicle id="11" pos="57.90" speed="10.00"/>
                <vehicle id="10" pos="73.90" speed="10.00"/>
                <vehicle id="9" pos="89.90" speed="10.00"/>
            </lane>
        </edge>
    </timestep>
    <timestep time="111.40">
        <edge id="1to2">
            <lane id="1to2_0">
                <vehicle id="8" pos="8.32" speed="10.00"/>
                <vehicle id="7" pos="24.32" speed="10.00"/>
                <vehicle id="6" pos="40.32" speed="10.00"/>
            </lane>
        </edge>
        <edge id="2to3">
            <lane id="2to3_0">
                <vehicle id="5" pos="66.74" speed="10.00"/>
                <vehicle id="4" pos="82.74" speed="10.00"/>
                <vehicle id="3" pos="98.74" speed="10.00"/>
            </lane>
        </edge>
        <edge id="3to4">
            <lane id="3to4_0">
                <vehicle id="2" pos="12.16" speed="10.00"/>
                <vehicle id="1" pos="28.16" speed="10.00"/>
                <vehicle id="0" pos="44.16" speed="10.00"/>
            </lane>
        </edge>
        <edge id="4to1">
            <lane id="4to1_0">
                <vehicle id="11" pos="58.90" speed="10.00"/>
                <vehicle id="10" pos="74.90" speed="10.00"/>
                <vehicle id="9" pos="90.90" speed="10.00"/>
            </lane>
        </edge>
    </timestep>
    <timestep time="111.50">
        <edge id="1to2">
            <lane id="1to2_0">
                <vehicle id="8" pos="9.32" speed="10.00"/>
                <vehicle id="7" pos="25.32" speed="10.00"/>
                <vehicle id="6" pos="41.32" speed="10.00"/>
            </lane>
        </edge>
        <edge id="2to3">
            <lane id="2to3_0">
                <vehicle id="5" pos="67.74" speed="10.00"/>
                <vehicle id="4" pos="83.74" speed="10.00"/>
                <vehicle id="3" pos="99.74" speed="10.00"/>
            </lane>
        </edge>
        <edge id="3to4">
            <lane id="3to4_0">
                <vehicle id="2" pos="13.16" speed="10.00"/>
                <vehicle id="1" pos="29.16" speed="10.00"/>
                <vehicle id="0" pos="45.16" speed="10.00"/>
            </lane>
        </edge>
        <edge id="4to1">
            <lane id="4to1_0">
                <vehicle id="11" pos="59.90" speed="10.00"/>
                <vehicle id="10" pos="75.90" speed="10.00"/>
                <vehicle id="9" pos="91.90" speed="10.00"/>
            </lane>
        </edge>
    </timestep>
    <timestep time="111.60">
        <edge id=":3_0">
            <lane id=":3_0_0">
                <vehicle id="3" pos="0.74" speed="10.00"/>
            </lane>
        </edge>
        <edge id="1to2">
            <lane id="1to2_0">
                <vehicle id="8" pos="10.32" speed="10.00"/>
                <vehicle id="7" pos="26.32" speed="10.00"/>
                <vehicle id="6" pos="42.32" speed="10.00"/>
            </lane>
        </edge>
        <edge id="2to3">
            <lane id="2to3_0">
                <vehicle id="5" pos="68.74" speed="10.00"/>
                <vehicle id="4" pos="84.74" speed="10.00"/>
            </lane>
        </edge>
        <edge id="3to4">
            <lane id="3to4_0">
                <vehicle id="2" pos="14.16" speed="10.00"/>
                <vehicle id="1" pos="30.16" speed="10.00"/>
                <vehicle id="0" pos="46.16" speed="10.00"/>
            </lane>
        </edge>
        <edge id="4to1">
            <lane id="4to1_0">
                <vehicle id="11" pos="60.90" speed="10.00"/>
                <vehicle id="10" pos="76.90" speed="10.00"/>
                <vehicle id="9" pos="92.90" speed="10.00"/>
            </lane>
        </edge>
    </timestep>
    <timestep time="111.70">
        <edge id=":3_0">
            <lane id=":3_0_0">
                <vehicle id="3" pos="1.74" speed="10.00"/>
            </lane>
        </edge>
        <edge id="1to2">
            <lane id="1to2_0">
                <vehicle id="8" pos="11.32" speed="10.00"/>
                <vehicle id="7" pos="27.32" speed="10.00"/>
                <vehicle id="6" pos="43.32" speed="10.00"/>
            </lane>
        </edge>
        <edge id="2to3">
            <lane id="2to3_0">
                <vehicle id="5" pos="69.74" speed="10.00"/>
                <vehicle id="4" pos="85.74" speed="10.00"/>
            </lane>
        </edge>
        <edge id="3to4">
            <lane id="3to4_0">
                <vehicle id="2" pos="15.16" speed="10.00"/>
                <vehicle id="1" pos="31.16" speed="10.00"/>
                <vehicle id="0" pos="47.16" speed="10.00"/>
            </lane>
        </edge>
        <edge id="4to1">
            <lane id="4to1_0">
                <vehicle id="11" pos="61.90" speed="10.00"/>
                <vehicle id="10" pos="77.90" speed="10.00"/>
                <vehicle id="9" pos="93.90" speed="10.00"/>
            </lane>
        </edge>
    </timestep>
    <timestep time="111.80">
        <edge id="1to2">
            <lane id="1to2_0">
                <vehicle id="8" pos="12.32" speed="10.00"/>
                <vehicle id="7" pos="28.32" speed="10.00"/>
                <vehicle id="6" pos="44.32" speed="10.00"/>
            </lane>
        </edge>
        <edge id="2to3">
            <lane id="2to3_0">
                <vehicle id="5" pos="70.74" speed="10.00"/>
                <vehicle id="4" pos="86.74" speed="10.00"/>
            </lane>
        </edge>
        <edge id="3to4">
            <lane id="3to4_0">
                <vehicle id="3" pos="0.16" speed="10.00"/>
                <vehicle id="2" pos="16.16" speed="10.00"/>
                <vehicle id="1" pos="32.16" speed="10.00"/>
                <vehicle id="0" pos="48.16" speed="10.00"/>
            </lane>
        </edge>
        <edge id="4to1">
            <lane id="4to1_0">
                <vehicle id="11" pos="62.90" speed="10.00"/>
                <vehicle id="10" pos="78.90" speed="10.00"/>
                <vehicle id="9" pos="94.90" speed="10.00"/>
            </lane>
        </edge>
    </timestep>
    <timestep time="111.90">
        <edge id="1to2">
            <lane id="1to2_0">
                <vehicle id="8" pos="13.32" speed="10.00"/>
                <vehicle id="7" pos="29.32" speed="10.00"/>
                <vehicle id="6" pos="45.32" speed="10.00"/>
            </lane>
        </edge>
        <edge id="2to3">
            <lane id="2to3_0">
                <vehicle id="5" pos="71.74" speed="10.00"/>
                <vehicle id="4" pos="87.74" speed="10.00"/>
            </lane>
        </edge>
        <edge id="3to4">
            <lane id="3to4_0">
                <vehicle id="3" pos="1.16" speed="10.00"/>
                <vehicle id="2" pos="17.16" speed="10.00"/>
                <vehicle id="1" pos="33.16" speed="10.00"/>
                <vehicle id="0" pos="49.16" speed="10.00"/>
            </lane>
        </edge>
        <edge id="4to1">
            <lane id="4to1_0">
                <vehicle id="11" pos="63.90" speed="10.00"/>
                <vehicle id="10" pos="79.90" speed="10.00"/>
                <vehicle id="9" pos="95.90" speed="10.00"/>
            </lane>
        </edge>
    </timestep>
    <timestep time="112.00">
        <edge id=":1_0">
            <lane id=":1_0_0">
                <vehicle id="9" pos="0.90" speed="10.00"/>
            </lane>
        </edge>
        <edge id="1to2">
            <lane id="1to2_0">
                <vehicle id="8" pos="14.32" speed="10.00"/>
                <vehicle id="7" pos="30.32" speed="10.00"/>
                <vehicle id="6" pos="46.32" speed="10.00"/>
            </lane>
        </edge>
        <edge id="2to3">
            <lane id="2to3_0">
                <vehicle id="5" pos="72.74" speed="10.00"/>
                <vehicle id="4" pos="88.74" speed="10.00"/>
            </lane>
        </edge>
        <edge id="3to4">
            <lane id="3to4_0">
                <vehicle id="3" pos="2.16" speed="10.00"/>
                <vehicle id="2" pos="18.16" speed="10.00"/>
                <vehicle id="1" pos="34.16" speed="10.00"/>
                <vehicle id="0" pos="50.16" speed="10.00"/>
            </lane>
        </edge>
        <edge id="4to1">
            <lane id="4to1_0">
                <vehicle id="11" pos="64.90" speed="10.00"/>
                <vehicle id="10" pos="80.90" speed="10.00"/>
            </lane>
        </edge>
    </timestep>
    <timestep time="112.10">
        <edge id=":1_0">
            <lane id=":1_0_0">
                <vehicle id="9" pos="1.90" speed="10.00"/>
            </lane>
        </edge>
        <edge id="1to2">
            <lane id="1to2_0">
                <vehicle id="8" pos="15.32" speed="10.00"/>
                <vehicle id="7" pos="31.32" speed="10.00"/>
                <vehicle id="6" pos="47.32" speed="10.00"/>
            </lane>
        </edge>
        <edge id="2to3">
            <lane id="2to3_0">
                <vehicle id="5" pos="73.74" speed="10.00"/>
                <vehicle id="4" pos="89.74" speed="10.00"/>
            </lane>
        </edge>
        <edge id="3to4">
            <lane id="3to4_0">
                <vehicle id="3" pos="3.16" speed="10.00"/>
                <vehicle id="2" pos="19.16" speed="10.00"/>
                <vehicle id="1" pos="35.16" speed="10.00"/>
                <vehicle id="0" pos="51.16" speed="10.00"/>
            </lane>
        </edge>
        <edge id="4to1">
            <lane id="4to1_0">
                <vehicle id="11" pos="65.90" speed="10.00"/>
                <vehicle id="10" pos="81.90" speed="10.00"/>
            </lane>
        </edge>
    </timestep>
    <timestep time="112.20">
        <edge id="1to2">
            <lane id="1to2_0">
                <vehicle id="9" pos="0.32" speed="10.00"/>
                <vehicle id="8" pos="16.32" speed="10.00"/>
                <vehicle id="7" pos="32.32" speed="10.00"/>
                <vehicle id="6" pos="48.32" speed="10.00"/>
            </lane>
        </edge>
        <edge id="2to3">
            <lane id="2to3_0">
                <vehicle id="5" pos="74.74" speed="10.00"/>
                <vehicle id="4" pos="90.74" speed="10.00"/>
            </lane>
        </edge>
        <edge id="3to4">
            <lane id="3to4_0">
                <vehicle id="3" pos="4.16" speed="10.00"/>
                <vehicle id="2" pos="20.16" speed="10.00"/>
                <vehicle id="1" pos="36.16" speed="10.00"/>
                <vehicle id="0" pos="52.16" speed="10.00"/>
            </lane>
        </edge>
        <edge id="4to1">
            <lane id="4to1_0">
                <vehicle id="11" pos="66.90" speed="10.00"/>
                <vehicle id="10" pos="82.90" speed="10.00"/>
            </lane>
        </edge>
    </timestep>
    <timestep time="112.30">
        <edge id="1to2">
            <lane id="1to2_0">
                <vehicle id="9" pos="1.32" speed="10.00"/>
                <vehicle id="8" pos="17.32" speed="10.00"/>
                <vehicle id="7" pos="33.32" speed="10.00"/>
                <vehicle id="6" pos="49.32" speed="10.00"/>
            </lane>
        </edge>
        <edge id="2to3">
            <lane id="2to3_0">
                <vehicle id="5" pos="75.74" speed="10.00"/>
                <vehicle id="4" pos="91.74" speed="10.00"/>
            </lane>
        </edge>
        <edge id="3to4">
            <lane id="3to4_0">
                <vehicle id="3" pos="5.16" speed="10.00"/>
                <vehicle id="2" pos="21.16" speed="10.00"/>
                <vehicle id="1" pos="37.16" speed="10.00"/>
                <vehicle id="0" pos="53.16" speed="10.00"/>
            </lane>
        </edge>
        <edge id="4to1">
            <lane id="4to1_0">
                <vehicle id="11" pos="67.90" speed="10.00"/>
                <vehicle id="10" pos="83.90" speed="10.00"/>
            </lane>
        </edge>
    </timestep>
    <timestep time="112.40">
        <edge id="1to2">
            <lane id="1to2_0">
                <vehicle id="9" pos="2.32" speed="10.00"/>
                <vehicle id="8" pos="18.32" speed="10.00"/>
                <vehicle id="7" pos="34.32" speed="10.00"/>
                <vehicle id="6" pos="50.32" speed="10.00"/>
            </lane>
        </edge>
        <edge id="2to3">
            <lane id="2to3_0">
                <vehicle id="5" pos="76.74" speed="10.00"/>
                <vehicle id="4" pos="92.74" speed="10.00"/>
            </lane>
        </edge>
        <edge id="3to4">
            <lane id="3to4_0">
                <vehicle id="3" pos="6.16" speed="10.00"/>
                <vehicle id="2" pos="22.16" speed="10.00"/>
                <vehicle id="1" pos="38.16" speed="10.00"/>
                <vehicle id="0" pos="54.16" speed="10.00"/>
            </lane>
        </edge>
        <edge id="4to1">
            <lane id="4to1_0">
                <vehicle id="11" pos="68.90" speed="10.00"/>
                <vehicle id="10" pos="84.90" speed="10.00"/>
            </lane>
        </edge>
    </timestep>
    <timestep time="112.50">
        <edge id="1to2">
            <lane id="1to2_0">
                <vehicle id="9" pos="3.32" speed="10.00"/>
                <vehicle id="8" pos="19.32" speed="10.00"/>
                <vehicle id="7" pos="35.32" speed="10.00"/>
                <vehicle id="6" pos="51.32" speed="10.00"/>
            </lane>
        </edge>
        <edge id="2to3">
            <lane id="2to3_0">
                <vehicle id="5" pos="77.74" speed="10.00"/>
                <vehicle id="4" pos="93.74" speed="10.00"/>
            </lane>
        </edge>
        <edge id="3to4">
            <lane id="3to4_0">
                <vehicle id="3" pos="7.16" speed="10.00"/>
                <vehicle id="2" pos="23.16" speed="10.00"/>
                <vehicle id="1" pos="39.16" speed="10.00"/>
                <vehicle id="0" pos="55.16" speed="10.00"/>
            </lane>
        </edge>
        <edge id="4to1">
            <lane id="4to1_0">
                <vehicle id="11" pos="69.90" speed="10.00"/>
                <vehicle id="10" pos="85.90" speed="10.00"/>
            </lane>
        </edge>
    </timestep>
    <timestep time="112.60">
        <edge id="1to2">
            <lane id="1to2_0">
                <vehicle id="9" pos="4.32" speed="10.00"/>
                <vehicle id="8" pos="20.32" speed="10.00"/>
                <vehicle id="7" pos="36.32" speed="10.00"/>
                <vehicle id="6" pos="52.32" speed="10.00"/>
            </lane>
        </edge>
        <edge id="2to3">
            <lane id="2to3_0">
                <vehicle id="5" pos="78.74" speed="10.00"/>
                <vehicle id="4" pos="94.74" speed="10.00"/>
            </lane>
        </edge>
        <edge id="3to4">
            <lane id="3to4_0">
                <vehicle id="3" pos="8.16" speed="10.00"/>
                <vehicle id="2" pos="24.16" speed="10.00"/>
                <vehicle id="1" pos="40.16" speed="10.00"/>
                <vehicle id="0" pos="56.16" speed="10.00"/>
            </lane>
        </edge>
        <edge id="4to1">
            <lane id="4to1_0">
                <vehicle id="11" pos="70.90" speed="10.00"/>
                <vehicle id="10" pos="86.90" speed="10.00"/>
            </lane>
        </edge>
    </timestep>
    <timestep time="112.70">
        <edge id="1to2">
            <lane id="1to2_0">
                <vehicle id="9" pos="5.32" speed="10.00"/>
                <vehicle id="8" pos="21.32" speed="10.00"/>
                <vehicle id="7" pos="37.32" speed="10.00"/>
                <vehicle id="6" pos="53.32" speed="10.00"/>
            </lane>
        </edge>
        <edge id="2to3">
            <lane id="2to3_0">
                <vehicle id="5" pos="79.74" speed="10.00"/>
                <vehicle id="4" pos="95.74" speed="10.00"/>
            </lane>
        </edge>
        <edge id="3to4">
            <lane id="3to4_0">
                <vehicle id="3" pos="9.16" speed="10.00"/>
                <vehicle id="2" pos="25.16" speed="10.00"/>
                <vehicle id="1" pos="41.16" speed="10.00"/>
                <vehicle id="0" pos="57.16" speed="10.00"/>
            </lane>
        </edge>
        <edge id="4to1">
            <lane id="4to1_0">
                <vehicle id="11" pos="71.90" speed="10.00"/>
                <vehicle id="10" pos="87.90" speed="10.00"/>
            </lane>
        </edge>
    </timestep>
    <timestep time="112.80">
        <edge id="1to2">
            <lane id="1to2_0">
                <vehicle id="9" pos="6.32" speed="10.00"/>
                <vehicle id="8" pos="22.32" speed="10.00"/>
                <vehicle id="7" pos="38.32" speed="10.00"/>
                <vehicle id="6" pos="54.32" speed="10.00"/>
            </lane>
        </edge>
        <edge id="2to3">
            <lane id="2to3_0">
                <vehicle id="5" pos="80.74" speed="10.00"/>
                <vehicle id="4" pos="96.74" speed="10.00"/>
            </lane>
        </edge>
        <edge id="3to4">
            <lane id="3to4_0">
                <vehicle id="3" pos="10.16" speed="10.00"/>
                <vehicle id="2" pos="26.16" speed="10.00"/>
                <vehicle id="1" pos="42.16" speed="10.00"/>
                <vehicle id="0" pos="58.16" speed="10.00"/>
            </lane>
        </edge>
        <edge id="4to1">
            <lane id="4to1_0">
                <vehicle id="11" pos="72.90" speed="10.00"/>
                <vehicle id="10" pos="88.90" speed="10.00"/>
            </lane>
        </edge>
    </timestep>
    <timestep time="112.90">
        <edge id="1to2">
            <lane id="1to2_0">
                <vehicle id="9" pos="7.32" speed="10.00"/>
                <vehicle id="8" pos="23.32" speed="10.00"/>
                <vehicle id="7" pos="39.32" speed="10.00"/>
                <vehicle id="6" pos="55.32" speed="10.00"/>
            </lane>
        </edge>
        <edge id="2to3">
            <lane id="2to3_0">
                <vehicle id="5" pos="81.74" speed="10.00"/>
                <vehicle id="4" pos="97.74" speed="10.00"/>
            </lane>
        </edge>
        <edge id="3to4">
            <lane id="3to4_0">
                <vehicle id="3" pos="11.16" speed="10.00"/>
                <vehicle id="2" pos="27.16" speed="10.00"/>
                <vehicle id="1" pos="43.16" speed="10.00"/>
                <vehicle id="0" pos="59.16" speed="10.00"/>
            </lane>
        </edge>
        <edge id="4to1">
            <lane id="4to1_0">
                <vehicle id="11" pos="73.90" speed="10.00"/>
                <vehicle id="10" pos="89.90" speed="10.00"/>
            </lane>
        </edge>
    </timestep>
    <timestep time="113.00">
        <edge id="1to2">
            <lane id="1to2_0">
                <vehicle id="9" pos="8.32" speed="10.00"/>
                <vehicle id="8" pos="24.32" speed="10.00"/>
                <vehicle id="7" pos="40.32" speed="10.00"/>
                <vehicle id="6" pos="56.32" speed="10.00"/>
            </lane>
        </edge>
        <edge id="2to3">
            <lane id="2to3_0">
                <vehicle id="5" pos="82.74" speed="10.00"/>
                <vehicle id="4" pos="98.74" speed="10.00"/>
            </lane>
        </edge>
        <edge id="3to4">
            <lane id="3to4_0">
                <vehicle id="3" pos="12.16" speed="10.00"/>
                <vehicle id="2" pos="28.16" speed="10.00"/>
                <vehicle id="1" pos="44.16" speed="10.00"/>
                <vehicle id="0" pos="60.16" speed="10.00"/>
            </lane>
        </edge>
        <edge id="4to1">
            <lane id="4to1_0">
                <vehicle id="11" pos="74.90" speed="10.00"/>
                <vehicle id="10" pos="90.90" speed="10.00"/>
            </lane>
        </edge>
    </timestep>
    <timestep time="113.10">
        <edge id="1to2">
            <lane id="1to2_0">
                <vehicle id="9" pos="9.32" speed="10.00"/>
                <vehicle id="8" pos="25.32" speed="10.00"/>
                <vehicle id="7" pos="41.32" speed="10.00"/>
                <vehicle id="6" pos="57.32" speed="10.00"/>
            </lane>
        </edge>
        <edge id="2to3">
            <lane id="2to3_0">
                <vehicle id="5" pos="83.74" speed="10.00"/>
                <vehicle id="4" pos="99.74" speed="10.00"/>
            </lane>
        </edge>
        <edge id="3to4">
            <lane id="3to4_0">
                <vehicle id="3" pos="13.16" speed="10.00"/>
                <vehicle id="2" pos="29.16" speed="10.00"/>
                <vehicle id="1" pos="45.16" speed="10.00"/>
                <vehicle id="0" pos="61.16" speed="10.00"/>
            </lane>
        </edge>
        <edge id="4to1">
            <lane id="4to1_0">
                <vehicle id="11" pos="75.90" speed="10.00"/>
                <vehicle id="10" pos="91.90" speed="10.00"/>
            </lane>
        </edge>
    </timestep>
    <timestep time="113.20">
        <edge id=":3_0">
            <lane id=":3_0_0">
                <vehicle id="4" pos="0.74" speed="10.00"/>
            </lane>
        </edge>
        <edge id="1to2">
            <lane id="1to2_0">
                <vehicle id="9" pos="10.32" speed="10.00"/>
                <vehicle id="8" pos="26.32" speed="10.00"/>
                <vehicle id="7" pos="42.32" speed="10.00"/>
                <vehicle id="6" pos="58.32" speed="10.00"/>
            </lane>
        </edge>
        <edge id="2to3">
            <lane id="2to3_0">
                <vehicle id="5" pos="84.74" speed="10.00"/>
            </lane>
        </edge>
        <edge id="3to4">
            <lane id="3to4_0">
                <vehicle id="3" pos="14.16" speed="10.00"/>
                <vehicle id="2" pos="30.16" speed="10.00"/>
                <vehicle id="1" pos="46.16" speed="10.00"/>
                <vehicle id="0" pos="62.16" speed="10.00"/>
            </lane>
        </edge>
        <edge id="4to1">
            <lane id="4to1_0">
                <vehicle id="11" pos="76.90" speed="10.00"/>
                <vehicle id="10" pos="92.90" speed="10.00"/>
            </lane>
        </edge>
    </timestep>
    <timestep time="113.30">
        <edge id=":3_0">
            <lane id=":3_0_0">
                <vehicle id="4" pos="1.74" speed="10.00"/>
            </lane>
        </edge>
        <edge id="1to2">
            <lane id="1to2_0">
                <vehicle id="9" pos="11.32" speed="10.00"/>
                <vehicle id="8" pos="27.32" speed="10.00"/>
                <vehicle id="7" pos="43.32" speed="10.00"/>
                <vehicle id="6" pos="59.32" speed="10.00"/>
            </lane>
        </edge>
        <edge id="2to3">
            <lane id="2to3_0">
                <vehicle id="5" pos="85.74" speed="10.00"/>
            </lane>
        </edge>
        <edge id="3to4">
            <lane id="3to4_0">
                <vehicle id="3" pos="15.16" speed="10.00"/>
                <vehicle id="2" pos="31.16" speed="10.00"/>
                <vehicle id="1" pos="47.16" speed="10.00"/>
                <vehicle id="0" pos="63.16" speed="10.00"/>
            </lane>
        </edge>
        <edge id="4to1">
            <lane id="4to1_0">
                <vehicle id="11" pos="77.90" speed="10.00"/>
                <vehicle id="10" pos="93.90" speed="10.00"/>
            </lane>
        </edge>
    </timestep>
    <timestep time="113.40">
        <edge id="1to2">
            <lane id="1to2_0">
                <vehicle id="9" pos="12.32" speed="10.00"/>
                <vehicle id="8" pos="28.32" speed="10.00"/>
                <vehicle id="7" pos="44.32" speed="10.00"/>
                <vehicle id="6" pos="60.32" speed="10.00"/>
            </lane>
        </edge>
        <edge id="2to3">
            <lane id="2to3_0">
                <vehicle id="5" pos="86.74" speed="10.00"/>
            </lane>
        </edge>
        <edge id="3to4">
            <lane id="3to4_0">
                <vehicle id="4" pos="0.16" speed="10.00"/>
                <vehicle id="3" pos="16.16" speed="10.00"/>
                <vehicle id="2" pos="32.16" speed="10.00"/>
                <vehicle id="1" pos="48.16" speed="10.00"/>
                <vehicle id="0" pos="64.16" speed="10.00"/>
            </lane>
        </edge>
        <edge id="4to1">
            <lane id="4to1_0">
                <vehicle id="11" pos="78.90" speed="10.00"/>
                <vehicle id="10" pos="94.90" speed="10.00"/>
            </lane>
        </edge>
    </timestep>
    <timestep time="113.50">
        <edge id="1to2">
            <lane id="1to2_0">
                <vehicle id="9" pos="13.32" speed="10.00"/>
                <vehicle id="8" pos="29.32" speed="10.00"/>
                <vehicle id="7" pos="45.32" speed="10.00"/>
                <vehicle id="6" pos="61.32" speed="10.00"/>
            </lane>
        </edge>
        <edge id="2to3">
            <lane id="2to3_0">
                <vehicle id="5" pos="87.74" speed="10.00"/>
            </lane>
        </edge>
        <edge id="3to4">
            <lane id="3to4_0">
                <vehicle id="4" pos="1.16" speed="10.00"/>
                <vehicle id="3" pos="17.16" speed="10.00"/>
                <vehicle id="2" pos="33.16" speed="10.00"/>
                <vehicle id="1" pos="49.16" speed="10.00"/>
                <vehicle id="0" pos="65.16" speed="10.00"/>
            </lane>
        </edge>
        <edge id="4to1">
            <lane id="4to1_0">
                <vehicle id="11" pos="79.90" speed="10.00"/>
                <vehicle id="10" pos="95.90" speed="10.00"/>
            </lane>
        </edge>
    </timestep>
    <timestep time="113.60">
        <edge id=":1_0">
            <lane id=":1_0_0">
                <vehicle id="10" pos="0.90" speed="10.00"/>
            </lane>
        </edge>
        <edge id="1to2">
            <lane id="1to2_0">
                <vehicle id="9" pos="14.32" speed="10.00"/>
                <vehicle id="8" pos="30.32" speed="10.00"/>
                <vehicle id="7" pos="46.32" speed="10.00"/>
                <vehicle id="6" pos="62.32" speed="10.00"/>
            </lane>
        </edge>
        <edge id="2to3">
            <lane id="2to3_0">
                <vehicle id="5" pos="88.74" speed="10.00"/>
            </lane>
        </edge>
        <edge id="3to4">
            <lane id="3to4_0">
                <vehicle id="4" pos="2.16" speed="10.00"/>
                <vehicle id="3" pos="18.16" speed="10.00"/>
                <vehicle id="2" pos="34.16" speed="10.00"/>
                <vehicle id="1" pos="50.16" speed="10.00"/>
                <vehicle id="0" pos="66.16" speed="10.00"/>
            </lane>
        </edge>
        <edge id="4to1">
            <lane id="4to1_0">
                <vehicle id="11" pos="80.90" speed="10.00"/>
            </lane>
        </edge>
    </timestep>
    <timestep time="113.70">
        <edge id=":1_0">
            <lane id=":1_0_0">
                <vehicle id="10" pos="1.90" speed="10.00"/>
            </lane>
        </edge>
        <edge id="1to2">
            <lane id="1to2_0">
                <vehicle id="9" pos="15.32" speed="10.00"/>
                <vehicle id="8" pos="31.32" speed="10.00"/>
                <vehicle id="7" pos="47.32" speed="10.00"/>
                <vehicle id="6" pos="63.32" speed="10.00"/>
            </lane>
        </edge>
        <edge id="2to3">
            <lane id="2to3_0">
                <vehicle id="5" pos="89.74" speed="10.00"/>
            </lane>
        </edge>
        <edge id="3to4">
            <lane id="3to4_0">
                <vehicle id="4" pos="3.16" speed="10.00"/>
                <vehicle id="3" pos="19.16" speed="10.00"/>
                <vehicle id="2" pos="35.16" speed="10.00"/>
                <vehicle id="1" pos="51.16" speed="10.00"/>
                <vehicle id="0" pos="67.16" speed="10.00"/>
            </lane>
        </edge>
        <edge id="4to1">
            <lane id="4to1_0">
                <vehicle id="11" pos="81.90" speed="10.00"/>
            </lane>
        </edge>
    </timestep>
    <timestep time="113.80">
        <edge id="1to2">
            <lane id="1to2_0">
                <vehicle id="10" pos="0.32" speed="10.00"/>
                <vehicle id="9" pos="16.32" speed="10.00"/>
                <vehicle id="8" pos="32.32" speed="10.00"/>
                <vehicle id="7" pos="48.32" speed="10.00"/>
                <vehicle id="6" pos="64.32" speed="10.00"/>
            </lane>
        </edge>
        <edge id="2to3">
            <lane id="2to3_0">
                <vehicle id="5" pos="90.74" speed="10.00"/>
            </lane>
        </edge>
        <edge id="3to4">
            <lane id="3to4_0">
                <vehicle id="4" pos="4.16" speed="10.00"/>
                <vehicle id="3" pos="20.16" speed="10.00"/>
                <vehicle id="2" pos="36.16" speed="10.00"/>
                <vehicle id="1" pos="52.16" speed="10.00"/>
                <vehicle id="0" pos="68.16" speed="10.00"/>
            </lane>
        </edge>
        <edge id="4to1">
            <lane id="4to1_0">
                <vehicle id="11" pos="82.90" speed="10.00"/>
            </lane>
        </edge>
    </timestep>
    <timestep time="113.90">
        <edge id="1to2">
            <lane id="1to2_0">
                <vehicle id="10" pos="1.32" speed="10.00"/>
                <vehicle id="9" pos="17.32" speed="10.00"/>
                <vehicle id="8" pos="33.32" speed="10.00"/>
                <vehicle id="7" pos="49.32" speed="10.00"/>
                <vehicle id="6" pos="65.32" speed="10.00"/>
            </lane>
        </edge>
        <edge id="2to3">
            <lane id="2to3_0">
                <vehicle id="5" pos="91.74" speed="10.00"/>
            </lane>
        </edge>
        <edge id="3to4">
            <lane id="3to4_0">
                <vehicle id="4" pos="5.16" speed="10.00"/>
                <vehicle id="3" pos="21.16" speed="10.00"/>
                <vehicle id="2" pos="37.16" speed="10.00"/>
                <vehicle id="1" pos="53.16" speed="10.00"/>
                <vehicle id="0" pos="69.16" speed="10.00"/>
            </lane>
        </edge>
        <edge id="4to1">
            <lane id="4to1_0">
                <vehicle id="11" pos="83.90" speed="10.00"/>
            </lane>
        </edge>
    </timestep>
    <timestep time="114.00">
        <edge id="1to2">
            <lane id="1to2_0">
                <vehicle id="10" pos="2.32" speed="10.00"/>
                <vehicle id="9" pos="18.32" speed="10.00"/>
                <vehicle id="8" pos="34.32" speed="10.00"/>
                <vehicle id="7" pos="50.32" speed="10.00"/>
                <vehicle id="6" pos="66.32" speed="10.00"/>
            </lane>
        </edge>
        <edge id="2to3">
            <lane id="2to3_0">
                <vehicle id="5" pos="92.74" speed="10.00"/>
            </lane>
        </edge>
        <edge id="3to4">
            <lane id="3to4_0">
                <vehicle id="4" pos="6.16" speed="10.00"/>
                <vehicle id="3" pos="22.16" speed="10.00"/>
                <vehicle id="2" pos="38.16" speed="10.00"/>
                <vehicle id="1" pos="54.16" speed="10.00"/>
                <vehicle id="0" pos="70.16" speed="10.00"/>
            </lane>
        </edge>
        <edge id="4to1">
            <lane id="4to1_0">
                <vehicle id="11" pos="84.90" speed="10.00"/>
            </lane>
        </edge>
    </timestep>
    <timestep time="114.10">
        <edge id="1to2">
            <lane id="1to2_0">
                <vehicle id="10" pos="3.32" speed="10.00"/>
                <vehicle id="9" pos="19.32" speed="10.00"/>
                <vehicle id="8" pos="35.32" speed="10.00"/>
                <vehicle id="7" pos="51.32" speed="10.00"/>
                <vehicle id="6" pos="67.32" speed="10.00"/>
            </lane>
        </edge>
        <edge id="2to3">
            <lane id="2to3_0">
                <vehicle id="5" pos="93.74" speed="10.00"/>
            </lane>
        </edge>
        <edge id="3to4">
            <lane id="3to4_0">
                <vehicle id="4" pos="7.16" speed="10.00"/>
                <vehicle id="3" pos="23.16" speed="10.00"/>
                <vehicle id="2" pos="39.16" speed="10.00"/>
                <vehicle id="1" pos="55.16" speed="10.00"/>
                <vehicle id="0" pos="71.16" speed="10.00"/>
            </lane>
        </edge>
        <edge id="4to1">
            <lane id="4to1_0">
                <vehicle id="11" pos="85.90" speed="10.00"/>
            </lane>
        </edge>
    </timestep>
    <timestep time="114.20">
        <edge id="1to2">
            <lane id="1to2_0">
                <vehicle id="10" pos="4.32" speed="10.00"/>
                <vehicle id="9" pos="20.32" speed="10.00"/>
                <vehicle id="8" pos="36.32" speed="10.00"/>
                <vehicle id="7" pos="52.32" speed="10.00"/>
                <vehicle id="6" pos="68.32" speed="10.00"/>
            </lane>
        </edge>
        <edge id="2to3">
            <lane id="2to3_0">
                <vehicle id="5" pos="94.74" speed="10.00"/>
            </lane>
        </edge>
        <edge id="3to4">
            <lane id="3to4_0">
                <vehicle id="4" pos="8.16" speed="10.00"/>
                <vehicle id="3" pos="24.16" speed="10.00"/>
                <vehicle id="2" pos="40.16" speed="10.00"/>
                <vehicle id="1" pos="56.16" speed="10.00"/>
                <vehicle id="0" pos="72.16" speed="10.00"/>
            </lane>
        </edge>
        <edge id="4to1">
            <lane id="4to1_0">
                <vehicle id="11" pos="86.90" speed="10.00"/>
            </lane>
        </edge>
    </timestep>
    <timestep time="114.30">
        <edge id="1to2">
            <lane id="1to2_0">
                <vehicle id="10" pos="5.32" speed="10.00"/>
                <vehicle id="9" pos="21.32" speed="10.00"/>
                <vehicle id="8" pos="37.32" speed="10.00"/>
                <vehicle id="7" pos="53.32" speed="10.00"/>
                <vehicle id="6" pos="69.32" speed="10.00"/>
            </lane>
        </edge>
        <edge id="2to3">
            <lane id="2to3_0">
                <vehicle id="5" pos="95.74" speed="10.00"/>
            </lane>
        </edge>
        <edge id="3to4">
            <lane id="3to4_0">
                <vehicle id="4" pos="9.16" speed="10.00"/>
                <vehicle id="3" pos="25.16" speed="10.00"/>
                <vehicle id="2" pos="41.16" speed="10.00"/>
                <vehicle id="1" pos="57.16" speed="10.00"/>
                <vehicle id="0" pos="73.16" speed="10.00"/>
            </lane>
        </edge>
        <edge id="4to1">
            <lane id="4to1_0">
                <vehicle id="11" pos="87.90" speed="10.00"/>
            </lane>
        </edge>
    </timestep>
    <timestep time="114.40">
        <edge id="1to2">
            <lane id="1to2_0">
                <vehicle id="10" pos="6.32" speed="10.00"/>
                <vehicle id="9" pos="22.32" speed="10.00"/>
                <vehicle id="8" pos="38.32" speed="10.00"/>
                <vehicle id="7" pos="54.32" speed="10.00"/>
                <vehicle id="6" pos="70.32" speed="10.00"/>
            </lane>
        </edge>
        <edge id="2to3">
            <lane id="2to3_0">
                <vehicle id="5" pos="96.74" speed="10.00"/>
            </lane>
        </edge>
        <edge id="3to4">
            <lane id="3to4_0">
                <vehicle id="4" pos="10.16" speed="10.00"/>
                <vehicle id="3" pos="26.16" speed="10.00"/>
                <vehicle id="2" pos="42.16" speed="10.00"/>
                <vehicle id="1" pos="58.16" speed="10.00"/>
                <vehicle id="0" pos="74.16" speed="10.00"/>
            </lane>
        </edge>
        <edge id="4to1">
            <lane id="4to1_0">
                <vehicle id="11" pos="88.90" speed="10.00"/>
            </lane>
        </edge>
    </timestep>
    <timestep time="114.50">
        <edge id="1to2">
            <lane id="1to2_0">
                <vehicle id="10" pos="7.32" speed="10.00"/>
                <vehicle id="9" pos="23.32" speed="10.00"/>
                <vehicle id="8" pos="39.32" speed="10.00"/>
                <vehicle id="7" pos="55.32" speed="10.00"/>
                <vehicle id="6" pos="71.32" speed="10.00"/>
            </lane>
        </edge>
        <edge id="2to3">
            <lane id="2to3_0">
                <vehicle id="5" pos="97.74" speed="10.00"/>
            </lane>
        </edge>
        <edge id="3to4">
            <lane id="3to4_0">
                <vehicle id="4" pos="11.16" speed="10.00"/>
                <vehicle id="3" pos="27.16" speed="10.00"/>
                <vehicle id="2" pos="43.16" speed="10.00"/>
                <vehicle id="1" pos="59.16" speed="10.00"/>
                <vehicle id="0" pos="75.16" speed="10.00"/>
            </lane>
        </edge>
        <edge id="4to1">
            <lane id="4to1_0">
                <vehicle id="11" pos="89.90" speed="10.00"/>
            </lane>
        </edge>
    </timestep>
    <timestep time="114.60">
        <edge id="1to2">
            <lane id="1to2_0">
                <vehicle id="10" pos="8.32" speed="10.00"/>
                <vehicle id="9" pos="24.32" speed="10.00"/>
                <vehicle id="8" pos="40.32" speed="10.00"/>
                <vehicle id="7" pos="56.32" speed="10.00"/>
                <vehicle id="6" pos="72.32" speed="10.00"/>
            </lane>
        </edge>
        <edge id="2to3">
            <lane id="2to3_0">
                <vehicle id="5" pos="98.74" speed="10.00"/>
            </lane>
        </edge>
        <edge id="3to4">
            <lane id="3to4_0">
                <vehicle id="4" pos="12.16" speed="10.00"/>
                <vehicle id="3" pos="28.16" speed="10.00"/>
                <vehicle id="2" pos="44.16" speed="10.00"/>
                <vehicle id="1" pos="60.16" speed="10.00"/>
                <vehicle id="0" pos="76.16" speed="10.00"/>
            </lane>
        </edge>
        <edge id="4to1">
            <lane id="4to1_0">
                <vehicle id="11" pos="90.90" speed="10.00"/>
            </lane>
        </edge>
    </timestep>
    <timestep time="114.70">
        <edge id="1to2">
            <lane id="1to2_0">
                <vehicle id="10" pos="9.32" speed="10.00"/>
                <vehicle id="9" pos="25.32" speed="10.00"/>
                <vehicle id="8" pos="41.32" speed="10.00"/>
                <vehicle id="7" pos="57.32" speed="10.00"/>
                <vehicle id="6" pos="73.32" speed="10.00"/>
            </lane>
        </edge>
        <edge id="2to3">
            <lane id="2to3_0">
                <vehicle id="5" pos="99.74" speed="10.00"/>
            </lane>
        </edge>
        <edge id="3to4">
            <lane id="3to4_0">
                <vehicle id="4" pos="13.16" speed="10.00"/>
                <vehicle id="3" pos="29.16" speed="10.00"/>
                <vehicle id="2" pos="45.16" speed="10.00"/>
                <vehicle id="1" pos="61.16" speed="10.00"/>
                <vehicle id="0" pos="77.16" speed="10.00"/>
            </lane>
        </edge>
        <edge id="4to1">
            <lane id="4to1_0">
                <vehicle id="11" pos="91.90" speed="10.00"/>
            </lane>
        </edge>
    </timestep>
    <timestep time="114.80">
        <edge id=":3_0">
            <lane id=":3_0_0">
                <vehicle id="5" pos="0.74" speed="10.00"/>
            </lane>
        </edge>
        <edge id="1to2">
            <lane id="1to2_0">
                <vehicle id="10" pos="10.32" speed="10.00"/>
                <vehicle id="9" pos="26.32" speed="10.00"/>
                <vehicle id="8" pos="42.32" speed="10.00"/>
                <vehicle id="7" pos="58.32" speed="10.00"/>
                <vehicle id="6" pos="74.32" speed="10.00"/>
            </lane>
        </edge>
        <edge id="3to4">
            <lane id="3to4_0">
                <vehicle id="4" pos="14.16" speed="10.00"/>
                <vehicle id="3" pos="30.16" speed="10.00"/>
                <vehicle id="2" pos="46.16" speed="10.00"/>
                <vehicle id="1" pos="62.16" speed="10.00"/>
                <vehicle id="0" pos="78.16" speed="10.00"/>
            </lane>
        </edge>
        <edge id="4to1">
            <lane id="4to1_0">
                <vehicle id="11" pos="92.90" speed="10.00"/>
            </lane>
        </edge>
    </timestep>
    <timestep time="114.90">
        <edge id=":3_0">
            <lane id=":3_0_0">
                <vehicle id="5" pos="1.74" speed="10.00"/>
            </lane>
        </edge>
        <edge id="1to2">
            <lane id="1to2_0">
                <vehicle id="10" pos="11.32" speed="10.00"/>
                <vehicle id="9" pos="27.32" speed="10.00"/>
                <vehicle id="8" pos="43.32" speed="10.00"/>
                <vehicle id="7" pos="59.32" speed="10.00"/>
                <vehicle id="6" pos="75.32" speed="10.00"/>
            </lane>
        </edge>
        <edge id="3to4">
            <lane id="3to4_0">
                <vehicle id="4" pos="15.16" speed="10.00"/>
                <vehicle id="3" pos="31.16" speed="10.00"/>
                <vehicle id="2" pos="47.16" speed="10.00"/>
                <vehicle id="1" pos="63.16" speed="10.00"/>
                <vehicle id="0" pos="79.16" speed="10.00"/>
            </lane>
        </edge>
        <edge id="4to1">
            <lane id="4to1_0">
                <vehicle id="11" pos="93.90" speed="10.00"/>
            </lane>
        </edge>
    </timestep>
    <timestep time="115.00">
        <edge id="1to2">
            <lane id="1to2_0">
                <vehicle id="10" pos="12.32" speed="10.00"/>
                <vehicle id="9" pos="28.32" speed="10.00"/>
                <vehicle id="8" pos="44.32" speed="10.00"/>
                <vehicle id="7" pos="60.32" speed="10.00"/>
                <vehicle id="6" pos="76.32" speed="10.00"/>
            </lane>
        </edge>
        <edge id="3to4">
            <lane id="3to4_0">
                <vehicle id="5" pos="0.16" speed="10.00"/>
                <vehicle id="4" pos="16.16" speed="10.00"/>
                <vehicle id="3" pos="32.16" speed="10.00"/>
                <vehicle id="2" pos="48.16" speed="10.00"/>
                <vehicle id="1" pos="64.16" speed="10.00"/>
                <vehicle id="0" pos="80.16" speed="10.00"/>
            </lane>
        </edge>
        <edge id="4to1">
            <lane id="4to1_0">
                <vehicle id="11" pos="94.90" speed="10.00"/>
            </lane>
        </edge>
    </timestep>
    <timestep time="115.10">
        <edge id="1to2">
            <lane id="1to2_0">
                <vehicle id="10" pos="13.32" speed="10.00"/>
                <vehicle id="9" pos="29.32" speed="10.00"/>
                <vehicle id="8" pos="45.32" speed="10.00"/>
                <vehicle id="7" pos="61.32" speed="10.00"/>
                <vehicle id="6" pos="77.32" speed="10.00"/>
            </lane>
        </edge>
        <edge id="3to4">
            <lane id="3to4_0">
                <vehicle id="5" pos="1.16" speed="10.00"/>
                <vehicle id="4" pos="17.16" speed="10.00"/>
                <vehicle id="3" pos="33.16" speed="10.00"/>
                <vehicle id="2" pos="49.16" speed="10.00"/>
                <vehicle id="1" pos="65.16" speed="10.00"/>
                <vehicle id="0" pos="81.16" speed="10.00"/>
            </lane>
        </edge>
        <edge id="4to1">
            <lane id="4to1_0">
                <vehicle id="11" pos="95.90" speed="10.00"/>
            </lane>
        </edge>
    </timestep>
    <timestep time="115.20">
        <edge id=":1_0">
            <lane id=":1_0_0">
                <vehicle id="11" pos="0.90" speed="10.00"/>
            </lane>
        </edge>
        <edge id="1to2">
            <lane id="1to2_0">
                <vehicle id="10" pos="14.32" speed="10.00"/>
                <vehicle id="9" pos="30.32" speed="10.00"/>
                <vehicle id="8" pos="46.32" speed="10.00"/>
                <vehicle id="7" pos="62.32" speed="10.00"/>
                <vehicle id="6" pos="78.32" speed="10.00"/>
            </lane>
        </edge>
        <edge id="3to4">
            <lane id="3to4_0">
                <vehicle id="5" pos="2.16" speed="10.00"/>
                <vehicle id="4" pos="18.16" speed="10.00"/>
                <vehicle id="3" pos="34.16" speed="10.00"/>
                <vehicle id="2" pos="50.16" speed="10.00"/>
                <vehicle id="1" pos="66.16" speed="10.00"/>
                <vehicle id="0" pos="82.16" speed="10.00"/>
            </lane>
        </edge>
    </timestep>
    <timestep time="115.30">
        <edge id=":1_0">
            <lane id=":1_0_0">
                <vehicle id="11" pos="1.90" speed="10.00"/>
            </lane>
        </edge>
        <edge id="1to2">
            <lane id="1to2_0">
                <vehicle id="10" pos="15.32" speed="10.00"/>
                <vehicle id="9" pos="31.32" speed="10.00"/>
                <vehicle id="8" pos="47.32" speed="10.00"/>
                <vehicle id="7" pos="63.32" speed="10.00"/>
                <vehicle id="6" pos="79.32" speed="10.00"/>
            </lane>
        </edge>
        <edge id="3to4">
            <lane id="3to4_0">
                <vehicle id="5" pos="3.16" speed="10.00"/>
                <vehicle id="4" pos="19.16" speed="10.00"/>
                <vehicle id="3" pos="35.16" speed="10.00"/>
                <vehicle id="2" pos="51.16" speed="10.00"/>
                <vehicle id="1" pos="67.16" speed="10.00"/>
                <vehicle id="0" pos="83.16" speed="10.00"/>
            </lane>
        </edge>
    </timestep>
    <timestep time="115.40">
        <edge id="1to2">
            <lane id="1to2_0">
                <vehicle id="11" pos="0.32" speed="10.00"/>
                <vehicle id="10" pos="16.32" speed="10.00"/>
                <vehicle id="9" pos="32.32" speed="10.00"/>
                <vehicle id="8" pos="48.32" speed="10.00"/>
                <vehicle id="7" pos="64.32" speed="10.00"/>
                <vehicle id="6" pos="80.32" speed="10.00"/>
            </lane>
        </edge>
        <edge id="3to4">
            <lane id="3to4_0">
                <vehicle id="5" pos="4.16" speed="10.00"/>
                <vehicle id="4" pos="20.16" speed="10.00"/>
                <vehicle id="3" pos="36.16" speed="10.00"/>
                <vehicle id="2" pos="52.16" speed="10.00"/>
                <vehicle id="1" pos="68.16" speed="10.00"/>
                <vehicle id="0" pos="84.16" speed="10.00"/>
            </lane>
        </edge>
    </timestep>
    <timestep time="115.50">
        <edge id="1to2">
            <lane id="1to2_0">
                <vehicle id="11" pos="1.32" speed="10.00"/>
                <vehicle id="10" pos="17.32" speed="10.00"/>
                <vehicle id="9" pos="33.32" speed="10.00"/>
                <vehicle id="8" pos="49.32" speed="10.00"/>
                <vehicle id="7" pos="65.32" speed="10.00"/>
                <vehicle id="6" pos="81.32" speed="10.00"/>
            </lane>
        </edge>
        <edge id="3to4">
            <lane id="3to4_0">
                <vehicle id="5" pos="5.16" speed="10.00"/>
                <vehicle id="4" pos="21.16" speed="10.00"/>
                <vehicle id="3" pos="37.16" speed="10.00"/>
                <vehicle id="2" pos="53.16" speed="10.00"/>
                <vehicle id="1" pos="69.16" speed="10.00"/>
                <vehicle id="0" pos="85.16" speed="10.00"/>
            </lane>
        </edge>
    </timestep>
    <timestep time="115.60">
        <edge id="1to2">
            <lane id="1to2_0">
                <vehicle id="11" pos="2.32" speed="10.00"/>
                <vehicle id="10" pos="18.32" speed="10.00"/>
                <vehicle id="9" pos="34.32" speed="10.00"/>
                <vehicle id="8" pos="50.32" speed="10.00"/>
                <vehicle id="7" pos="66.32" speed="10.00"/>
                <vehicle id="6" pos="82.32" speed="10.00"/>
            </lane>
        </edge>
        <edge id="3to4">
            <lane id="3to4_0">
                <vehicle id="5" pos="6.16" speed="10.00"/>
                <vehicle id="4" pos="22.16" speed="10.00"/>
                <vehicle id="3" pos="38.16" speed="10.00"/>
                <vehicle id="2" pos="54.16" speed="10.00"/>
                <vehicle id="1" pos="70.16" speed="10.00"/>
                <vehicle id="0" pos="86.16" speed="10.00"/>
            </lane>
        </edge>
    </timestep>
    <timestep time="115.70">
        <edge id="1to2">
            <lane id="1to2_0">
                <vehicle id="11" pos="3.32" speed="10.00"/>
                <vehicle id="10" pos="19.32" speed="10.00"/>
                <vehicle id="9" pos="35.32" speed="10.00"/>
                <vehicle id="8" pos="51.32" speed="10.00"/>
                <vehicle id="7" pos="67.32" speed="10.00"/>
                <vehicle id="6" pos="83.32" speed="10.00"/>
            </lane>
        </edge>
        <edge id="3to4">
            <lane id="3to4_0">
                <vehicle id="5" pos="7.16" speed="10.00"/>
                <vehicle id="4" pos="23.16" speed="10.00"/>
                <vehicle id="3" pos="39.16" speed="10.00"/>
                <vehicle id="2" pos="55.16" speed="10.00"/>
                <vehicle id="1" pos="71.16" speed="10.00"/>
                <vehicle id="0" pos="86.66" speed="5.00"/>
            </lane>
        </edge>
    </timestep>
    <timestep time="115.80">
        <edge id="1to2">
            <lane id="1to2_0">
                <vehicle id="11" pos="4.32" speed="10.00"/>
                <vehicle id="10" pos="20.32" speed="10.00"/>
                <vehicle id="9" pos="36.32" speed="10.00"/>
                <vehicle id="8" pos="52.32" speed="10.00"/>
                <vehicle id="7" pos="68.32" speed="10.00"/>
                <vehicle id="6" pos="84.32" speed="10.00"/>
            </lane>
        </edge>
        <edge id="3to4">
            <lane id="3to4_0">
                <vehicle id="5" pos="8.16" speed="10.00"/>
                <vehicle id="4" pos="24.16" speed="10.00"/>
                <vehicle id="3" pos="40.16" speed="10.00"/>
                <vehicle id="2" pos="56.16" speed="10.00"/>
                <vehicle id="1" pos="72.16" speed="10.00"/>
                <vehicle id="0" pos="87.16" speed="5.00"/>
            </lane>
        </edge>
    </timestep>
    <timestep time="115.90">
        <edge id="1to2">
            <lane id="1to2_0">
                <vehicle id="11" pos="5.32" speed="10.00"/>
                <vehicle id="10" pos="21.32" speed="10.00"/>
                <vehicle id="9" pos="37.32" speed="10.00"/>
                <vehicle id="8" pos="53.32" speed="10.00"/>
                <vehicle id="7" pos="69.32" speed="10.00"/>
                <vehicle id="6" pos="85.32" speed="10.00"/>
            </lane>
        </edge>
        <edge id="3to4">
            <lane id="3to4_0">
                <vehicle id="5" pos="9.16" speed="10.00"/>
                <vehicle id="4" pos="25.16" speed="10.00"/>
                <vehicle id="3" pos="41.16" speed="10.00"/>
                <vehicle id="2" pos="57.16" speed="10.00"/>
                <vehicle id="1" pos="73.16" speed="10.00"/>
                <vehicle id="0" pos="87.66" speed="5.00"/>
            </lane>
        </edge>
    </timestep>
    <timestep time="116.00">
        <edge id="1to2">
            <lane id="1to2_0">
                <vehicle id="11" pos="6.32" speed="10.00"/>
                <vehicle id="10" pos="22.32" speed="10.00"/>
                <vehicle id="9" pos="38.32" speed="10.00"/>
                <vehicle id="8" pos="54.32" speed="10.00"/>
                <vehicle id="7" pos="70.32" speed="10.00"/>
                <vehicle id="6" pos="86.32" speed="10.00"/>
            </lane>
        </edge>
        <edge id="3to4">
            <lane id="3to4_0">
                <vehicle id="5" pos="10.16" speed="10.00"/>
                <vehicle id="4" pos="26.16" speed="10.00"/>
                <vehicle id="3" pos="42.16" speed="10.00"/>
                <vehicle id="2" pos="58.16" speed="10.00"/>
                <vehicle id="1" pos="74.16" speed="10.00"/>
                <vehicle id="0" pos="88.16" speed="5.00"/>
            </lane>
        </edge>
    </timestep>
    <timestep time="116.10">
        <edge id="1to2">
            <lane id="1to2_0">
                <vehicle id="11" pos="7.32" speed="10.00"/>
                <vehicle id="10" pos="23.32" speed="10.00"/>
                <vehicle id="9" pos="39.32" speed="10.00"/>
                <vehicle id="8" pos="55.32" speed="10.00"/>
                <vehicle id="7" pos="71.32" speed="10.00"/>
                <vehicle id="6" pos="87.32" speed="10.00"/>
            </lane>
        </edge>
        <edge id="3to4">
            <lane id="3to4_0">
                <vehicle id="5" pos="11.16" speed="10.00"/>
                <vehicle id="4" pos="27.16" speed="10.00"/>
                <vehicle id="3" pos="43.16" speed="10.00"/>
                <vehicle id="2" pos="59.16" speed="10.00"/>
                <vehicle id="1" pos="75.16" speed="10.00"/>
                <vehicle id="0" pos="88.66" speed="5.00"/>
            </lane>
        </edge>
    </timestep>
    <timestep time="116.20">
        <edge id="1to2">
            <lane id="1to2_0">
                <vehicle id="11" pos="8.32" speed="10.00"/>
                <vehicle id="10" pos="24.32" speed="10.00"/>
                <vehicle id="9" pos="40.32" speed="10.00"/>
                <vehicle id="8" pos="56.32" speed="10.00"/>
                <vehicle id="7" pos="72.32" speed="10.00"/>
                <vehicle id="6" pos="88.32" speed="10.00"/>
            </lane>
        </edge>
        <edge id="3to4">
            <lane id="3to4_0">
                <vehicle id="5" pos="12.16" speed="10.00"/>
                <vehicle id="4" pos="28.16" speed="10.00"/>
                <vehicle id="3" pos="44.16" speed="10.00"/>
                <vehicle id="2" pos="60.16" speed="10.00"/>
                <vehicle id="1" pos="76.16" speed="10.00"/>
                <vehicle id="0" pos="89.16" speed="5.00"/>
            </lane>
        </edge>
    </timestep>
    <timestep time="116.30">
        <edge id="1to2">
            <lane id="1to2_0">
                <vehicle id="11" pos="9.32" speed="10.00"/>
                <vehicle id="10" pos="25.32" speed="10.00"/>
                <vehicle id="9" pos="41.32" speed="10.00"/>
                <vehicle id="8" pos="57.32" speed="10.00"/>
                <vehicle id="7" pos="73.32" speed="10.00"/>
                <vehicle id="6" pos="89.32" speed="10.00"/>
            </lane>
        </edge>
        <edge id="3to4">
            <lane id="3to4_0">
                <vehicle id="5" pos="13.16" speed="10.00"/>
                <vehicle id="4" pos="29.16" speed="10.00"/>
                <vehicle id="3" pos="45.16" speed="10.00"/>
                <vehicle id="2" pos="61.16" speed="10.00"/>
                <vehicle id="1" pos="77.16" speed="10.00"/>
                <vehicle id="0" pos="89.66" speed="5.00"/>
            </lane>
        </edge>
    </timestep>
    <timestep time="116.40">
        <edge id="1to2">
            <lane id="1to2_0">
                <vehicle id="11" pos="10.32" speed="10.00"/>
                <vehicle id="10" pos="26.32" speed="10.00"/>
                <vehicle id="9" pos="42.32" speed="10.00"/>
                <vehicle id="8" pos="58.32" speed="10.00"/>
                <vehicle id="7" pos="74.32" speed="10.00"/>
                <vehicle id="6" pos="90.32" speed="10.00"/>
            </lane>
        </edge>
        <edge id="3to4">
            <lane id="3to4_0">
                <vehicle id="5" pos="14.16" speed="10.00"/>
                <vehicle id="4" pos="30.16" speed="10.00"/>
                <vehicle id="3" pos="46.16" speed="10.00"/>
                <vehicle id="2" pos="62.16" speed="10.00"/>
                <vehicle id="1" pos="78.16" speed="10.00"/>
                <vehicle id="0" pos="90.16" speed="5.00"/>
            </lane>
        </edge>
    </timestep>
    <timestep time="116.50">
        <edge id="1to2">
            <lane id="1to2_0">
                <vehicle id="11" pos="11.32" speed="10.00"/>
                <vehicle id="10" pos="27.32" speed="10.00"/>
                <vehicle id="9" pos="43.32" speed="10.00"/>
                <vehicle id="8" pos="59.32" speed="10.00"/>
                <vehicle id="7" pos="75.32" speed="10.00"/>
                <vehicle id="6" pos="91.32" speed="10.00"/>
            </lane>
        </edge>
        <edge id="3to4">
            <lane id="3to4_0">
                <vehicle id="5" pos="15.16" speed="10.00"/>
                <vehicle id="4" pos="31.16" speed="10.00"/>
                <vehicle id="3" pos="47.16" speed="10.00"/>
                <vehicle id="2" pos="63.16" speed="10.00"/>
                <vehicle id="1" pos="79.16" speed="10.00"/>
                <vehicle id="0" pos="90.66" speed="5.00"/>
            </lane>
        </edge>
    </timestep>
    <timestep time="116.60">
        <edge id="1to2">
            <lane id="1to2_0">
                <vehicle id="11" pos="12.32" speed="10.00"/>
                <vehicle id="10" pos="28.32" speed="10.00"/>
                <vehicle id="9" pos="44.32" speed="10.00"/>
                <vehicle id="8" pos="60.32" speed="10.00"/>
                <vehicle id="7" pos="76.32" speed="10.00"/>
                <vehicle id="6" pos="92.32" speed="10.00"/>
            </lane>
        </edge>
        <edge id="3to4">
            <lane id="3to4_0">
                <vehicle id="5" pos="16.16" speed="10.00"/>
                <vehicle id="4" pos="32.16" speed="10.00"/>
                <vehicle id="3" pos="48.16" speed="10.00"/>
                <vehicle id="2" pos="64.16" speed="10.00"/>
                <vehicle id="1" pos="80.16" speed="10.00"/>
                <vehicle id="0" pos="91.16" speed="5.00"/>
            </lane>
        </edge>
    </timestep>
    <timestep time="116.70">
        <edge id="1to2">
            <lane id="1to2_0">
                <vehicle id="11" pos="13.32" speed="10.00"/>
                <vehicle id="10" pos="29.32" speed="10.00"/>
                <vehicle id="9" pos="45.32" speed="10.00"/>
                <vehicle id="8" pos="61.32" speed="10.00"/>
                <vehicle id="7" pos="77.32" speed="10.00"/>
                <vehicle id="6" pos="93.32" speed="10.00"/>
            </lane>
        </edge>
        <edge id="3to4">
            <lane id="3to4_0">
                <vehicle id="5" pos="17.16" speed="10.00"/>
                <vehicle id="4" pos="33.16" speed="10.00"/>
                <vehicle id="3" pos="49.16" speed="10.00"/>
                <vehicle id="2" pos="65.16" speed="10.00"/>
                <vehicle id="1" pos="81.16" speed="10.00"/>
                <vehicle id="0" pos="91.66" speed="5.00"/>
            </lane>
        </edge>
    </timestep>
    <timestep time="116.80">
        <edge id="1to2">
            <lane id="1to2_0">
                <vehicle id="11" pos="14.32" speed="10.00"/>
                <vehicle id="10" pos="30.32" speed="10.00"/>
                <vehicle id="9" pos="46.32" speed="10.00"/>
                <vehicle id="8" pos="62.32" speed="10.00"/>
                <vehicle id="7" pos="78.32" speed="10.00"/>
                <vehicle id="6" pos="94.32" speed="10.00"/>
            </lane>
        </edge>
        <edge id="3to4">
            <lane id="3to4_0">
                <vehicle id="5" pos="18.16" speed="10.00"/>
                <vehicle id="4" pos="34.16" speed="10.00"/>
                <vehicle id="3" pos="50.16" speed="10.00"/>
                <vehicle id="2" pos="66.16" speed="10.00"/>
                <vehicle id="1" pos="82.16" speed="10.00"/>
                <vehicle id="0" pos="92.16" speed="5.00"/>
            </lane>
        </edge>
    </timestep>
    <timestep time="116.90">
        <edge id="1to2">
            <lane id="1to2_0">
                <vehicle id="11" pos="15.32" speed="10.00"/>
                <vehicle id="10" pos="31.32" speed="10.00"/>
                <vehicle id="9" pos="47.32" speed="10.00"/>
                <vehicle id="8" pos="63.32" speed="10.00"/>
                <vehicle id="7" pos="79.32" speed="10.00"/>
                <vehicle id="6" pos="95.32" speed="10.00"/>
            </lane>
        </edge>
        <edge id="3to4">
            <lane id="3to4_0">
                <vehicle id="5" pos="19.16" speed="10.00"/>
                <vehicle id="4" pos="35.16" speed="10.00"/>
                <vehicle id="3" pos="51.16" speed="10.00"/>
                <vehicle id="2" pos="67.16" speed="10.00"/>
                <vehicle id="1" pos="82.66" speed="5.00"/>
                <vehicle id="0" pos="93.16" speed="10.00"/>
            </lane>
        </edge>
    </timestep>
    <timestep time="117.00">
        <edge id="1to2">
            <lane id="1to2_0">
                <vehicle id="11" pos="16.32" speed="10.00"/>
                <vehicle id="10" pos="32.32" speed="10.00"/>
                <vehicle id="9" pos="48.32" speed="10.00"/>
                <vehicle id="8" pos="64.32" speed="10.00"/>
                <vehicle id="7" pos="80.32" speed="10.00"/>
                <vehicle id="6" pos="96.32" speed="10.00"/>
            </lane>
        </edge>
        <edge id="3to4">
            <lane id="3to4_0">
                <vehicle id="5" pos="20.16" speed="10.00"/>
                <vehicle id="4" pos="36.16" speed="10.00"/>
                <vehicle id="3" pos="52.16" speed="10.00"/>
                <vehicle id="2" pos="68.16" speed="10.00"/>
                <vehicle id="1" pos="83.66" speed="10.00"/>
                <vehicle id="0" pos="94.16" speed="10.00"/>
            </lane>
        </edge>
    </timestep>
    <timestep time="117.10">
        <edge id="1to2">
            <lane id="1to2_0">
                <vehicle id="11" pos="17.32" speed="10.00"/>
                <vehicle id="10" pos="33.32" speed="10.00"/>
                <vehicle id="9" pos="49.32" speed="10.00"/>
                <vehicle id="8" pos="65.32" speed="10.00"/>
                <vehicle id="7" pos="81.32" speed="10.00"/>
                <vehicle id="6" pos="97.32" speed="10.00"/>
            </lane>
        </edge>
        <edge id="3to4">
            <lane id="3to4_0">
                <vehicle id="5" pos="21.16" speed="10.00"/>
                <vehicle id="4" pos="37.16" speed="10.00"/>
                <vehicle id="3" pos="53.16" speed="10.00"/>
                <vehicle id="2" pos="69.16" speed="10.00"/>
                <vehicle id="1" pos="84.66" speed="10.00"/>
                <vehicle id="0" pos="95.16" speed="10.00"/>
            </lane>
        </edge>
    </timestep>
    <timestep time="117.20">
        <edge id=":4_2">
            <lane id=":4_2_0">
                <vehicle id="0" pos="0.16" speed="10.00"/>
            </lane>
        </edge>
        <edge id="1to2">
            <lane id="1to2_0">
                <vehicle id="11" pos="18.32" speed="10.00"/>
                <vehicle id="10" pos="34.32" speed="10.00"/>
                <vehicle id="9" pos="50.32" speed="10.00"/>
                <vehicle id="8" pos="66.32" speed="10.00"/>
                <vehicle id="7" pos="82.32" speed="10.00"/>
                <vehicle id="6" pos="98.32" speed="10.00"/>
            </lane>
        </edge>
        <edge id="3to4">
            <lane id="3to4_0">
                <vehicle id="5" pos="22.16" speed="10.00"/>
                <vehicle id="4" pos="38.16" speed="10.00"/>
                <vehicle id="3" pos="54.16" speed="10.00"/>
                <vehicle id="2" pos="70.16" speed="10.00"/>
                <vehicle id="1" pos="85.66" speed="10.00"/>
            </lane>
        </edge>
    </timestep>
    <timestep time="117.30">
        <edge id=":4_2">
            <lane id=":4_2_0">
                <vehicle id="0" pos="1.16" speed="10.00"/>
            </lane>
        </edge>
        <edge id="1to2">
            <lane id="1to2_0">
                <vehicle id="11" pos="19.32" speed="10.00"/>
                <vehicle id="10" pos="35.32" speed="10.00"/>
                <vehicle id="9" pos="51.32" speed="10.00"/>
                <vehicle id="8" pos="67.32" speed="10.00"/>
                <vehicle id="7" pos="83.32" speed="10.00"/>
                <vehicle id="6" pos="99.32" speed="10.00"/>
            </lane>
        </edge>
        <edge id="3to4">
            <lane id="3to4_0">
                <vehicle id="5" pos="23.16" speed="10.00"/>
                <vehicle id="4" pos="39.16" speed="10.00"/>
                <vehicle id="3" pos="55.16" speed="10.00"/>
                <vehicle id="2" pos="71.16" speed="10.00"/>
                <vehicle id="1" pos="86.66" speed="10.00"/>
            </lane>
        </edge>
    </timestep>
    <timestep time="117.40">
        <edge id=":2_0">
            <lane id=":2_0_0">
                <vehicle id="6" pos="0.32" speed="10.00"/>
            </lane>
        </edge>
        <edge id=":4_2">
            <lane id=":4_2_0">
                <vehicle id="0" pos="2.16" speed="10.00"/>
            </lane>
        </edge>
        <edge id="1to2">
            <lane id="1to2_0">
                <vehicle id="11" pos="20.32" speed="10.00"/>
                <vehicle id="10" pos="36.32" speed="10.00"/>
                <vehicle id="9" pos="52.32" speed="10.00"/>
                <vehicle id="8" pos="68.32" speed="10.00"/>
                <vehicle id="7" pos="84.32" speed="10.00"/>
            </lane>
        </edge>
        <edge id="3to4">
            <lane id="3to4_0">
                <vehicle id="5" pos="24.16" speed="10.00"/>
                <vehicle id="4" pos="40.16" speed="10.00"/>
                <vehicle id="3" pos="56.16" speed="10.00"/>
                <vehicle id="2" pos="72.16" speed="10.00"/>
                <vehicle id="1" pos="87.16" speed="5.00"/>
            </lane>
        </edge>
    </timestep>
    <timestep time="117.50">
        <edge id=":2_0">
            <lane id=":2_0_0">
                <vehicle id="6" pos="1.32" speed="10.00"/>
            </lane>
        </edge>
        <edge id=":4_2">
            <lane id=":4_2_0">
                <vehicle id="0" pos="3.16" speed="10.00"/>
            </lane>
        </edge>
        <edge id="1to2">
            <lane id="1to2_0">
                <vehicle id="11" pos="21.32" speed="10.00"/>
                <vehicle id="10" pos="37.32" speed="10.00"/>
                <vehicle id="9" pos="53.32" speed="10.00"/>
                <vehicle id="8" pos="69.32" speed="10.00"/>
                <vehicle id="7" pos="85.32" speed="10.00"/>
            </lane>
        </edge>
        <edge id="3to4">
            <lane id="3to4_0">
                <vehicle id="5" pos="25.16" speed="10.00"/>
                <vehicle id="4" pos="41.16" speed="10.00"/>
                <vehicle id="3" pos="57.16" speed="10.00"/>
                <vehicle id="2" pos="73.16" speed="10.00"/>
                <vehicle id="1" pos="87.66" speed="5.00"/>
            </lane>
        </edge>
    </timestep>
    <timestep time="117.60">
        <edge id=":2_0">
            <lane id=":2_0_0">
                <vehicle id="6" pos="2.32" speed="10.00"/>
            </lane>
        </edge>
        <edge id=":4_2">
            <lane id=":4_2_0">
                <vehicle id="0" pos="4.16" speed="10.00"/>
            </lane>
        </edge>
        <edge id="1to2">
            <lane id="1to2_0">
                <vehicle id="11" pos="22.32" speed="10.00"/>
                <vehicle id="10" pos="38.32" speed="10.00"/>
                <vehicle id="9" pos="54.32" speed="10.00"/>
                <vehicle id="8" pos="70.32" speed="10.00"/>
                <vehicle id="7" pos="86.32" speed="10.00"/>
            </lane>
        </edge>
        <edge id="3to4">
            <lane id="3to4_0">
                <vehicle id="5" pos="26.16" speed="10.00"/>
                <vehicle id="4" pos="42.16" speed="10.00"/>
                <vehicle id="3" pos="58.16" speed="10.00"/>
                <vehicle id="2" pos="74.16" speed="10.00"/>
                <vehicle id="1" pos="88.16" speed="5.00"/>
            </lane>
        </edge>
    </timestep>
    <timestep time="117.70">
        <edge id=":4_2">
            <lane id=":4_2_0">
                <vehicle id="0" pos="5.16" speed="10.00"/>
            </lane>
        </edge>
        <edge id="1to2">
            <lane id="1to2_0">
                <vehicle id="11" pos="23.32" speed="10.00"/>
                <vehicle id="10" pos="39.32" speed="10.00"/>
                <vehicle id="9" pos="55.32" speed="10.00"/>
                <vehicle id="8" pos="71.32" speed="10.00"/>
                <vehicle id="7" pos="87.32" speed="10.00"/>
            </lane>
        </edge>
        <edge id="2to3">
            <lane id="2to3_0">
                <vehicle id="6" pos="0.74" speed="10.00"/>
            </lane>
        </edge>
        <edge id="3to4">
            <lane id="3to4_0">
                <vehicle id="5" pos="27.16" speed="10.00"/>
                <vehicle id="4" pos="43.16" speed="10.00"/>
                <vehicle id="3" pos="59.16" speed="10.00"/>
                <vehicle id="2" pos="75.16" speed="10.00"/>
                <vehicle id="1" pos="88.66" speed="5.00"/>
            </lane>
        </edge>
    </timestep>
    <timestep time="117.80">
        <edge id=":4_2">
            <lane id=":4_2_0">
                <vehicle id="0" pos="6.16" speed="10.00"/>
            </lane>
        </edge>
        <edge id="1to2">
            <lane id="1to2_0">
                <vehicle id="11" pos="24.32" speed="10.00"/>
                <vehicle id="10" pos="40.32" speed="10.00"/>
                <vehicle id="9" pos="56.32" speed="10.00"/>
                <vehicle id="8" pos="72.32" speed="10.00"/>
                <vehicle id="7" pos="88.32" speed="10.00"/>
            </lane>
        </edge>
        <edge id="2to3">
            <lane id="2to3_0">
                <vehicle id="6" pos="1.74" speed="10.00"/>
            </lane>
        </edge>
        <edge id="3to4">
            <lane id="3to4_0">
                <vehicle id="5" pos="28.16" speed="10.00"/>
                <vehicle id="4" pos="44.16" speed="10.00"/>
                <vehicle id="3" pos="60.16" speed="10.00"/>
                <vehicle id="2" pos="76.16" speed="10.00"/>
                <vehicle id="1" pos="89.16" speed="5.00"/>
            </lane>
        </edge>
    </timestep>
    <timestep time="117.90">
        <edge id=":4_2">
            <lane id=":4_2_0">
                <vehicle id="0" pos="7.16" speed="10.00"/>
            </lane>
        </edge>
        <edge id="1to2">
            <lane id="1to2_0">
                <vehicle id="11" pos="25.32" speed="10.00"/>
                <vehicle id="10" pos="41.32" speed="10.00"/>
                <vehicle id="9" pos="57.32" speed="10.00"/>
                <vehicle id="8" pos="73.32" speed="10.00"/>
                <vehicle id="7" pos="89.32" speed="10.00"/>
            </lane>
        </edge>
        <edge id="2to3">
            <lane id="2to3_0">
                <vehicle id="6" pos="2.74" speed="10.00"/>
            </lane>
        </edge>
        <edge id="3to4">
            <lane id="3to4_0">
                <vehicle id="5" pos="29.16" speed="10.00"/>
                <vehicle id="4" pos="45.16" speed="10.00"/>
                <vehicle id="3" pos="61.16" speed="10.00"/>
                <vehicle id="2" pos="77.16" speed="10.00"/>
                <vehicle id="1" pos="89.66" speed="5.00"/>
            </lane>
        </edge>
    </timestep>
    <timestep time="118.00">
        <edge id=":4_2">
            <lane id=":4_2_0">
                <vehicle id="0" pos="8.16" speed="10.00"/>
            </lane>
        </edge>
        <edge id="1to2">
            <lane id="1to2_0">
                <vehicle id="11" pos="26.32" speed="10.00"/>
                <vehicle id="10" pos="42.32" speed="10.00"/>
                <vehicle id="9" pos="58.32" speed="10.00"/>
                <vehicle id="8" pos="74.32" speed="10.00"/>
                <vehicle id="7" pos="90.32" speed="10.00"/>
            </lane>
        </edge>
        <edge id="2to3">
            <lane id="2to3_0">
                <vehicle id="6" pos="3.74" speed="10.00"/>
            </lane>
        </edge>
        <edge id="3to4">
            <lane id="3to4_0">
                <vehicle id="5" pos="30.16" speed="10.00"/>
                <vehicle id="4" pos="46.16" speed="10.00"/>
                <vehicle id="3" pos="62.16" speed="10.00"/>
                <vehicle id="2" pos="78.16" speed="10.00"/>
                <vehicle id="1" pos="90.16" speed="5.00"/>
            </lane>
        </edge>
    </timestep>
    <timestep time="118.10">
        <edge id=":4_2">
            <lane id=":4_2_0">
                <vehicle id="0" pos="9.16" speed="10.00"/>
            </lane>
        </edge>
        <edge id="1to2">
            <lane id="1to2_0">
                <vehicle id="11" pos="27.32" speed="10.00"/>
                <vehicle id="10" pos="43.32" speed="10.00"/>
                <vehicle id="9" pos="59.32" speed="10.00"/>
                <vehicle id="8" pos="75.32" speed="10.00"/>
                <vehicle id="7" pos="91.32" speed="10.00"/>
            </lane>
        </edge>
        <edge id="2to3">
            <lane id="2to3_0">
                <vehicle id="6" pos="4.74" speed="10.00"/>
            </lane>
        </edge>
        <edge id="3to4">
            <lane id="3to4_0">
                <vehicle id="5" pos="31.16" speed="10.00"/>
                <vehicle id="4" pos="47.16" speed="10.00"/>
                <vehicle id="3" pos="63.16" speed="10.00"/>
                <vehicle id="2" pos="79.16" speed="10.00"/>
                <vehicle id="1" pos="90.66" speed="5.00"/>
            </lane>
        </edge>
    </timestep>
    <timestep time="118.20">
        <edge id=":4_2">
            <lane id=":4_2_0">
                <vehicle id="0" pos="10.16" speed="10.00"/>
            </lane>
        </edge>
        <edge id="1to2">
            <lane id="1to2_0">
                <vehicle id="11" pos="28.32" speed="10.00"/>
                <vehicle id="10" pos="44.32" speed="10.00"/>
                <vehicle id="9" pos="60.32" speed="10.00"/>
                <vehicle id="8" pos="76.32" speed="10.00"/>
                <vehicle id="7" pos="92.32" speed="10.00"/>
            </lane>
        </edge>
        <edge id="2to3">
            <lane id="2to3_0">
                <vehicle id="6" pos="5.74" speed="10.00"/>
            </lane>
        </edge>
        <edge id="3to4">
            <lane id="3to4_0">
                <vehicle id="5" pos="32.16" speed="10.00"/>
                <vehicle id="4" pos="48.16" speed="10.00"/>
                <vehicle id="3" pos="64.16" speed="10.00"/>
                <vehicle id="2" pos="80.16" speed="10.00"/>
                <vehicle id="1" pos="91.16" speed="5.00"/>
            </lane>
        </edge>
    </timestep>
    <timestep time="118.30">
        <edge id=":4_2">
            <lane id=":4_2_0">
                <vehicle id="0" pos="11.16" speed="10.00"/>
            </lane>
        </edge>
        <edge id="1to2">
            <lane id="1to2_0">
                <vehicle id="11" pos="29.32" speed="10.00"/>
                <vehicle id="10" pos="45.32" speed="10.00"/>
                <vehicle id="9" pos="61.32" speed="10.00"/>
                <vehicle id="8" pos="77.32" speed="10.00"/>
                <vehicle id="7" pos="93.32" speed="10.00"/>
            </lane>
        </edge>
        <edge id="2to3">
            <lane id="2to3_0">
                <vehicle id="6" pos="6.74" speed="10.00"/>
            </lane>
        </edge>
        <edge id="3to4">
            <lane id="3to4_0">
                <vehicle id="5" pos="33.16" speed="10.00"/>
                <vehicle id="4" pos="49.16" speed="10.00"/>
                <vehicle id="3" pos="65.16" speed="10.00"/>
                <vehicle id="2" pos="81.16" speed="10.00"/>
                <vehicle id="1" pos="91.66" speed="5.00"/>
            </lane>
        </edge>
    </timestep>
    <timestep time="118.40">
        <edge id="1to2">
            <lane id="1to2_0">
                <vehicle id="11" pos="30.32" speed="10.00"/>
                <vehicle id="10" pos="46.32" speed="10.00"/>
                <vehicle id="9" pos="62.32" speed="10.00"/>
                <vehicle id="8" pos="78.32" speed="10.00"/>
                <vehicle id="7" pos="94.32" speed="10.00"/>
            </lane>
        </edge>
        <edge id="2to3">
            <lane id="2to3_0">
                <vehicle id="6" pos="7.74" speed="10.00"/>
            </lane>
        </edge>
        <edge id="3to4">
            <lane id="3to4_0">
                <vehicle id="5" pos="34.16" speed="10.00"/>
                <vehicle id="4" pos="50.16" speed="10.00"/>
                <vehicle id="3" pos="66.16" speed="10.00"/>
                <vehicle id="2" pos="82.16" speed="10.00"/>
                <vehicle id="1" pos="92.16" speed="5.00"/>
            </lane>
        </edge>
        <edge id="4to5">
            <lane id="4to5_0">
                <vehicle id="0" pos="0.96" speed="10.00"/>
            </lane>
        </edge>
    </timestep>
    <timestep time="118.50">
        <edge id="1to2">
            <lane id="1to2_0">
                <vehicle id="11" pos="31.32" speed="10.00"/>
                <vehicle id="10" pos="47.32" speed="10.00"/>
                <vehicle id="9" pos="63.32" speed="10.00"/>
                <vehicle id="8" pos="79.32" speed="10.00"/>
                <vehicle id="7" pos="95.32" speed="10.00"/>
            </lane>
        </edge>
        <edge id="2to3">
            <lane id="2to3_0">
                <vehicle id="6" pos="8.74" speed="10.00"/>
            </lane>
        </edge>
        <edge id="3to4">
            <lane id="3to4_0">
                <vehicle id="5" pos="35.16" speed="10.00"/>
                <vehicle id="4" pos="51.16" speed="10.00"/>
                <vehicle id="3" pos="67.16" speed="10.00"/>
                <vehicle id="2" pos="82.66" speed="5.00"/>
                <vehicle id="1" pos="93.16" speed="10.00"/>
            </lane>
        </edge>
        <edge id="4to5">
            <lane id="4to5_0">
                <vehicle id="0" pos="1.96" speed="10.00"/>
            </lane>
        </edge>
    </timestep>
    <timestep time="118.60">
        <edge id="1to2">
            <lane id="1to2_0">
                <vehicle id="11" pos="32.32" speed="10.00"/>
                <vehicle id="10" pos="48.32" speed="10.00"/>
                <vehicle id="9" pos="64.32" speed="10.00"/>
                <vehicle id="8" pos="80.32" speed="10.00"/>
                <vehicle id="7" pos="96.32" speed="10.00"/>
            </lane>
        </edge>
        <edge id="2to3">
            <lane id="2to3_0">
                <vehicle id="6" pos="9.74" speed="10.00"/>
            </lane>
        </edge>
        <edge id="3to4">
            <lane id="3to4_0">
                <vehicle id="5" pos="36.16" speed="10.00"/>
                <vehicle id="4" pos="52.16" speed="10.00"/>
                <vehicle id="3" pos="68.16" speed="10.00"/>
                <vehicle id="2" pos="83.66" speed="10.00"/>
                <vehicle id="1" pos="94.16" speed="10.00"/>
            </lane>
        </edge>
        <edge id="4to5">
            <lane id="4to5_0">
                <vehicle id="0" pos="2.96" speed="10.00"/>
            </lane>
        </edge>
    </timestep>
    <timestep time="118.70">
        <edge id="1to2">
            <lane id="1to2_0">
                <vehicle id="11" pos="33.32" speed="10.00"/>
                <vehicle id="10" pos="49.32" speed="10.00"/>
                <vehicle id="9" pos="65.32" speed="10.00"/>
                <vehicle id="8" pos="81.32" speed="10.00"/>
                <vehicle id="7" pos="97.32" speed="10.00"/>
            </lane>
        </edge>
        <edge id="2to3">
            <lane id="2to3_0">
                <vehicle id="6" pos="10.74" speed="10.00"/>
            </lane>
        </edge>
        <edge id="3to4">
            <lane id="3to4_0">
                <vehicle id="5" pos="37.16" speed="10.00"/>
                <vehicle id="4" pos="53.16" speed="10.00"/>
                <vehicle id="3" pos="69.16" speed="10.00"/>
                <vehicle id="2" pos="84.66" speed="10.00"/>
                <vehicle id="1" pos="95.16" speed="10.00"/>
            </lane>
        </edge>
        <edge id="4to5">
            <lane id="4to5_0">
                <vehicle id="0" pos="3.96" speed="10.00"/>
            </lane>
        </edge>
    </timestep>
    <timestep time="118.80">
        <edge id=":4_2">
            <lane id=":4_2_0">
                <vehicle id="1" pos="0.16" speed="10.00"/>
            </lane>
        </edge>
        <edge id="1to2">
            <lane id="1to2_0">
                <vehicle id="11" pos="34.32" speed="10.00"/>
                <vehicle id="10" pos="50.32" speed="10.00"/>
                <vehicle id="9" pos="66.32" speed="10.00"/>
                <vehicle id="8" pos="82.32" speed="10.00"/>
                <vehicle id="7" pos="98.32" speed="10.00"/>
            </lane>
        </edge>
        <edge id="2to3">
            <lane id="2to3_0">
                <vehicle id="6" pos="11.74" speed="10.00"/>
            </lane>
        </edge>
        <edge id="3to4">
            <lane id="3to4_0">
                <vehicle id="5" pos="38.16" speed="10.00"/>
                <vehicle id="4" pos="54.16" speed="10.00"/>
                <vehicle id="3" pos="70.16" speed="10.00"/>
                <vehicle id="2" pos="85.66" speed="10.00"/>
            </lane>
        </edge>
        <edge id="4to5">
            <lane id="4to5_0">
                <vehicle id="0" pos="4.96" speed="10.00"/>
            </lane>
        </edge>
    </timestep>
    <timestep time="118.90">
        <edge id=":4_2">
            <lane id=":4_2_0">
                <vehicle id="1" pos="1.16" speed="10.00"/>
            </lane>
        </edge>
        <edge id="1to2">
            <lane id="1to2_0">
                <vehicle id="11" pos="35.32" speed="10.00"/>
                <vehicle id="10" pos="51.32" speed="10.00"/>
                <vehicle id="9" pos="67.32" speed="10.00"/>
                <vehicle id="8" pos="83.32" speed="10.00"/>
                <vehicle id="7" pos="99.32" speed="10.00"/>
            </lane>
        </edge>
        <edge id="2to3">
            <lane id="2to3_0">
                <vehicle id="6" pos="12.74" speed="10.00"/>
            </lane>
        </edge>
        <edge id="3to4">
            <lane id="3to4_0">
                <vehicle id="5" pos="39.16" speed="10.00"/>
                <vehicle id="4" pos="55.16" speed="10.00"/>
                <vehicle id="3" pos="71.16" speed="10.00"/>
                <vehicle id="2" pos="86.66" speed="10.00"/>
            </lane>
        </edge>
        <edge id="4to5">
            <lane id="4to5_0">
                <vehicle id="0" pos="5.96" speed="10.00"/>
            </lane>
        </edge>
    </timestep>
    <timestep time="119.00">
        <edge id=":2_0">
            <lane id=":2_0_0">
                <vehicle id="7" pos="0.32" speed="10.00"/>
            </lane>
        </edge>
        <edge id=":4_2">
            <lane id=":4_2_0">
                <vehicle id="1" pos="2.16" speed="10.00"/>
            </lane>
        </edge>
        <edge id="1to2">
            <lane id="1to2_0">
                <vehicle id="11" pos="36.32" speed="10.00"/>
                <vehicle id="10" pos="52.32" speed="10.00"/>
                <vehicle id="9" pos="68.32" speed="10.00"/>
                <vehicle id="8" pos="84.32" speed="10.00"/>
            </lane>
        </edge>
        <edge id="2to3">
            <lane id="2to3_0">
                <vehicle id="6" pos="13.74" speed="10.00"/>
            </lane>
        </edge>
        <edge id="3to4">
            <lane id="3to4_0">
                <vehicle id="5" pos="40.16" speed="10.00"/>
                <vehicle id="4" pos="56.16" speed="10.00"/>
                <vehicle id="3" pos="72.16" speed="10.00"/>
                <vehicle id="2" pos="87.16" speed="5.00"/>
            </lane>
        </edge>
        <edge id="4to5">
            <lane id="4to5_0">
                <vehicle id="0" pos="6.96" speed="10.00"/>
            </lane>
        </edge>
    </timestep>
    <timestep time="119.10">
        <edge id=":2_0">
            <lane id=":2_0_0">
                <vehicle id="7" pos="1.32" speed="10.00"/>
            </lane>
        </edge>
        <edge id=":4_2">
            <lane id=":4_2_0">
                <vehicle id="1" pos="3.16" speed="10.00"/>
            </lane>
        </edge>
        <edge id="1to2">
            <lane id="1to2_0">
                <vehicle id="11" pos="37.32" speed="10.00"/>
                <vehicle id="10" pos="53.32" speed="10.00"/>
                <vehicle id="9" pos="69.32" speed="10.00"/>
                <vehicle id="8" pos="85.32" speed="10.00"/>
            </lane>
        </edge>
        <edge id="2to3">
            <lane id="2to3_0">
                <vehicle id="6" pos="14.74" speed="10.00"/>
            </lane>
        </edge>
        <edge id="3to4">
            <lane id="3to4_0">
                <vehicle id="5" pos="41.16" speed="10.00"/>
                <vehicle id="4" pos="57.16" speed="10.00"/>
                <vehicle id="3" pos="73.16" speed="10.00"/>
                <vehicle id="2" pos="87.66" speed="5.00"/>
            </lane>
        </edge>
        <edge id="4to5">
            <lane id="4to5_0">
                <vehicle id="0" pos="7.96" speed="10.00"/>
            </lane>
        </edge>
    </timestep>
    <timestep time="119.20">
        <edge id=":2_0">
            <lane id=":2_0_0">
                <vehicle id="7" pos="2.32" speed="10.00"/>
            </lane>
        </edge>
        <edge id=":4_2">
            <lane id=":4_2_0">
                <vehicle id="1" pos="4.16" speed="10.00"/>
            </lane>
        </edge>
        <edge id="1to2">
            <lane id="1to2_0">
                <vehicle id="11" pos="38.32" speed="10.00"/>
                <vehicle id="10" pos="54.32" speed="10.00"/>
                <vehicle id="9" pos="70.32" speed="10.00"/>
                <vehicle id="8" pos="86.32" speed="10.00"/>
            </lane>
        </edge>
        <edge id="2to3">
            <lane id="2to3_0">
                <vehicle id="6" pos="15.74" speed="10.00"/>
            </lane>
        </edge>
        <edge id="3to4">
            <lane id="3to4_0">
                <vehicle id="5" pos="42.16" speed="10.00"/>
                <vehicle id="4" pos="58.16" speed="10.00"/>
                <vehicle id="3" pos="74.16" speed="10.00"/>
                <vehicle id="2" pos="88.16" speed="5.00"/>
            </lane>
        </edge>
        <edge id="4to5">
            <lane id="4to5_0">
                <vehicle id="0" pos="8.96" speed="10.00"/>
            </lane>
        </edge>
    </timestep>
    <timestep time="119.30">
        <edge id=":4_2">
            <lane id=":4_2_0">
                <vehicle id="1" pos="5.16" speed="10.00"/>
            </lane>
        </edge>
        <edge id="1to2">
            <lane id="1to2_0">
                <vehicle id="11" pos="39.32" speed="10.00"/>
                <vehicle id="10" pos="55.32" speed="10.00"/>
                <vehicle id="9" pos="71.32" speed="10.00"/>
                <vehicle id="8" pos="87.32" speed="10.00"/>
            </lane>
        </edge>
        <edge id="2to3">
            <lane id="2to3_0">
                <vehicle id="7" pos="0.74" speed="10.00"/>
                <vehicle id="6" pos="16.74" speed="10.00"/>
            </lane>
        </edge>
        <edge id="3to4">
            <lane id="3to4_0">
                <vehicle id="5" pos="43.16" speed="10.00"/>
                <vehicle id="4" pos="59.16" speed="10.00"/>
                <vehicle id="3" pos="75.16" speed="10.00"/>
                <vehicle id="2" pos="88.66" speed="5.00"/>
            </lane>
        </edge>
        <edge id="4to5">
            <lane id="4to5_0">
                <vehicle id="0" pos="9.96" speed="10.00"/>
            </lane>
        </edge>
    </timestep>
    <timestep time="119.40">
        <edge id=":4_2">
            <lane id=":4_2_0">
                <vehicle id="1" pos="6.16" speed="10.00"/>
            </lane>
        </edge>
        <edge id="1to2">
            <lane id="1to2_0">
                <vehicle id="11" pos="40.32" speed="10.00"/>
                <vehicle id="10" pos="56.32" speed="10.00"/>
                <vehicle id="9" pos="72.32" speed="10.00"/>
                <vehicle id="8" pos="88.32" speed="10.00"/>
            </lane>
        </edge>
        <edge id="2to3">
            <lane id="2to3_0">
                <vehicle id="7" pos="1.74" speed="10.00"/>
                <vehicle id="6" pos="17.74" speed="10.00"/>
            </lane>
        </edge>
        <edge id="3to4">
            <lane id="3to4_0">
                <vehicle id="5" pos="44.16" speed="10.00"/>
                <vehicle id="4" pos="60.16" speed="10.00"/>
                <vehicle id="3" pos="76.16" speed="10.00"/>
                <vehicle id="2" pos="89.16" speed="5.00"/>
            </lane>
        </edge>
        <edge id="4to5">
            <lane id="4to5_0">
                <vehicle id="0" pos="10.96" speed="10.00"/>
            </lane>
        </edge>
    </timestep>
    <timestep time="119.50">
        <edge id=":4_2">
            <lane id=":4_2_0">
                <vehicle id="1" pos="7.16" speed="10.00"/>
            </lane>
        </edge>
        <edge id="1to2">
            <lane id="1to2_0">
                <vehicle id="11" pos="41.32" speed="10.00"/>
                <vehicle id="10" pos="57.32" speed="10.00"/>
                <vehicle id="9" pos="73.32" speed="10.00"/>
                <vehicle id="8" pos="89.32" speed="10.00"/>
            </lane>
        </edge>
        <edge id="2to3">
            <lane id="2to3_0">
                <vehicle id="7" pos="2.74" speed="10.00"/>
                <vehicle id="6" pos="18.74" speed="10.00"/>
            </lane>
        </edge>
        <edge id="3to4">
            <lane id="3to4_0">
                <vehicle id="5" pos="45.16" speed="10.00"/>
                <vehicle id="4" pos="61.16" speed="10.00"/>
                <vehicle id="3" pos="77.16" speed="10.00"/>
                <vehicle id="2" pos="89.66" speed="5.00"/>
            </lane>
        </edge>
        <edge id="4to5">
            <lane id="4to5_0">
                <vehicle id="0" pos="11.96" speed="10.00"/>
            </lane>
        </edge>
    </timestep>
    <timestep time="119.60">
        <edge id=":4_2">
            <lane id=":4_2_0">
                <vehicle id="1" pos="8.16" speed="10.00"/>
            </lane>
        </edge>
        <edge id="1to2">
            <lane id="1to2_0">
                <vehicle id="11" pos="42.32" speed="10.00"/>
                <vehicle id="10" pos="58.32" speed="10.00"/>
                <vehicle id="9" pos="74.32" speed="10.00"/>
                <vehicle id="8" pos="90.32" speed="10.00"/>
            </lane>
        </edge>
        <edge id="2to3">
            <lane id="2to3_0">
                <vehicle id="7" pos="3.74" speed="10.00"/>
                <vehicle id="6" pos="19.74" speed="10.00"/>
            </lane>
        </edge>
        <edge id="3to4">
            <lane id="3to4_0">
                <vehicle id="5" pos="46.16" speed="10.00"/>
                <vehicle id="4" pos="62.16" speed="10.00"/>
                <vehicle id="3" pos="78.16" speed="10.00"/>
                <vehicle id="2" pos="90.16" speed="5.00"/>
            </lane>
        </edge>
        <edge id="4to5">
            <lane id="4to5_0">
                <vehicle id="0" pos="12.96" speed="10.00"/>
            </lane>
        </edge>
    </timestep>
    <timestep time="119.70">
        <edge id=":4_2">
            <lane id=":4_2_0">
                <vehicle id="1" pos="9.16" speed="10.00"/>
            </lane>
        </edge>
        <edge id="1to2">
            <lane id="1to2_0">
                <vehicle id="11" pos="43.32" speed="10.00"/>
                <vehicle id="10" pos="59.32" speed="10.00"/>
                <vehicle id="9" pos="75.32" speed="10.00"/>
                <vehicle id="8" pos="91.32" speed="10.00"/>
            </lane>
        </edge>
        <edge id="2to3">
            <lane id="2to3_0">
                <vehicle id="7" pos="4.74" speed="10.00"/>
                <vehicle id="6" pos="20.74" speed="10.00"/>
            </lane>
        </edge>
        <edge id="3to4">
            <lane id="3to4_0">
                <vehicle id="5" pos="47.16" speed="10.00"/>
                <vehicle id="4" pos="63.16" speed="10.00"/>
                <vehicle id="3" pos="79.16" speed="10.00"/>
                <vehicle id="2" pos="90.66" speed="5.00"/>
            </lane>
        </edge>
        <edge id="4to5">
            <lane id="4to5_0">
                <vehicle id="0" pos="13.96" speed="10.00"/>
            </lane>
        </edge>
    </timestep>
    <timestep time="119.80">
        <edge id=":4_2">
            <lane id=":4_2_0">
                <vehicle id="1" pos="10.16" speed="10.00"/>
            </lane>
        </edge>
        <edge id="1to2">
            <lane id="1to2_0">
                <vehicle id="11" pos="44.32" speed="10.00"/>
                <vehicle id="10" pos="60.32" speed="10.00"/>
                <vehicle id="9" pos="76.32" speed="10.00"/>
                <vehicle id="8" pos="92.32" speed="10.00"/>
            </lane>
        </edge>
        <edge id="2to3">
            <lane id="2to3_0">
                <vehicle id="7" pos="5.74" speed="10.00"/>
                <vehicle id="6" pos="21.74" speed="10.00"/>
            </lane>
        </edge>
        <edge id="3to4">
            <lane id="3to4_0">
                <vehicle id="5" pos="48.16" speed="10.00"/>
                <vehicle id="4" pos="64.16" speed="10.00"/>
                <vehicle id="3" pos="80.16" speed="10.00"/>
                <vehicle id="2" pos="91.16" speed="5.00"/>
            </lane>
        </edge>
        <edge id="4to5">
            <lane id="4to5_0">
                <vehicle id="0" pos="14.96" speed="10.00"/>
            </lane>
        </edge>
    </timestep>
    <timestep time="119.90">
        <edge id=":4_2">
            <lane id=":4_2_0">
                <vehicle id="1" pos="11.16" speed="10.00"/>
            </lane>
        </edge>
        <edge id="1to2">
            <lane id="1to2_0">
                <vehicle id="11" pos="45.32" speed="10.00"/>
                <vehicle id="10" pos="61.32" speed="10.00"/>
                <vehicle id="9" pos="77.32" speed="10.00"/>
                <vehicle id="8" pos="93.32" speed="10.00"/>
            </lane>
        </edge>
        <edge id="2to3">
            <lane id="2to3_0">
                <vehicle id="7" pos="6.74" speed="10.00"/>
                <vehicle id="6" pos="22.74" speed="10.00"/>
            </lane>
        </edge>
        <edge id="3to4">
            <lane id="3to4_0">
                <vehicle id="5" pos="49.16" speed="10.00"/>
                <vehicle id="4" pos="65.16" speed="10.00"/>
                <vehicle id="3" pos="81.16" speed="10.00"/>
                <vehicle id="2" pos="91.66" speed="5.00"/>
            </lane>
        </edge>
        <edge id="4to5">
            <lane id="4to5_0">
                <vehicle id="0" pos="15.96" speed="10.00"/>
            </lane>
        </edge>
    </timestep>
    <timestep time="120.00">
        <edge id="1to2">
            <lane id="1to2_0">
                <vehicle id="11" pos="46.32" speed="10.00"/>
                <vehicle id="10" pos="62.32" speed="10.00"/>
                <vehicle id="9" pos="78.32"